Archive member included to satisfy reference by file (symbol)

c:/st/stm32cubeide_1.6.1/stm32cubeide/plugins/com.st.stm32cube.ide.mcu.externaltools.gnu-tools-for-stm32.9-2020-q2-update.win32_1.5.0.202011040924/tools/bin/../lib/gcc/arm-none-eabi/9.3.1/../../../../arm-none-eabi/lib/thumb/v7e-m+fp/hard\libc_nano.a(lib_a-errno.o)
                              Core/Src/syscalls.o (__errno)
c:/st/stm32cubeide_1.6.1/stm32cubeide/plugins/com.st.stm32cube.ide.mcu.externaltools.gnu-tools-for-stm32.9-2020-q2-update.win32_1.5.0.202011040924/tools/bin/../lib/gcc/arm-none-eabi/9.3.1/../../../../arm-none-eabi/lib/thumb/v7e-m+fp/hard\libc_nano.a(lib_a-exit.o)
                              c:/st/stm32cubeide_1.6.1/stm32cubeide/plugins/com.st.stm32cube.ide.mcu.externaltools.gnu-tools-for-stm32.9-2020-q2-update.win32_1.5.0.202011040924/tools/bin/../lib/gcc/arm-none-eabi/9.3.1/../../../../arm-none-eabi/lib/thumb/v7e-m+fp/hard/crt0.o (exit)
c:/st/stm32cubeide_1.6.1/stm32cubeide/plugins/com.st.stm32cube.ide.mcu.externaltools.gnu-tools-for-stm32.9-2020-q2-update.win32_1.5.0.202011040924/tools/bin/../lib/gcc/arm-none-eabi/9.3.1/../../../../arm-none-eabi/lib/thumb/v7e-m+fp/hard\libc_nano.a(lib_a-impure.o)
                              c:/st/stm32cubeide_1.6.1/stm32cubeide/plugins/com.st.stm32cube.ide.mcu.externaltools.gnu-tools-for-stm32.9-2020-q2-update.win32_1.5.0.202011040924/tools/bin/../lib/gcc/arm-none-eabi/9.3.1/../../../../arm-none-eabi/lib/thumb/v7e-m+fp/hard\libc_nano.a(lib_a-exit.o) (_global_impure_ptr)
c:/st/stm32cubeide_1.6.1/stm32cubeide/plugins/com.st.stm32cube.ide.mcu.externaltools.gnu-tools-for-stm32.9-2020-q2-update.win32_1.5.0.202011040924/tools/bin/../lib/gcc/arm-none-eabi/9.3.1/../../../../arm-none-eabi/lib/thumb/v7e-m+fp/hard\libc_nano.a(lib_a-init.o)
                              c:/st/stm32cubeide_1.6.1/stm32cubeide/plugins/com.st.stm32cube.ide.mcu.externaltools.gnu-tools-for-stm32.9-2020-q2-update.win32_1.5.0.202011040924/tools/bin/../lib/gcc/arm-none-eabi/9.3.1/../../../../arm-none-eabi/lib/thumb/v7e-m+fp/hard/crt0.o (__libc_init_array)
c:/st/stm32cubeide_1.6.1/stm32cubeide/plugins/com.st.stm32cube.ide.mcu.externaltools.gnu-tools-for-stm32.9-2020-q2-update.win32_1.5.0.202011040924/tools/bin/../lib/gcc/arm-none-eabi/9.3.1/../../../../arm-none-eabi/lib/thumb/v7e-m+fp/hard\libc_nano.a(lib_a-memcpy-stub.o)
                              Core/Src/Rho/core/rho_client.o (memcpy)
c:/st/stm32cubeide_1.6.1/stm32cubeide/plugins/com.st.stm32cube.ide.mcu.externaltools.gnu-tools-for-stm32.9-2020-q2-update.win32_1.5.0.202011040924/tools/bin/../lib/gcc/arm-none-eabi/9.3.1/../../../../arm-none-eabi/lib/thumb/v7e-m+fp/hard\libc_nano.a(lib_a-memset.o)
                              c:/st/stm32cubeide_1.6.1/stm32cubeide/plugins/com.st.stm32cube.ide.mcu.externaltools.gnu-tools-for-stm32.9-2020-q2-update.win32_1.5.0.202011040924/tools/bin/../lib/gcc/arm-none-eabi/9.3.1/../../../../arm-none-eabi/lib/thumb/v7e-m+fp/hard/crt0.o (memset)
c:/st/stm32cubeide_1.6.1/stm32cubeide/plugins/com.st.stm32cube.ide.mcu.externaltools.gnu-tools-for-stm32.9-2020-q2-update.win32_1.5.0.202011040924/tools/bin/../lib/gcc/arm-none-eabi/9.3.1/../../../../arm-none-eabi/lib/thumb/v7e-m+fp/hard\libc_nano.a(lib_a-nano-vfprintf_float.o)
                              (_printf_float)
c:/st/stm32cubeide_1.6.1/stm32cubeide/plugins/com.st.stm32cube.ide.mcu.externaltools.gnu-tools-for-stm32.9-2020-q2-update.win32_1.5.0.202011040924/tools/bin/../lib/gcc/arm-none-eabi/9.3.1/../../../../arm-none-eabi/lib/thumb/v7e-m+fp/hard\libc_nano.a(lib_a-nano-vfprintf_i.o)
                              c:/st/stm32cubeide_1.6.1/stm32cubeide/plugins/com.st.stm32cube.ide.mcu.externaltools.gnu-tools-for-stm32.9-2020-q2-update.win32_1.5.0.202011040924/tools/bin/../lib/gcc/arm-none-eabi/9.3.1/../../../../arm-none-eabi/lib/thumb/v7e-m+fp/hard\libc_nano.a(lib_a-nano-vfprintf_float.o) (_printf_common)
c:/st/stm32cubeide_1.6.1/stm32cubeide/plugins/com.st.stm32cube.ide.mcu.externaltools.gnu-tools-for-stm32.9-2020-q2-update.win32_1.5.0.202011040924/tools/bin/../lib/gcc/arm-none-eabi/9.3.1/../../../../arm-none-eabi/lib/thumb/v7e-m+fp/hard\libc_nano.a(lib_a-printf.o)
                              Core/Src/App/master.o (printf)
c:/st/stm32cubeide_1.6.1/stm32cubeide/plugins/com.st.stm32cube.ide.mcu.externaltools.gnu-tools-for-stm32.9-2020-q2-update.win32_1.5.0.202011040924/tools/bin/../lib/gcc/arm-none-eabi/9.3.1/../../../../arm-none-eabi/lib/thumb/v7e-m+fp/hard\libc_nano.a(lib_a-putchar.o)
                              Core/Src/Rho/core/rho_core.o (putchar)
c:/st/stm32cubeide_1.6.1/stm32cubeide/plugins/com.st.stm32cube.ide.mcu.externaltools.gnu-tools-for-stm32.9-2020-q2-update.win32_1.5.0.202011040924/tools/bin/../lib/gcc/arm-none-eabi/9.3.1/../../../../arm-none-eabi/lib/thumb/v7e-m+fp/hard\libc_nano.a(lib_a-puts.o)
                              Core/Src/Rho/core/rho_core.o (puts)
[...]
Memory Configuration

Name             Origin             Length             Attributes
RAM              0x0000000020000000 0x0000000000008000 xrw
FLASH            0x0000000008000000 0x0000000000008000 xr
*default*        0x0000000000000000 0xffffffffffffffff

Linker script and memory map

LOAD c:/st/stm32cubeide_1.6.1/stm32cubeide/plugins/com.st.stm32cube.ide.mcu.externaltools.gnu-tools-for-stm32.9-2020-q2-update.win32_1.5.0.202011040924/tools/bin/../lib/gcc/arm-none-eabi/9.3.1/thumb/v7e-m+fp/hard/crti.o
LOAD c:/st/stm32cubeide_1.6.1/stm32cubeide/plugins/com.st.stm32cube.ide.mcu.externaltools.gnu-tools-for-stm32.9-2020-q2-update.win32_1.5.0.202011040924/tools/bin/../lib/gcc/arm-none-eabi/9.3.1/thumb/v7e-m+fp/hard/crtbegin.o
LOAD c:/st/stm32cubeide_1.6.1/stm32cubeide/plugins/com.st.stm32cube.ide.mcu.externaltools.gnu-tools-for-stm32.9-2020-q2-update.win32_1.5.0.202011040924/tools/bin/../lib/gcc/arm-none-eabi/9.3.1/../../../../arm-none-eabi/lib/thumb/v7e-m+fp/hard/crt0.o
LOAD Core/Src/App/OV9712/OV9712.o
LOAD Core/Src/App/master.o
LOAD Core/Src/App/platform_interface/stm32_interface.o
LOAD Core/Src/Rho/core/rho_client.o
LOAD Core/Src/Rho/core/rho_core.o
LOAD Core/Src/Rho/core/rho_utility.o
LOAD Core/Src/Rho/psm/fsm.o
LOAD Core/Src/Rho/psm/gmm.o
LOAD Core/Src/Rho/psm/hmm.o
LOAD Core/Src/Rho/psm/psm.o
LOAD Core/Src/Rho/types/kalman.o
LOAD Core/Src/Rho/types/matvec.o
LOAD Core/Src/Rho/types/pid.o
LOAD Core/Src/Rho/types/statistics.o
LOAD Core/Src/UniSM/platform.o
LOAD Core/Src/UniSM/printers.o
LOAD Core/Src/UniSM/system.o
LOAD Core/Src/UniSM/templates/master_template.o
LOAD Core/Src/main.o
LOAD Core/Src/stm32g4xx_hal_msp.o
LOAD Core/Src/stm32g4xx_it.o
LOAD Core/Src/syscalls.o
LOAD Core/Src/sysmem.o
LOAD Core/Src/system_stm32g4xx.o
LOAD Core/Startup/startup_stm32g431k6tx.o
LOAD Drivers/STM32G4xx_HAL_Driver/Src/stm32g4xx_hal.o
LOAD Drivers/STM32G4xx_HAL_Driver/Src/stm32g4xx_hal_cortex.o
LOAD Drivers/STM32G4xx_HAL_Driver/Src/stm32g4xx_hal_dma.o
LOAD Drivers/STM32G4xx_HAL_Driver/Src/stm32g4xx_hal_dma_ex.o
LOAD Drivers/STM32G4xx_HAL_Driver/Src/stm32g4xx_hal_exti.o
LOAD Drivers/STM32G4xx_HAL_Driver/Src/stm32g4xx_hal_flash.o
LOAD Drivers/STM32G4xx_HAL_Driver/Src/stm32g4xx_hal_flash_ex.o
LOAD Drivers/STM32G4xx_HAL_Driver/Src/stm32g4xx_hal_flash_ramfunc.o
LOAD Drivers/STM32G4xx_HAL_Driver/Src/stm32g4xx_hal_gpio.o
LOAD Drivers/STM32G4xx_HAL_Driver/Src/stm32g4xx_hal_i2c.o
LOAD Drivers/STM32G4xx_HAL_Driver/Src/stm32g4xx_hal_i2c_ex.o
LOAD Drivers/STM32G4xx_HAL_Driver/Src/stm32g4xx_hal_pwr.o
LOAD Drivers/STM32G4xx_HAL_Driver/Src/stm32g4xx_hal_pwr_ex.o
LOAD Drivers/STM32G4xx_HAL_Driver/Src/stm32g4xx_hal_rcc.o
LOAD Drivers/STM32G4xx_HAL_Driver/Src/stm32g4xx_hal_rcc_ex.o
LOAD Drivers/STM32G4xx_HAL_Driver/Src/stm32g4xx_hal_tim.o
LOAD Drivers/STM32G4xx_HAL_Driver/Src/stm32g4xx_hal_tim_ex.o
LOAD Drivers/STM32G4xx_HAL_Driver/Src/stm32g4xx_hal_uart.o
LOAD Drivers/STM32G4xx_HAL_Driver/Src/stm32g4xx_hal_uart_ex.o
START GROUP
LOAD c:/st/stm32cubeide_1.6.1/stm32cubeide/plugins/com.st.stm32cube.ide.mcu.externaltools.gnu-tools-for-stm32.9-2020-q2-update.win32_1.5.0.202011040924/tools/bin/../lib/gcc/arm-none-eabi/9.3.1/../../../../arm-none-eabi/lib/thumb/v7e-m+fp/hard\libc_nano.a
LOAD c:/st/stm32cubeide_1.6.1/stm32cubeide/plugins/com.st.stm32cube.ide.mcu.externaltools.gnu-tools-for-stm32.9-2020-q2-update.win32_1.5.0.202011040924/tools/bin/../lib/gcc/arm-none-eabi/9.3.1/../../../../arm-none-eabi/lib/thumb/v7e-m+fp/hard\libm.a
END GROUP
START GROUP
LOAD c:/st/stm32cubeide_1.6.1/stm32cubeide/plugins/com.st.stm32cube.ide.mcu.externaltools.gnu-tools-for-stm32.9-2020-q2-update.win32_1.5.0.202011040924/tools/bin/../lib/gcc/arm-none-eabi/9.3.1/thumb/v7e-m+fp/hard\libgcc.a
LOAD c:/st/stm32cubeide_1.6.1/stm32cubeide/plugins/com.st.stm32cube.ide.mcu.externaltools.gnu-tools-for-stm32.9-2020-q2-update.win32_1.5.0.202011040924/tools/bin/../lib/gcc/arm-none-eabi/9.3.1/../../../../arm-none-eabi/lib/thumb/v7e-m+fp/hard\libc_nano.a
END GROUP
START GROUP
LOAD c:/st/stm32cubeide_1.6.1/stm32cubeide/plugins/com.st.stm32cube.ide.mcu.externaltools.gnu-tools-for-stm32.9-2020-q2-update.win32_1.5.0.202011040924/tools/bin/../lib/gcc/arm-none-eabi/9.3.1/thumb/v7e-m+fp/hard\libgcc.a
LOAD c:/st/stm32cubeide_1.6.1/stm32cubeide/plugins/com.st.stm32cube.ide.mcu.externaltools.gnu-tools-for-stm32.9-2020-q2-update.win32_1.5.0.202011040924/tools/bin/../lib/gcc/arm-none-eabi/9.3.1/../../../../arm-none-eabi/lib/thumb/v7e-m+fp/hard\libc_nano.a
LOAD c:/st/stm32cubeide_1.6.1/stm32cubeide/plugins/com.st.stm32cube.ide.mcu.externaltools.gnu-tools-for-stm32.9-2020-q2-update.win32_1.5.0.202011040924/tools/bin/../lib/gcc/arm-none-eabi/9.3.1/../../../../arm-none-eabi/lib/thumb/v7e-m+fp/hard\libnosys.a
END GROUP
START GROUP
LOAD c:/st/stm32cubeide_1.6.1/stm32cubeide/plugins/com.st.stm32cube.ide.mcu.externaltools.gnu-tools-for-stm32.9-2020-q2-update.win32_1.5.0.202011040924/tools/bin/../lib/gcc/arm-none-eabi/9.3.1/thumb/v7e-m+fp/hard\libgcc.a
LOAD c:/st/stm32cubeide_1.6.1/stm32cubeide/plugins/com.st.stm32cube.ide.mcu.externaltools.gnu-tools-for-stm32.9-2020-q2-update.win32_1.5.0.202011040924/tools/bin/../lib/gcc/arm-none-eabi/9.3.1/../../../../arm-none-eabi/lib/thumb/v7e-m+fp/hard\libc_nano.a
LOAD c:/st/stm32cubeide_1.6.1/stm32cubeide/plugins/com.st.stm32cube.ide.mcu.externaltools.gnu-tools-for-stm32.9-2020-q2-update.win32_1.5.0.202011040924/tools/bin/../lib/gcc/arm-none-eabi/9.3.1/../../../../arm-none-eabi/lib/thumb/v7e-m+fp/hard\libnosys.a
END GROUP
LOAD c:/st/stm32cubeide_1.6.1/stm32cubeide/plugins/com.st.stm32cube.ide.mcu.externaltools.gnu-tools-for-stm32.9-2020-q2-update.win32_1.5.0.202011040924/tools/bin/../lib/gcc/arm-none-eabi/9.3.1/thumb/v7e-m+fp/hard/crtend.o
LOAD c:/st/stm32cubeide_1.6.1/stm32cubeide/plugins/com.st.stm32cube.ide.mcu.externaltools.gnu-tools-for-stm32.9-2020-q2-update.win32_1.5.0.202011040924/tools/bin/../lib/gcc/arm-none-eabi/9.3.1/thumb/v7e-m+fp/hard/crtn.o
                0x0000000020008000                _estack = (ORIGIN (RAM) + LENGTH (RAM))
                0x0000000000000200                _Min_Heap_Size = 0x200
                0x0000000000000400                _Min_Stack_Size = 0x400

.isr_vector     0x0000000008000000      0x1d8
                0x0000000008000000                . = ALIGN (0x4)
 *(.isr_vector)
 .isr_vector    0x0000000008000000      0x1d8 Core/Startup/startup_stm32g431k6tx.o
                0x0000000008000000                g_pfnVectors
                0x00000000080001d8                . = ALIGN (0x4)

.text           0x00000000080001e0     0x7580
                0x00000000080001e0                . = ALIGN (0x4)
 *(.text)
 .text          0x00000000080001e0       0x40 c:/st/stm32cubeide_1.6.1/stm32cubeide/plugins/com.st.stm32cube.ide.mcu.externaltools.gnu-tools-for-stm32.9-2020-q2-update.win32_1.5.0.202011040924/tools/bin/../lib/gcc/arm-none-eabi/9.3.1/thumb/v7e-m+fp/hard/crtbegin.o
 .text          0x0000000008000220       0x10 c:/st/stm32cubeide_1.6.1/stm32cubeide/plugins/com.st.stm32cube.ide.mcu.externaltools.gnu-tools-for-stm32.9-2020-q2-update.win32_1.5.0.202011040924/tools/bin/../lib/gcc/arm-none-eabi/9.3.1/../../../../arm-none-eabi/lib/thumb/v7e-m+fp/hard\libc_nano.a(lib_a-strlen.o)
                0x0000000008000220                strlen
 .text          0x0000000008000230       0xa0 c:/st/stm32cubeide_1.6.1/stm32cubeide/plugins/com.st.stm32cube.ide.mcu.externaltools.gnu-tools-for-stm32.9-2020-q2-update.win32_1.5.0.202011040924/tools/bin/../lib/gcc/arm-none-eabi/9.3.1/../../../../arm-none-eabi/lib/thumb/v7e-m+fp/hard\libc_nano.a(lib_a-memchr.o)
                0x0000000008000230                memchr
 .text          0x00000000080002d0      0x378 c:/st/stm32cubeide_1.6.1/stm32cubeide/plugins/com.st.stm32cube.ide.mcu.externaltools.gnu-tools-for-stm32.9-2020-q2-update.win32_1.5.0.202011040924/tools/bin/../lib/gcc/arm-none-eabi/9.3.1/thumb/v7e-m+fp/hard\libgcc.a(_arm_addsubdf3.o)
                0x00000000080002d0                __aeabi_drsub
                0x00000000080002d8                __aeabi_dsub
                0x00000000080002d8                __subdf3
                0x00000000080002dc                __aeabi_dadd
                0x00000000080002dc                __adddf3
                0x0000000008000554                __floatunsidf
                0x0000000008000554                __aeabi_ui2d
                0x0000000008000574                __floatsidf
                0x0000000008000574                __aeabi_i2d
                0x0000000008000598                __aeabi_f2d
                0x0000000008000598                __extendsfdf2
                0x00000000080005dc                __floatundidf
                0x00000000080005dc                __aeabi_ul2d
                0x00000000080005ec                __floatdidf
                0x00000000080005ec                __aeabi_l2d
 .text          0x0000000008000648      0x424 c:/st/stm32cubeide_1.6.1/stm32cubeide/plugins/com.st.stm32cube.ide.mcu.externaltools.gnu-tools-for-stm32.9-2020-q2-update.win32_1.5.0.202011040924/tools/bin/../lib/gcc/arm-none-eabi/9.3.1/thumb/v7e-m+fp/hard\libgcc.a(_arm_muldivdf3.o)
                0x0000000008000648                __aeabi_dmul
                0x0000000008000648                __muldf3
                0x000000000800089c                __divdf3
                0x000000000800089c                __aeabi_ddiv
 .text          0x0000000008000a6c      0x110 c:/st/stm32cubeide_1.6.1/stm32cubeide/plugins/com.st.stm32cube.ide.mcu.externaltools.gnu-tools-for-stm32.9-2020-q2-update.win32_1.5.0.202011040924/tools/bin/../lib/gcc/arm-none-eabi/9.3.1/thumb/v7e-m+fp/hard\libgcc.a(_arm_cmpdf2.o)
                0x0000000008000a6c                __gtdf2
                0x0000000008000a6c                __gedf2
                0x0000000008000a74                __ltdf2
                0x0000000008000a74                __ledf2
                0x0000000008000a7c                __nedf2
                0x0000000008000a7c                __eqdf2
                0x0000000008000a7c                __cmpdf2
                0x0000000008000af8                __aeabi_cdrcmple
                0x0000000008000b08                __aeabi_cdcmpeq
                0x0000000008000b08                __aeabi_cdcmple
                0x0000000008000b18                __aeabi_dcmpeq
                0x0000000008000b2c                __aeabi_dcmplt
                0x0000000008000b40                __aeabi_dcmple
                0x0000000008000b54                __aeabi_dcmpge
                0x0000000008000b68                __aeabi_dcmpgt
 .text          0x0000000008000b7c       0x2c c:/st/stm32cubeide_1.6.1/stm32cubeide/plugins/com.st.stm32cube.ide.mcu.externaltools.gnu-tools-for-stm32.9-2020-q2-update.win32_1.5.0.202011040924/tools/bin/../lib/gcc/arm-none-eabi/9.3.1/thumb/v7e-m+fp/hard\libgcc.a(_arm_unorddf2.o)
                0x0000000008000b7c                __unorddf2
                0x0000000008000b7c                __aeabi_dcmpun
 .text          0x0000000008000ba8       0x50 c:/st/stm32cubeide_1.6.1/stm32cubeide/plugins/com.st.stm32cube.ide.mcu.externaltools.gnu-tools-for-stm32.9-2020-q2-update.win32_1.5.0.202011040924/tools/bin/../lib/gcc/arm-none-eabi/9.3.1/thumb/v7e-m+fp/hard\libgcc.a(_arm_fixdfsi.o)
                0x0000000008000ba8                __aeabi_d2iz
                0x0000000008000ba8                __fixdfsi
 .text          0x0000000008000bf8       0x40 c:/st/stm32cubeide_1.6.1/stm32cubeide/plugins/com.st.stm32cube.ide.mcu.externaltools.gnu-tools-for-stm32.9-2020-q2-update.win32_1.5.0.202011040924/tools/bin/../lib/gcc/arm-none-eabi/9.3.1/thumb/v7e-m+fp/hard\libgcc.a(_arm_fixunsdfsi.o)
                0x0000000008000bf8                __aeabi_d2uiz
                0x0000000008000bf8                __fixunsdfsi
 .text          0x0000000008000c38       0x30 c:/st/stm32cubeide_1.6.1/stm32cubeide/plugins/com.st.stm32cube.ide.mcu.externaltools.gnu-tools-for-stm32.9-2020-q2-update.win32_1.5.0.202011040924/tools/bin/../lib/gcc/arm-none-eabi/9.3.1/thumb/v7e-m+fp/hard\libgcc.a(_aeabi_uldivmod.o)
                0x0000000008000c38                __aeabi_uldivmod
 .text          0x0000000008000c68      0x2c4 c:/st/stm32cubeide_1.6.1/stm32cubeide/plugins/com.st.stm32cube.ide.mcu.externaltools.gnu-tools-for-stm32.9-2020-q2-update.win32_1.5.0.202011040924/tools/bin/../lib/gcc/arm-none-eabi/9.3.1/thumb/v7e-m+fp/hard\libgcc.a(_udivmoddi4.o)
                0x0000000008000c68                __udivmoddi4
 .text          0x0000000008000f2c        0x4 c:/st/stm32cubeide_1.6.1/stm32cubeide/plugins/com.st.stm32cube.ide.mcu.externaltools.gnu-tools-for-stm32.9-2020-q2-update.win32_1.5.0.202011040924/tools/bin/../lib/gcc/arm-none-eabi/9.3.1/thumb/v7e-m+fp/hard\libgcc.a(_dvmd_tls.o)
                0x0000000008000f2c                __aeabi_idiv0
                0x0000000008000f2c                __aeabi_ldiv0
 *(.text*)
 .text.OV9712_Write
                0x0000000008000f30       0x22 Core/Src/App/OV9712/OV9712.o
                0x0000000008000f30                OV9712_Write
 .text.OV9712_Enable
                0x0000000008000f52       0x1a Core/Src/App/OV9712/OV9712.o
                0x0000000008000f52                OV9712_Enable
 .text.OV9712_Init
                0x0000000008000f6c       0x46 Core/Src/App/OV9712/OV9712.o
                0x0000000008000f6c                OV9712_Init
 .text.InitializePlatform
                0x0000000008000fb2       0x24 Core/Src/App/master.o
                0x0000000008000fb2                InitializePlatform
 .text.ConnectToHost
                0x0000000008000fd6        0x2 Core/Src/App/master.o
                0x0000000008000fd6                ConnectToHost
 .text.ConfigureApplication
                0x0000000008000fd8       0x5a Core/Src/App/master.o
                0x0000000008000fd8                ConfigureApplication
 .text.ExitInitialization
                0x0000000008001032       0x36 Core/Src/App/master.o
                0x0000000008001032                ExitInitialization
 .text.ApplicationCore
                0x0000000008001068       0x14 Core/Src/App/master.o
                0x0000000008001068                ApplicationCore
 .text.Master_Init
                0x000000000800107c       0x3a Core/Src/App/master.o
                0x000000000800107c                Master_Init
 .text.Master_Run
                0x00000000080010b6       0x1e Core/Src/App/master.o
                0x00000000080010b6                Master_Run
 .text.Master_Connect
                0x00000000080010d4       0x58 Core/Src/App/master.o
                0x00000000080010d4                Master_Connect
 .text.SystemError
                0x000000000800112c       0x46 Core/Src/App/master.o
                0x000000000800112c                SystemError
 .text.HAL_GPIO_EXTI_Callback
                0x0000000008001172       0xa0 Core/Src/App/platform_interface/stm32_interface.o
                0x0000000008001172                HAL_GPIO_EXTI_Callback
 .text.STM_InterruptEnable
                0x0000000008001212       0x10 Core/Src/App/platform_interface/stm32_interface.o
                0x0000000008001212                STM_InterruptEnable
 .text.STM_InterruptDisable
                0x0000000008001222       0x10 Core/Src/App/platform_interface/stm32_interface.o
                0x0000000008001222                STM_InterruptDisable
 .text.STM_PauseDMA
                0x0000000008001232       0x20 Core/Src/App/platform_interface/stm32_interface.o
                0x0000000008001232                STM_PauseDMA
 .text.STM_ResumeDMA
                0x0000000008001252       0x1e Core/Src/App/platform_interface/stm32_interface.o
                0x0000000008001252                STM_ResumeDMA
 .text.STM_ResetDMA
                0x0000000008001270       0x18 Core/Src/App/platform_interface/stm32_interface.o
                0x0000000008001270                STM_ResetDMA
 .text.STM_InitDMA
                0x0000000008001288        0x2 Core/Src/App/platform_interface/stm32_interface.o
                0x0000000008001288                STM_InitDMA
 .text.STM_GetDMAFillAddress
                0x000000000800128a        0x4 Core/Src/App/platform_interface/stm32_interface.o
                0x000000000800128a                STM_GetDMAFillAddress
 .text.STM_UartTxDMA
                0x000000000800128e        0x4 Core/Src/App/platform_interface/stm32_interface.o
                0x000000000800128e                STM_UartTxDMA
 .text.STM_UartRxDMA
                0x0000000008001292        0x4 Core/Src/App/platform_interface/stm32_interface.o
                0x0000000008001292                STM_UartRxDMA
 .text.STM_I2CMasterTx
                0x0000000008001296       0x10 Core/Src/App/platform_interface/stm32_interface.o
                0x0000000008001296                STM_I2CMasterTx
 .text.STM_SetPortMode
                0x00000000080012a6       0x1c Core/Src/App/platform_interface/stm32_interface.o
                0x00000000080012a6                STM_SetPortMode
 .text.STM_ReadPort
                0x00000000080012c2        0x6 Core/Src/App/platform_interface/stm32_interface.o
                0x00000000080012c2                STM_ReadPort
 .text.STM_WritePin
                0x00000000080012c8        0x8 Core/Src/App/platform_interface/stm32_interface.o
                0x00000000080012c8                STM_WritePin
 .text.STM_Timestamp
                0x00000000080012d0        0x8 Core/Src/App/platform_interface/stm32_interface.o
                0x00000000080012d0                STM_Timestamp
 .text.STM_Wait
                0x00000000080012d8        0x8 Core/Src/App/platform_interface/stm32_interface.o
                0x00000000080012d8                STM_Wait
 .text.STM_SysClockFreq
                0x00000000080012e0        0x8 Core/Src/App/platform_interface/stm32_interface.o
                0x00000000080012e0                STM_SysClockFreq
 .text.STM_Reset
                0x00000000080012e8       0x24 Core/Src/App/platform_interface/stm32_interface.o
                0x00000000080012e8                STM_Reset
 .text.PerformRhoSystemProcess
                0x000000000800130c       0x26 Core/Src/Rho/core/rho_client.o
                0x000000000800130c                PerformRhoSystemProcess
 .text.ActivateRhoSystem
                0x0000000008001332       0x22 Core/Src/Rho/core/rho_client.o
                0x0000000008001332                ActivateRhoSystem
 .text.DeactivateRhoSystem
                0x0000000008001354       0x22 Core/Src/Rho/core/rho_client.o
                0x0000000008001354                DeactivateRhoSystem
 .text.TransmitRhoSystemPacket
                0x0000000008001376        0x2 Core/Src/Rho/core/rho_client.o
                0x0000000008001376                TransmitRhoSystemPacket
 .text.InitializeRhoSystem
                0x0000000008001378       0x2a Core/Src/Rho/core/rho_client.o
                0x0000000008001378                InitializeRhoSystem
 .text.ConnectRhoSystemPlatformInterface
                0x00000000080013a2       0x24 Core/Src/Rho/core/rho_client.o
                0x00000000080013a2                ConnectRhoSystemPlatformInterface
 .text.ZeroRhoSystemMemory
                0x00000000080013c6       0x28 Core/Src/Rho/core/rho_client.o
                0x00000000080013c6                ZeroRhoSystemMemory
 .text.CaptureRow
                0x00000000080013ee       0x24 Core/Src/Rho/core/rho_client.o
                0x00000000080013ee                CaptureRow
 .text.CaptureRowCallback
                0x0000000008001412       0xaa Core/Src/Rho/core/rho_client.o
                0x0000000008001412                CaptureRowCallback
 .text.ProcessFrameSection
                0x00000000080014bc       0x68 Core/Src/Rho/core/rho_client.o
                0x00000000080014bc                ProcessFrameSection
 .text.CaptureAndProcessFrame
                0x0000000008001524       0xc0 Core/Src/Rho/core/rho_client.o
                0x0000000008001524                CaptureAndProcessFrame
 .text.ProcessRhoSystemFrameCapture
                0x00000000080015e4       0x28 Core/Src/Rho/core/rho_client.o
                0x00000000080015e4                ProcessRhoSystemFrameCapture
 .text.InitPlatform
                0x000000000800160c        0x6 Core/Src/UniSM/platform.o
                0x000000000800160c                InitPlatform
 .text.PerformHostCommand
                0x0000000008001612       0x54 Core/Src/UniSM/platform.o
                0x0000000008001612                PerformHostCommand
 .text.TransmitToHost
                0x0000000008001666       0x16 Core/Src/UniSM/platform.o
                0x0000000008001666                TransmitToHost
 .text.ReceiveFromHost
                0x000000000800167c       0x14 Core/Src/UniSM/platform.o
                0x000000000800167c                ReceiveFromHost
 .text.WritePin
                0x0000000008001690        0xe Core/Src/UniSM/platform.o
                0x0000000008001690                WritePin
 .text.SetPortMode
                0x000000000800169e        0xe Core/Src/UniSM/platform.o
                0x000000000800169e                SetPortMode
 .text.InitSystem
                0x00000000080016ac        0xc Core/Src/UniSM/system.o
                0x00000000080016ac                InitSystem
 .text.GetStateSystem
                0x00000000080016b8        0xa Core/Src/UniSM/system.o
                0x00000000080016b8                GetStateSystem
 .text.PerformStateSystem
                0x00000000080016c2        0xe Core/Src/UniSM/system.o
                0x00000000080016c2                PerformStateSystem
 .text.EnterStateSystem
                0x00000000080016d0       0x10 Core/Src/UniSM/system.o
                0x00000000080016d0                EnterStateSystem
 .text.IsInStateSystem
                0x00000000080016e0       0x14 Core/Src/UniSM/system.o
                0x00000000080016e0                IsInStateSystem
 .text.GetStateFromListSystem
                0x00000000080016f4       0x2a Core/Src/UniSM/system.o
                0x00000000080016f4                GetStateFromListSystem
 .text.SetStateSystem
                0x000000000800171e       0x3a Core/Src/UniSM/system.o
                0x000000000800171e                SetStateSystem
 .text.MX_GPIO_Init
                0x0000000008001758      0x134 Core/Src/main.o
 .text.Error_Handler
                0x000000000800188c        0x4 Core/Src/main.o
                0x000000000800188c                Error_Handler
 .text.MX_DMA_Init
                0x0000000008001890       0xe4 Core/Src/main.o
 .text.MX_I2C1_Init
                0x0000000008001974       0x66 Core/Src/main.o
 .text.MX_USART1_UART_Init
                0x00000000080019da       0x76 Core/Src/main.o
 .text.MX_TIM8_Init
                0x0000000008001a50      0x12e Core/Src/main.o
 .text.SystemClock_Config
                0x0000000008001b7e       0x9a Core/Src/main.o
                0x0000000008001b7e                SystemClock_Config
 .text.main     0x0000000008001c18       0x3c Core/Src/main.o
                0x0000000008001c18                main
 .text.HAL_MspInit
                0x0000000008001c54       0x52 Core/Src/stm32g4xx_hal_msp.o
                0x0000000008001c54                HAL_MspInit
 .text.HAL_I2C_MspInit
                0x0000000008001ca6       0x74 Core/Src/stm32g4xx_hal_msp.o
                0x0000000008001ca6                HAL_I2C_MspInit
 .text.HAL_TIM_Base_MspInit
                0x0000000008001d1a       0x30 Core/Src/stm32g4xx_hal_msp.o
                0x0000000008001d1a                HAL_TIM_Base_MspInit
 .text.HAL_UART_MspInit
                0x0000000008001d4a       0x70 Core/Src/stm32g4xx_hal_msp.o
                0x0000000008001d4a                HAL_UART_MspInit
 .text.NMI_Handler
                0x0000000008001dba        0x2 Core/Src/stm32g4xx_it.o
                0x0000000008001dba                NMI_Handler
 .text.HardFault_Handler
                0x0000000008001dbc        0x2 Core/Src/stm32g4xx_it.o
                0x0000000008001dbc                HardFault_Handler
 .text.MemManage_Handler
                0x0000000008001dbe        0x2 Core/Src/stm32g4xx_it.o
                0x0000000008001dbe                MemManage_Handler
 .text.BusFault_Handler
                0x0000000008001dc0        0x2 Core/Src/stm32g4xx_it.o
                0x0000000008001dc0                BusFault_Handler
 .text.UsageFault_Handler
                0x0000000008001dc2        0x2 Core/Src/stm32g4xx_it.o
                0x0000000008001dc2                UsageFault_Handler
 .text.SVC_Handler
                0x0000000008001dc4        0x2 Core/Src/stm32g4xx_it.o
                0x0000000008001dc4                SVC_Handler
 .text.DebugMon_Handler
                0x0000000008001dc6        0x2 Core/Src/stm32g4xx_it.o
                0x0000000008001dc6                DebugMon_Handler
 .text.PendSV_Handler
                0x0000000008001dc8        0x2 Core/Src/stm32g4xx_it.o
                0x0000000008001dc8                PendSV_Handler
 .text.SysTick_Handler
                0x0000000008001dca        0x8 Core/Src/stm32g4xx_it.o
                0x0000000008001dca                SysTick_Handler
 .text.EXTI0_IRQHandler
                0x0000000008001dd2        0xa Core/Src/stm32g4xx_it.o
                0x0000000008001dd2                EXTI0_IRQHandler
 .text.EXTI3_IRQHandler
                0x0000000008001ddc        0xa Core/Src/stm32g4xx_it.o
                0x0000000008001ddc                EXTI3_IRQHandler
 .text.EXTI4_IRQHandler
                0x0000000008001de6        0xa Core/Src/stm32g4xx_it.o
                0x0000000008001de6                EXTI4_IRQHandler
 .text.DMA1_Channel1_IRQHandler
                0x0000000008001df0       0x10 Core/Src/stm32g4xx_it.o
                0x0000000008001df0                DMA1_Channel1_IRQHandler
 .text.DMAMUX_OVR_IRQHandler
                0x0000000008001e00       0x10 Core/Src/stm32g4xx_it.o
                0x0000000008001e00                DMAMUX_OVR_IRQHandler
 .text._getpid  0x0000000008001e10        0x4 Core/Src/syscalls.o
                0x0000000008001e10                _getpid
 .text._kill    0x0000000008001e14       0x10 Core/Src/syscalls.o
                0x0000000008001e14                _kill
 .text._exit    0x0000000008001e24        0xc Core/Src/syscalls.o
                0x0000000008001e24                _exit
 .text._read    0x0000000008001e30       0x20 Core/Src/syscalls.o
                0x0000000008001e30                _read
 .text._write   0x0000000008001e50       0x1c Core/Src/syscalls.o
                0x0000000008001e50                _write
 .text._close   0x0000000008001e6c        0x6 Core/Src/syscalls.o
                0x0000000008001e6c                _close
 .text._fstat   0x0000000008001e72        0xa Core/Src/syscalls.o
                0x0000000008001e72                _fstat
 .text._isatty  0x0000000008001e7c        0x4 Core/Src/syscalls.o
                0x0000000008001e7c                _isatty
 .text._lseek   0x0000000008001e80        0x4 Core/Src/syscalls.o
                0x0000000008001e80                _lseek
 .text._sbrk    0x0000000008001e84       0x60 Core/Src/sysmem.o
                0x0000000008001e84                _sbrk
 .text.SystemInit
                0x0000000008001ee4       0x1c Core/Src/system_stm32g4xx.o
                0x0000000008001ee4                SystemInit
 .text.Reset_Handler
                0x0000000008001f00       0x50 Core/Startup/startup_stm32g431k6tx.o
                0x0000000008001f00                Reset_Handler
 .text.Default_Handler
                0x0000000008001f50        0x2 Core/Startup/startup_stm32g431k6tx.o
                0x0000000008001f50                RTC_Alarm_IRQHandler
                0x0000000008001f50                EXTI2_IRQHandler
                0x0000000008001f50                TIM8_TRG_COM_IRQHandler
                0x0000000008001f50                TIM8_CC_IRQHandler
                0x0000000008001f50                TIM1_CC_IRQHandler
                0x0000000008001f50                USB_HP_IRQHandler
                0x0000000008001f50                CORDIC_IRQHandler
                0x0000000008001f50                I2C3_ER_IRQHandler
                0x0000000008001f50                I2C2_EV_IRQHandler
                0x0000000008001f50                FPU_IRQHandler
                0x0000000008001f50                FDCAN1_IT1_IRQHandler
                0x0000000008001f50                TIM1_UP_TIM16_IRQHandler
                0x0000000008001f50                ADC1_2_IRQHandler
                0x0000000008001f50                SPI1_IRQHandler
                0x0000000008001f50                TIM6_DAC_IRQHandler
                0x0000000008001f50                TIM8_UP_IRQHandler
                0x0000000008001f50                DMA2_Channel2_IRQHandler
                0x0000000008001f50                DMA1_Channel4_IRQHandler
                0x0000000008001f50                USART3_IRQHandler
                0x0000000008001f50                TIM4_IRQHandler
                0x0000000008001f50                DMA2_Channel1_IRQHandler
                0x0000000008001f50                I2C1_EV_IRQHandler
                0x0000000008001f50                DMA1_Channel6_IRQHandler
                0x0000000008001f50                UART4_IRQHandler
                0x0000000008001f50                DMA2_Channel4_IRQHandler
                0x0000000008001f50                TIM3_IRQHandler
                0x0000000008001f50                RCC_IRQHandler
                0x0000000008001f50                Default_Handler
                0x0000000008001f50                RTC_TAMP_LSECSS_IRQHandler
                0x0000000008001f50                FMAC_IRQHandler
                0x0000000008001f50                EXTI15_10_IRQHandler
                0x0000000008001f50                TIM7_IRQHandler
                0x0000000008001f50                UCPD1_IRQHandler
                0x0000000008001f50                I2C3_EV_IRQHandler
                0x0000000008001f50                EXTI9_5_IRQHandler
                0x0000000008001f50                RTC_WKUP_IRQHandler
                0x0000000008001f50                PVD_PVM_IRQHandler
                0x0000000008001f50                SPI2_IRQHandler
                0x0000000008001f50                DMA2_Channel5_IRQHandler
                0x0000000008001f50                CRS_IRQHandler
                0x0000000008001f50                DMA1_Channel5_IRQHandler
                0x0000000008001f50                USB_LP_IRQHandler
                0x0000000008001f50                RNG_IRQHandler
                0x0000000008001f50                TIM1_TRG_COM_TIM17_IRQHandler
                0x0000000008001f50                DMA1_Channel3_IRQHandler
                0x0000000008001f50                WWDG_IRQHandler
                0x0000000008001f50                LPUART1_IRQHandler
                0x0000000008001f50                DMA2_Channel6_IRQHandler
                0x0000000008001f50                FDCAN1_IT0_IRQHandler
                0x0000000008001f50                TIM2_IRQHandler
                0x0000000008001f50                COMP1_2_3_IRQHandler
                0x0000000008001f50                EXTI1_IRQHandler
                0x0000000008001f50                USART2_IRQHandler
                0x0000000008001f50                I2C2_ER_IRQHandler
                0x0000000008001f50                DMA1_Channel2_IRQHandler
                0x0000000008001f50                TIM8_BRK_IRQHandler
                0x0000000008001f50                FLASH_IRQHandler
                0x0000000008001f50                USART1_IRQHandler
                0x0000000008001f50                SPI3_IRQHandler
                0x0000000008001f50                I2C1_ER_IRQHandler
                0x0000000008001f50                LPTIM1_IRQHandler
                0x0000000008001f50                USBWakeUp_IRQHandler
                0x0000000008001f50                SAI1_IRQHandler
                0x0000000008001f50                DMA2_Channel3_IRQHandler
                0x0000000008001f50                COMP4_IRQHandler
                0x0000000008001f50                TIM1_BRK_TIM15_IRQHandler
 .text.HAL_InitTick
                0x0000000008001f52       0x56 Drivers/STM32G4xx_HAL_Driver/Src/stm32g4xx_hal.o
                0x0000000008001f52                HAL_InitTick
 .text.HAL_Init
                0x0000000008001fa8       0x1e Drivers/STM32G4xx_HAL_Driver/Src/stm32g4xx_hal.o
                0x0000000008001fa8                HAL_Init
 .text.HAL_IncTick
                0x0000000008001fc6       0x1a Drivers/STM32G4xx_HAL_Driver/Src/stm32g4xx_hal.o
                0x0000000008001fc6                HAL_IncTick
 .text.HAL_GetTick
                0x0000000008001fe0        0xc Drivers/STM32G4xx_HAL_Driver/Src/stm32g4xx_hal.o
                0x0000000008001fe0                HAL_GetTick
 .text.HAL_Delay
                0x0000000008001fec       0x28 Drivers/STM32G4xx_HAL_Driver/Src/stm32g4xx_hal.o
                0x0000000008001fec                HAL_Delay
 .text.HAL_NVIC_SetPriorityGrouping
                0x0000000008002014       0x26 Drivers/STM32G4xx_HAL_Driver/Src/stm32g4xx_hal_cortex.o
                0x0000000008002014                HAL_NVIC_SetPriorityGrouping
 .text.HAL_NVIC_SetPriority
                0x000000000800203a       0x6c Drivers/STM32G4xx_HAL_Driver/Src/stm32g4xx_hal_cortex.o
                0x000000000800203a                HAL_NVIC_SetPriority
 .text.HAL_NVIC_EnableIRQ
                0x00000000080020a6       0x1c Drivers/STM32G4xx_HAL_Driver/Src/stm32g4xx_hal_cortex.o
                0x00000000080020a6                HAL_NVIC_EnableIRQ
 .text.HAL_NVIC_DisableIRQ
                0x00000000080020c2       0x26 Drivers/STM32G4xx_HAL_Driver/Src/stm32g4xx_hal_cortex.o
                0x00000000080020c2                HAL_NVIC_DisableIRQ
 .text.HAL_SYSTICK_Config
                0x00000000080020e8       0x2e Drivers/STM32G4xx_HAL_Driver/Src/stm32g4xx_hal_cortex.o
                0x00000000080020e8                HAL_SYSTICK_Config
 .text.DMA_CalcDMAMUXChannelBaseAndMask
                0x0000000008002116       0x52 Drivers/STM32G4xx_HAL_Driver/Src/stm32g4xx_hal_dma.o
 .text.DMA_CalcDMAMUXRequestGenBaseAndMask
                0x0000000008002168       0x2a Drivers/STM32G4xx_HAL_Driver/Src/stm32g4xx_hal_dma.o
 .text.HAL_DMA_Init
                0x0000000008002192       0xe8 Drivers/STM32G4xx_HAL_Driver/Src/stm32g4xx_hal_dma.o
                0x0000000008002192                HAL_DMA_Init
 .text.HAL_DMA_Abort
                0x000000000800227a       0x6c Drivers/STM32G4xx_HAL_Driver/Src/stm32g4xx_hal_dma.o
                0x000000000800227a                HAL_DMA_Abort
 .text.HAL_DMA_IRQHandler
                0x00000000080022e6       0xc4 Drivers/STM32G4xx_HAL_Driver/Src/stm32g4xx_hal_dma.o
                0x00000000080022e6                HAL_DMA_IRQHandler
 .text.HAL_DMAEx_ConfigMuxSync
                0x00000000080023aa       0x54 Drivers/STM32G4xx_HAL_Driver/Src/stm32g4xx_hal_dma_ex.o
                0x00000000080023aa                HAL_DMAEx_ConfigMuxSync
 .text.HAL_DMAEx_ConfigMuxRequestGenerator
                0x00000000080023fe       0x5a Drivers/STM32G4xx_HAL_Driver/Src/stm32g4xx_hal_dma_ex.o
                0x00000000080023fe                HAL_DMAEx_ConfigMuxRequestGenerator
 .text.HAL_DMAEx_MUX_IRQHandler
                0x0000000008002458       0x5a Drivers/STM32G4xx_HAL_Driver/Src/stm32g4xx_hal_dma_ex.o
                0x0000000008002458                HAL_DMAEx_MUX_IRQHandler
 .text.HAL_GPIO_Init
                0x00000000080024b2      0x1d4 Drivers/STM32G4xx_HAL_Driver/Src/stm32g4xx_hal_gpio.o
                0x00000000080024b2                HAL_GPIO_Init
 .text.HAL_GPIO_WritePin
                0x0000000008002686        0xa Drivers/STM32G4xx_HAL_Driver/Src/stm32g4xx_hal_gpio.o
                0x0000000008002686                HAL_GPIO_WritePin
 .text.HAL_GPIO_EXTI_IRQHandler
                0x0000000008002690       0x22 Drivers/STM32G4xx_HAL_Driver/Src/stm32g4xx_hal_gpio.o
                0x0000000008002690                HAL_GPIO_EXTI_IRQHandler
 .text.I2C_Flush_TXDR
                0x00000000080026b2       0x22 Drivers/STM32G4xx_HAL_Driver/Src/stm32g4xx_hal_i2c.o
 .text.I2C_TransferConfig
                0x00000000080026d4       0x30 Drivers/STM32G4xx_HAL_Driver/Src/stm32g4xx_hal_i2c.o
 .text.I2C_IsAcknowledgeFailed
                0x0000000008002704       0x8a Drivers/STM32G4xx_HAL_Driver/Src/stm32g4xx_hal_i2c.o
 .text.I2C_WaitOnTXISFlagUntilTimeout
                0x000000000800278e       0x56 Drivers/STM32G4xx_HAL_Driver/Src/stm32g4xx_hal_i2c.o
 .text.I2C_WaitOnFlagUntilTimeout
                0x00000000080027e4       0x56 Drivers/STM32G4xx_HAL_Driver/Src/stm32g4xx_hal_i2c.o
 .text.I2C_WaitOnSTOPFlagUntilTimeout
                0x000000000800283a       0x50 Drivers/STM32G4xx_HAL_Driver/Src/stm32g4xx_hal_i2c.o
 .text.HAL_I2C_Init
                0x000000000800288a       0xbc Drivers/STM32G4xx_HAL_Driver/Src/stm32g4xx_hal_i2c.o
                0x000000000800288a                HAL_I2C_Init
 .text.HAL_I2C_Master_Transmit
                0x0000000008002946      0x17e Drivers/STM32G4xx_HAL_Driver/Src/stm32g4xx_hal_i2c.o
                0x0000000008002946                HAL_I2C_Master_Transmit
 .text.HAL_I2CEx_ConfigAnalogFilter
                0x0000000008002ac4       0x5c Drivers/STM32G4xx_HAL_Driver/Src/stm32g4xx_hal_i2c_ex.o
                0x0000000008002ac4                HAL_I2CEx_ConfigAnalogFilter
 .text.HAL_I2CEx_ConfigDigitalFilter
                0x0000000008002b20       0x58 Drivers/STM32G4xx_HAL_Driver/Src/stm32g4xx_hal_i2c_ex.o
                0x0000000008002b20                HAL_I2CEx_ConfigDigitalFilter
 .text.HAL_PWR_ConfigPVD
                0x0000000008002b78       0xa0 Drivers/STM32G4xx_HAL_Driver/Src/stm32g4xx_hal_pwr.o
                0x0000000008002b78                HAL_PWR_ConfigPVD
 .text.HAL_PWR_EnablePVD
                0x0000000008002c18       0x12 Drivers/STM32G4xx_HAL_Driver/Src/stm32g4xx_hal_pwr.o
                0x0000000008002c18                HAL_PWR_EnablePVD
 .text.HAL_PWREx_ControlVoltageScaling
                0x0000000008002c2a      0x15a Drivers/STM32G4xx_HAL_Driver/Src/stm32g4xx_hal_pwr_ex.o
                0x0000000008002c2a                HAL_PWREx_ControlVoltageScaling
 .text.HAL_PWREx_DisableUCPDDeadBattery
                0x0000000008002d84       0x12 Drivers/STM32G4xx_HAL_Driver/Src/stm32g4xx_hal_pwr_ex.o
                0x0000000008002d84                HAL_PWREx_DisableUCPDDeadBattery
 .text.RCC_GetSysClockFreqFromPLLSource
                0x0000000008002d96       0x70 Drivers/STM32G4xx_HAL_Driver/Src/stm32g4xx_hal_rcc.o
 .text.HAL_RCC_OscConfig
                0x0000000008002e06      0x5da Drivers/STM32G4xx_HAL_Driver/Src/stm32g4xx_hal_rcc.o
                0x0000000008002e06                HAL_RCC_OscConfig
 .text.HAL_RCC_MCOConfig
                0x00000000080033e0       0x52 Drivers/STM32G4xx_HAL_Driver/Src/stm32g4xx_hal_rcc.o
                0x00000000080033e0                HAL_RCC_MCOConfig
 .text.HAL_RCC_GetSysClockFreq
                0x0000000008003432       0xbe Drivers/STM32G4xx_HAL_Driver/Src/stm32g4xx_hal_rcc.o
                0x0000000008003432                HAL_RCC_GetSysClockFreq
 .text.HAL_RCC_ClockConfig
                0x00000000080034f0      0x274 Drivers/STM32G4xx_HAL_Driver/Src/stm32g4xx_hal_rcc.o
                0x00000000080034f0                HAL_RCC_ClockConfig
 .text.HAL_RCC_GetHCLKFreq
                0x0000000008003764        0xc Drivers/STM32G4xx_HAL_Driver/Src/stm32g4xx_hal_rcc.o
                0x0000000008003764                HAL_RCC_GetHCLKFreq
 .text.HAL_RCC_GetPCLK1Freq
                0x0000000008003770       0x26 Drivers/STM32G4xx_HAL_Driver/Src/stm32g4xx_hal_rcc.o
                0x0000000008003770                HAL_RCC_GetPCLK1Freq
 .text.HAL_RCC_GetPCLK2Freq
                0x0000000008003796       0x26 Drivers/STM32G4xx_HAL_Driver/Src/stm32g4xx_hal_rcc.o
                0x0000000008003796                HAL_RCC_GetPCLK2Freq
 .text.HAL_RCCEx_PeriphCLKConfig
                0x00000000080037bc      0x39e Drivers/STM32G4xx_HAL_Driver/Src/stm32g4xx_hal_rcc_ex.o
                0x00000000080037bc                HAL_RCCEx_PeriphCLKConfig
 .text.TIM_OC1_SetConfig
                0x0000000008003b5a       0xc2 Drivers/STM32G4xx_HAL_Driver/Src/stm32g4xx_hal_tim.o
 .text.TIM_OC3_SetConfig
                0x0000000008003c1c       0xa6 Drivers/STM32G4xx_HAL_Driver/Src/stm32g4xx_hal_tim.o
 .text.TIM_OC4_SetConfig
                0x0000000008003cc2       0xa8 Drivers/STM32G4xx_HAL_Driver/Src/stm32g4xx_hal_tim.o
 .text.TIM_OC5_SetConfig
                0x0000000008003d6a       0x7a Drivers/STM32G4xx_HAL_Driver/Src/stm32g4xx_hal_tim.o
 .text.TIM_OC6_SetConfig
                0x0000000008003de4       0x7c Drivers/STM32G4xx_HAL_Driver/Src/stm32g4xx_hal_tim.o
 .text.TIM_TI1_ConfigInputStage
                0x0000000008003e60       0x24 Drivers/STM32G4xx_HAL_Driver/Src/stm32g4xx_hal_tim.o
 .text.TIM_TI2_ConfigInputStage
                0x0000000008003e84       0x26 Drivers/STM32G4xx_HAL_Driver/Src/stm32g4xx_hal_tim.o
 .text.TIM_ITRx_SetConfig
                0x0000000008003eaa       0x14 Drivers/STM32G4xx_HAL_Driver/Src/stm32g4xx_hal_tim.o
 .text.HAL_TIM_OC_MspInit
                0x0000000008003ebe        0x2 Drivers/STM32G4xx_HAL_Driver/Src/stm32g4xx_hal_tim.o
                0x0000000008003ebe                HAL_TIM_OC_MspInit
 .text.TIM_Base_SetConfig
                0x0000000008003ec0       0xfa Drivers/STM32G4xx_HAL_Driver/Src/stm32g4xx_hal_tim.o
                0x0000000008003ec0                TIM_Base_SetConfig
 .text.HAL_TIM_Base_Init
                0x0000000008003fba       0x60 Drivers/STM32G4xx_HAL_Driver/Src/stm32g4xx_hal_tim.o
                0x0000000008003fba                HAL_TIM_Base_Init
 .text.HAL_TIM_OC_Init
                0x000000000800401a       0x60 Drivers/STM32G4xx_HAL_Driver/Src/stm32g4xx_hal_tim.o
                0x000000000800401a                HAL_TIM_OC_Init
 .text.TIM_OC2_SetConfig
                0x000000000800407a       0xa8 Drivers/STM32G4xx_HAL_Driver/Src/stm32g4xx_hal_tim.o
                0x000000000800407a                TIM_OC2_SetConfig
 .text.HAL_TIM_OC_ConfigChannel
                0x0000000008004122       0x6a Drivers/STM32G4xx_HAL_Driver/Src/stm32g4xx_hal_tim.o
                0x0000000008004122                HAL_TIM_OC_ConfigChannel
 .text.TIM_ETR_SetConfig
                0x000000000800418c       0x18 Drivers/STM32G4xx_HAL_Driver/Src/stm32g4xx_hal_tim.o
                0x000000000800418c                TIM_ETR_SetConfig
 .text.HAL_TIM_ConfigClockSource
                0x00000000080041a4      0x11a Drivers/STM32G4xx_HAL_Driver/Src/stm32g4xx_hal_tim.o
                0x00000000080041a4                HAL_TIM_ConfigClockSource
 .text.TIM_SlaveTimer_SetConfig
                0x00000000080042be       0xa0 Drivers/STM32G4xx_HAL_Driver/Src/stm32g4xx_hal_tim.o
 .text.HAL_TIM_SlaveConfigSynchro
                0x000000000800435e       0x52 Drivers/STM32G4xx_HAL_Driver/Src/stm32g4xx_hal_tim.o
                0x000000000800435e                HAL_TIM_SlaveConfigSynchro
 .text.TIM_CCxChannelCmd
                0x00000000080043b0       0x24 Drivers/STM32G4xx_HAL_Driver/Src/stm32g4xx_hal_tim.o
                0x00000000080043b0                TIM_CCxChannelCmd
 .text.HAL_TIMEx_MasterConfigSynchronization
                0x00000000080043d4       0xae Drivers/STM32G4xx_HAL_Driver/Src/stm32g4xx_hal_tim_ex.o
                0x00000000080043d4                HAL_TIMEx_MasterConfigSynchronization
 .text.HAL_TIMEx_ConfigBreakDeadTime
                0x0000000008004482       0xd6 Drivers/STM32G4xx_HAL_Driver/Src/stm32g4xx_hal_tim_ex.o
                0x0000000008004482                HAL_TIMEx_ConfigBreakDeadTime
 .text.UART_SetConfig
                0x0000000008004558      0x38a Drivers/STM32G4xx_HAL_Driver/Src/stm32g4xx_hal_uart.o
                0x0000000008004558                UART_SetConfig
 .text.UART_AdvFeatureConfig
                0x00000000080048e2       0xca Drivers/STM32G4xx_HAL_Driver/Src/stm32g4xx_hal_uart.o
                0x00000000080048e2                UART_AdvFeatureConfig
 .text.UART_WaitOnFlagUntilTimeout
                0x00000000080049ac       0xac Drivers/STM32G4xx_HAL_Driver/Src/stm32g4xx_hal_uart.o
                0x00000000080049ac                UART_WaitOnFlagUntilTimeout
 .text.UART_CheckIdleState
                0x0000000008004a58       0x74 Drivers/STM32G4xx_HAL_Driver/Src/stm32g4xx_hal_uart.o
                0x0000000008004a58                UART_CheckIdleState
 .text.HAL_UART_Init
                0x0000000008004acc       0x66 Drivers/STM32G4xx_HAL_Driver/Src/stm32g4xx_hal_uart.o
                0x0000000008004acc                HAL_UART_Init
 .text.UARTEx_SetNbDataToProcess
                0x0000000008004b32       0x4e Drivers/STM32G4xx_HAL_Driver/Src/stm32g4xx_hal_uart_ex.o
 .text.HAL_UARTEx_DisableFifoMode
                0x0000000008004b80       0x3e Drivers/STM32G4xx_HAL_Driver/Src/stm32g4xx_hal_uart_ex.o
                0x0000000008004b80                HAL_UARTEx_DisableFifoMode
 .text.HAL_UARTEx_SetTxFifoThreshold
                0x0000000008004bbe       0x4a Drivers/STM32G4xx_HAL_Driver/Src/stm32g4xx_hal_uart_ex.o
                0x0000000008004bbe                HAL_UARTEx_SetTxFifoThreshold
 .text.HAL_UARTEx_SetRxFifoThreshold
                0x0000000008004c08       0x4a Drivers/STM32G4xx_HAL_Driver/Src/stm32g4xx_hal_uart_ex.o
                0x0000000008004c08                HAL_UARTEx_SetRxFifoThreshold
 *fill*         0x0000000008004c52        0x2 
 .text.__errno  0x0000000008004c54        0xc c:/st/stm32cubeide_1.6.1/stm32cubeide/plugins/com.st.stm32cube.ide.mcu.externaltools.gnu-tools-for-stm32.9-2020-q2-update.win32_1.5.0.202011040924/tools/bin/../lib/gcc/arm-none-eabi/9.3.1/../../../../arm-none-eabi/lib/thumb/v7e-m+fp/hard\libc_nano.a(lib_a-errno.o)
                0x0000000008004c54                __errno
 .text.__libc_init_array
                0x0000000008004c60       0x48 c:/st/stm32cubeide_1.6.1/stm32cubeide/plugins/com.st.stm32cube.ide.mcu.externaltools.gnu-tools-for-stm32.9-2020-q2-update.win32_1.5.0.202011040924/tools/bin/../lib/gcc/arm-none-eabi/9.3.1/../../../../arm-none-eabi/lib/thumb/v7e-m+fp/hard\libc_nano.a(lib_a-init.o)
                0x0000000008004c60                __libc_init_array
 .text.memcpy   0x0000000008004ca8       0x1c c:/st/stm32cubeide_1.6.1/stm32cubeide/plugins/com.st.stm32cube.ide.mcu.externaltools.gnu-tools-for-stm32.9-2020-q2-update.win32_1.5.0.202011040924/tools/bin/../lib/gcc/arm-none-eabi/9.3.1/../../../../arm-none-eabi/lib/thumb/v7e-m+fp/hard\libc_nano.a(lib_a-memcpy-stub.o)
                0x0000000008004ca8                memcpy
 .text.memset   0x0000000008004cc4       0x10 c:/st/stm32cubeide_1.6.1/stm32cubeide/plugins/com.st.stm32cube.ide.mcu.externaltools.gnu-tools-for-stm32.9-2020-q2-update.win32_1.5.0.202011040924/tools/bin/../lib/gcc/arm-none-eabi/9.3.1/../../../../arm-none-eabi/lib/thumb/v7e-m+fp/hard\libc_nano.a(lib_a-memset.o)
                0x0000000008004cc4                memset
 .text.__cvt    0x0000000008004cd4       0xc4 c:/st/stm32cubeide_1.6.1/stm32cubeide/plugins/com.st.stm32cube.ide.mcu.externaltools.gnu-tools-for-stm32.9-2020-q2-update.win32_1.5.0.202011040924/tools/bin/../lib/gcc/arm-none-eabi/9.3.1/../../../../arm-none-eabi/lib/thumb/v7e-m+fp/hard\libc_nano.a(lib_a-nano-vfprintf_float.o)
                0x0000000008004cd4                __cvt
 .text.__exponent
                0x0000000008004d98       0x7c c:/st/stm32cubeide_1.6.1/stm32cubeide/plugins/com.st.stm32cube.ide.mcu.externaltools.gnu-tools-for-stm32.9-2020-q2-update.win32_1.5.0.202011040924/tools/bin/../lib/gcc/arm-none-eabi/9.3.1/../../../../arm-none-eabi/lib/thumb/v7e-m+fp/hard\libc_nano.a(lib_a-nano-vfprintf_float.o)
                0x0000000008004d98                __exponent
 .text._printf_float
                0x0000000008004e14      0x46c c:/st/stm32cubeide_1.6.1/stm32cubeide/plugins/com.st.stm32cube.ide.mcu.externaltools.gnu-tools-for-stm32.9-2020-q2-update.win32_1.5.0.202011040924/tools/bin/../lib/gcc/arm-none-eabi/9.3.1/../../../../arm-none-eabi/lib/thumb/v7e-m+fp/hard\libc_nano.a(lib_a-nano-vfprintf_float.o)
                0x0000000008004e14                _printf_float
 .text._printf_common
                0x0000000008005280       0xda c:/st/stm32cubeide_1.6.1/stm32cubeide/plugins/com.st.stm32cube.ide.mcu.externaltools.gnu-tools-for-stm32.9-2020-q2-update.win32_1.5.0.202011040924/tools/bin/../lib/gcc/arm-none-eabi/9.3.1/../../../../arm-none-eabi/lib/thumb/v7e-m+fp/hard\libc_nano.a(lib_a-nano-vfprintf_i.o)
                0x0000000008005280                _printf_common
 *fill*         0x000000000800535a        0x2 
 .text._printf_i
                0x000000000800535c      0x24c c:/st/stm32cubeide_1.6.1/stm32cubeide/plugins/com.st.stm32cube.ide.mcu.externaltools.gnu-tools-for-stm32.9-2020-q2-update.win32_1.5.0.202011040924/tools/bin/../lib/gcc/arm-none-eabi/9.3.1/../../../../arm-none-eabi/lib/thumb/v7e-m+fp/hard\libc_nano.a(lib_a-nano-vfprintf_i.o)
                0x000000000800535c                _printf_i
 .text.printf   0x00000000080055a8       0x30 c:/st/stm32cubeide_1.6.1/stm32cubeide/plugins/com.st.stm32cube.ide.mcu.externaltools.gnu-tools-for-stm32.9-2020-q2-update.win32_1.5.0.202011040924/tools/bin/../lib/gcc/arm-none-eabi/9.3.1/../../../../arm-none-eabi/lib/thumb/v7e-m+fp/hard\libc_nano.a(lib_a-printf.o)
                0x00000000080055a8                iprintf
                0x00000000080055a8                printf
 .text.putchar  0x00000000080055d8       0x2c c:/st/stm32cubeide_1.6.1/stm32cubeide/plugins/com.st.stm32cube.ide.mcu.externaltools.gnu-tools-for-stm32.9-2020-q2-update.win32_1.5.0.202011040924/tools/bin/../lib/gcc/arm-none-eabi/9.3.1/../../../../arm-none-eabi/lib/thumb/v7e-m+fp/hard\libc_nano.a(lib_a-putchar.o)
                0x00000000080055d8                putchar
 .text.__swbuf_r
                0x0000000008005604       0xa4 c:/st/stm32cubeide_1.6.1/stm32cubeide/plugins/com.st.stm32cube.ide.mcu.externaltools.gnu-tools-for-stm32.9-2020-q2-update.win32_1.5.0.202011040924/tools/bin/../lib/gcc/arm-none-eabi/9.3.1/../../../../arm-none-eabi/lib/thumb/v7e-m+fp/hard\libc_nano.a(lib_a-wbuf.o)
                0x0000000008005604                __swbuf_r
 .text.__swsetup_r
                0x00000000080056a8       0xdc c:/st/stm32cubeide_1.6.1/stm32cubeide/plugins/com.st.stm32cube.ide.mcu.externaltools.gnu-tools-for-stm32.9-2020-q2-update.win32_1.5.0.202011040924/tools/bin/../lib/gcc/arm-none-eabi/9.3.1/../../../../arm-none-eabi/lib/thumb/v7e-m+fp/hard\libc_nano.a(lib_a-wsetup.o)
                0x00000000080056a8                __swsetup_r
 .text.quorem   0x0000000008005784      0x116 c:/st/stm32cubeide_1.6.1/stm32cubeide/plugins/com.st.stm32cube.ide.mcu.externaltools.gnu-tools-for-stm32.9-2020-q2-update.win32_1.5.0.202011040924/tools/bin/../lib/gcc/arm-none-eabi/9.3.1/../../../../arm-none-eabi/lib/thumb/v7e-m+fp/hard\libc_nano.a(lib_a-dtoa.o)
 *fill*         0x000000000800589a        0x6 
 .text._dtoa_r  0x00000000080058a0      0xbd8 c:/st/stm32cubeide_1.6.1/stm32cubeide/plugins/com.st.stm32cube.ide.mcu.externaltools.gnu-tools-for-stm32.9-2020-q2-update.win32_1.5.0.202011040924/tools/bin/../lib/gcc/arm-none-eabi/9.3.1/../../../../arm-none-eabi/lib/thumb/v7e-m+fp/hard\libc_nano.a(lib_a-dtoa.o)
                0x00000000080058a0                _dtoa_r
 .text.__sflush_r
                0x0000000008006478      0x10c c:/st/stm32cubeide_1.6.1/stm32cubeide/plugins/com.st.stm32cube.ide.mcu.externaltools.gnu-tools-for-stm32.9-2020-q2-update.win32_1.5.0.202011040924/tools/bin/../lib/gcc/arm-none-eabi/9.3.1/../../../../arm-none-eabi/lib/thumb/v7e-m+fp/hard\libc_nano.a(lib_a-fflush.o)
                0x0000000008006478                __sflush_r
 .text._fflush_r
                0x0000000008006584       0x78 c:/st/stm32cubeide_1.6.1/stm32cubeide/plugins/com.st.stm32cube.ide.mcu.externaltools.gnu-tools-for-stm32.9-2020-q2-update.win32_1.5.0.202011040924/tools/bin/../lib/gcc/arm-none-eabi/9.3.1/../../../../arm-none-eabi/lib/thumb/v7e-m+fp/hard\libc_nano.a(lib_a-fflush.o)
                0x0000000008006584                _fflush_r
 .text.std      0x00000000080065fc       0x48 c:/st/stm32cubeide_1.6.1/stm32cubeide/plugins/com.st.stm32cube.ide.mcu.externaltools.gnu-tools-for-stm32.9-2020-q2-update.win32_1.5.0.202011040924/tools/bin/../lib/gcc/arm-none-eabi/9.3.1/../../../../arm-none-eabi/lib/thumb/v7e-m+fp/hard\libc_nano.a(lib_a-findfp.o)
 .text._cleanup_r
                0x0000000008006644        0xc c:/st/stm32cubeide_1.6.1/stm32cubeide/plugins/com.st.stm32cube.ide.mcu.externaltools.gnu-tools-for-stm32.9-2020-q2-update.win32_1.5.0.202011040924/tools/bin/../lib/gcc/arm-none-eabi/9.3.1/../../../../arm-none-eabi/lib/thumb/v7e-m+fp/hard\libc_nano.a(lib_a-findfp.o)
                0x0000000008006644                _cleanup_r
 .text.__sfmoreglue
                0x0000000008006650       0x2c c:/st/stm32cubeide_1.6.1/stm32cubeide/plugins/com.st.stm32cube.ide.mcu.externaltools.gnu-tools-for-stm32.9-2020-q2-update.win32_1.5.0.202011040924/tools/bin/../lib/gcc/arm-none-eabi/9.3.1/../../../../arm-none-eabi/lib/thumb/v7e-m+fp/hard\libc_nano.a(lib_a-findfp.o)
                0x0000000008006650                __sfmoreglue
 .text.__sfp_lock_acquire
                0x000000000800667c        0xc c:/st/stm32cubeide_1.6.1/stm32cubeide/plugins/com.st.stm32cube.ide.mcu.externaltools.gnu-tools-for-stm32.9-2020-q2-update.win32_1.5.0.202011040924/tools/bin/../lib/gcc/arm-none-eabi/9.3.1/../../../../arm-none-eabi/lib/thumb/v7e-m+fp/hard\libc_nano.a(lib_a-findfp.o)
                0x000000000800667c                __sfp_lock_acquire
 .text.__sfp_lock_release
                0x0000000008006688        0xc c:/st/stm32cubeide_1.6.1/stm32cubeide/plugins/com.st.stm32cube.ide.mcu.externaltools.gnu-tools-for-stm32.9-2020-q2-update.win32_1.5.0.202011040924/tools/bin/../lib/gcc/arm-none-eabi/9.3.1/../../../../arm-none-eabi/lib/thumb/v7e-m+fp/hard\libc_nano.a(lib_a-findfp.o)
                0x0000000008006688                __sfp_lock_release
 .text.__sinit_lock_acquire
                0x0000000008006694        0xc c:/st/stm32cubeide_1.6.1/stm32cubeide/plugins/com.st.stm32cube.ide.mcu.externaltools.gnu-tools-for-stm32.9-2020-q2-update.win32_1.5.0.202011040924/tools/bin/../lib/gcc/arm-none-eabi/9.3.1/../../../../arm-none-eabi/lib/thumb/v7e-m+fp/hard\libc_nano.a(lib_a-findfp.o)
                0x0000000008006694                __sinit_lock_acquire
 .text.__sinit_lock_release
                0x00000000080066a0        0xc c:/st/stm32cubeide_1.6.1/stm32cubeide/plugins/com.st.stm32cube.ide.mcu.externaltools.gnu-tools-for-stm32.9-2020-q2-update.win32_1.5.0.202011040924/tools/bin/../lib/gcc/arm-none-eabi/9.3.1/../../../../arm-none-eabi/lib/thumb/v7e-m+fp/hard\libc_nano.a(lib_a-findfp.o)
                0x00000000080066a0                __sinit_lock_release
 .text.__sinit  0x00000000080066ac       0x70 c:/st/stm32cubeide_1.6.1/stm32cubeide/plugins/com.st.stm32cube.ide.mcu.externaltools.gnu-tools-for-stm32.9-2020-q2-update.win32_1.5.0.202011040924/tools/bin/../lib/gcc/arm-none-eabi/9.3.1/../../../../arm-none-eabi/lib/thumb/v7e-m+fp/hard\libc_nano.a(lib_a-findfp.o)
                0x00000000080066ac                __sinit
 .text.__sfp    0x000000000800671c       0x8c c:/st/stm32cubeide_1.6.1/stm32cubeide/plugins/com.st.stm32cube.ide.mcu.externaltools.gnu-tools-for-stm32.9-2020-q2-update.win32_1.5.0.202011040924/tools/bin/../lib/gcc/arm-none-eabi/9.3.1/../../../../arm-none-eabi/lib/thumb/v7e-m+fp/hard\libc_nano.a(lib_a-findfp.o)
                0x000000000800671c                __sfp
 .text._fwalk_reent
                0x00000000080067a8       0x3e c:/st/stm32cubeide_1.6.1/stm32cubeide/plugins/com.st.stm32cube.ide.mcu.externaltools.gnu-tools-for-stm32.9-2020-q2-update.win32_1.5.0.202011040924/tools/bin/../lib/gcc/arm-none-eabi/9.3.1/../../../../arm-none-eabi/lib/thumb/v7e-m+fp/hard\libc_nano.a(lib_a-fwalk.o)
                0x00000000080067a8                _fwalk_reent
 *fill*         0x00000000080067e6        0x2 
 .text._localeconv_r
                0x00000000080067e8        0x8 c:/st/stm32cubeide_1.6.1/stm32cubeide/plugins/com.st.stm32cube.ide.mcu.externaltools.gnu-tools-for-stm32.9-2020-q2-update.win32_1.5.0.202011040924/tools/bin/../lib/gcc/arm-none-eabi/9.3.1/../../../../arm-none-eabi/lib/thumb/v7e-m+fp/hard\libc_nano.a(lib_a-localeconv.o)
                0x00000000080067e8                _localeconv_r
 .text.__retarget_lock_init_recursive
                0x00000000080067f0        0x2 c:/st/stm32cubeide_1.6.1/stm32cubeide/plugins/com.st.stm32cube.ide.mcu.externaltools.gnu-tools-for-stm32.9-2020-q2-update.win32_1.5.0.202011040924/tools/bin/../lib/gcc/arm-none-eabi/9.3.1/../../../../arm-none-eabi/lib/thumb/v7e-m+fp/hard\libc_nano.a(lib_a-lock.o)
                0x00000000080067f0                __retarget_lock_init_recursive
 .text.__retarget_lock_acquire_recursive
                0x00000000080067f2        0x2 c:/st/stm32cubeide_1.6.1/stm32cubeide/plugins/com.st.stm32cube.ide.mcu.externaltools.gnu-tools-for-stm32.9-2020-q2-update.win32_1.5.0.202011040924/tools/bin/../lib/gcc/arm-none-eabi/9.3.1/../../../../arm-none-eabi/lib/thumb/v7e-m+fp/hard\libc_nano.a(lib_a-lock.o)
                0x00000000080067f2                __retarget_lock_acquire_recursive
 .text.__retarget_lock_release_recursive
                0x00000000080067f4        0x2 c:/st/stm32cubeide_1.6.1/stm32cubeide/plugins/com.st.stm32cube.ide.mcu.externaltools.gnu-tools-for-stm32.9-2020-q2-update.win32_1.5.0.202011040924/tools/bin/../lib/gcc/arm-none-eabi/9.3.1/../../../../arm-none-eabi/lib/thumb/v7e-m+fp/hard\libc_nano.a(lib_a-lock.o)
                0x00000000080067f4                __retarget_lock_release_recursive
 .text.__swhatbuf_r
                0x00000000080067f6       0x48 c:/st/stm32cubeide_1.6.1/stm32cubeide/plugins/com.st.stm32cube.ide.mcu.externaltools.gnu-tools-for-stm32.9-2020-q2-update.win32_1.5.0.202011040924/tools/bin/../lib/gcc/arm-none-eabi/9.3.1/../../../../arm-none-eabi/lib/thumb/v7e-m+fp/hard\libc_nano.a(lib_a-makebuf.o)
                0x00000000080067f6                __swhatbuf_r
 *fill*         0x000000000800683e        0x2 
 .text.__smakebuf_r
                0x0000000008006840       0x80 c:/st/stm32cubeide_1.6.1/stm32cubeide/plugins/com.st.stm32cube.ide.mcu.externaltools.gnu-tools-for-stm32.9-2020-q2-update.win32_1.5.0.202011040924/tools/bin/../lib/gcc/arm-none-eabi/9.3.1/../../../../arm-none-eabi/lib/thumb/v7e-m+fp/hard\libc_nano.a(lib_a-makebuf.o)
                0x0000000008006840                __smakebuf_r
 .text.malloc   0x00000000080068c0       0x10 c:/st/stm32cubeide_1.6.1/stm32cubeide/plugins/com.st.stm32cube.ide.mcu.externaltools.gnu-tools-for-stm32.9-2020-q2-update.win32_1.5.0.202011040924/tools/bin/../lib/gcc/arm-none-eabi/9.3.1/../../../../arm-none-eabi/lib/thumb/v7e-m+fp/hard\libc_nano.a(lib_a-malloc.o)
                0x00000000080068c0                malloc
 .text._Balloc  0x00000000080068d0       0x80 c:/st/stm32cubeide_1.6.1/stm32cubeide/plugins/com.st.stm32cube.ide.mcu.externaltools.gnu-tools-for-stm32.9-2020-q2-update.win32_1.5.0.202011040924/tools/bin/../lib/gcc/arm-none-eabi/9.3.1/../../../../arm-none-eabi/lib/thumb/v7e-m+fp/hard\libc_nano.a(lib_a-mprec.o)
                0x00000000080068d0                _Balloc
 .text._Bfree   0x0000000008006950       0x44 c:/st/stm32cubeide_1.6.1/stm32cubeide/plugins/com.st.stm32cube.ide.mcu.externaltools.gnu-tools-for-stm32.9-2020-q2-update.win32_1.5.0.202011040924/tools/bin/../lib/gcc/arm-none-eabi/9.3.1/../../../../arm-none-eabi/lib/thumb/v7e-m+fp/hard\libc_nano.a(lib_a-mprec.o)
                0x0000000008006950                _Bfree
 .text.__multadd
                0x0000000008006994       0x94 c:/st/stm32cubeide_1.6.1/stm32cubeide/plugins/com.st.stm32cube.ide.mcu.externaltools.gnu-tools-for-stm32.9-2020-q2-update.win32_1.5.0.202011040924/tools/bin/../lib/gcc/arm-none-eabi/9.3.1/../../../../arm-none-eabi/lib/thumb/v7e-m+fp/hard\libc_nano.a(lib_a-mprec.o)
                0x0000000008006994                __multadd
 .text.__hi0bits
                0x0000000008006a28       0x40 c:/st/stm32cubeide_1.6.1/stm32cubeide/plugins/com.st.stm32cube.ide.mcu.externaltools.gnu-tools-for-stm32.9-2020-q2-update.win32_1.5.0.202011040924/tools/bin/../lib/gcc/arm-none-eabi/9.3.1/../../../../arm-none-eabi/lib/thumb/v7e-m+fp/hard\libc_nano.a(lib_a-mprec.o)
                0x0000000008006a28                __hi0bits
 .text.__lo0bits
                0x0000000008006a68       0x60 c:/st/stm32cubeide_1.6.1/stm32cubeide/plugins/com.st.stm32cube.ide.mcu.externaltools.gnu-tools-for-stm32.9-2020-q2-update.win32_1.5.0.202011040924/tools/bin/../lib/gcc/arm-none-eabi/9.3.1/../../../../arm-none-eabi/lib/thumb/v7e-m+fp/hard\libc_nano.a(lib_a-mprec.o)
                0x0000000008006a68                __lo0bits
 .text.__i2b    0x0000000008006ac8       0x2c c:/st/stm32cubeide_1.6.1/stm32cubeide/plugins/com.st.stm32cube.ide.mcu.externaltools.gnu-tools-for-stm32.9-2020-q2-update.win32_1.5.0.202011040924/tools/bin/../lib/gcc/arm-none-eabi/9.3.1/../../../../arm-none-eabi/lib/thumb/v7e-m+fp/hard\libc_nano.a(lib_a-mprec.o)
                0x0000000008006ac8                __i2b
 .text.__multiply
                0x0000000008006af4      0x14c c:/st/stm32cubeide_1.6.1/stm32cubeide/plugins/com.st.stm32cube.ide.mcu.externaltools.gnu-tools-for-stm32.9-2020-q2-update.win32_1.5.0.202011040924/tools/bin/../lib/gcc/arm-none-eabi/9.3.1/../../../../arm-none-eabi/lib/thumb/v7e-m+fp/hard\libc_nano.a(lib_a-mprec.o)
                0x0000000008006af4                __multiply
 .text.__pow5mult
                0x0000000008006c40       0xb4 c:/st/stm32cubeide_1.6.1/stm32cubeide/plugins/com.st.stm32cube.ide.mcu.externaltools.gnu-tools-for-stm32.9-2020-q2-update.win32_1.5.0.202011040924/tools/bin/../lib/gcc/arm-none-eabi/9.3.1/../../../../arm-none-eabi/lib/thumb/v7e-m+fp/hard\libc_nano.a(lib_a-mprec.o)
                0x0000000008006c40                __pow5mult
 .text.__lshift
                0x0000000008006cf4       0xd8 c:/st/stm32cubeide_1.6.1/stm32cubeide/plugins/com.st.stm32cube.ide.mcu.externaltools.gnu-tools-for-stm32.9-2020-q2-update.win32_1.5.0.202011040924/tools/bin/../lib/gcc/arm-none-eabi/9.3.1/../../../../arm-none-eabi/lib/thumb/v7e-m+fp/hard\libc_nano.a(lib_a-mprec.o)
                0x0000000008006cf4                __lshift
 .text.__mcmp   0x0000000008006dcc       0x38 c:/st/stm32cubeide_1.6.1/stm32cubeide/plugins/com.st.stm32cube.ide.mcu.externaltools.gnu-tools-for-stm32.9-2020-q2-update.win32_1.5.0.202011040924/tools/bin/../lib/gcc/arm-none-eabi/9.3.1/../../../../arm-none-eabi/lib/thumb/v7e-m+fp/hard\libc_nano.a(lib_a-mprec.o)
                0x0000000008006dcc                __mcmp
 .text.__mdiff  0x0000000008006e04      0x110 c:/st/stm32cubeide_1.6.1/stm32cubeide/plugins/com.st.stm32cube.ide.mcu.externaltools.gnu-tools-for-stm32.9-2020-q2-update.win32_1.5.0.202011040924/tools/bin/../lib/gcc/arm-none-eabi/9.3.1/../../../../arm-none-eabi/lib/thumb/v7e-m+fp/hard\libc_nano.a(lib_a-mprec.o)
                0x0000000008006e04                __mdiff
 .text.__d2b    0x0000000008006f14       0xb8 c:/st/stm32cubeide_1.6.1/stm32cubeide/plugins/com.st.stm32cube.ide.mcu.externaltools.gnu-tools-for-stm32.9-2020-q2-update.win32_1.5.0.202011040924/tools/bin/../lib/gcc/arm-none-eabi/9.3.1/../../../../arm-none-eabi/lib/thumb/v7e-m+fp/hard\libc_nano.a(lib_a-mprec.o)
                0x0000000008006f14                __d2b
 .text._calloc_r
                0x0000000008006fcc       0x1e c:/st/stm32cubeide_1.6.1/stm32cubeide/plugins/com.st.stm32cube.ide.mcu.externaltools.gnu-tools-for-stm32.9-2020-q2-update.win32_1.5.0.202011040924/tools/bin/../lib/gcc/arm-none-eabi/9.3.1/../../../../arm-none-eabi/lib/thumb/v7e-m+fp/hard\libc_nano.a(lib_a-nano-callocr.o)
                0x0000000008006fcc                _calloc_r
 *fill*         0x0000000008006fea        0x2 
 .text._free_r  0x0000000008006fec       0xa0 c:/st/stm32cubeide_1.6.1/stm32cubeide/plugins/com.st.stm32cube.ide.mcu.externaltools.gnu-tools-for-stm32.9-2020-q2-update.win32_1.5.0.202011040924/tools/bin/../lib/gcc/arm-none-eabi/9.3.1/../../../../arm-none-eabi/lib/thumb/v7e-m+fp/hard\libc_nano.a(lib_a-nano-freer.o)
                0x0000000008006fec                _free_r
 .text._malloc_r
                0x000000000800708c       0xb4 c:/st/stm32cubeide_1.6.1/stm32cubeide/plugins/com.st.stm32cube.ide.mcu.externaltools.gnu-tools-for-stm32.9-2020-q2-update.win32_1.5.0.202011040924/tools/bin/../lib/gcc/arm-none-eabi/9.3.1/../../../../arm-none-eabi/lib/thumb/v7e-m+fp/hard\libc_nano.a(lib_a-nano-mallocr.o)
                0x000000000800708c                _malloc_r
 .text.__sfputc_r
                0x0000000008007140       0x2e c:/st/stm32cubeide_1.6.1/stm32cubeide/plugins/com.st.stm32cube.ide.mcu.externaltools.gnu-tools-for-stm32.9-2020-q2-update.win32_1.5.0.202011040924/tools/bin/../lib/gcc/arm-none-eabi/9.3.1/../../../../arm-none-eabi/lib/thumb/v7e-m+fp/hard\libc_nano.a(lib_a-nano-vfprintf.o)
 .text.__sfputs_r
                0x000000000800716e       0x24 c:/st/stm32cubeide_1.6.1/stm32cubeide/plugins/com.st.stm32cube.ide.mcu.externaltools.gnu-tools-for-stm32.9-2020-q2-update.win32_1.5.0.202011040924/tools/bin/../lib/gcc/arm-none-eabi/9.3.1/../../../../arm-none-eabi/lib/thumb/v7e-m+fp/hard\libc_nano.a(lib_a-nano-vfprintf.o)
                0x000000000800716e                __sfputs_r
 *fill*         0x0000000008007192        0x2 
 .text._vfprintf_r
                0x0000000008007194      0x260 c:/st/stm32cubeide_1.6.1/stm32cubeide/plugins/com.st.stm32cube.ide.mcu.externaltools.gnu-tools-for-stm32.9-2020-q2-update.win32_1.5.0.202011040924/tools/bin/../lib/gcc/arm-none-eabi/9.3.1/../../../../arm-none-eabi/lib/thumb/v7e-m+fp/hard\libc_nano.a(lib_a-nano-vfprintf.o)
                0x0000000008007194                _vfprintf_r
                0x0000000008007194                _vfiprintf_r
 .text._putc_r  0x00000000080073f4       0x90 c:/st/stm32cubeide_1.6.1/stm32cubeide/plugins/com.st.stm32cube.ide.mcu.externaltools.gnu-tools-for-stm32.9-2020-q2-update.win32_1.5.0.202011040924/tools/bin/../lib/gcc/arm-none-eabi/9.3.1/../../../../arm-none-eabi/lib/thumb/v7e-m+fp/hard\libc_nano.a(lib_a-putc.o)
                0x00000000080073f4                _putc_r
 .text._sbrk_r  0x0000000008007484       0x20 c:/st/stm32cubeide_1.6.1/stm32cubeide/plugins/com.st.stm32cube.ide.mcu.externaltools.gnu-tools-for-stm32.9-2020-q2-update.win32_1.5.0.202011040924/tools/bin/../lib/gcc/arm-none-eabi/9.3.1/../../../../arm-none-eabi/lib/thumb/v7e-m+fp/hard\libc_nano.a(lib_a-sbrkr.o)
                0x0000000008007484                _sbrk_r
 .text.__sread  0x00000000080074a4       0x22 c:/st/stm32cubeide_1.6.1/stm32cubeide/plugins/com.st.stm32cube.ide.mcu.externaltools.gnu-tools-for-stm32.9-2020-q2-update.win32_1.5.0.202011040924/tools/bin/../lib/gcc/arm-none-eabi/9.3.1/../../../../arm-none-eabi/lib/thumb/v7e-m+fp/hard\libc_nano.a(lib_a-stdio.o)
                0x00000000080074a4                __sread
 .text.__swrite
                0x00000000080074c6       0x38 c:/st/stm32cubeide_1.6.1/stm32cubeide/plugins/com.st.stm32cube.ide.mcu.externaltools.gnu-tools-for-stm32.9-2020-q2-update.win32_1.5.0.202011040924/tools/bin/../lib/gcc/arm-none-eabi/9.3.1/../../../../arm-none-eabi/lib/thumb/v7e-m+fp/hard\libc_nano.a(lib_a-stdio.o)
                0x00000000080074c6                __swrite
 .text.__sseek  0x00000000080074fe       0x24 c:/st/stm32cubeide_1.6.1/stm32cubeide/plugins/com.st.stm32cube.ide.mcu.externaltools.gnu-tools-for-stm32.9-2020-q2-update.win32_1.5.0.202011040924/tools/bin/../lib/gcc/arm-none-eabi/9.3.1/../../../../arm-none-eabi/lib/thumb/v7e-m+fp/hard\libc_nano.a(lib_a-stdio.o)
                0x00000000080074fe                __sseek
 .text.__sclose
                0x0000000008007522        0x8 c:/st/stm32cubeide_1.6.1/stm32cubeide/plugins/com.st.stm32cube.ide.mcu.externaltools.gnu-tools-for-stm32.9-2020-q2-update.win32_1.5.0.202011040924/tools/bin/../lib/gcc/arm-none-eabi/9.3.1/../../../../arm-none-eabi/lib/thumb/v7e-m+fp/hard\libc_nano.a(lib_a-stdio.o)
                0x0000000008007522                __sclose
 *fill*         0x000000000800752a        0x2 
 .text._write_r
                0x000000000800752c       0x24 c:/st/stm32cubeide_1.6.1/stm32cubeide/plugins/com.st.stm32cube.ide.mcu.externaltools.gnu-tools-for-stm32.9-2020-q2-update.win32_1.5.0.202011040924/tools/bin/../lib/gcc/arm-none-eabi/9.3.1/../../../../arm-none-eabi/lib/thumb/v7e-m+fp/hard\libc_nano.a(lib_a-writer.o)
                0x000000000800752c                _write_r
 .text.__assert_func
                0x0000000008007550       0x3c c:/st/stm32cubeide_1.6.1/stm32cubeide/plugins/com.st.stm32cube.ide.mcu.externaltools.gnu-tools-for-stm32.9-2020-q2-update.win32_1.5.0.202011040924/tools/bin/../lib/gcc/arm-none-eabi/9.3.1/../../../../arm-none-eabi/lib/thumb/v7e-m+fp/hard\libc_nano.a(lib_a-assert.o)
                0x0000000008007550                __assert_func
 .text._close_r
                0x000000000800758c       0x20 c:/st/stm32cubeide_1.6.1/stm32cubeide/plugins/com.st.stm32cube.ide.mcu.externaltools.gnu-tools-for-stm32.9-2020-q2-update.win32_1.5.0.202011040924/tools/bin/../lib/gcc/arm-none-eabi/9.3.1/../../../../arm-none-eabi/lib/thumb/v7e-m+fp/hard\libc_nano.a(lib_a-closer.o)
                0x000000000800758c                _close_r
 .text.fprintf  0x00000000080075ac       0x24 c:/st/stm32cubeide_1.6.1/stm32cubeide/plugins/com.st.stm32cube.ide.mcu.externaltools.gnu-tools-for-stm32.9-2020-q2-update.win32_1.5.0.202011040924/tools/bin/../lib/gcc/arm-none-eabi/9.3.1/../../../../arm-none-eabi/lib/thumb/v7e-m+fp/hard\libc_nano.a(lib_a-fprintf.o)
                0x00000000080075ac                fiprintf
                0x00000000080075ac                fprintf
 .text._fstat_r
                0x00000000080075d0       0x24 c:/st/stm32cubeide_1.6.1/stm32cubeide/plugins/com.st.stm32cube.ide.mcu.externaltools.gnu-tools-for-stm32.9-2020-q2-update.win32_1.5.0.202011040924/tools/bin/../lib/gcc/arm-none-eabi/9.3.1/../../../../arm-none-eabi/lib/thumb/v7e-m+fp/hard\libc_nano.a(lib_a-fstatr.o)
                0x00000000080075d0                _fstat_r
 .text._isatty_r
                0x00000000080075f4       0x20 c:/st/stm32cubeide_1.6.1/stm32cubeide/plugins/com.st.stm32cube.ide.mcu.externaltools.gnu-tools-for-stm32.9-2020-q2-update.win32_1.5.0.202011040924/tools/bin/../lib/gcc/arm-none-eabi/9.3.1/../../../../arm-none-eabi/lib/thumb/v7e-m+fp/hard\libc_nano.a(lib_a-isattyr.o)
                0x00000000080075f4                _isatty_r
 .text._lseek_r
                0x0000000008007614       0x24 c:/st/stm32cubeide_1.6.1/stm32cubeide/plugins/com.st.stm32cube.ide.mcu.externaltools.gnu-tools-for-stm32.9-2020-q2-update.win32_1.5.0.202011040924/tools/bin/../lib/gcc/arm-none-eabi/9.3.1/../../../../arm-none-eabi/lib/thumb/v7e-m+fp/hard\libc_nano.a(lib_a-lseekr.o)
                0x0000000008007614                _lseek_r
 .text.__ascii_mbtowc
                0x0000000008007638       0x24 c:/st/stm32cubeide_1.6.1/stm32cubeide/plugins/com.st.stm32cube.ide.mcu.externaltools.gnu-tools-for-stm32.9-2020-q2-update.win32_1.5.0.202011040924/tools/bin/../lib/gcc/arm-none-eabi/9.3.1/../../../../arm-none-eabi/lib/thumb/v7e-m+fp/hard\libc_nano.a(lib_a-mbtowc_r.o)
                0x0000000008007638                __ascii_mbtowc
 .text.__malloc_lock
                0x000000000800765c        0xc c:/st/stm32cubeide_1.6.1/stm32cubeide/plugins/com.st.stm32cube.ide.mcu.externaltools.gnu-tools-for-stm32.9-2020-q2-update.win32_1.5.0.202011040924/tools/bin/../lib/gcc/arm-none-eabi/9.3.1/../../../../arm-none-eabi/lib/thumb/v7e-m+fp/hard\libc_nano.a(lib_a-mlock.o)
                0x000000000800765c                __malloc_lock
 .text.__malloc_unlock
                0x0000000008007668        0xc c:/st/stm32cubeide_1.6.1/stm32cubeide/plugins/com.st.stm32cube.ide.mcu.externaltools.gnu-tools-for-stm32.9-2020-q2-update.win32_1.5.0.202011040924/tools/bin/../lib/gcc/arm-none-eabi/9.3.1/../../../../arm-none-eabi/lib/thumb/v7e-m+fp/hard\libc_nano.a(lib_a-mlock.o)
                0x0000000008007668                __malloc_unlock
 .text._read_r  0x0000000008007674       0x24 c:/st/stm32cubeide_1.6.1/stm32cubeide/plugins/com.st.stm32cube.ide.mcu.externaltools.gnu-tools-for-stm32.9-2020-q2-update.win32_1.5.0.202011040924/tools/bin/../lib/gcc/arm-none-eabi/9.3.1/../../../../arm-none-eabi/lib/thumb/v7e-m+fp/hard\libc_nano.a(lib_a-readr.o)
                0x0000000008007674                _read_r
 .text.__ascii_wctomb
                0x0000000008007698       0x1a c:/st/stm32cubeide_1.6.1/stm32cubeide/plugins/com.st.stm32cube.ide.mcu.externaltools.gnu-tools-for-stm32.9-2020-q2-update.win32_1.5.0.202011040924/tools/bin/../lib/gcc/arm-none-eabi/9.3.1/../../../../arm-none-eabi/lib/thumb/v7e-m+fp/hard\libc_nano.a(lib_a-wctomb_r.o)
                0x0000000008007698                __ascii_wctomb
 .text.abort    0x00000000080076b2        0xe c:/st/stm32cubeide_1.6.1/stm32cubeide/plugins/com.st.stm32cube.ide.mcu.externaltools.gnu-tools-for-stm32.9-2020-q2-update.win32_1.5.0.202011040924/tools/bin/../lib/gcc/arm-none-eabi/9.3.1/../../../../arm-none-eabi/lib/thumb/v7e-m+fp/hard\libc_nano.a(lib_a-abort.o)
                0x00000000080076b2                abort
 .text._raise_r
                0x00000000080076c0       0x50 c:/st/stm32cubeide_1.6.1/stm32cubeide/plugins/com.st.stm32cube.ide.mcu.externaltools.gnu-tools-for-stm32.9-2020-q2-update.win32_1.5.0.202011040924/tools/bin/../lib/gcc/arm-none-eabi/9.3.1/../../../../arm-none-eabi/lib/thumb/v7e-m+fp/hard\libc_nano.a(lib_a-signal.o)
                0x00000000080076c0                _raise_r
 .text.raise    0x0000000008007710       0x10 c:/st/stm32cubeide_1.6.1/stm32cubeide/plugins/com.st.stm32cube.ide.mcu.externaltools.gnu-tools-for-stm32.9-2020-q2-update.win32_1.5.0.202011040924/tools/bin/../lib/gcc/arm-none-eabi/9.3.1/../../../../arm-none-eabi/lib/thumb/v7e-m+fp/hard\libc_nano.a(lib_a-signal.o)
                0x0000000008007710                raise
 .text._kill_r  0x0000000008007720       0x24 c:/st/stm32cubeide_1.6.1/stm32cubeide/plugins/com.st.stm32cube.ide.mcu.externaltools.gnu-tools-for-stm32.9-2020-q2-update.win32_1.5.0.202011040924/tools/bin/../lib/gcc/arm-none-eabi/9.3.1/../../../../arm-none-eabi/lib/thumb/v7e-m+fp/hard\libc_nano.a(lib_a-signalr.o)
                0x0000000008007720                _kill_r
 .text._getpid_r
                0x0000000008007744        0x4 c:/st/stm32cubeide_1.6.1/stm32cubeide/plugins/com.st.stm32cube.ide.mcu.externaltools.gnu-tools-for-stm32.9-2020-q2-update.win32_1.5.0.202011040924/tools/bin/../lib/gcc/arm-none-eabi/9.3.1/../../../../arm-none-eabi/lib/thumb/v7e-m+fp/hard\libc_nano.a(lib_a-signalr.o)
                0x0000000008007744                _getpid_r
 *(.glue_7)
 .glue_7        0x0000000008007748        0x0 linker stubs
 *(.glue_7t)
 .glue_7t       0x0000000008007748        0x0 linker stubs
 *(.eh_frame)
 .eh_frame      0x0000000008007748        0x0 c:/st/stm32cubeide_1.6.1/stm32cubeide/plugins/com.st.stm32cube.ide.mcu.externaltools.gnu-tools-for-stm32.9-2020-q2-update.win32_1.5.0.202011040924/tools/bin/../lib/gcc/arm-none-eabi/9.3.1/thumb/v7e-m+fp/hard/crtbegin.o
 *(.init)
 .init          0x0000000008007748        0x4 c:/st/stm32cubeide_1.6.1/stm32cubeide/plugins/com.st.stm32cube.ide.mcu.externaltools.gnu-tools-for-stm32.9-2020-q2-update.win32_1.5.0.202011040924/tools/bin/../lib/gcc/arm-none-eabi/9.3.1/thumb/v7e-m+fp/hard/crti.o
                0x0000000008007748                _init
 .init          0x000000000800774c        0x8 c:/st/stm32cubeide_1.6.1/stm32cubeide/plugins/com.st.stm32cube.ide.mcu.externaltools.gnu-tools-for-stm32.9-2020-q2-update.win32_1.5.0.202011040924/tools/bin/../lib/gcc/arm-none-eabi/9.3.1/thumb/v7e-m+fp/hard/crtn.o
 *(.fini)
 .fini          0x0000000008007754        0x4 c:/st/stm32cubeide_1.6.1/stm32cubeide/plugins/com.st.stm32cube.ide.mcu.externaltools.gnu-tools-for-stm32.9-2020-q2-update.win32_1.5.0.202011040924/tools/bin/../lib/gcc/arm-none-eabi/9.3.1/thumb/v7e-m+fp/hard/crti.o
                0x0000000008007754                _fini
 .fini          0x0000000008007758        0x8 c:/st/stm32cubeide_1.6.1/stm32cubeide/plugins/com.st.stm32cube.ide.mcu.externaltools.gnu-tools-for-stm32.9-2020-q2-update.win32_1.5.0.202011040924/tools/bin/../lib/gcc/arm-none-eabi/9.3.1/thumb/v7e-m+fp/hard/crtn.o
                0x0000000008007760                . = ALIGN (0x4)
                0x0000000008007760                _etext = .

.vfp11_veneer   0x0000000008007760        0x0
 .vfp11_veneer  0x0000000008007760        0x0 linker stubs

.v4_bx          0x0000000008007760        0x0
 .v4_bx         0x0000000008007760        0x0 linker stubs

.iplt           0x0000000008007760        0x0
 .iplt          0x0000000008007760        0x0 c:/st/stm32cubeide_1.6.1/stm32cubeide/plugins/com.st.stm32cube.ide.mcu.externaltools.gnu-tools-for-stm32.9-2020-q2-update.win32_1.5.0.202011040924/tools/bin/../lib/gcc/arm-none-eabi/9.3.1/thumb/v7e-m+fp/hard/crtbegin.o

.rodata         0x0000000008007760      0x504
                0x0000000008007760                . = ALIGN (0x4)
 *(.rodata)
 .rodata        0x0000000008007760        0x8 Core/Src/App/master.o
 *(.rodata*)
 .rodata.OV9712_regs
                0x0000000008007768       0x1c Core/Src/App/OV9712/OV9712.o
 .rodata.SystemError.str1.4
                0x0000000008007784       0x20 Core/Src/App/master.o
 .rodata.SetStateSystem.str1.4
                0x00000000080077a4        0xc Core/Src/UniSM/system.o
 .rodata.str1.4
                0x00000000080077b0       0x6c Core/Src/UniSM/system.o
 .rodata.system_state_enum_strings
                0x000000000800781c       0x24 Core/Src/UniSM/system.o
 .rodata.AHBPrescTable
                0x0000000008007840       0x10 Core/Src/system_stm32g4xx.o
                0x0000000008007840                AHBPrescTable
 .rodata.APBPrescTable
                0x0000000008007850        0x8 Core/Src/system_stm32g4xx.o
                0x0000000008007850                APBPrescTable
 .rodata.UARTPrescTable
                0x0000000008007858       0x18 Drivers/STM32G4xx_HAL_Driver/Src/stm32g4xx_hal_uart.o
                0x0000000008007858                UARTPrescTable
 .rodata.denominator.8924
                0x0000000008007870        0x8 Drivers/STM32G4xx_HAL_Driver/Src/stm32g4xx_hal_uart_ex.o
 .rodata.numerator.8923
                0x0000000008007878        0x8 Drivers/STM32G4xx_HAL_Driver/Src/stm32g4xx_hal_uart_ex.o
 .rodata._global_impure_ptr
                0x0000000008007880        0x4 c:/st/stm32cubeide_1.6.1/stm32cubeide/plugins/com.st.stm32cube.ide.mcu.externaltools.gnu-tools-for-stm32.9-2020-q2-update.win32_1.5.0.202011040924/tools/bin/../lib/gcc/arm-none-eabi/9.3.1/../../../../arm-none-eabi/lib/thumb/v7e-m+fp/hard\libc_nano.a(lib_a-impure.o)
                0x0000000008007880                _global_impure_ptr
 .rodata._printf_float.str1.1
                0x0000000008007884       0x12 c:/st/stm32cubeide_1.6.1/stm32cubeide/plugins/com.st.stm32cube.ide.mcu.externaltools.gnu-tools-for-stm32.9-2020-q2-update.win32_1.5.0.202011040924/tools/bin/../lib/gcc/arm-none-eabi/9.3.1/../../../../arm-none-eabi/lib/thumb/v7e-m+fp/hard\libc_nano.a(lib_a-nano-vfprintf_float.o)
 .rodata._printf_i.str1.1
                0x0000000008007896       0x22 c:/st/stm32cubeide_1.6.1/stm32cubeide/plugins/com.st.stm32cube.ide.mcu.externaltools.gnu-tools-for-stm32.9-2020-q2-update.win32_1.5.0.202011040924/tools/bin/../lib/gcc/arm-none-eabi/9.3.1/../../../../arm-none-eabi/lib/thumb/v7e-m+fp/hard\libc_nano.a(lib_a-nano-vfprintf_i.o)
 .rodata._dtoa_r.str1.1
                0x00000000080078b8       0x94 c:/st/stm32cubeide_1.6.1/stm32cubeide/plugins/com.st.stm32cube.ide.mcu.externaltools.gnu-tools-for-stm32.9-2020-q2-update.win32_1.5.0.202011040924/tools/bin/../lib/gcc/arm-none-eabi/9.3.1/../../../../arm-none-eabi/lib/thumb/v7e-m+fp/hard\libc_nano.a(lib_a-dtoa.o)
                                         0x96 (size before relaxing)
 .rodata.__sf_fake_stderr
                0x000000000800794c       0x20 c:/st/stm32cubeide_1.6.1/stm32cubeide/plugins/com.st.stm32cube.ide.mcu.externaltools.gnu-tools-for-stm32.9-2020-q2-update.win32_1.5.0.202011040924/tools/bin/../lib/gcc/arm-none-eabi/9.3.1/../../../../arm-none-eabi/lib/thumb/v7e-m+fp/hard\libc_nano.a(lib_a-findfp.o)
                0x000000000800794c                __sf_fake_stderr
 .rodata.__sf_fake_stdin
                0x000000000800796c       0x20 c:/st/stm32cubeide_1.6.1/stm32cubeide/plugins/com.st.stm32cube.ide.mcu.externaltools.gnu-tools-for-stm32.9-2020-q2-update.win32_1.5.0.202011040924/tools/bin/../lib/gcc/arm-none-eabi/9.3.1/../../../../arm-none-eabi/lib/thumb/v7e-m+fp/hard\libc_nano.a(lib_a-findfp.o)
                0x000000000800796c                __sf_fake_stdin
 .rodata.__sf_fake_stdout
                0x000000000800798c       0x20 c:/st/stm32cubeide_1.6.1/stm32cubeide/plugins/com.st.stm32cube.ide.mcu.externaltools.gnu-tools-for-stm32.9-2020-q2-update.win32_1.5.0.202011040924/tools/bin/../lib/gcc/arm-none-eabi/9.3.1/../../../../arm-none-eabi/lib/thumb/v7e-m+fp/hard\libc_nano.a(lib_a-findfp.o)
                0x000000000800798c                __sf_fake_stdout
 .rodata._Balloc.str1.1
                0x00000000080079ac       0x60 c:/st/stm32cubeide_1.6.1/stm32cubeide/plugins/com.st.stm32cube.ide.mcu.externaltools.gnu-tools-for-stm32.9-2020-q2-update.win32_1.5.0.202011040924/tools/bin/../lib/gcc/arm-none-eabi/9.3.1/../../../../arm-none-eabi/lib/thumb/v7e-m+fp/hard\libc_nano.a(lib_a-mprec.o)
                                         0x77 (size before relaxing)
 .rodata.__multadd.str1.1
                0x0000000008007a0c       0x11 c:/st/stm32cubeide_1.6.1/stm32cubeide/plugins/com.st.stm32cube.ide.mcu.externaltools.gnu-tools-for-stm32.9-2020-q2-update.win32_1.5.0.202011040924/tools/bin/../lib/gcc/arm-none-eabi/9.3.1/../../../../arm-none-eabi/lib/thumb/v7e-m+fp/hard\libc_nano.a(lib_a-mprec.o)
 *fill*         0x0000000008007a0c        0x4 
 .rodata.__mprec_bigtens
                0x0000000008007a10       0x28 c:/st/stm32cubeide_1.6.1/stm32cubeide/plugins/com.st.stm32cube.ide.mcu.externaltools.gnu-tools-for-stm32.9-2020-q2-update.win32_1.5.0.202011040924/tools/bin/../lib/gcc/arm-none-eabi/9.3.1/../../../../arm-none-eabi/lib/thumb/v7e-m+fp/hard\libc_nano.a(lib_a-mprec.o)
                0x0000000008007a10                __mprec_bigtens
 .rodata.__mprec_tens
                0x0000000008007a38       0xc8 c:/st/stm32cubeide_1.6.1/stm32cubeide/plugins/com.st.stm32cube.ide.mcu.externaltools.gnu-tools-for-stm32.9-2020-q2-update.win32_1.5.0.202011040924/tools/bin/../lib/gcc/arm-none-eabi/9.3.1/../../../../arm-none-eabi/lib/thumb/v7e-m+fp/hard\libc_nano.a(lib_a-mprec.o)
                0x0000000008007a38                __mprec_tens
 .rodata.p05.7513
                0x0000000008007b00        0xc c:/st/stm32cubeide_1.6.1/stm32cubeide/plugins/com.st.stm32cube.ide.mcu.externaltools.gnu-tools-for-stm32.9-2020-q2-update.win32_1.5.0.202011040924/tools/bin/../lib/gcc/arm-none-eabi/9.3.1/../../../../arm-none-eabi/lib/thumb/v7e-m+fp/hard\libc_nano.a(lib_a-mprec.o)
 .rodata._vfprintf_r.str1.1
                0x0000000008007b0c       0x11 c:/st/stm32cubeide_1.6.1/stm32cubeide/plugins/com.st.stm32cube.ide.mcu.externaltools.gnu-tools-for-stm32.9-2020-q2-update.win32_1.5.0.202011040924/tools/bin/../lib/gcc/arm-none-eabi/9.3.1/../../../../arm-none-eabi/lib/thumb/v7e-m+fp/hard\libc_nano.a(lib_a-nano-vfprintf.o)
 .rodata.__assert_func.str1.1
                0x0000000008007b1d       0x3c c:/st/stm32cubeide_1.6.1/stm32cubeide/plugins/com.st.stm32cube.ide.mcu.externaltools.gnu-tools-for-stm32.9-2020-q2-update.win32_1.5.0.202011040924/tools/bin/../lib/gcc/arm-none-eabi/9.3.1/../../../../arm-none-eabi/lib/thumb/v7e-m+fp/hard\libc_nano.a(lib_a-assert.o)
                                         0x3d (size before relaxing)
 .rodata._setlocale_r.str1.1
                0x0000000008007b59        0x8 c:/st/stm32cubeide_1.6.1/stm32cubeide/plugins/com.st.stm32cube.ide.mcu.externaltools.gnu-tools-for-stm32.9-2020-q2-update.win32_1.5.0.202011040924/tools/bin/../lib/gcc/arm-none-eabi/9.3.1/../../../../arm-none-eabi/lib/thumb/v7e-m+fp/hard\libc_nano.a(lib_a-locale.o)
                                          0x9 (size before relaxing)
 .rodata.str1.1
                0x0000000008007b61        0x2 c:/st/stm32cubeide_1.6.1/stm32cubeide/plugins/com.st.stm32cube.ide.mcu.externaltools.gnu-tools-for-stm32.9-2020-q2-update.win32_1.5.0.202011040924/tools/bin/../lib/gcc/arm-none-eabi/9.3.1/../../../../arm-none-eabi/lib/thumb/v7e-m+fp/hard\libc_nano.a(lib_a-locale.o)
 .rodata._ctype_
                0x0000000008007b63      0x101 c:/st/stm32cubeide_1.6.1/stm32cubeide/plugins/com.st.stm32cube.ide.mcu.externaltools.gnu-tools-for-stm32.9-2020-q2-update.win32_1.5.0.202011040924/tools/bin/../lib/gcc/arm-none-eabi/9.3.1/../../../../arm-none-eabi/lib/thumb/v7e-m+fp/hard\libc_nano.a(lib_a-ctype_.o)
                0x0000000008007b63                _ctype_
                0x0000000008007c64                . = ALIGN (0x4)

.ARM.extab      0x0000000008007c64        0x0
                0x0000000008007c64                . = ALIGN (0x4)
 *(.ARM.extab* .gnu.linkonce.armextab.*)
                0x0000000008007c64                . = ALIGN (0x4)

.ARM            0x0000000008007c64        0x8
                0x0000000008007c64                . = ALIGN (0x4)
                0x0000000008007c64                __exidx_start = .
 *(.ARM.exidx*)
 .ARM.exidx     0x0000000008007c64        0x8 c:/st/stm32cubeide_1.6.1/stm32cubeide/plugins/com.st.stm32cube.ide.mcu.externaltools.gnu-tools-for-stm32.9-2020-q2-update.win32_1.5.0.202011040924/tools/bin/../lib/gcc/arm-none-eabi/9.3.1/thumb/v7e-m+fp/hard\libgcc.a(_udivmoddi4.o)
                0x0000000008007c6c                __exidx_end = .
                0x0000000008007c6c                . = ALIGN (0x4)

.rel.dyn        0x0000000008007c6c        0x0
 .rel.iplt      0x0000000008007c6c        0x0 c:/st/stm32cubeide_1.6.1/stm32cubeide/plugins/com.st.stm32cube.ide.mcu.externaltools.gnu-tools-for-stm32.9-2020-q2-update.win32_1.5.0.202011040924/tools/bin/../lib/gcc/arm-none-eabi/9.3.1/thumb/v7e-m+fp/hard/crtbegin.o

.preinit_array  0x0000000008007c6c        0x0
                0x0000000008007c6c                . = ALIGN (0x4)
                0x0000000008007c6c                PROVIDE (__preinit_array_start = .)
 *(.preinit_array*)
                0x0000000008007c6c                PROVIDE (__preinit_array_end = .)
                0x0000000008007c6c                . = ALIGN (0x4)

.init_array     0x0000000008007c6c        0x4
                0x0000000008007c6c                . = ALIGN (0x4)
                0x0000000008007c6c                PROVIDE (__init_array_start = .)
 *(SORT_BY_NAME(.init_array.*))
 *(.init_array*)
 .init_array    0x0000000008007c6c        0x4 c:/st/stm32cubeide_1.6.1/stm32cubeide/plugins/com.st.stm32cube.ide.mcu.externaltools.gnu-tools-for-stm32.9-2020-q2-update.win32_1.5.0.202011040924/tools/bin/../lib/gcc/arm-none-eabi/9.3.1/thumb/v7e-m+fp/hard/crtbegin.o
                0x0000000008007c70                PROVIDE (__init_array_end = .)
                0x0000000008007c70                . = ALIGN (0x4)

.fini_array     0x0000000008007c70        0x4
                0x0000000008007c70                . = ALIGN (0x4)
                [!provide]                        PROVIDE (__fini_array_start = .)
 *(SORT_BY_NAME(.fini_array.*))
 *(.fini_array*)
 .fini_array    0x0000000008007c70        0x4 c:/st/stm32cubeide_1.6.1/stm32cubeide/plugins/com.st.stm32cube.ide.mcu.externaltools.gnu-tools-for-stm32.9-2020-q2-update.win32_1.5.0.202011040924/tools/bin/../lib/gcc/arm-none-eabi/9.3.1/thumb/v7e-m+fp/hard/crtbegin.o
                [!provide]                        PROVIDE (__fini_array_end = .)
                0x0000000008007c74                . = ALIGN (0x4)
                0x0000000008007c74                _sidata = LOADADDR (.data)

.data           0x0000000020000000     0x1fb4 load address 0x0000000008007c74
                0x0000000020000000                . = ALIGN (0x4)
                0x0000000020000000                _sdata = .
 *(.data)
 *(.data*)
 .data.Default_OV9712_Pins
                0x0000000020000000       0x10 Core/Src/App/master.o
 .data.OV9712   0x0000000020000010        0xc Core/Src/App/master.o
 .data.PlatformFunctions
                0x000000002000001c       0x5c Core/Src/App/master.o
 .data.System   0x0000000020000078        0x8 Core/Src/App/master.o
 .data.global_states_list
                0x0000000020000080       0x48 Core/Src/App/master.o
 .data.RhoSystem
                0x00000000200000c8     0x1d10 Core/Src/Rho/core/rho_client.o
                0x00000000200000c8                RhoSystem
 .data.SystemCoreClock
                0x0000000020001dd8        0x4 Core/Src/system_stm32g4xx.o
                0x0000000020001dd8                SystemCoreClock
 .data.uwTickFreq
                0x0000000020001ddc        0x4 Drivers/STM32G4xx_HAL_Driver/Src/stm32g4xx_hal.o
                0x0000000020001ddc                uwTickFreq
 .data.uwTickPrio
                0x0000000020001de0        0x4 Drivers/STM32G4xx_HAL_Driver/Src/stm32g4xx_hal.o
                0x0000000020001de0                uwTickPrio
 .data._impure_ptr
                0x0000000020001de4        0x4 c:/st/stm32cubeide_1.6.1/stm32cubeide/plugins/com.st.stm32cube.ide.mcu.externaltools.gnu-tools-for-stm32.9-2020-q2-update.win32_1.5.0.202011040924/tools/bin/../lib/gcc/arm-none-eabi/9.3.1/../../../../arm-none-eabi/lib/thumb/v7e-m+fp/hard\libc_nano.a(lib_a-impure.o)
                0x0000000020001de4                _impure_ptr
 .data.impure_data
                0x0000000020001de8       0x60 c:/st/stm32cubeide_1.6.1/stm32cubeide/plugins/com.st.stm32cube.ide.mcu.externaltools.gnu-tools-for-stm32.9-2020-q2-update.win32_1.5.0.202011040924/tools/bin/../lib/gcc/arm-none-eabi/9.3.1/../../../../arm-none-eabi/lib/thumb/v7e-m+fp/hard\libc_nano.a(lib_a-impure.o)
 .data.__global_locale
                0x0000000020001e48      0x16c c:/st/stm32cubeide_1.6.1/stm32cubeide/plugins/com.st.stm32cube.ide.mcu.externaltools.gnu-tools-for-stm32.9-2020-q2-update.win32_1.5.0.202011040924/tools/bin/../lib/gcc/arm-none-eabi/9.3.1/../../../../arm-none-eabi/lib/thumb/v7e-m+fp/hard\libc_nano.a(lib_a-locale.o)
                0x0000000020001e48                __global_locale
 *(.RamFunc)
 *(.RamFunc*)
                0x0000000020001fb4                . = ALIGN (0x4)
                0x0000000020001fb4                _edata = .

.igot.plt       0x0000000020001fb4        0x0 load address 0x0000000008009c28
 .igot.plt      0x0000000020001fb4        0x0 c:/st/stm32cubeide_1.6.1/stm32cubeide/plugins/com.st.stm32cube.ide.mcu.externaltools.gnu-tools-for-stm32.9-2020-q2-update.win32_1.5.0.202011040924/tools/bin/../lib/gcc/arm-none-eabi/9.3.1/thumb/v7e-m+fp/hard/crtbegin.o
                0x0000000020001fb4                . = ALIGN (0x4)

.bss            0x0000000020001fb4     0x207c load address 0x0000000008009c28
                0x0000000020001fb4                _sbss = .
                0x0000000020001fb4                __bss_start__ = _sbss
 *(.bss)
 .bss           0x0000000020001fb4       0x1c c:/st/stm32cubeide_1.6.1/stm32cubeide/plugins/com.st.stm32cube.ide.mcu.externaltools.gnu-tools-for-stm32.9-2020-q2-update.win32_1.5.0.202011040924/tools/bin/../lib/gcc/arm-none-eabi/9.3.1/thumb/v7e-m+fp/hard/crtbegin.o
 *(.bss*)
 .bss.CameraFlags
                0x0000000020001fd0       0x10 Core/Src/App/master.o
 .bss.CameraFlags
                0x0000000020001fe0       0x10 Core/Src/App/platform_interface/stm32_interface.o
 .bss.BACKGROUND_DENSITY_MAP_X
                0x0000000020001ff0       0xc8 Core/Src/Rho/core/rho_client.o
 .bss.BACKGROUND_DENSITY_MAP_Y
                0x00000000200020b8      0x140 Core/Src/Rho/core/rho_client.o
 .bss.FOREGROUND_DENSITY_MAP_X
                0x00000000200021f8       0xc8 Core/Src/Rho/core/rho_client.o
 .bss.FOREGROUND_DENSITY_MAP_Y
                0x00000000200022c0      0x140 Core/Src/Rho/core/rho_client.o
 .bss._capture_buffer_internal
                0x0000000020002400       0xa2 Core/Src/Rho/core/rho_client.o
 *fill*         0x00000000200024a2        0x2 
 .bss._thresh_buffer_internal
                0x00000000200024a4     0x19cc Core/Src/Rho/core/rho_client.o
 .bss.__sbrk_heap_end
                0x0000000020003e70        0x4 Core/Src/sysmem.o
 .bss.__malloc_free_list
                0x0000000020003e74        0x4 c:/st/stm32cubeide_1.6.1/stm32cubeide/plugins/com.st.stm32cube.ide.mcu.externaltools.gnu-tools-for-stm32.9-2020-q2-update.win32_1.5.0.202011040924/tools/bin/../lib/gcc/arm-none-eabi/9.3.1/../../../../arm-none-eabi/lib/thumb/v7e-m+fp/hard\libc_nano.a(lib_a-nano-mallocr.o)
                0x0000000020003e74                __malloc_free_list
 .bss.__malloc_sbrk_start
                0x0000000020003e78        0x4 c:/st/stm32cubeide_1.6.1/stm32cubeide/plugins/com.st.stm32cube.ide.mcu.externaltools.gnu-tools-for-stm32.9-2020-q2-update.win32_1.5.0.202011040924/tools/bin/../lib/gcc/arm-none-eabi/9.3.1/../../../../arm-none-eabi/lib/thumb/v7e-m+fp/hard\libc_nano.a(lib_a-nano-mallocr.o)
                0x0000000020003e78                __malloc_sbrk_start
 *(COMMON)
 COMMON         0x0000000020003e7c        0xc Core/Src/App/platform_interface/stm32_interface.o
                0x0000000020003e7c                Master
 COMMON         0x0000000020003e88        0x4 Core/Src/Rho/core/rho_client.o