rho_client.c:320:6:ActivateRhoSystem	0	static
rho_client.c:327:6:DeactivateRhoSystem	0	static
rho_client.c:335:13:TransmitRhoSystemPacket	0	static
rho_client.c:342:6:InitializeRhoSystem	8	static
rho_client.c:371:6:ConnectRhoSystemPlatformInterface	8	static
rho_client.c:377:6:ZeroRhoSystemMemory	8	static
rho_client.c:69:6:PerformRhoSystemProcess	0	static
rho_client.c:140:6:CaptureRow	20	static,ignoring_inline_asm
rho_client.c:118:6:CaptureRowCallback	56	static
rho_client.c:200:19:ProcessFrameSection	20	static,ignoring_inline_asm
rho_client.c:85:6:CaptureAndProcessFrame	32	static
rho_client.c:77:6:ProcessRhoSystemFrameCapture	8	static
rho_client.c:290:6:ActivateBackgrounding	0	static
rho_client.c:298:6:DeactivateBackgrounding	0	static
rho_client.c:306:13:FilterPixelCount	24	static
rho_client.c:311:13:HasPixelCountDrop	24	static
