Archive member included to satisfy reference by file (symbol)

c:/st/stm32cubeide_1.6.1/stm32cubeide/plugins/com.st.stm32cube.ide.mcu.externaltools.gnu-tools-for-stm32.9-2020-q2-update.win32_1.5.0.202011040924/tools/bin/../lib/gcc/arm-none-eabi/9.3.1/../../../../arm-none-eabi/lib/thumb/v7e-m+fp/hard\libc_nano.a(lib_a-errno.o)
                              Core/Src/syscalls.o (__errno)
c:/st/stm32cubeide_1.6.1/stm32cubeide/plugins/com.st.stm32cube.ide.mcu.externaltools.gnu-tools-for-stm32.9-2020-q2-update.win32_1.5.0.202011040924/tools/bin/../lib/gcc/arm-none-eabi/9.3.1/../../../../arm-none-eabi/lib/thumb/v7e-m+fp/hard\libc_nano.a(lib_a-exit.o)
                              c:/st/stm32cubeide_1.6.1/stm32cubeide/plugins/com.st.stm32cube.ide.mcu.externaltools.gnu-tools-for-stm32.9-2020-q2-update.win32_1.5.0.202011040924/tools/bin/../lib/gcc/arm-none-eabi/9.3.1/../../../../arm-none-eabi/lib/thumb/v7e-m+fp/hard/crt0.o (exit)
c:/st/stm32cubeide_1.6.1/stm32cubeide/plugins/com.st.stm32cube.ide.mcu.externaltools.gnu-tools-for-stm32.9-2020-q2-update.win32_1.5.0.202011040924/tools/bin/../lib/gcc/arm-none-eabi/9.3.1/../../../../arm-none-eabi/lib/thumb/v7e-m+fp/hard\libc_nano.a(lib_a-impure.o)
                              c:/st/stm32cubeide_1.6.1/stm32cubeide/plugins/com.st.stm32cube.ide.mcu.externaltools.gnu-tools-for-stm32.9-2020-q2-update.win32_1.5.0.202011040924/tools/bin/../lib/gcc/arm-none-eabi/9.3.1/../../../../arm-none-eabi/lib/thumb/v7e-m+fp/hard\libc_nano.a(lib_a-exit.o) (_global_impure_ptr)
c:/st/stm32cubeide_1.6.1/stm32cubeide/plugins/com.st.stm32cube.ide.mcu.externaltools.gnu-tools-for-stm32.9-2020-q2-update.win32_1.5.0.202011040924/tools/bin/../lib/gcc/arm-none-eabi/9.3.1/../../../../arm-none-eabi/lib/thumb/v7e-m+fp/hard\libc_nano.a(lib_a-init.o)
                              c:/st/stm32cubeide_1.6.1/stm32cubeide/plugins/com.st.stm32cube.ide.mcu.externaltools.gnu-tools-for-stm32.9-2020-q2-update.win32_1.5.0.202011040924/tools/bin/../lib/gcc/arm-none-eabi/9.3.1/../../../../arm-none-eabi/lib/thumb/v7e-m+fp/hard/crt0.o (__libc_init_array)
c:/st/stm32cubeide_1.6.1/stm32cubeide/plugins/com.st.stm32cube.ide.mcu.externaltools.gnu-tools-for-stm32.9-2020-q2-update.win32_1.5.0.202011040924/tools/bin/../lib/gcc/arm-none-eabi/9.3.1/../../../../arm-none-eabi/lib/thumb/v7e-m+fp/hard\libc_nano.a(lib_a-memcpy-stub.o)
                              Core/Src/Rho/core/rho_client.o (memcpy)
c:/st/stm32cubeide_1.6.1/stm32cubeide/plugins/com.st.stm32cube.ide.mcu.externaltools.gnu-tools-for-stm32.9-2020-q2-update.win32_1.5.0.202011040924/tools/bin/../lib/gcc/arm-none-eabi/9.3.1/../../../../arm-none-eabi/lib/thumb/v7e-m+fp/hard\libc_nano.a(lib_a-memset.o)
                              c:/st/stm32cubeide_1.6.1/stm32cubeide/plugins/com.st.stm32cube.ide.mcu.externaltools.gnu-tools-for-stm32.9-2020-q2-update.win32_1.5.0.202011040924/tools/bin/../lib/gcc/arm-none-eabi/9.3.1/../../../../arm-none-eabi/lib/thumb/v7e-m+fp/hard/crt0.o (memset)
c:/st/stm32cubeide_1.6.1/stm32cubeide/plugins/com.st.stm32cube.ide.mcu.externaltools.gnu-tools-for-stm32.9-2020-q2-update.win32_1.5.0.202011040924/tools/bin/../lib/gcc/arm-none-eabi/9.3.1/../../../../arm-none-eabi/lib/thumb/v7e-m+fp/hard\libc_nano.a(lib_a-printf.o)
                              Core/Src/App/master.o (printf)
c:/st/stm32cubeide_1.6.1/stm32cubeide/plugins/com.st.stm32cube.ide.mcu.externaltools.gnu-tools-for-stm32.9-2020-q2-update.win32_1.5.0.202011040924/tools/bin/../lib/gcc/arm-none-eabi/9.3.1/../../../../arm-none-eabi/lib/thumb/v7e-m+fp/hard\libc_nano.a(lib_a-putchar.o)
                              Core/Src/Rho/core/rho_core.o (putchar)
c:/st/stm32cubeide_1.6.1/stm32cubeide/plugins/com.st.stm32cube.ide.mcu.externaltools.gnu-tools-for-stm32.9-2020-q2-update.win32_1.5.0.202011040924/tools/bin/../lib/gcc/arm-none-eabi/9.3.1/../../../../arm-none-eabi/lib/thumb/v7e-m+fp/hard\libc_nano.a(lib_a-puts.o)
                              Core/Src/Rho/core/rho_core.o (puts)
c:/st/stm32cubeide_1.6.1/stm32cubeide/plugins/com.st.stm32cube.ide.mcu.externaltools.gnu-tools-for-stm32.9-2020-q2-update.win32_1.5.0.202011040924/tools/bin/../lib/gcc/arm-none-eabi/9.3.1/../../../../arm-none-eabi/lib/thumb/v7e-m+fp/hard\libc_nano.a(lib_a-sprintf.o)
                              Core/Src/UniSM/printers.o (sprintf)
c:/st/stm32cubeide_1.6.1/stm32cubeide/plugins/com.st.stm32cube.ide.mcu.externaltools.gnu-tools-for-stm32.9-2020-q2-update.win32_1.5.0.202011040924/tools/bin/../lib/gcc/arm-none-eabi/9.3.1/../../../../arm-none-eabi/lib/thumb/v7e-m+fp/hard\libc_nano.a(lib_a-strlen.o)
                              Core/Src/UniSM/printers.o (strlen)
c:/st/stm32cubeide_1.6.1/stm32cubeide/plugins/com.st.stm32cube.ide.mcu.externaltools.gnu-tools-for-stm32.9-2020-q2-update.win32_1.5.0.202011040924/tools/bin/../lib/gcc/arm-none-eabi/9.3.1/../../../../arm-none-eabi/lib/thumb/v7e-m+fp/hard\libc_nano.a(lib_a-wbuf.o)
[...]
Memory Configuration

Name             Origin             Length             Attributes
RAM              0x0000000020000000 0x0000000000008000 xrw
FLASH            0x0000000008000000 0x0000000000008000 xr
*default*        0x0000000000000000 0xffffffffffffffff

Linker script and memory map

LOAD c:/st/stm32cubeide_1.6.1/stm32cubeide/plugins/com.st.stm32cube.ide.mcu.externaltools.gnu-tools-for-stm32.9-2020-q2-update.win32_1.5.0.202011040924/tools/bin/../lib/gcc/arm-none-eabi/9.3.1/thumb/v7e-m+fp/hard/crti.o
LOAD c:/st/stm32cubeide_1.6.1/stm32cubeide/plugins/com.st.stm32cube.ide.mcu.externaltools.gnu-tools-for-stm32.9-2020-q2-update.win32_1.5.0.202011040924/tools/bin/../lib/gcc/arm-none-eabi/9.3.1/thumb/v7e-m+fp/hard/crtbegin.o
LOAD c:/st/stm32cubeide_1.6.1/stm32cubeide/plugins/com.st.stm32cube.ide.mcu.externaltools.gnu-tools-for-stm32.9-2020-q2-update.win32_1.5.0.202011040924/tools/bin/../lib/gcc/arm-none-eabi/9.3.1/../../../../arm-none-eabi/lib/thumb/v7e-m+fp/hard/crt0.o
LOAD Core/Src/App/OV9712/OV9712.o
LOAD Core/Src/App/master.o
LOAD Core/Src/App/platform_interface/stm32_interface.o
LOAD Core/Src/Rho/core/rho_client.o
LOAD Core/Src/Rho/core/rho_core.o
LOAD Core/Src/Rho/core/rho_utility.o
LOAD Core/Src/Rho/psm/fsm.o
LOAD Core/Src/Rho/psm/gmm.o
LOAD Core/Src/Rho/psm/hmm.o
LOAD Core/Src/Rho/psm/psm.o
LOAD Core/Src/Rho/types/kalman.o
LOAD Core/Src/Rho/types/matvec.o
LOAD Core/Src/Rho/types/pid.o
LOAD Core/Src/Rho/types/statistics.o
LOAD Core/Src/UniSM/platform.o
LOAD Core/Src/UniSM/printers.o
LOAD Core/Src/UniSM/system.o
LOAD Core/Src/UniSM/templates/master_template.o
LOAD Core/Src/main.o
LOAD Core/Src/stm32g4xx_hal_msp.o
LOAD Core/Src/stm32g4xx_it.o
LOAD Core/Src/syscalls.o
LOAD Core/Src/sysmem.o
LOAD Core/Src/system_stm32g4xx.o
LOAD Core/Startup/startup_stm32g431k6tx.o
LOAD Drivers/STM32G4xx_HAL_Driver/Src/stm32g4xx_hal.o
LOAD Drivers/STM32G4xx_HAL_Driver/Src/stm32g4xx_hal_cortex.o
LOAD Drivers/STM32G4xx_HAL_Driver/Src/stm32g4xx_hal_dma.o
LOAD Drivers/STM32G4xx_HAL_Driver/Src/stm32g4xx_hal_dma_ex.o
LOAD Drivers/STM32G4xx_HAL_Driver/Src/stm32g4xx_hal_exti.o
LOAD Drivers/STM32G4xx_HAL_Driver/Src/stm32g4xx_hal_flash.o
LOAD Drivers/STM32G4xx_HAL_Driver/Src/stm32g4xx_hal_flash_ex.o
LOAD Drivers/STM32G4xx_HAL_Driver/Src/stm32g4xx_hal_flash_ramfunc.o
LOAD Drivers/STM32G4xx_HAL_Driver/Src/stm32g4xx_hal_gpio.o
LOAD Drivers/STM32G4xx_HAL_Driver/Src/stm32g4xx_hal_i2c.o
LOAD Drivers/STM32G4xx_HAL_Driver/Src/stm32g4xx_hal_i2c_ex.o
LOAD Drivers/STM32G4xx_HAL_Driver/Src/stm32g4xx_hal_pwr.o
LOAD Drivers/STM32G4xx_HAL_Driver/Src/stm32g4xx_hal_pwr_ex.o
LOAD Drivers/STM32G4xx_HAL_Driver/Src/stm32g4xx_hal_rcc.o
LOAD Drivers/STM32G4xx_HAL_Driver/Src/stm32g4xx_hal_rcc_ex.o
LOAD Drivers/STM32G4xx_HAL_Driver/Src/stm32g4xx_hal_tim.o
LOAD Drivers/STM32G4xx_HAL_Driver/Src/stm32g4xx_hal_tim_ex.o
LOAD Drivers/STM32G4xx_HAL_Driver/Src/stm32g4xx_hal_uart.o
LOAD Drivers/STM32G4xx_HAL_Driver/Src/stm32g4xx_hal_uart_ex.o
START GROUP
LOAD c:/st/stm32cubeide_1.6.1/stm32cubeide/plugins/com.st.stm32cube.ide.mcu.externaltools.gnu-tools-for-stm32.9-2020-q2-update.win32_1.5.0.202011040924/tools/bin/../lib/gcc/arm-none-eabi/9.3.1/../../../../arm-none-eabi/lib/thumb/v7e-m+fp/hard\libc_nano.a
LOAD c:/st/stm32cubeide_1.6.1/stm32cubeide/plugins/com.st.stm32cube.ide.mcu.externaltools.gnu-tools-for-stm32.9-2020-q2-update.win32_1.5.0.202011040924/tools/bin/../lib/gcc/arm-none-eabi/9.3.1/../../../../arm-none-eabi/lib/thumb/v7e-m+fp/hard\libm.a
END GROUP
START GROUP
LOAD c:/st/stm32cubeide_1.6.1/stm32cubeide/plugins/com.st.stm32cube.ide.mcu.externaltools.gnu-tools-for-stm32.9-2020-q2-update.win32_1.5.0.202011040924/tools/bin/../lib/gcc/arm-none-eabi/9.3.1/thumb/v7e-m+fp/hard\libgcc.a
LOAD c:/st/stm32cubeide_1.6.1/stm32cubeide/plugins/com.st.stm32cube.ide.mcu.externaltools.gnu-tools-for-stm32.9-2020-q2-update.win32_1.5.0.202011040924/tools/bin/../lib/gcc/arm-none-eabi/9.3.1/../../../../arm-none-eabi/lib/thumb/v7e-m+fp/hard\libc_nano.a
END GROUP
START GROUP
LOAD c:/st/stm32cubeide_1.6.1/stm32cubeide/plugins/com.st.stm32cube.ide.mcu.externaltools.gnu-tools-for-stm32.9-2020-q2-update.win32_1.5.0.202011040924/tools/bin/../lib/gcc/arm-none-eabi/9.3.1/thumb/v7e-m+fp/hard\libgcc.a
LOAD c:/st/stm32cubeide_1.6.1/stm32cubeide/plugins/com.st.stm32cube.ide.mcu.externaltools.gnu-tools-for-stm32.9-2020-q2-update.win32_1.5.0.202011040924/tools/bin/../lib/gcc/arm-none-eabi/9.3.1/../../../../arm-none-eabi/lib/thumb/v7e-m+fp/hard\libc_nano.a
LOAD c:/st/stm32cubeide_1.6.1/stm32cubeide/plugins/com.st.stm32cube.ide.mcu.externaltools.gnu-tools-for-stm32.9-2020-q2-update.win32_1.5.0.202011040924/tools/bin/../lib/gcc/arm-none-eabi/9.3.1/../../../../arm-none-eabi/lib/thumb/v7e-m+fp/hard\libnosys.a
END GROUP
START GROUP
LOAD c:/st/stm32cubeide_1.6.1/stm32cubeide/plugins/com.st.stm32cube.ide.mcu.externaltools.gnu-tools-for-stm32.9-2020-q2-update.win32_1.5.0.202011040924/tools/bin/../lib/gcc/arm-none-eabi/9.3.1/thumb/v7e-m+fp/hard\libgcc.a
LOAD c:/st/stm32cubeide_1.6.1/stm32cubeide/plugins/com.st.stm32cube.ide.mcu.externaltools.gnu-tools-for-stm32.9-2020-q2-update.win32_1.5.0.202011040924/tools/bin/../lib/gcc/arm-none-eabi/9.3.1/../../../../arm-none-eabi/lib/thumb/v7e-m+fp/hard\libc_nano.a
LOAD c:/st/stm32cubeide_1.6.1/stm32cubeide/plugins/com.st.stm32cube.ide.mcu.externaltools.gnu-tools-for-stm32.9-2020-q2-update.win32_1.5.0.202011040924/tools/bin/../lib/gcc/arm-none-eabi/9.3.1/../../../../arm-none-eabi/lib/thumb/v7e-m+fp/hard\libnosys.a
END GROUP
LOAD c:/st/stm32cubeide_1.6.1/stm32cubeide/plugins/com.st.stm32cube.ide.mcu.externaltools.gnu-tools-for-stm32.9-2020-q2-update.win32_1.5.0.202011040924/tools/bin/../lib/gcc/arm-none-eabi/9.3.1/thumb/v7e-m+fp/hard/crtend.o
LOAD c:/st/stm32cubeide_1.6.1/stm32cubeide/plugins/com.st.stm32cube.ide.mcu.externaltools.gnu-tools-for-stm32.9-2020-q2-update.win32_1.5.0.202011040924/tools/bin/../lib/gcc/arm-none-eabi/9.3.1/thumb/v7e-m+fp/hard/crtn.o
                0x0000000020008000                _estack = (ORIGIN (RAM) + LENGTH (RAM))
                0x0000000000000200                _Min_Heap_Size = 0x200
                0x0000000000000400                _Min_Stack_Size = 0x400

.isr_vector     0x0000000008000000      0x1d8
                0x0000000008000000                . = ALIGN (0x4)
 *(.isr_vector)
 .isr_vector    0x0000000008000000      0x1d8 Core/Startup/startup_stm32g431k6tx.o
                0x0000000008000000                g_pfnVectors
                0x00000000080001d8                . = ALIGN (0x4)

.text           0x00000000080001e0     0x457c
                0x00000000080001e0                . = ALIGN (0x4)
 *(.text)
 .text          0x00000000080001e0       0x40 c:/st/stm32cubeide_1.6.1/stm32cubeide/plugins/com.st.stm32cube.ide.mcu.externaltools.gnu-tools-for-stm32.9-2020-q2-update.win32_1.5.0.202011040924/tools/bin/../lib/gcc/arm-none-eabi/9.3.1/thumb/v7e-m+fp/hard/crtbegin.o
 .text          0x0000000008000220       0xa0 c:/st/stm32cubeide_1.6.1/stm32cubeide/plugins/com.st.stm32cube.ide.mcu.externaltools.gnu-tools-for-stm32.9-2020-q2-update.win32_1.5.0.202011040924/tools/bin/../lib/gcc/arm-none-eabi/9.3.1/../../../../arm-none-eabi/lib/thumb/v7e-m+fp/hard\libc_nano.a(lib_a-memchr.o)
                0x0000000008000220                memchr
 .text          0x00000000080002c0       0x40 c:/st/stm32cubeide_1.6.1/stm32cubeide/plugins/com.st.stm32cube.ide.mcu.externaltools.gnu-tools-for-stm32.9-2020-q2-update.win32_1.5.0.202011040924/tools/bin/../lib/gcc/arm-none-eabi/9.3.1/thumb/v7e-m+fp/hard\libgcc.a(_arm_fixunsdfsi.o)
                0x00000000080002c0                __aeabi_d2uiz
                0x00000000080002c0                __fixunsdfsi
 .text          0x0000000008000300       0x30 c:/st/stm32cubeide_1.6.1/stm32cubeide/plugins/com.st.stm32cube.ide.mcu.externaltools.gnu-tools-for-stm32.9-2020-q2-update.win32_1.5.0.202011040924/tools/bin/../lib/gcc/arm-none-eabi/9.3.1/thumb/v7e-m+fp/hard\libgcc.a(_aeabi_uldivmod.o)
                0x0000000008000300                __aeabi_uldivmod
 .text          0x0000000008000330      0x2c4 c:/st/stm32cubeide_1.6.1/stm32cubeide/plugins/com.st.stm32cube.ide.mcu.externaltools.gnu-tools-for-stm32.9-2020-q2-update.win32_1.5.0.202011040924/tools/bin/../lib/gcc/arm-none-eabi/9.3.1/thumb/v7e-m+fp/hard\libgcc.a(_udivmoddi4.o)
                0x0000000008000330                __udivmoddi4
 .text          0x00000000080005f4        0x4 c:/st/stm32cubeide_1.6.1/stm32cubeide/plugins/com.st.stm32cube.ide.mcu.externaltools.gnu-tools-for-stm32.9-2020-q2-update.win32_1.5.0.202011040924/tools/bin/../lib/gcc/arm-none-eabi/9.3.1/thumb/v7e-m+fp/hard\libgcc.a(_dvmd_tls.o)
                0x00000000080005f4                __aeabi_idiv0
                0x00000000080005f4                __aeabi_ldiv0
 *(.text*)
 .text.OV9712_Write
                0x00000000080005f8       0x20 Core/Src/App/OV9712/OV9712.o
                0x00000000080005f8                OV9712_Write
 .text.OV9712_Enable
                0x0000000008000618       0x1e Core/Src/App/OV9712/OV9712.o
                0x0000000008000618                OV9712_Enable
 *fill*         0x0000000008000636        0x2 
 .text.OV9712_Init
                0x0000000008000638       0x38 Core/Src/App/OV9712/OV9712.o
                0x0000000008000638                OV9712_Init
 .text.InitializePlatform
                0x0000000008000670       0x1c Core/Src/App/master.o
                0x0000000008000670                InitializePlatform
 .text.ConnectToHost
                0x000000000800068c        0x2 Core/Src/App/master.o
                0x000000000800068c                ConnectToHost
 *fill*         0x000000000800068e        0x2 
 .text.ConfigureApplication
                0x0000000008000690       0x50 Core/Src/App/master.o
                0x0000000008000690                ConfigureApplication
 .text.ApplicationCore
                0x00000000080006e0       0x10 Core/Src/App/master.o
                0x00000000080006e0                ApplicationCore
 .text.Master_Init
                0x00000000080006f0       0x38 Core/Src/App/master.o
                0x00000000080006f0                Master_Init
 .text.Master_Run
                0x0000000008000728       0x18 Core/Src/App/master.o
                0x0000000008000728                Master_Run
 .text.Master_Connect
                0x0000000008000740       0x50 Core/Src/App/master.o
                0x0000000008000740                Master_Connect
 .text.SystemError
                0x0000000008000790       0x38 Core/Src/App/master.o
                0x0000000008000790                SystemError
 .text.ExitInitialization
                0x00000000080007c8       0x34 Core/Src/App/master.o
                0x00000000080007c8                ExitInitialization
 .text.HAL_GPIO_EXTI_Callback
                0x00000000080007fc       0x64 Core/Src/App/platform_interface/stm32_interface.o
                0x00000000080007fc                HAL_GPIO_EXTI_Callback
 .text.STM_InterruptEnable
                0x0000000008000860       0x12 Core/Src/App/platform_interface/stm32_interface.o
                0x0000000008000860                STM_InterruptEnable
 .text.STM_InterruptDisable
                0x0000000008000872       0x12 Core/Src/App/platform_interface/stm32_interface.o
                0x0000000008000872                STM_InterruptDisable
 .text.STM_PauseDMA
                0x0000000008000884       0x1c Core/Src/App/platform_interface/stm32_interface.o
                0x0000000008000884                STM_PauseDMA
 .text.STM_ResumeDMA
                0x00000000080008a0       0x18 Core/Src/App/platform_interface/stm32_interface.o
                0x00000000080008a0                STM_ResumeDMA
 .text.STM_ResetDMA
                0x00000000080008b8       0x18 Core/Src/App/platform_interface/stm32_interface.o
                0x00000000080008b8                STM_ResetDMA
 .text.STM_InitDMA
                0x00000000080008d0        0x2 Core/Src/App/platform_interface/stm32_interface.o
                0x00000000080008d0                STM_InitDMA
 .text.STM_GetDMAFillAddress
                0x00000000080008d2        0x4 Core/Src/App/platform_interface/stm32_interface.o
                0x00000000080008d2                STM_GetDMAFillAddress
 .text.STM_UartTxDMA
                0x00000000080008d6        0x4 Core/Src/App/platform_interface/stm32_interface.o
                0x00000000080008d6                STM_UartTxDMA
 .text.STM_UartRxDMA
                0x00000000080008da        0x4 Core/Src/App/platform_interface/stm32_interface.o
                0x00000000080008da                STM_UartRxDMA
 .text.STM_I2CMasterTx
                0x00000000080008de        0x4 Core/Src/App/platform_interface/stm32_interface.o
                0x00000000080008de                STM_I2CMasterTx
 .text.STM_SetPortMode
                0x00000000080008e2       0x1a Core/Src/App/platform_interface/stm32_interface.o
                0x00000000080008e2                STM_SetPortMode
 .text.STM_ReadPort
                0x00000000080008fc        0x6 Core/Src/App/platform_interface/stm32_interface.o
                0x00000000080008fc                STM_ReadPort
 .text.STM_WritePin
                0x0000000008000902        0x4 Core/Src/App/platform_interface/stm32_interface.o
                0x0000000008000902                STM_WritePin
 .text.STM_Timestamp
                0x0000000008000906        0x4 Core/Src/App/platform_interface/stm32_interface.o
                0x0000000008000906                STM_Timestamp
 .text.STM_Wait
                0x000000000800090a        0x4 Core/Src/App/platform_interface/stm32_interface.o
                0x000000000800090a                STM_Wait
 .text.STM_SysClockFreq
                0x000000000800090e        0x4 Core/Src/App/platform_interface/stm32_interface.o
                0x000000000800090e                STM_SysClockFreq
 *fill*         0x0000000008000912        0x2 
 .text.STM_Reset
                0x0000000008000914       0x24 Core/Src/App/platform_interface/stm32_interface.o
                0x0000000008000914                STM_Reset
 .text.ActivateRhoSystem
                0x0000000008000938       0x1c Core/Src/Rho/core/rho_client.o
                0x0000000008000938                ActivateRhoSystem
 .text.DeactivateRhoSystem
                0x0000000008000954       0x1c Core/Src/Rho/core/rho_client.o
                0x0000000008000954                DeactivateRhoSystem
 .text.TransmitRhoSystemPacket
                0x0000000008000970        0x2 Core/Src/Rho/core/rho_client.o
                0x0000000008000970                TransmitRhoSystemPacket
 *fill*         0x0000000008000972        0x2 
 .text.InitializeRhoSystem
                0x0000000008000974       0x28 Core/Src/Rho/core/rho_client.o
                0x0000000008000974                InitializeRhoSystem
 .text.ConnectRhoSystemPlatformInterface
                0x000000000800099c       0x20 Core/Src/Rho/core/rho_client.o
                0x000000000800099c                ConnectRhoSystemPlatformInterface
 .text.ZeroRhoSystemMemory
                0x00000000080009bc       0x28 Core/Src/Rho/core/rho_client.o
                0x00000000080009bc                ZeroRhoSystemMemory
 .text.PerformRhoSystemProcess
                0x00000000080009e4       0x1c Core/Src/Rho/core/rho_client.o
                0x00000000080009e4                PerformRhoSystemProcess
 .text.CaptureRow
                0x0000000008000a00       0x22 Core/Src/Rho/core/rho_client.o
                0x0000000008000a00                CaptureRow
 *fill*         0x0000000008000a22        0x2 
 .text.CaptureRowCallback
                0x0000000008000a24       0x94 Core/Src/Rho/core/rho_client.o
                0x0000000008000a24                CaptureRowCallback
 .text.ProcessFrameSection
                0x0000000008000ab8       0x60 Core/Src/Rho/core/rho_client.o
                0x0000000008000ab8                ProcessFrameSection
 .text.CaptureAndProcessFrame
                0x0000000008000b18       0x90 Core/Src/Rho/core/rho_client.o
                0x0000000008000b18                CaptureAndProcessFrame
 .text.ProcessRhoSystemFrameCapture
                0x0000000008000ba8       0x28 Core/Src/Rho/core/rho_client.o
                0x0000000008000ba8                ProcessRhoSystemFrameCapture
 .text.InitPlatform
                0x0000000008000bd0        0x6 Core/Src/UniSM/platform.o
                0x0000000008000bd0                InitPlatform
 .text.PerformHostCommand
                0x0000000008000bd6       0x4e Core/Src/UniSM/platform.o
                0x0000000008000bd6                PerformHostCommand
 .text.TransmitToHost
                0x0000000008000c24       0x10 Core/Src/UniSM/platform.o
                0x0000000008000c24                TransmitToHost
 .text.ReceiveFromHost
                0x0000000008000c34       0x10 Core/Src/UniSM/platform.o
                0x0000000008000c34                ReceiveFromHost
 .text.WritePin
                0x0000000008000c44        0xa Core/Src/UniSM/platform.o
                0x0000000008000c44                WritePin
 .text.SetPortMode
                0x0000000008000c4e        0xa Core/Src/UniSM/platform.o
                0x0000000008000c4e                SetPortMode
 .text.InitSystem
                0x0000000008000c58        0x8 Core/Src/UniSM/system.o
                0x0000000008000c58                InitSystem
 .text.GetStateSystem
                0x0000000008000c60        0x6 Core/Src/UniSM/system.o
                0x0000000008000c60                GetStateSystem
 .text.PerformStateSystem
                0x0000000008000c66       0x12 Core/Src/UniSM/system.o
                0x0000000008000c66                PerformStateSystem
 .text.EnterStateSystem
                0x0000000008000c78       0x12 Core/Src/UniSM/system.o
                0x0000000008000c78                EnterStateSystem
 .text.IsInStateSystem
                0x0000000008000c8a       0x12 Core/Src/UniSM/system.o
                0x0000000008000c8a                IsInStateSystem
 .text.GetStateFromListSystem
                0x0000000008000c9c       0x1c Core/Src/UniSM/system.o
                0x0000000008000c9c                GetStateFromListSystem
 .text.SetStateSystem
                0x0000000008000cb8       0x2c Core/Src/UniSM/system.o
                0x0000000008000cb8                SetStateSystem
 .text.SystemClock_Config
                0x0000000008000ce4       0x94 Core/Src/main.o
                0x0000000008000ce4                SystemClock_Config
 .text.startup.main
                0x0000000008000d78      0x394 Core/Src/main.o
                0x0000000008000d78                main
 .text.HAL_MspInit
                0x000000000800110c       0x50 Core/Src/stm32g4xx_hal_msp.o
                0x000000000800110c                HAL_MspInit
 .text.HAL_I2C_MspInit
                0x000000000800115c       0x6c Core/Src/stm32g4xx_hal_msp.o
                0x000000000800115c                HAL_I2C_MspInit
 .text.HAL_TIM_Base_MspInit
                0x00000000080011c8       0x28 Core/Src/stm32g4xx_hal_msp.o
                0x00000000080011c8                HAL_TIM_Base_MspInit
 .text.HAL_UART_MspInit
                0x00000000080011f0       0x68 Core/Src/stm32g4xx_hal_msp.o
                0x00000000080011f0                HAL_UART_MspInit
 .text.NMI_Handler
                0x0000000008001258        0x2 Core/Src/stm32g4xx_it.o
                0x0000000008001258                NMI_Handler
 .text.HardFault_Handler
                0x000000000800125a        0x2 Core/Src/stm32g4xx_it.o
                0x000000000800125a                HardFault_Handler
 .text.MemManage_Handler
                0x000000000800125c        0x2 Core/Src/stm32g4xx_it.o
                0x000000000800125c                MemManage_Handler
 .text.BusFault_Handler
                0x000000000800125e        0x2 Core/Src/stm32g4xx_it.o
                0x000000000800125e                BusFault_Handler
 .text.UsageFault_Handler
                0x0000000008001260        0x2 Core/Src/stm32g4xx_it.o
                0x0000000008001260                UsageFault_Handler
 .text.SVC_Handler
                0x0000000008001262        0x2 Core/Src/stm32g4xx_it.o
                0x0000000008001262                SVC_Handler
 .text.DebugMon_Handler
                0x0000000008001264        0x2 Core/Src/stm32g4xx_it.o
                0x0000000008001264                DebugMon_Handler
 .text.PendSV_Handler
                0x0000000008001266        0x2 Core/Src/stm32g4xx_it.o
                0x0000000008001266                PendSV_Handler
 .text.SysTick_Handler
                0x0000000008001268        0x4 Core/Src/stm32g4xx_it.o
                0x0000000008001268                SysTick_Handler
 .text.EXTI0_IRQHandler
                0x000000000800126c        0x6 Core/Src/stm32g4xx_it.o
                0x000000000800126c                EXTI0_IRQHandler
 .text.EXTI3_IRQHandler
                0x0000000008001272        0x6 Core/Src/stm32g4xx_it.o
                0x0000000008001272                EXTI3_IRQHandler
 .text.EXTI4_IRQHandler
                0x0000000008001278        0x6 Core/Src/stm32g4xx_it.o
                0x0000000008001278                EXTI4_IRQHandler
 *fill*         0x000000000800127e        0x2 
 .text.DMA1_Channel1_IRQHandler
                0x0000000008001280        0xc Core/Src/stm32g4xx_it.o
                0x0000000008001280                DMA1_Channel1_IRQHandler
 .text.DMAMUX_OVR_IRQHandler
                0x000000000800128c        0xc Core/Src/stm32g4xx_it.o
                0x000000000800128c                DMAMUX_OVR_IRQHandler
 .text._read    0x0000000008001298       0x1a Core/Src/syscalls.o
                0x0000000008001298                _read
 .text._write   0x00000000080012b2       0x1a Core/Src/syscalls.o
                0x00000000080012b2                _write
 .text._close   0x00000000080012cc        0x6 Core/Src/syscalls.o
                0x00000000080012cc                _close
 .text._fstat   0x00000000080012d2        0xa Core/Src/syscalls.o
                0x00000000080012d2                _fstat
 .text._isatty  0x00000000080012dc        0x4 Core/Src/syscalls.o
                0x00000000080012dc                _isatty
 .text._lseek   0x00000000080012e0        0x4 Core/Src/syscalls.o
                0x00000000080012e0                _lseek
 .text._sbrk    0x00000000080012e4       0x40 Core/Src/sysmem.o
                0x00000000080012e4                _sbrk
 .text.SystemInit
                0x0000000008001324       0x1c Core/Src/system_stm32g4xx.o
                0x0000000008001324                SystemInit
 .text.Reset_Handler
                0x0000000008001340       0x50 Core/Startup/startup_stm32g431k6tx.o
                0x0000000008001340                Reset_Handler
 .text.Default_Handler
                0x0000000008001390        0x2 Core/Startup/startup_stm32g431k6tx.o
                0x0000000008001390                RTC_Alarm_IRQHandler
                0x0000000008001390                EXTI2_IRQHandler
                0x0000000008001390                TIM8_TRG_COM_IRQHandler
                0x0000000008001390                TIM8_CC_IRQHandler
                0x0000000008001390                TIM1_CC_IRQHandler
                0x0000000008001390                USB_HP_IRQHandler
                0x0000000008001390                CORDIC_IRQHandler
                0x0000000008001390                I2C3_ER_IRQHandler
                0x0000000008001390                I2C2_EV_IRQHandler
                0x0000000008001390                FPU_IRQHandler
                0x0000000008001390                FDCAN1_IT1_IRQHandler
                0x0000000008001390                TIM1_UP_TIM16_IRQHandler
                0x0000000008001390                ADC1_2_IRQHandler
                0x0000000008001390                SPI1_IRQHandler
                0x0000000008001390                TIM6_DAC_IRQHandler
                0x0000000008001390                TIM8_UP_IRQHandler
                0x0000000008001390                DMA2_Channel2_IRQHandler
                0x0000000008001390                DMA1_Channel4_IRQHandler
                0x0000000008001390                USART3_IRQHandler
                0x0000000008001390                TIM4_IRQHandler
                0x0000000008001390                DMA2_Channel1_IRQHandler
                0x0000000008001390                I2C1_EV_IRQHandler
                0x0000000008001390                DMA1_Channel6_IRQHandler
                0x0000000008001390                UART4_IRQHandler
                0x0000000008001390                DMA2_Channel4_IRQHandler
                0x0000000008001390                TIM3_IRQHandler
                0x0000000008001390                RCC_IRQHandler
                0x0000000008001390                Default_Handler
                0x0000000008001390                RTC_TAMP_LSECSS_IRQHandler
                0x0000000008001390                FMAC_IRQHandler
                0x0000000008001390                EXTI15_10_IRQHandler
                0x0000000008001390                TIM7_IRQHandler
                0x0000000008001390                UCPD1_IRQHandler
                0x0000000008001390                I2C3_EV_IRQHandler
                0x0000000008001390                EXTI9_5_IRQHandler
                0x0000000008001390                RTC_WKUP_IRQHandler
                0x0000000008001390                PVD_PVM_IRQHandler
                0x0000000008001390                SPI2_IRQHandler
                0x0000000008001390                DMA2_Channel5_IRQHandler
                0x0000000008001390                CRS_IRQHandler
                0x0000000008001390                DMA1_Channel5_IRQHandler
                0x0000000008001390                USB_LP_IRQHandler
                0x0000000008001390                RNG_IRQHandler
                0x0000000008001390                TIM1_TRG_COM_TIM17_IRQHandler
                0x0000000008001390                DMA1_Channel3_IRQHandler
                0x0000000008001390                WWDG_IRQHandler
                0x0000000008001390                LPUART1_IRQHandler
                0x0000000008001390                DMA2_Channel6_IRQHandler
                0x0000000008001390                FDCAN1_IT0_IRQHandler
                0x0000000008001390                TIM2_IRQHandler
                0x0000000008001390                COMP1_2_3_IRQHandler
                0x0000000008001390                EXTI1_IRQHandler
                0x0000000008001390                USART2_IRQHandler
                0x0000000008001390                I2C2_ER_IRQHandler
                0x0000000008001390                DMA1_Channel2_IRQHandler
                0x0000000008001390                TIM8_BRK_IRQHandler
                0x0000000008001390                FLASH_IRQHandler
                0x0000000008001390                USART1_IRQHandler
                0x0000000008001390                SPI3_IRQHandler
                0x0000000008001390                I2C1_ER_IRQHandler
                0x0000000008001390                LPTIM1_IRQHandler
                0x0000000008001390                USBWakeUp_IRQHandler
                0x0000000008001390                SAI1_IRQHandler
                0x0000000008001390                DMA2_Channel3_IRQHandler
                0x0000000008001390                COMP4_IRQHandler
                0x0000000008001390                TIM1_BRK_TIM15_IRQHandler
 *fill*         0x0000000008001392        0x2 
 .text.HAL_InitTick
                0x0000000008001394       0x4c Drivers/STM32G4xx_HAL_Driver/Src/stm32g4xx_hal.o
                0x0000000008001394                HAL_InitTick
 .text.HAL_Init
                0x00000000080013e0       0x1e Drivers/STM32G4xx_HAL_Driver/Src/stm32g4xx_hal.o
                0x00000000080013e0                HAL_Init
 *fill*         0x00000000080013fe        0x2 
 .text.HAL_IncTick
                0x0000000008001400       0x18 Drivers/STM32G4xx_HAL_Driver/Src/stm32g4xx_hal.o
                0x0000000008001400                HAL_IncTick
 .text.HAL_GetTick
                0x0000000008001418        0xc Drivers/STM32G4xx_HAL_Driver/Src/stm32g4xx_hal.o
                0x0000000008001418                HAL_GetTick
 .text.HAL_Delay
                0x0000000008001424       0x28 Drivers/STM32G4xx_HAL_Driver/Src/stm32g4xx_hal.o
                0x0000000008001424                HAL_Delay
 .text.HAL_NVIC_SetPriorityGrouping
                0x000000000800144c       0x24 Drivers/STM32G4xx_HAL_Driver/Src/stm32g4xx_hal_cortex.o
                0x000000000800144c                HAL_NVIC_SetPriorityGrouping
 .text.HAL_NVIC_SetPriority
                0x0000000008001470       0x64 Drivers/STM32G4xx_HAL_Driver/Src/stm32g4xx_hal_cortex.o
                0x0000000008001470                HAL_NVIC_SetPriority
 .text.HAL_NVIC_EnableIRQ
                0x00000000080014d4       0x1c Drivers/STM32G4xx_HAL_Driver/Src/stm32g4xx_hal_cortex.o
                0x00000000080014d4                HAL_NVIC_EnableIRQ
 .text.HAL_NVIC_DisableIRQ
                0x00000000080014f0       0x28 Drivers/STM32G4xx_HAL_Driver/Src/stm32g4xx_hal_cortex.o
                0x00000000080014f0                HAL_NVIC_DisableIRQ
 .text.HAL_SYSTICK_Config
                0x0000000008001518       0x2c Drivers/STM32G4xx_HAL_Driver/Src/stm32g4xx_hal_cortex.o
                0x0000000008001518                HAL_SYSTICK_Config
 .text.DMA_CalcDMAMUXChannelBaseAndMask
                0x0000000008001544       0x48 Drivers/STM32G4xx_HAL_Driver/Src/stm32g4xx_hal_dma.o
 .text.HAL_DMA_Init
                0x000000000800158c       0xe0 Drivers/STM32G4xx_HAL_Driver/Src/stm32g4xx_hal_dma.o
                0x000000000800158c                HAL_DMA_Init
 .text.HAL_DMA_Abort
                0x000000000800166c       0x66 Drivers/STM32G4xx_HAL_Driver/Src/stm32g4xx_hal_dma.o
                0x000000000800166c                HAL_DMA_Abort
 .text.HAL_DMA_IRQHandler
                0x00000000080016d2       0x94 Drivers/STM32G4xx_HAL_Driver/Src/stm32g4xx_hal_dma.o
                0x00000000080016d2                HAL_DMA_IRQHandler
 .text.HAL_DMAEx_ConfigMuxSync
                0x0000000008001766       0x4a Drivers/STM32G4xx_HAL_Driver/Src/stm32g4xx_hal_dma_ex.o
                0x0000000008001766                HAL_DMAEx_ConfigMuxSync
 .text.HAL_DMAEx_ConfigMuxRequestGenerator
                0x00000000080017b0       0x4c Drivers/STM32G4xx_HAL_Driver/Src/stm32g4xx_hal_dma_ex.o
                0x00000000080017b0                HAL_DMAEx_ConfigMuxRequestGenerator
 .text.HAL_DMAEx_MUX_IRQHandler
                0x00000000080017fc       0x56 Drivers/STM32G4xx_HAL_Driver/Src/stm32g4xx_hal_dma_ex.o
                0x00000000080017fc                HAL_DMAEx_MUX_IRQHandler
 *fill*         0x0000000008001852        0x2 
 .text.HAL_GPIO_Init
                0x0000000008001854      0x198 Drivers/STM32G4xx_HAL_Driver/Src/stm32g4xx_hal_gpio.o
                0x0000000008001854                HAL_GPIO_Init
 .text.HAL_GPIO_WritePin
                0x00000000080019ec        0xa Drivers/STM32G4xx_HAL_Driver/Src/stm32g4xx_hal_gpio.o
                0x00000000080019ec                HAL_GPIO_WritePin
 *fill*         0x00000000080019f6        0x2 
 .text.HAL_GPIO_EXTI_IRQHandler
                0x00000000080019f8       0x18 Drivers/STM32G4xx_HAL_Driver/Src/stm32g4xx_hal_gpio.o
                0x00000000080019f8                HAL_GPIO_EXTI_IRQHandler
 .text.I2C_Flush_TXDR
                0x0000000008001a10       0x1c Drivers/STM32G4xx_HAL_Driver/Src/stm32g4xx_hal_i2c.o
 .text.I2C_TransferConfig
                0x0000000008001a2c       0x28 Drivers/STM32G4xx_HAL_Driver/Src/stm32g4xx_hal_i2c.o
 .text.I2C_IsAcknowledgeFailed
                0x0000000008001a54       0x7a Drivers/STM32G4xx_HAL_Driver/Src/stm32g4xx_hal_i2c.o
 .text.I2C_WaitOnSTOPFlagUntilTimeout
                0x0000000008001ace       0x4a Drivers/STM32G4xx_HAL_Driver/Src/stm32g4xx_hal_i2c.o
 .text.I2C_WaitOnFlagUntilTimeout
                0x0000000008001b18       0x54 Drivers/STM32G4xx_HAL_Driver/Src/stm32g4xx_hal_i2c.o
 .text.I2C_WaitOnTXISFlagUntilTimeout
                0x0000000008001b6c       0x4e Drivers/STM32G4xx_HAL_Driver/Src/stm32g4xx_hal_i2c.o
 .text.HAL_I2C_Init
                0x0000000008001bba       0xa2 Drivers/STM32G4xx_HAL_Driver/Src/stm32g4xx_hal_i2c.o
                0x0000000008001bba                HAL_I2C_Init
 .text.HAL_I2C_Master_Transmit
                0x0000000008001c5c      0x12c Drivers/STM32G4xx_HAL_Driver/Src/stm32g4xx_hal_i2c.o
                0x0000000008001c5c                HAL_I2C_Master_Transmit
 .text.HAL_I2CEx_ConfigAnalogFilter
                0x0000000008001d88       0x4c Drivers/STM32G4xx_HAL_Driver/Src/stm32g4xx_hal_i2c_ex.o
                0x0000000008001d88                HAL_I2CEx_ConfigAnalogFilter
 .text.HAL_I2CEx_ConfigDigitalFilter
                0x0000000008001dd4       0x4a Drivers/STM32G4xx_HAL_Driver/Src/stm32g4xx_hal_i2c_ex.o
                0x0000000008001dd4                HAL_I2CEx_ConfigDigitalFilter
 *fill*         0x0000000008001e1e        0x2 
 .text.HAL_PWR_ConfigPVD
                0x0000000008001e20       0x70 Drivers/STM32G4xx_HAL_Driver/Src/stm32g4xx_hal_pwr.o
                0x0000000008001e20                HAL_PWR_ConfigPVD
 .text.HAL_PWR_EnablePVD
                0x0000000008001e90       0x10 Drivers/STM32G4xx_HAL_Driver/Src/stm32g4xx_hal_pwr.o
                0x0000000008001e90                HAL_PWR_EnablePVD
 .text.HAL_PWREx_ControlVoltageScaling
                0x0000000008001ea0       0xb8 Drivers/STM32G4xx_HAL_Driver/Src/stm32g4xx_hal_pwr_ex.o
                0x0000000008001ea0                HAL_PWREx_ControlVoltageScaling
 .text.HAL_PWREx_DisableUCPDDeadBattery
                0x0000000008001f58       0x10 Drivers/STM32G4xx_HAL_Driver/Src/stm32g4xx_hal_pwr_ex.o
                0x0000000008001f58                HAL_PWREx_DisableUCPDDeadBattery
 .text.HAL_RCC_OscConfig
                0x0000000008001f68      0x420 Drivers/STM32G4xx_HAL_Driver/Src/stm32g4xx_hal_rcc.o
                0x0000000008001f68                HAL_RCC_OscConfig
 .text.HAL_RCC_MCOConfig
                0x0000000008002388       0x50 Drivers/STM32G4xx_HAL_Driver/Src/stm32g4xx_hal_rcc.o
                0x0000000008002388                HAL_RCC_MCOConfig
 .text.HAL_RCC_GetSysClockFreq
                0x00000000080023d8       0x70 Drivers/STM32G4xx_HAL_Driver/Src/stm32g4xx_hal_rcc.o
                0x00000000080023d8                HAL_RCC_GetSysClockFreq
 .text.HAL_RCC_ClockConfig
                0x0000000008002448      0x1e8 Drivers/STM32G4xx_HAL_Driver/Src/stm32g4xx_hal_rcc.o
                0x0000000008002448                HAL_RCC_ClockConfig
 .text.HAL_RCC_GetPCLK1Freq
                0x0000000008002630       0x24 Drivers/STM32G4xx_HAL_Driver/Src/stm32g4xx_hal_rcc.o
                0x0000000008002630                HAL_RCC_GetPCLK1Freq
 .text.HAL_RCC_GetPCLK2Freq
                0x0000000008002654       0x24 Drivers/STM32G4xx_HAL_Driver/Src/stm32g4xx_hal_rcc.o
                0x0000000008002654                HAL_RCC_GetPCLK2Freq
 .text.HAL_RCCEx_PeriphCLKConfig
                0x0000000008002678      0x27c Drivers/STM32G4xx_HAL_Driver/Src/stm32g4xx_hal_rcc_ex.o
                0x0000000008002678                HAL_RCCEx_PeriphCLKConfig
 .text.TIM_OC1_SetConfig
                0x00000000080028f4       0x98 Drivers/STM32G4xx_HAL_Driver/Src/stm32g4xx_hal_tim.o
 .text.TIM_OC3_SetConfig
                0x000000000800298c       0x88 Drivers/STM32G4xx_HAL_Driver/Src/stm32g4xx_hal_tim.o
 .text.TIM_OC4_SetConfig
                0x0000000008002a14       0x8c Drivers/STM32G4xx_HAL_Driver/Src/stm32g4xx_hal_tim.o
 .text.TIM_OC5_SetConfig
                0x0000000008002aa0       0x68 Drivers/STM32G4xx_HAL_Driver/Src/stm32g4xx_hal_tim.o
 .text.TIM_OC6_SetConfig
                0x0000000008002b08       0x68 Drivers/STM32G4xx_HAL_Driver/Src/stm32g4xx_hal_tim.o
 .text.HAL_TIM_OC_MspInit
                0x0000000008002b70        0x2 Drivers/STM32G4xx_HAL_Driver/Src/stm32g4xx_hal_tim.o
                0x0000000008002b70                HAL_TIM_OC_MspInit
 *fill*         0x0000000008002b72        0x2 
 .text.TIM_Base_SetConfig
                0x0000000008002b74       0xbc Drivers/STM32G4xx_HAL_Driver/Src/stm32g4xx_hal_tim.o
                0x0000000008002b74                TIM_Base_SetConfig
 .text.HAL_TIM_Base_Init
                0x0000000008002c30       0x60 Drivers/STM32G4xx_HAL_Driver/Src/stm32g4xx_hal_tim.o
                0x0000000008002c30                HAL_TIM_Base_Init
 .text.HAL_TIM_OC_Init
                0x0000000008002c90       0x60 Drivers/STM32G4xx_HAL_Driver/Src/stm32g4xx_hal_tim.o
                0x0000000008002c90                HAL_TIM_OC_Init
 .text.TIM_OC2_SetConfig
                0x0000000008002cf0       0x8c Drivers/STM32G4xx_HAL_Driver/Src/stm32g4xx_hal_tim.o
                0x0000000008002cf0                TIM_OC2_SetConfig
 .text.HAL_TIM_OC_ConfigChannel
                0x0000000008002d7c       0x66 Drivers/STM32G4xx_HAL_Driver/Src/stm32g4xx_hal_tim.o
                0x0000000008002d7c                HAL_TIM_OC_ConfigChannel
 .text.TIM_ETR_SetConfig
                0x0000000008002de2       0x14 Drivers/STM32G4xx_HAL_Driver/Src/stm32g4xx_hal_tim.o
                0x0000000008002de2                TIM_ETR_SetConfig
 *fill*         0x0000000008002df6        0x2 
 .text.HAL_TIM_ConfigClockSource
                0x0000000008002df8      0x164 Drivers/STM32G4xx_HAL_Driver/Src/stm32g4xx_hal_tim.o
                0x0000000008002df8                HAL_TIM_ConfigClockSource
 .text.TIM_SlaveTimer_SetConfig
                0x0000000008002f5c       0xb2 Drivers/STM32G4xx_HAL_Driver/Src/stm32g4xx_hal_tim.o
 .text.HAL_TIM_SlaveConfigSynchro
                0x000000000800300e       0x4e Drivers/STM32G4xx_HAL_Driver/Src/stm32g4xx_hal_tim.o
                0x000000000800300e                HAL_TIM_SlaveConfigSynchro
 .text.TIM_CCxChannelCmd
                0x000000000800305c       0x1c Drivers/STM32G4xx_HAL_Driver/Src/stm32g4xx_hal_tim.o
                0x000000000800305c                TIM_CCxChannelCmd
 .text.HAL_TIMEx_MasterConfigSynchronization
                0x0000000008003078       0x88 Drivers/STM32G4xx_HAL_Driver/Src/stm32g4xx_hal_tim_ex.o
                0x0000000008003078                HAL_TIMEx_MasterConfigSynchronization
 .text.HAL_TIMEx_ConfigBreakDeadTime
                0x0000000008003100       0xb0 Drivers/STM32G4xx_HAL_Driver/Src/stm32g4xx_hal_tim_ex.o
                0x0000000008003100                HAL_TIMEx_ConfigBreakDeadTime
 .text.UART_SetConfig
                0x00000000080031b0      0x298 Drivers/STM32G4xx_HAL_Driver/Src/stm32g4xx_hal_uart.o
                0x00000000080031b0                UART_SetConfig
 .text.UART_AdvFeatureConfig
                0x0000000008003448       0xa8 Drivers/STM32G4xx_HAL_Driver/Src/stm32g4xx_hal_uart.o
                0x0000000008003448                UART_AdvFeatureConfig
 .text.UART_WaitOnFlagUntilTimeout
                0x00000000080034f0       0x94 Drivers/STM32G4xx_HAL_Driver/Src/stm32g4xx_hal_uart.o
                0x00000000080034f0                UART_WaitOnFlagUntilTimeout
 .text.UART_CheckIdleState
                0x0000000008003584       0x6a Drivers/STM32G4xx_HAL_Driver/Src/stm32g4xx_hal_uart.o
                0x0000000008003584                UART_CheckIdleState
 .text.HAL_UART_Init
                0x00000000080035ee       0x60 Drivers/STM32G4xx_HAL_Driver/Src/stm32g4xx_hal_uart.o
                0x00000000080035ee                HAL_UART_Init
 *fill*         0x000000000800364e        0x2 
 .text.UARTEx_SetNbDataToProcess
                0x0000000008003650       0x44 Drivers/STM32G4xx_HAL_Driver/Src/stm32g4xx_hal_uart_ex.o
 .text.HAL_UARTEx_DisableFifoMode
                0x0000000008003694       0x36 Drivers/STM32G4xx_HAL_Driver/Src/stm32g4xx_hal_uart_ex.o
                0x0000000008003694                HAL_UARTEx_DisableFifoMode
 .text.HAL_UARTEx_SetTxFifoThreshold
                0x00000000080036ca       0x48 Drivers/STM32G4xx_HAL_Driver/Src/stm32g4xx_hal_uart_ex.o
                0x00000000080036ca                HAL_UARTEx_SetTxFifoThreshold
 .text.HAL_UARTEx_SetRxFifoThreshold
                0x0000000008003712       0x48 Drivers/STM32G4xx_HAL_Driver/Src/stm32g4xx_hal_uart_ex.o
                0x0000000008003712                HAL_UARTEx_SetRxFifoThreshold
 *fill*         0x000000000800375a        0x2 
 .text.__errno  0x000000000800375c        0xc c:/st/stm32cubeide_1.6.1/stm32cubeide/plugins/com.st.stm32cube.ide.mcu.externaltools.gnu-tools-for-stm32.9-2020-q2-update.win32_1.5.0.202011040924/tools/bin/../lib/gcc/arm-none-eabi/9.3.1/../../../../arm-none-eabi/lib/thumb/v7e-m+fp/hard\libc_nano.a(lib_a-errno.o)
                0x000000000800375c                __errno
 .text.__libc_init_array
                0x0000000008003768       0x48 c:/st/stm32cubeide_1.6.1/stm32cubeide/plugins/com.st.stm32cube.ide.mcu.externaltools.gnu-tools-for-stm32.9-2020-q2-update.win32_1.5.0.202011040924/tools/bin/../lib/gcc/arm-none-eabi/9.3.1/../../../../arm-none-eabi/lib/thumb/v7e-m+fp/hard\libc_nano.a(lib_a-init.o)
                0x0000000008003768                __libc_init_array
 .text.memcpy   0x00000000080037b0       0x1c c:/st/stm32cubeide_1.6.1/stm32cubeide/plugins/com.st.stm32cube.ide.mcu.externaltools.gnu-tools-for-stm32.9-2020-q2-update.win32_1.5.0.202011040924/tools/bin/../lib/gcc/arm-none-eabi/9.3.1/../../../../arm-none-eabi/lib/thumb/v7e-m+fp/hard\libc_nano.a(lib_a-memcpy-stub.o)
                0x00000000080037b0                memcpy
 .text.memset   0x00000000080037cc       0x10 c:/st/stm32cubeide_1.6.1/stm32cubeide/plugins/com.st.stm32cube.ide.mcu.externaltools.gnu-tools-for-stm32.9-2020-q2-update.win32_1.5.0.202011040924/tools/bin/../lib/gcc/arm-none-eabi/9.3.1/../../../../arm-none-eabi/lib/thumb/v7e-m+fp/hard\libc_nano.a(lib_a-memset.o)
                0x00000000080037cc                memset
 .text.printf   0x00000000080037dc       0x30 c:/st/stm32cubeide_1.6.1/stm32cubeide/plugins/com.st.stm32cube.ide.mcu.externaltools.gnu-tools-for-stm32.9-2020-q2-update.win32_1.5.0.202011040924/tools/bin/../lib/gcc/arm-none-eabi/9.3.1/../../../../arm-none-eabi/lib/thumb/v7e-m+fp/hard\libc_nano.a(lib_a-printf.o)
                0x00000000080037dc                iprintf
                0x00000000080037dc                printf
 .text.putchar  0x000000000800380c       0x2c c:/st/stm32cubeide_1.6.1/stm32cubeide/plugins/com.st.stm32cube.ide.mcu.externaltools.gnu-tools-for-stm32.9-2020-q2-update.win32_1.5.0.202011040924/tools/bin/../lib/gcc/arm-none-eabi/9.3.1/../../../../arm-none-eabi/lib/thumb/v7e-m+fp/hard\libc_nano.a(lib_a-putchar.o)
                0x000000000800380c                putchar
 .text.__swbuf_r
                0x0000000008003838       0xa4 c:/st/stm32cubeide_1.6.1/stm32cubeide/plugins/com.st.stm32cube.ide.mcu.externaltools.gnu-tools-for-stm32.9-2020-q2-update.win32_1.5.0.202011040924/tools/bin/../lib/gcc/arm-none-eabi/9.3.1/../../../../arm-none-eabi/lib/thumb/v7e-m+fp/hard\libc_nano.a(lib_a-wbuf.o)
                0x0000000008003838                __swbuf_r
 .text.__swsetup_r
                0x00000000080038dc       0xdc c:/st/stm32cubeide_1.6.1/stm32cubeide/plugins/com.st.stm32cube.ide.mcu.externaltools.gnu-tools-for-stm32.9-2020-q2-update.win32_1.5.0.202011040924/tools/bin/../lib/gcc/arm-none-eabi/9.3.1/../../../../arm-none-eabi/lib/thumb/v7e-m+fp/hard\libc_nano.a(lib_a-wsetup.o)
                0x00000000080038dc                __swsetup_r
 .text.__sflush_r
                0x00000000080039b8      0x10c c:/st/stm32cubeide_1.6.1/stm32cubeide/plugins/com.st.stm32cube.ide.mcu.externaltools.gnu-tools-for-stm32.9-2020-q2-update.win32_1.5.0.202011040924/tools/bin/../lib/gcc/arm-none-eabi/9.3.1/../../../../arm-none-eabi/lib/thumb/v7e-m+fp/hard\libc_nano.a(lib_a-fflush.o)
                0x00000000080039b8                __sflush_r
 .text._fflush_r
                0x0000000008003ac4       0x78 c:/st/stm32cubeide_1.6.1/stm32cubeide/plugins/com.st.stm32cube.ide.mcu.externaltools.gnu-tools-for-stm32.9-2020-q2-update.win32_1.5.0.202011040924/tools/bin/../lib/gcc/arm-none-eabi/9.3.1/../../../../arm-none-eabi/lib/thumb/v7e-m+fp/hard\libc_nano.a(lib_a-fflush.o)
                0x0000000008003ac4                _fflush_r
 .text.std      0x0000000008003b3c       0x48 c:/st/stm32cubeide_1.6.1/stm32cubeide/plugins/com.st.stm32cube.ide.mcu.externaltools.gnu-tools-for-stm32.9-2020-q2-update.win32_1.5.0.202011040924/tools/bin/../lib/gcc/arm-none-eabi/9.3.1/../../../../arm-none-eabi/lib/thumb/v7e-m+fp/hard\libc_nano.a(lib_a-findfp.o)
 .text._cleanup_r
                0x0000000008003b84        0xc c:/st/stm32cubeide_1.6.1/stm32cubeide/plugins/com.st.stm32cube.ide.mcu.externaltools.gnu-tools-for-stm32.9-2020-q2-update.win32_1.5.0.202011040924/tools/bin/../lib/gcc/arm-none-eabi/9.3.1/../../../../arm-none-eabi/lib/thumb/v7e-m+fp/hard\libc_nano.a(lib_a-findfp.o)
                0x0000000008003b84                _cleanup_r
 .text.__sfmoreglue
                0x0000000008003b90       0x2c c:/st/stm32cubeide_1.6.1/stm32cubeide/plugins/com.st.stm32cube.ide.mcu.externaltools.gnu-tools-for-stm32.9-2020-q2-update.win32_1.5.0.202011040924/tools/bin/../lib/gcc/arm-none-eabi/9.3.1/../../../../arm-none-eabi/lib/thumb/v7e-m+fp/hard\libc_nano.a(lib_a-findfp.o)
                0x0000000008003b90                __sfmoreglue
 .text.__sfp_lock_acquire
                0x0000000008003bbc        0xc c:/st/stm32cubeide_1.6.1/stm32cubeide/plugins/com.st.stm32cube.ide.mcu.externaltools.gnu-tools-for-stm32.9-2020-q2-update.win32_1.5.0.202011040924/tools/bin/../lib/gcc/arm-none-eabi/9.3.1/../../../../arm-none-eabi/lib/thumb/v7e-m+fp/hard\libc_nano.a(lib_a-findfp.o)
                0x0000000008003bbc                __sfp_lock_acquire
 .text.__sfp_lock_release
                0x0000000008003bc8        0xc c:/st/stm32cubeide_1.6.1/stm32cubeide/plugins/com.st.stm32cube.ide.mcu.externaltools.gnu-tools-for-stm32.9-2020-q2-update.win32_1.5.0.202011040924/tools/bin/../lib/gcc/arm-none-eabi/9.3.1/../../../../arm-none-eabi/lib/thumb/v7e-m+fp/hard\libc_nano.a(lib_a-findfp.o)
                0x0000000008003bc8                __sfp_lock_release
 .text.__sinit_lock_acquire
                0x0000000008003bd4        0xc c:/st/stm32cubeide_1.6.1/stm32cubeide/plugins/com.st.stm32cube.ide.mcu.externaltools.gnu-tools-for-stm32.9-2020-q2-update.win32_1.5.0.202011040924/tools/bin/../lib/gcc/arm-none-eabi/9.3.1/../../../../arm-none-eabi/lib/thumb/v7e-m+fp/hard\libc_nano.a(lib_a-findfp.o)
                0x0000000008003bd4                __sinit_lock_acquire
 .text.__sinit_lock_release
                0x0000000008003be0        0xc c:/st/stm32cubeide_1.6.1/stm32cubeide/plugins/com.st.stm32cube.ide.mcu.externaltools.gnu-tools-for-stm32.9-2020-q2-update.win32_1.5.0.202011040924/tools/bin/../lib/gcc/arm-none-eabi/9.3.1/../../../../arm-none-eabi/lib/thumb/v7e-m+fp/hard\libc_nano.a(lib_a-findfp.o)
                0x0000000008003be0                __sinit_lock_release
 .text.__sinit  0x0000000008003bec       0x70 c:/st/stm32cubeide_1.6.1/stm32cubeide/plugins/com.st.stm32cube.ide.mcu.externaltools.gnu-tools-for-stm32.9-2020-q2-update.win32_1.5.0.202011040924/tools/bin/../lib/gcc/arm-none-eabi/9.3.1/../../../../arm-none-eabi/lib/thumb/v7e-m+fp/hard\libc_nano.a(lib_a-findfp.o)
                0x0000000008003bec                __sinit
 .text.__sfp    0x0000000008003c5c       0x8c c:/st/stm32cubeide_1.6.1/stm32cubeide/plugins/com.st.stm32cube.ide.mcu.externaltools.gnu-tools-for-stm32.9-2020-q2-update.win32_1.5.0.202011040924/tools/bin/../lib/gcc/arm-none-eabi/9.3.1/../../../../arm-none-eabi/lib/thumb/v7e-m+fp/hard\libc_nano.a(lib_a-findfp.o)
                0x0000000008003c5c                __sfp
 .text._fwalk_reent
                0x0000000008003ce8       0x3e c:/st/stm32cubeide_1.6.1/stm32cubeide/plugins/com.st.stm32cube.ide.mcu.externaltools.gnu-tools-for-stm32.9-2020-q2-update.win32_1.5.0.202011040924/tools/bin/../lib/gcc/arm-none-eabi/9.3.1/../../../../arm-none-eabi/lib/thumb/v7e-m+fp/hard\libc_nano.a(lib_a-fwalk.o)
                0x0000000008003ce8                _fwalk_reent
 .text.__retarget_lock_init_recursive
                0x0000000008003d26        0x2 c:/st/stm32cubeide_1.6.1/stm32cubeide/plugins/com.st.stm32cube.ide.mcu.externaltools.gnu-tools-for-stm32.9-2020-q2-update.win32_1.5.0.202011040924/tools/bin/../lib/gcc/arm-none-eabi/9.3.1/../../../../arm-none-eabi/lib/thumb/v7e-m+fp/hard\libc_nano.a(lib_a-lock.o)
                0x0000000008003d26                __retarget_lock_init_recursive
 .text.__retarget_lock_acquire_recursive
                0x0000000008003d28        0x2 c:/st/stm32cubeide_1.6.1/stm32cubeide/plugins/com.st.stm32cube.ide.mcu.externaltools.gnu-tools-for-stm32.9-2020-q2-update.win32_1.5.0.202011040924/tools/bin/../lib/gcc/arm-none-eabi/9.3.1/../../../../arm-none-eabi/lib/thumb/v7e-m+fp/hard\libc_nano.a(lib_a-lock.o)
                0x0000000008003d28                __retarget_lock_acquire_recursive
 .text.__retarget_lock_release_recursive
                0x0000000008003d2a        0x2 c:/st/stm32cubeide_1.6.1/stm32cubeide/plugins/com.st.stm32cube.ide.mcu.externaltools.gnu-tools-for-stm32.9-2020-q2-update.win32_1.5.0.202011040924/tools/bin/../lib/gcc/arm-none-eabi/9.3.1/../../../../arm-none-eabi/lib/thumb/v7e-m+fp/hard\libc_nano.a(lib_a-lock.o)
                0x0000000008003d2a                __retarget_lock_release_recursive
 .text.__swhatbuf_r
                0x0000000008003d2c       0x48 c:/st/stm32cubeide_1.6.1/stm32cubeide/plugins/com.st.stm32cube.ide.mcu.externaltools.gnu-tools-for-stm32.9-2020-q2-update.win32_1.5.0.202011040924/tools/bin/../lib/gcc/arm-none-eabi/9.3.1/../../../../arm-none-eabi/lib/thumb/v7e-m+fp/hard\libc_nano.a(lib_a-makebuf.o)
                0x0000000008003d2c                __swhatbuf_r
 .text.__smakebuf_r
                0x0000000008003d74       0x80 c:/st/stm32cubeide_1.6.1/stm32cubeide/plugins/com.st.stm32cube.ide.mcu.externaltools.gnu-tools-for-stm32.9-2020-q2-update.win32_1.5.0.202011040924/tools/bin/../lib/gcc/arm-none-eabi/9.3.1/../../../../arm-none-eabi/lib/thumb/v7e-m+fp/hard\libc_nano.a(lib_a-makebuf.o)
                0x0000000008003d74                __smakebuf_r
 .text._free_r  0x0000000008003df4       0xa0 c:/st/stm32cubeide_1.6.1/stm32cubeide/plugins/com.st.stm32cube.ide.mcu.externaltools.gnu-tools-for-stm32.9-2020-q2-update.win32_1.5.0.202011040924/tools/bin/../lib/gcc/arm-none-eabi/9.3.1/../../../../arm-none-eabi/lib/thumb/v7e-m+fp/hard\libc_nano.a(lib_a-nano-freer.o)
                0x0000000008003df4                _free_r
 .text._malloc_r
                0x0000000008003e94       0xb4 c:/st/stm32cubeide_1.6.1/stm32cubeide/plugins/com.st.stm32cube.ide.mcu.externaltools.gnu-tools-for-stm32.9-2020-q2-update.win32_1.5.0.202011040924/tools/bin/../lib/gcc/arm-none-eabi/9.3.1/../../../../arm-none-eabi/lib/thumb/v7e-m+fp/hard\libc_nano.a(lib_a-nano-mallocr.o)
                0x0000000008003e94                _malloc_r
 .text.__sfputc_r
                0x0000000008003f48       0x2e c:/st/stm32cubeide_1.6.1/stm32cubeide/plugins/com.st.stm32cube.ide.mcu.externaltools.gnu-tools-for-stm32.9-2020-q2-update.win32_1.5.0.202011040924/tools/bin/../lib/gcc/arm-none-eabi/9.3.1/../../../../arm-none-eabi/lib/thumb/v7e-m+fp/hard\libc_nano.a(lib_a-nano-vfprintf.o)
 .text.__sfputs_r
                0x0000000008003f76       0x24 c:/st/stm32cubeide_1.6.1/stm32cubeide/plugins/com.st.stm32cube.ide.mcu.externaltools.gnu-tools-for-stm32.9-2020-q2-update.win32_1.5.0.202011040924/tools/bin/../lib/gcc/arm-none-eabi/9.3.1/../../../../arm-none-eabi/lib/thumb/v7e-m+fp/hard\libc_nano.a(lib_a-nano-vfprintf.o)
                0x0000000008003f76                __sfputs_r
 *fill*         0x0000000008003f9a        0x2 
 .text._vfprintf_r
                0x0000000008003f9c      0x260 c:/st/stm32cubeide_1.6.1/stm32cubeide/plugins/com.st.stm32cube.ide.mcu.externaltools.gnu-tools-for-stm32.9-2020-q2-update.win32_1.5.0.202011040924/tools/bin/../lib/gcc/arm-none-eabi/9.3.1/../../../../arm-none-eabi/lib/thumb/v7e-m+fp/hard\libc_nano.a(lib_a-nano-vfprintf.o)
                0x0000000008003f9c                _vfprintf_r
                0x0000000008003f9c                _vfiprintf_r
 .text._printf_common
                0x00000000080041fc       0xda c:/st/stm32cubeide_1.6.1/stm32cubeide/plugins/com.st.stm32cube.ide.mcu.externaltools.gnu-tools-for-stm32.9-2020-q2-update.win32_1.5.0.202011040924/tools/bin/../lib/gcc/arm-none-eabi/9.3.1/../../../../arm-none-eabi/lib/thumb/v7e-m+fp/hard\libc_nano.a(lib_a-nano-vfprintf_i.o)
                0x00000000080041fc                _printf_common
 *fill*         0x00000000080042d6        0x2 
 .text._printf_i
                0x00000000080042d8      0x24c c:/st/stm32cubeide_1.6.1/stm32cubeide/plugins/com.st.stm32cube.ide.mcu.externaltools.gnu-tools-for-stm32.9-2020-q2-update.win32_1.5.0.202011040924/tools/bin/../lib/gcc/arm-none-eabi/9.3.1/../../../../arm-none-eabi/lib/thumb/v7e-m+fp/hard\libc_nano.a(lib_a-nano-vfprintf_i.o)
                0x00000000080042d8                _printf_i
 .text._putc_r  0x0000000008004524       0x90 c:/st/stm32cubeide_1.6.1/stm32cubeide/plugins/com.st.stm32cube.ide.mcu.externaltools.gnu-tools-for-stm32.9-2020-q2-update.win32_1.5.0.202011040924/tools/bin/../lib/gcc/arm-none-eabi/9.3.1/../../../../arm-none-eabi/lib/thumb/v7e-m+fp/hard\libc_nano.a(lib_a-putc.o)
                0x0000000008004524                _putc_r
 .text._sbrk_r  0x00000000080045b4       0x20 c:/st/stm32cubeide_1.6.1/stm32cubeide/plugins/com.st.stm32cube.ide.mcu.externaltools.gnu-tools-for-stm32.9-2020-q2-update.win32_1.5.0.202011040924/tools/bin/../lib/gcc/arm-none-eabi/9.3.1/../../../../arm-none-eabi/lib/thumb/v7e-m+fp/hard\libc_nano.a(lib_a-sbrkr.o)
                0x00000000080045b4                _sbrk_r
 .text.__sread  0x00000000080045d4       0x22 c:/st/stm32cubeide_1.6.1/stm32cubeide/plugins/com.st.stm32cube.ide.mcu.externaltools.gnu-tools-for-stm32.9-2020-q2-update.win32_1.5.0.202011040924/tools/bin/../lib/gcc/arm-none-eabi/9.3.1/../../../../arm-none-eabi/lib/thumb/v7e-m+fp/hard\libc_nano.a(lib_a-stdio.o)
                0x00000000080045d4                __sread
 .text.__swrite
                0x00000000080045f6       0x38 c:/st/stm32cubeide_1.6.1/stm32cubeide/plugins/com.st.stm32cube.ide.mcu.externaltools.gnu-tools-for-stm32.9-2020-q2-update.win32_1.5.0.202011040924/tools/bin/../lib/gcc/arm-none-eabi/9.3.1/../../../../arm-none-eabi/lib/thumb/v7e-m+fp/hard\libc_nano.a(lib_a-stdio.o)
                0x00000000080045f6                __swrite
 .text.__sseek  0x000000000800462e       0x24 c:/st/stm32cubeide_1.6.1/stm32cubeide/plugins/com.st.stm32cube.ide.mcu.externaltools.gnu-tools-for-stm32.9-2020-q2-update.win32_1.5.0.202011040924/tools/bin/../lib/gcc/arm-none-eabi/9.3.1/../../../../arm-none-eabi/lib/thumb/v7e-m+fp/hard\libc_nano.a(lib_a-stdio.o)
                0x000000000800462e                __sseek
 .text.__sclose
                0x0000000008004652        0x8 c:/st/stm32cubeide_1.6.1/stm32cubeide/plugins/com.st.stm32cube.ide.mcu.externaltools.gnu-tools-for-stm32.9-2020-q2-update.win32_1.5.0.202011040924/tools/bin/../lib/gcc/arm-none-eabi/9.3.1/../../../../arm-none-eabi/lib/thumb/v7e-m+fp/hard\libc_nano.a(lib_a-stdio.o)
                0x0000000008004652                __sclose
 *fill*         0x000000000800465a        0x2 
 .text._write_r
                0x000000000800465c       0x24 c:/st/stm32cubeide_1.6.1/stm32cubeide/plugins/com.st.stm32cube.ide.mcu.externaltools.gnu-tools-for-stm32.9-2020-q2-update.win32_1.5.0.202011040924/tools/bin/../lib/gcc/arm-none-eabi/9.3.1/../../../../arm-none-eabi/lib/thumb/v7e-m+fp/hard\libc_nano.a(lib_a-writer.o)
                0x000000000800465c                _write_r
 .text._close_r
                0x0000000008004680       0x20 c:/st/stm32cubeide_1.6.1/stm32cubeide/plugins/com.st.stm32cube.ide.mcu.externaltools.gnu-tools-for-stm32.9-2020-q2-update.win32_1.5.0.202011040924/tools/bin/../lib/gcc/arm-none-eabi/9.3.1/../../../../arm-none-eabi/lib/thumb/v7e-m+fp/hard\libc_nano.a(lib_a-closer.o)
                0x0000000008004680                _close_r
 .text._fstat_r
                0x00000000080046a0       0x24 c:/st/stm32cubeide_1.6.1/stm32cubeide/plugins/com.st.stm32cube.ide.mcu.externaltools.gnu-tools-for-stm32.9-2020-q2-update.win32_1.5.0.202011040924/tools/bin/../lib/gcc/arm-none-eabi/9.3.1/../../../../arm-none-eabi/lib/thumb/v7e-m+fp/hard\libc_nano.a(lib_a-fstatr.o)
                0x00000000080046a0                _fstat_r
 .text._isatty_r
                0x00000000080046c4       0x20 c:/st/stm32cubeide_1.6.1/stm32cubeide/plugins/com.st.stm32cube.ide.mcu.externaltools.gnu-tools-for-stm32.9-2020-q2-update.win32_1.5.0.202011040924/tools/bin/../lib/gcc/arm-none-eabi/9.3.1/../../../../arm-none-eabi/lib/thumb/v7e-m+fp/hard\libc_nano.a(lib_a-isattyr.o)
                0x00000000080046c4                _isatty_r
 .text._lseek_r
                0x00000000080046e4       0x24 c:/st/stm32cubeide_1.6.1/stm32cubeide/plugins/com.st.stm32cube.ide.mcu.externaltools.gnu-tools-for-stm32.9-2020-q2-update.win32_1.5.0.202011040924/tools/bin/../lib/gcc/arm-none-eabi/9.3.1/../../../../arm-none-eabi/lib/thumb/v7e-m+fp/hard\libc_nano.a(lib_a-lseekr.o)
                0x00000000080046e4                _lseek_r
 .text.__malloc_lock
                0x0000000008004708        0xc c:/st/stm32cubeide_1.6.1/stm32cubeide/plugins/com.st.stm32cube.ide.mcu.externaltools.gnu-tools-for-stm32.9-2020-q2-update.win32_1.5.0.202011040924/tools/bin/../lib/gcc/arm-none-eabi/9.3.1/../../../../arm-none-eabi/lib/thumb/v7e-m+fp/hard\libc_nano.a(lib_a-mlock.o)
                0x0000000008004708                __malloc_lock
 .text.__malloc_unlock
                0x0000000008004714        0xc c:/st/stm32cubeide_1.6.1/stm32cubeide/plugins/com.st.stm32cube.ide.mcu.externaltools.gnu-tools-for-stm32.9-2020-q2-update.win32_1.5.0.202011040924/tools/bin/../lib/gcc/arm-none-eabi/9.3.1/../../../../arm-none-eabi/lib/thumb/v7e-m+fp/hard\libc_nano.a(lib_a-mlock.o)
                0x0000000008004714                __malloc_unlock
 .text._read_r  0x0000000008004720       0x24 c:/st/stm32cubeide_1.6.1/stm32cubeide/plugins/com.st.stm32cube.ide.mcu.externaltools.gnu-tools-for-stm32.9-2020-q2-update.win32_1.5.0.202011040924/tools/bin/../lib/gcc/arm-none-eabi/9.3.1/../../../../arm-none-eabi/lib/thumb/v7e-m+fp/hard\libc_nano.a(lib_a-readr.o)
                0x0000000008004720                _read_r
 *(.glue_7)
 .glue_7        0x0000000008004744        0x0 linker stubs
 *(.glue_7t)
 .glue_7t       0x0000000008004744        0x0 linker stubs
 *(.eh_frame)
 .eh_frame      0x0000000008004744        0x0 c:/st/stm32cubeide_1.6.1/stm32cubeide/plugins/com.st.stm32cube.ide.mcu.externaltools.gnu-tools-for-stm32.9-2020-q2-update.win32_1.5.0.202011040924/tools/bin/../lib/gcc/arm-none-eabi/9.3.1/thumb/v7e-m+fp/hard/crtbegin.o
 *(.init)
 .init          0x0000000008004744        0x4 c:/st/stm32cubeide_1.6.1/stm32cubeide/plugins/com.st.stm32cube.ide.mcu.externaltools.gnu-tools-for-stm32.9-2020-q2-update.win32_1.5.0.202011040924/tools/bin/../lib/gcc/arm-none-eabi/9.3.1/thumb/v7e-m+fp/hard/crti.o
                0x0000000008004744                _init
 .init          0x0000000008004748        0x8 c:/st/stm32cubeide_1.6.1/stm32cubeide/plugins/com.st.stm32cube.ide.mcu.externaltools.gnu-tools-for-stm32.9-2020-q2-update.win32_1.5.0.202011040924/tools/bin/../lib/gcc/arm-none-eabi/9.3.1/thumb/v7e-m+fp/hard/crtn.o
 *(.fini)
 .fini          0x0000000008004750        0x4 c:/st/stm32cubeide_1.6.1/stm32cubeide/plugins/com.st.stm32cube.ide.mcu.externaltools.gnu-tools-for-stm32.9-2020-q2-update.win32_1.5.0.202011040924/tools/bin/../lib/gcc/arm-none-eabi/9.3.1/thumb/v7e-m+fp/hard/crti.o
                0x0000000008004750                _fini
 .fini          0x0000000008004754        0x8 c:/st/stm32cubeide_1.6.1/stm32cubeide/plugins/com.st.stm32cube.ide.mcu.externaltools.gnu-tools-for-stm32.9-2020-q2-update.win32_1.5.0.202011040924/tools/bin/../lib/gcc/arm-none-eabi/9.3.1/thumb/v7e-m+fp/hard/crtn.o
                0x000000000800475c                . = ALIGN (0x4)
                0x000000000800475c                _etext = .

.vfp11_veneer   0x000000000800475c        0x0
 .vfp11_veneer  0x000000000800475c        0x0 linker stubs

.v4_bx          0x000000000800475c        0x0
 .v4_bx         0x000000000800475c        0x0 linker stubs

.iplt           0x000000000800475c        0x0
 .iplt          0x000000000800475c        0x0 c:/st/stm32cubeide_1.6.1/stm32cubeide/plugins/com.st.stm32cube.ide.mcu.externaltools.gnu-tools-for-stm32.9-2020-q2-update.win32_1.5.0.202011040924/tools/bin/../lib/gcc/arm-none-eabi/9.3.1/thumb/v7e-m+fp/hard/crtbegin.o

.rodata         0x000000000800475c      0x194
                0x000000000800475c                . = ALIGN (0x4)
 *(.rodata)
 .rodata        0x000000000800475c        0x8 Core/Src/App/master.o
 *(.rodata*)
 .rodata.SystemError.str1.1
                0x0000000008004764       0x1f Core/Src/App/master.o
 .rodata.SetStateSystem.str1.1
                0x0000000008004783        0xc Core/Src/UniSM/system.o
 .rodata.str1.1
                0x000000000800478f       0x52 Core/Src/UniSM/system.o
                                         0x5e (size before relaxing)
 *fill*         0x00000000080047e1        0x3 
 .rodata.system_state_enum_strings
                0x00000000080047e4       0x24 Core/Src/UniSM/system.o
 .rodata.AHBPrescTable
                0x0000000008004808       0x10 Core/Src/system_stm32g4xx.o
                0x0000000008004808                AHBPrescTable
 .rodata.APBPrescTable
                0x0000000008004818        0x8 Core/Src/system_stm32g4xx.o
                0x0000000008004818                APBPrescTable
 .rodata.CSWTCH.58
                0x0000000008004820        0x3 Drivers/STM32G4xx_HAL_Driver/Src/stm32g4xx_hal_uart.o
 .rodata.CSWTCH.59
                0x0000000008004823        0xd Drivers/STM32G4xx_HAL_Driver/Src/stm32g4xx_hal_uart.o
 .rodata.UARTPrescTable
                0x0000000008004830       0x18 Drivers/STM32G4xx_HAL_Driver/Src/stm32g4xx_hal_uart.o
                0x0000000008004830                UARTPrescTable
 .rodata.denominator.8924
                0x0000000008004848        0x8 Drivers/STM32G4xx_HAL_Driver/Src/stm32g4xx_hal_uart_ex.o
 .rodata.numerator.8923
                0x0000000008004850        0x8 Drivers/STM32G4xx_HAL_Driver/Src/stm32g4xx_hal_uart_ex.o
 .rodata._global_impure_ptr
                0x0000000008004858        0x4 c:/st/stm32cubeide_1.6.1/stm32cubeide/plugins/com.st.stm32cube.ide.mcu.externaltools.gnu-tools-for-stm32.9-2020-q2-update.win32_1.5.0.202011040924/tools/bin/../lib/gcc/arm-none-eabi/9.3.1/../../../../arm-none-eabi/lib/thumb/v7e-m+fp/hard\libc_nano.a(lib_a-impure.o)
                0x0000000008004858                _global_impure_ptr
 .rodata.__sf_fake_stderr
                0x000000000800485c       0x20 c:/st/stm32cubeide_1.6.1/stm32cubeide/plugins/com.st.stm32cube.ide.mcu.externaltools.gnu-tools-for-stm32.9-2020-q2-update.win32_1.5.0.202011040924/tools/bin/../lib/gcc/arm-none-eabi/9.3.1/../../../../arm-none-eabi/lib/thumb/v7e-m+fp/hard\libc_nano.a(lib_a-findfp.o)
                0x000000000800485c                __sf_fake_stderr
 .rodata.__sf_fake_stdin
                0x000000000800487c       0x20 c:/st/stm32cubeide_1.6.1/stm32cubeide/plugins/com.st.stm32cube.ide.mcu.externaltools.gnu-tools-for-stm32.9-2020-q2-update.win32_1.5.0.202011040924/tools/bin/../lib/gcc/arm-none-eabi/9.3.1/../../../../arm-none-eabi/lib/thumb/v7e-m+fp/hard\libc_nano.a(lib_a-findfp.o)
                0x000000000800487c                __sf_fake_stdin
 .rodata.__sf_fake_stdout
                0x000000000800489c       0x20 c:/st/stm32cubeide_1.6.1/stm32cubeide/plugins/com.st.stm32cube.ide.mcu.externaltools.gnu-tools-for-stm32.9-2020-q2-update.win32_1.5.0.202011040924/tools/bin/../lib/gcc/arm-none-eabi/9.3.1/../../../../arm-none-eabi/lib/thumb/v7e-m+fp/hard\libc_nano.a(lib_a-findfp.o)
                0x000000000800489c                __sf_fake_stdout
 .rodata._vfprintf_r.str1.1
                0x00000000080048bc       0x11 c:/st/stm32cubeide_1.6.1/stm32cubeide/plugins/com.st.stm32cube.ide.mcu.externaltools.gnu-tools-for-stm32.9-2020-q2-update.win32_1.5.0.202011040924/tools/bin/../lib/gcc/arm-none-eabi/9.3.1/../../../../arm-none-eabi/lib/thumb/v7e-m+fp/hard\libc_nano.a(lib_a-nano-vfprintf.o)
 .rodata._printf_i.str1.1
                0x00000000080048cd       0x22 c:/st/stm32cubeide_1.6.1/stm32cubeide/plugins/com.st.stm32cube.ide.mcu.externaltools.gnu-tools-for-stm32.9-2020-q2-update.win32_1.5.0.202011040924/tools/bin/../lib/gcc/arm-none-eabi/9.3.1/../../../../arm-none-eabi/lib/thumb/v7e-m+fp/hard\libc_nano.a(lib_a-nano-vfprintf_i.o)
                0x00000000080048f0                . = ALIGN (0x4)
 *fill*         0x00000000080048ef        0x1 

.ARM.extab      0x00000000080048f0        0x0
                0x00000000080048f0                . = ALIGN (0x4)
 *(.ARM.extab* .gnu.linkonce.armextab.*)
                0x00000000080048f0                . = ALIGN (0x4)

.ARM            0x00000000080048f0        0x8
                0x00000000080048f0                . = ALIGN (0x4)
                0x00000000080048f0                __exidx_start = .
 *(.ARM.exidx*)
 .ARM.exidx     0x00000000080048f0        0x8 c:/st/stm32cubeide_1.6.1/stm32cubeide/plugins/com.st.stm32cube.ide.mcu.externaltools.gnu-tools-for-stm32.9-2020-q2-update.win32_1.5.0.202011040924/tools/bin/../lib/gcc/arm-none-eabi/9.3.1/thumb/v7e-m+fp/hard\libgcc.a(_udivmoddi4.o)
                0x00000000080048f8                __exidx_end = .
                0x00000000080048f8                . = ALIGN (0x4)

.rel.dyn        0x00000000080048f8        0x0
 .rel.iplt      0x00000000080048f8        0x0 c:/st/stm32cubeide_1.6.1/stm32cubeide/plugins/com.st.stm32cube.ide.mcu.externaltools.gnu-tools-for-stm32.9-2020-q2-update.win32_1.5.0.202011040924/tools/bin/../lib/gcc/arm-none-eabi/9.3.1/thumb/v7e-m+fp/hard/crtbegin.o

.preinit_array  0x00000000080048f8        0x0
                0x00000000080048f8                . = ALIGN (0x4)
                0x00000000080048f8                PROVIDE (__preinit_array_start = .)
 *(.preinit_array*)
                0x00000000080048f8                PROVIDE (__preinit_array_end = .)
                0x00000000080048f8                . = ALIGN (0x4)

.init_array     0x00000000080048f8        0x4
                0x00000000080048f8                . = ALIGN (0x4)
                0x00000000080048f8                PROVIDE (__init_array_start = .)
 *(SORT_BY_NAME(.init_array.*))
 *(.init_array*)
 .init_array    0x00000000080048f8        0x4 c:/st/stm32cubeide_1.6.1/stm32cubeide/plugins/com.st.stm32cube.ide.mcu.externaltools.gnu-tools-for-stm32.9-2020-q2-update.win32_1.5.0.202011040924/tools/bin/../lib/gcc/arm-none-eabi/9.3.1/thumb/v7e-m+fp/hard/crtbegin.o
                0x00000000080048fc                PROVIDE (__init_array_end = .)
                0x00000000080048fc                . = ALIGN (0x4)

.fini_array     0x00000000080048fc        0x4
                0x00000000080048fc                . = ALIGN (0x4)
                [!provide]                        PROVIDE (__fini_array_start = .)
 *(SORT_BY_NAME(.fini_array.*))
 *(.fini_array*)
 .fini_array    0x00000000080048fc        0x4 c:/st/stm32cubeide_1.6.1/stm32cubeide/plugins/com.st.stm32cube.ide.mcu.externaltools.gnu-tools-for-stm32.9-2020-q2-update.win32_1.5.0.202011040924/tools/bin/../lib/gcc/arm-none-eabi/9.3.1/thumb/v7e-m+fp/hard/crtbegin.o
                [!provide]                        PROVIDE (__fini_array_end = .)
                0x0000000008004900                . = ALIGN (0x4)
                0x0000000008004900                _sidata = LOADADDR (.data)

.data           0x0000000020000000     0x1e68 load address 0x0000000008004900
                0x0000000020000000                . = ALIGN (0x4)
                0x0000000020000000                _sdata = .
 *(.data)
 *(.data*)
 .data.OV9712_regs
                0x0000000020000000       0x1c Core/Src/App/OV9712/OV9712.o
 .data.Default_OV9712_Pins
                0x000000002000001c       0x10 Core/Src/App/master.o
 .data.OV9712   0x000000002000002c        0xc Core/Src/App/master.o
 .data.PlatformFunctions
                0x0000000020000038       0x5c Core/Src/App/master.o
 .data.System   0x0000000020000094        0x8 Core/Src/App/master.o
 .data.global_states_list
                0x000000002000009c       0x48 Core/Src/App/master.o
 *fill*         0x00000000200000e4        0x4 
 .data.RhoSystem
                0x00000000200000e8     0x1d10 Core/Src/Rho/core/rho_client.o
                0x00000000200000e8                RhoSystem
 .data.SystemCoreClock
                0x0000000020001df8        0x4 Core/Src/system_stm32g4xx.o
                0x0000000020001df8                SystemCoreClock
 .data.uwTickFreq
                0x0000000020001dfc        0x4 Drivers/STM32G4xx_HAL_Driver/Src/stm32g4xx_hal.o
                0x0000000020001dfc                uwTickFreq
 .data.uwTickPrio
                0x0000000020001e00        0x4 Drivers/STM32G4xx_HAL_Driver/Src/stm32g4xx_hal.o
                0x0000000020001e00                uwTickPrio
 .data._impure_ptr
                0x0000000020001e04        0x4 c:/st/stm32cubeide_1.6.1/stm32cubeide/plugins/com.st.stm32cube.ide.mcu.externaltools.gnu-tools-for-stm32.9-2020-q2-update.win32_1.5.0.202011040924/tools/bin/../lib/gcc/arm-none-eabi/9.3.1/../../../../arm-none-eabi/lib/thumb/v7e-m+fp/hard\libc_nano.a(lib_a-impure.o)
                0x0000000020001e04                _impure_ptr
 .data.impure_data
                0x0000000020001e08       0x60 c:/st/stm32cubeide_1.6.1/stm32cubeide/plugins/com.st.stm32cube.ide.mcu.externaltools.gnu-tools-for-stm32.9-2020-q2-update.win32_1.5.0.202011040924/tools/bin/../lib/gcc/arm-none-eabi/9.3.1/../../../../arm-none-eabi/lib/thumb/v7e-m+fp/hard\libc_nano.a(lib_a-impure.o)
 *(.RamFunc)
 *(.RamFunc*)
                0x0000000020001e68                . = ALIGN (0x4)
                0x0000000020001e68                _edata = .

.igot.plt       0x0000000020001e68        0x0 load address 0x0000000008006768
 .igot.plt      0x0000000020001e68        0x0 c:/st/stm32cubeide_1.6.1/stm32cubeide/plugins/com.st.stm32cube.ide.mcu.externaltools.gnu-tools-for-stm32.9-2020-q2-update.win32_1.5.0.202011040924/tools/bin/../lib/gcc/arm-none-eabi/9.3.1/thumb/v7e-m+fp/hard/crtbegin.o
                0x0000000020001e68                . = ALIGN (0x4)

.bss            0x0000000020001e68     0x207c load address 0x0000000008006768
                0x0000000020001e68                _sbss = .
                0x0000000020001e68                __bss_start__ = _sbss
 *(.bss)
 .bss           0x0000000020001e68       0x1c c:/st/stm32cubeide_1.6.1/stm32cubeide/plugins/com.st.stm32cube.ide.mcu.externaltools.gnu-tools-for-stm32.9-2020-q2-update.win32_1.5.0.202011040924/tools/bin/../lib/gcc/arm-none-eabi/9.3.1/thumb/v7e-m+fp/hard/crtbegin.o
 *(.bss*)
 .bss.CameraFlags
                0x0000000020001e84       0x10 Core/Src/App/master.o
 .bss.CameraFlags
                0x0000000020001e94       0x10 Core/Src/App/platform_interface/stm32_interface.o
 .bss.BACKGROUND_DENSITY_MAP_X
                0x0000000020001ea4       0xc8 Core/Src/Rho/core/rho_client.o
 .bss.BACKGROUND_DENSITY_MAP_Y
                0x0000000020001f6c      0x140 Core/Src/Rho/core/rho_client.o
 .bss.FOREGROUND_DENSITY_MAP_X
                0x00000000200020ac       0xc8 Core/Src/Rho/core/rho_client.o
 .bss.FOREGROUND_DENSITY_MAP_Y
                0x0000000020002174      0x140 Core/Src/Rho/core/rho_client.o
 .bss._capture_buffer_internal
                0x00000000200022b4       0xa2 Core/Src/Rho/core/rho_client.o
 .bss._thresh_buffer_internal
                0x0000000020002356     0x19cc Core/Src/Rho/core/rho_client.o
 *fill*         0x0000000020003d22        0x2 
 .bss.__sbrk_heap_end
                0x0000000020003d24        0x4 Core/Src/sysmem.o
 .bss.__malloc_free_list
                0x0000000020003d28        0x4 c:/st/stm32cubeide_1.6.1/stm32cubeide/plugins/com.st.stm32cube.ide.mcu.externaltools.gnu-tools-for-stm32.9-2020-q2-update.win32_1.5.0.202011040924/tools/bin/../lib/gcc/arm-none-eabi/9.3.1/../../../../arm-none-eabi/lib/thumb/v7e-m+fp/hard\libc_nano.a(lib_a-nano-mallocr.o)
                0x0000000020003d28                __malloc_free_list
 .bss.__malloc_sbrk_start
                0x0000000020003d2c        0x4 c:/st/stm32cubeide_1.6.1/stm32cubeide/plugins/com.st.stm32cube.ide.mcu.externaltools.gnu-tools-for-stm32.9-2020-q2-update.win32_1.5.0.202011040924/tools/bin/../lib/gcc/arm-none-eabi/9.3.1/../../../../arm-none-eabi/lib/thumb/v7e-m+fp/hard\libc_nano.a(lib_a-nano-mallocr.o)
                0x0000000020003d2c                __malloc_sbrk_start
 *(COMMON)
 COMMON         0x0000000020003d30        0xc Core/Src/App/platform_interface/stm32_interface.o
                0x0000000020003d30                Master
 COMMON         0x0000000020003d3c        0x4 Core/Src/Rho/core/rho_client.o
                0x0000000020003d3c                capture_buffer
 COMMON         0x0000000020003d40        0x8 Core/Src/UniSM/platform.o
                0x0000000020003d40                Platform
 COMMON         0x0000000020003d48      0x188 Core/Src/main.o
                0x0000000020003d48                htim8
                0x0000000020003d94                hdma_dma_generator0
                0x0000000020003df4                hi2c1
                0x0000000020003e40                huart1
 COMMON         0x0000000020003ed0        0x4 Drivers/STM32G4xx_HAL_Driver/Src/stm32g4xx_hal.o
                0x0000000020003ed0                uwTick
 COMMON         0x0000000020003ed4        0x9 c:/st/stm32cubeide_1.6.1/stm32cubeide/plugins/com.st.stm32cube.ide.mcu.externaltools.gnu-tools-for-stm32.9-2020-q2-update.win32_1.5.0.202011040924/tools/bin/../lib/gcc/arm-none-eabi/9.3.1/../../../../arm-none-eabi/lib/thumb/v7e-m+fp/hard\libc_nano.a(lib_a-lock.o)
                0x0000000020003ed4                __lock___atexit_recursive_mutex
                0x0000000020003ed5                __lock___arc4random_mutex
                0x0000000020003ed6                __lock___env_recursive_mutex
                0x0000000020003ed7                __lock___sinit_recursive_mutex
                0x0000000020003ed8                __lock___malloc_recursive_mutex
                0x0000000020003ed9                __lock___at_quick_exit_mutex
                0x0000000020003eda                __lock___dd_hash_mutex
                0x0000000020003edb                __lock___tz_mutex
                0x0000000020003edc                __lock___sfp_recursive_mutex
 *fill*         0x0000000020003edd        0x3 
 COMMON         0x0000000020003ee0        0x4 c:/st/stm32cubeide_1.6.1/stm32cubeide/plugins/com.st.stm32cube.ide.mcu.externaltools.gnu-tools-for-stm32.9-2020-q2-update.win32_1.5.0.202011040924/tools/bin/../lib/gcc/arm-none-eabi/9.3.1/../../../../arm-none-eabi/lib/thumb/v7e-m+fp/hard\libc_nano.a(lib_a-reent.o)
                0x0000000020003ee0                errno
                0x0000000020003ee4                . = ALIGN (0x4)
                0x0000000020003ee4                _ebss = .
                0x0000000020003ee4                __bss_end__ = _ebss

._user_heap_stack
                0x0000000020003ee4      0x604 load address 0x0000000008006768
                0x0000000020003ee8                . = ALIGN (0x8)
 *fill*         0x0000000020003ee4        0x4 
                [!provide]                        PROVIDE (end = .)
                0x0000000020003ee8                PROVIDE (_end = .)
                0x00000000200040e8                . = (. + _Min_Heap_Size)
 *fill*         0x0000000020003ee8      0x200 
                0x00000000200044e8                . = (. + _Min_Stack_Size)
 *fill*         0x00000000200040e8      0x400 
                0x00000000200044e8                . = ALIGN (0x8)

/DISCARD/
 libc.a(*)
 libm.a(*)
 libgcc.a(*)

.ARM.attributes
                0x0000000000000000       0x30
 *(.ARM.attributes)
 .ARM.attributes
                0x0000000000000000       0x1e c:/st/stm32cubeide_1.6.1/stm32cubeide/plugins/com.st.stm32cube.ide.mcu.externaltools.gnu-tools-for-stm32.9-2020-q2-update.win32_1.5.0.202011040924/tools/bin/../lib/gcc/arm-none-eabi/9.3.1/thumb/v7e-m+fp/hard/crti.o
 .ARM.attributes
                0x000000000000001e       0x34 c:/st/stm32cubeide_1.6.1/stm32cubeide/plugins/com.st.stm32cube.ide.mcu.externaltools.gnu-tools-for-stm32.9-2020-q2-update.win32_1.5.0.202011040924/tools/bin/../lib/gcc/arm-none-eabi/9.3.1/thumb/v7e-m+fp/hard/crtbegin.o
 .ARM.attributes
                0x0000000000000052       0x34 Core/Src/App/OV9712/OV9712.o
 .ARM.attributes
                0x0000000000000086       0x34 Core/Src/App/master.o
 .ARM.attributes
                0x00000000000000ba       0x34 Core/Src/App/platform_interface/stm32_interface.o
 .ARM.attributes
                0x00000000000000ee       0x34 Core/Src/Rho/core/rho_client.o
 .ARM.attributes
                0x0000000000000122       0x34 Core/Src/UniSM/platform.o
 .ARM.attributes
                0x0000000000000156       0x34 Core/Src/UniSM/system.o
 .ARM.attributes
                0x000000000000018a       0x34 Core/Src/main.o
 .ARM.attributes
                0x00000000000001be       0x34 Core/Src/stm32g4xx_hal_msp.o
 .ARM.attributes
                0x00000000000001f2       0x34 Core/Src/stm32g4xx_it.o
 .ARM.attributes
                0x0000000000000226       0x34 Core/Src/syscalls.o
 .ARM.attributes
                0x000000000000025a       0x34 Core/Src/sysmem.o
 .ARM.attributes
                0x000000000000028e       0x34 Core/Src/system_stm32g4xx.o
 .ARM.attributes
                0x00000000000002c2       0x21 Core/Startup/startup_stm32g431k6tx.o
 .ARM.attributes
                0x00000000000002e3       0x34 Drivers/STM32G4xx_HAL_Driver/Src/stm32g4xx_hal.o
 .ARM.attributes
                0x0000000000000317       0x34 Drivers/STM32G4xx_HAL_Driver/Src/stm32g4xx_hal_cortex.o
 .ARM.attributes
                0x000000000000034b       0x34 Drivers/STM32G4xx_HAL_Driver/Src/stm32g4xx_hal_dma.o
 .ARM.attributes
                0x000000000000037f       0x34 Drivers/STM32G4xx_HAL_Driver/Src/stm32g4xx_hal_dma_ex.o
 .ARM.attributes
                0x00000000000003b3       0x34 Drivers/STM32G4xx_HAL_Driver/Src/stm32g4xx_hal_gpio.o
 .ARM.attributes
                0x00000000000003e7       0x34 Drivers/STM32G4xx_HAL_Driver/Src/stm32g4xx_hal_i2c.o
 .ARM.attributes
                0x000000000000041b       0x34 Drivers/STM32G4xx_HAL_Driver/Src/stm32g4xx_hal_i2c_ex.o
 .ARM.attributes
                0x000000000000044f       0x34 Drivers/STM32G4xx_HAL_Driver/Src/stm32g4xx_hal_pwr.o
 .ARM.attributes
                0x0000000000000483       0x34 Drivers/STM32G4xx_HAL_Driver/Src/stm32g4xx_hal_pwr_ex.o
 .ARM.attributes
                0x00000000000004b7       0x34 Drivers/STM32G4xx_HAL_Driver/Src/stm32g4xx_hal_rcc.o
 .ARM.attributes
                0x00000000000004eb       0x34 Drivers/STM32G4xx_HAL_Driver/Src/stm32g4xx_hal_rcc_ex.o
 .ARM.attributes
                0x000000000000051f       0x34 Drivers/STM32G4xx_HAL_Driver/Src/stm32g4xx_hal_tim.o
 .ARM.attributes
                0x0000000000000553       0x34 Drivers/STM32G4xx_HAL_Driver/Src/stm32g4xx_hal_tim_ex.o
 .ARM.attributes
                0x0000000000000587       0x34 Drivers/STM32G4xx_HAL_Driver/Src/stm32g4xx_hal_uart.o
 .ARM.attributes
                0x00000000000005bb       0x34 Drivers/STM32G4xx_HAL_Driver/Src/stm32g4xx_hal_uart_ex.o
 .ARM.attributes
                0x00000000000005ef       0x34 c:/st/stm32cubeide_1.6.1/stm32cubeide/plugins/com.st.stm32cube.ide.mcu.externaltools.gnu-tools-for-stm32.9-2020-q2-update.win32_1.5.0.202011040924/tools/bin/../lib/gcc/arm-none-eabi/9.3.1/../../../../arm-none-eabi/lib/thumb/v7e-m+fp/hard\libc_nano.a(lib_a-errno.o)
 .ARM.attributes
                0x0000000000000623       0x32 c:/st/stm32cubeide_1.6.1/stm32cubeide/plugins/com.st.stm32cube.ide.mcu.externaltools.gnu-tools-for-stm32.9-2020-q2-update.win32_1.5.0.202011040924/tools/bin/../lib/gcc/arm-none-eabi/9.3.1/../../../../arm-none-eabi/lib/thumb/v7e-m+fp/hard\libc_nano.a(lib_a-impure.o)
 .ARM.attributes
                0x0000000000000655       0x34 c:/st/stm32cubeide_1.6.1/stm32cubeide/plugins/com.st.stm32cube.ide.mcu.externaltools.gnu-tools-for-stm32.9-2020-q2-update.win32_1.5.0.202011040924/tools/bin/../lib/gcc/arm-none-eabi/9.3.1/../../../../arm-none-eabi/lib/thumb/v7e-m+fp/hard\libc_nano.a(lib_a-init.o)
 .ARM.attributes
                0x0000000000000689       0x34 c:/st/stm32cubeide_1.6.1/stm32cubeide/plugins/com.st.stm32cube.ide.mcu.externaltools.gnu-tools-for-stm32.9-2020-q2-update.win32_1.5.0.202011040924/tools/bin/../lib/gcc/arm-none-eabi/9.3.1/../../../../arm-none-eabi/lib/thumb/v7e-m+fp/hard\libc_nano.a(lib_a-memcpy-stub.o)
 .ARM.attributes
                0x00000000000006bd       0x34 c:/st/stm32cubeide_1.6.1/stm32cubeide/plugins/com.st.stm32cube.ide.mcu.externaltools.gnu-tools-for-stm32.9-2020-q2-update.win32_1.5.0.202011040924/tools/bin/../lib/gcc/arm-none-eabi/9.3.1/../../../../arm-none-eabi/lib/thumb/v7e-m+fp/hard\libc_nano.a(lib_a-memset.o)
 .ARM.attributes
                0x00000000000006f1       0x34 c:/st/stm32cubeide_1.6.1/stm32cubeide/plugins/com.st.stm32cube.ide.mcu.externaltools.gnu-tools-for-stm32.9-2020-q2-update.win32_1.5.0.202011040924/tools/bin/../lib/gcc/arm-none-eabi/9.3.1/../../../../arm-none-eabi/lib/thumb/v7e-m+fp/hard\libc_nano.a(lib_a-printf.o)
 .ARM.attributes
                0x0000000000000725       0x34 c:/st/stm32cubeide_1.6.1/stm32cubeide/plugins/com.st.stm32cube.ide.mcu.externaltools.gnu-tools-for-stm32.9-2020-q2-update.win32_1.5.0.202011040924/tools/bin/../lib/gcc/arm-none-eabi/9.3.1/../../../../arm-none-eabi/lib/thumb/v7e-m+fp/hard\libc_nano.a(lib_a-putchar.o)
 .ARM.attributes
                0x0000000000000759       0x34 c:/st/stm32cubeide_1.6.1/stm32cubeide/plugins/com.st.stm32cube.ide.mcu.externaltools.gnu-tools-for-stm32.9-2020-q2-update.win32_1.5.0.202011040924/tools/bin/../lib/gcc/arm-none-eabi/9.3.1/../../../../arm-none-eabi/lib/thumb/v7e-m+fp/hard\libc_nano.a(lib_a-wbuf.o)
 .ARM.attributes
                0x000000000000078d       0x34 c:/st/stm32cubeide_1.6.1/stm32cubeide/plugins/com.st.stm32cube.ide.mcu.externaltools.gnu-tools-for-stm32.9-2020-q2-update.win32_1.5.0.202011040924/tools/bin/../lib/gcc/arm-none-eabi/9.3.1/../../../../arm-none-eabi/lib/thumb/v7e-m+fp/hard\libc_nano.a(lib_a-wsetup.o)
 .ARM.attributes
                0x00000000000007c1       0x34 c:/st/stm32cubeide_1.6.1/stm32cubeide/plugins/com.st.stm32cube.ide.mcu.externaltools.gnu-tools-for-stm32.9-2020-q2-update.win32_1.5.0.202011040924/tools/bin/../lib/gcc/arm-none-eabi/9.3.1/../../../../arm-none-eabi/lib/thumb/v7e-m+fp/hard\libc_nano.a(lib_a-fflush.o)
 .ARM.attributes
                0x00000000000007f5       0x34 c:/st/stm32cubeide_1.6.1/stm32cubeide/plugins/com.st.stm32cube.ide.mcu.externaltools.gnu-tools-for-stm32.9-2020-q2-update.win32_1.5.0.202011040924/tools/bin/../lib/gcc/arm-none-eabi/9.3.1/../../../../arm-none-eabi/lib/thumb/v7e-m+fp/hard\libc_nano.a(lib_a-findfp.o)
 .ARM.attributes
                0x0000000000000829       0x34 c:/st/stm32cubeide_1.6.1/stm32cubeide/plugins/com.st.stm32cube.ide.mcu.externaltools.gnu-tools-for-stm32.9-2020-q2-update.win32_1.5.0.202011040924/tools/bin/../lib/gcc/arm-none-eabi/9.3.1/../../../../arm-none-eabi/lib/thumb/v7e-m+fp/hard\libc_nano.a(lib_a-fwalk.o)
 .ARM.attributes
                0x000000000000085d       0x34 c:/st/stm32cubeide_1.6.1/stm32cubeide/plugins/com.st.stm32cube.ide.mcu.externaltools.gnu-tools-for-stm32.9-2020-q2-update.win32_1.5.0.202011040924/tools/bin/../lib/gcc/arm-none-eabi/9.3.1/../../../../arm-none-eabi/lib/thumb/v7e-m+fp/hard\libc_nano.a(lib_a-lock.o)
 .ARM.attributes
                0x0000000000000891       0x34 c:/st/stm32cubeide_1.6.1/stm32cubeide/plugins/com.st.stm32cube.ide.mcu.externaltools.gnu-tools-for-stm32.9-2020-q2-update.win32_1.5.0.202011040924/tools/bin/../lib/gcc/arm-none-eabi/9.3.1/../../../../arm-none-eabi/lib/thumb/v7e-m+fp/hard\libc_nano.a(lib_a-makebuf.o)
 .ARM.attributes
                0x00000000000008c5       0x34 c:/st/stm32cubeide_1.6.1/stm32cubeide/plugins/com.st.stm32cube.ide.mcu.externaltools.gnu-tools-for-stm32.9-2020-q2-update.win32_1.5.0.202011040924/tools/bin/../lib/gcc/arm-none-eabi/9.3.1/../../../../arm-none-eabi/lib/thumb/v7e-m+fp/hard\libc_nano.a(lib_a-nano-freer.o)
 .ARM.attributes
                0x00000000000008f9       0x34 c:/st/stm32cubeide_1.6.1/stm32cubeide/plugins/com.st.stm32cube.ide.mcu.externaltools.gnu-tools-for-stm32.9-2020-q2-update.win32_1.5.0.202011040924/tools/bin/../lib/gcc/arm-none-eabi/9.3.1/../../../../arm-none-eabi/lib/thumb/v7e-m+fp/hard\libc_nano.a(lib_a-nano-mallocr.o)
 .ARM.attributes
                0x000000000000092d       0x34 c:/st/stm32cubeide_1.6.1/stm32cubeide/plugins/com.st.stm32cube.ide.mcu.externaltools.gnu-tools-for-stm32.9-2020-q2-update.win32_1.5.0.202011040924/tools/bin/../lib/gcc/arm-none-eabi/9.3.1/../../../../arm-none-eabi/lib/thumb/v7e-m+fp/hard\libc_nano.a(lib_a-nano-vfprintf.o)
 .ARM.attributes
                0x0000000000000961       0x34 c:/st/stm32cubeide_1.6.1/stm32cubeide/plugins/com.st.stm32cube.ide.mcu.externaltools.gnu-tools-for-stm32.9-2020-q2-update.win32_1.5.0.202011040924/tools/bin/../lib/gcc/arm-none-eabi/9.3.1/../../../../arm-none-eabi/lib/thumb/v7e-m+fp/hard\libc_nano.a(lib_a-nano-vfprintf_i.o)
 .ARM.attributes
                0x0000000000000995       0x34 c:/st/stm32cubeide_1.6.1/stm32cubeide/plugins/com.st.stm32cube.ide.mcu.externaltools.gnu-tools-for-stm32.9-2020-q2-update.win32_1.5.0.202011040924/tools/bin/../lib/gcc/arm-none-eabi/9.3.1/../../../../arm-none-eabi/lib/thumb/v7e-m+fp/hard\libc_nano.a(lib_a-putc.o)
 .ARM.attributes
                0x00000000000009c9       0x34 c:/st/stm32cubeide_1.6.1/stm32cubeide/plugins/com.st.stm32cube.ide.mcu.externaltools.gnu-tools-for-stm32.9-2020-q2-update.win32_1.5.0.202011040924/tools/bin/../lib/gcc/arm-none-eabi/9.3.1/../../../../arm-none-eabi/lib/thumb/v7e-m+fp/hard\libc_nano.a(lib_a-sbrkr.o)
 .ARM.attributes
                0x00000000000009fd       0x34 c:/st/stm32cubeide_1.6.1/stm32cubeide/plugins/com.st.stm32cube.ide.mcu.externaltools.gnu-tools-for-stm32.9-2020-q2-update.win32_1.5.0.202011040924/tools/bin/../lib/gcc/arm-none-eabi/9.3.1/../../../../arm-none-eabi/lib/thumb/v7e-m+fp/hard\libc_nano.a(lib_a-stdio.o)
 .ARM.attributes
                0x0000000000000a31       0x34 c:/st/stm32cubeide_1.6.1/stm32cubeide/plugins/com.st.stm32cube.ide.mcu.externaltools.gnu-tools-for-stm32.9-2020-q2-update.win32_1.5.0.202011040924/tools/bin/../lib/gcc/arm-none-eabi/9.3.1/../../../../arm-none-eabi/lib/thumb/v7e-m+fp/hard\libc_nano.a(lib_a-writer.o)
 .ARM.attributes
                0x0000000000000a65       0x34 c:/st/stm32cubeide_1.6.1/stm32cubeide/plugins/com.st.stm32cube.ide.mcu.externaltools.gnu-tools-for-stm32.9-2020-q2-update.win32_1.5.0.202011040924/tools/bin/../lib/gcc/arm-none-eabi/9.3.1/../../../../arm-none-eabi/lib/thumb/v7e-m+fp/hard\libc_nano.a(lib_a-closer.o)
 .ARM.attributes
                0x0000000000000a99       0x34 c:/st/stm32cubeide_1.6.1/stm32cubeide/plugins/com.st.stm32cube.ide.mcu.externaltools.gnu-tools-for-stm32.9-2020-q2-update.win32_1.5.0.202011040924/tools/bin/../lib/gcc/arm-none-eabi/9.3.1/../../../../arm-none-eabi/lib/thumb/v7e-m+fp/hard\libc_nano.a(lib_a-fstatr.o)
 .ARM.attributes
                0x0000000000000acd       0x34 c:/st/stm32cubeide_1.6.1/stm32cubeide/plugins/com.st.stm32cube.ide.mcu.externaltools.gnu-tools-for-stm32.9-2020-q2-update.win32_1.5.0.202011040924/tools/bin/../lib/gcc/arm-none-eabi/9.3.1/../../../../arm-none-eabi/lib/thumb/v7e-m+fp/hard\libc_nano.a(lib_a-isattyr.o)
 .ARM.attributes
                0x0000000000000b01       0x34 c:/st/stm32cubeide_1.6.1/stm32cubeide/plugins/com.st.stm32cube.ide.mcu.externaltools.gnu-tools-for-stm32.9-2020-q2-update.win32_1.5.0.202011040924/tools/bin/../lib/gcc/arm-none-eabi/9.3.1/../../../../arm-none-eabi/lib/thumb/v7e-m+fp/hard\libc_nano.a(lib_a-lseekr.o)
 .ARM.attributes
                0x0000000000000b35       0x1c c:/st/stm32cubeide_1.6.1/stm32cubeide/plugins/com.st.stm32cube.ide.mcu.externaltools.gnu-tools-for-stm32.9-2020-q2-update.win32_1.5.0.202011040924/tools/bin/../lib/gcc/arm-none-eabi/9.3.1/../../../../arm-none-eabi/lib/thumb/v7e-m+fp/hard\libc_nano.a(lib_a-memchr.o)
 .ARM.attributes
                0x0000000000000b51       0x34 c:/st/stm32cubeide_1.6.1/stm32cubeide/plugins/com.st.stm32cube.ide.mcu.externaltools.gnu-tools-for-stm32.9-2020-q2-update.win32_1.5.0.202011040924/tools/bin/../lib/gcc/arm-none-eabi/9.3.1/../../../../arm-none-eabi/lib/thumb/v7e-m+fp/hard\libc_nano.a(lib_a-mlock.o)
 .ARM.attributes
                0x0000000000000b85       0x34 c:/st/stm32cubeide_1.6.1/stm32cubeide/plugins/com.st.stm32cube.ide.mcu.externaltools.gnu-tools-for-stm32.9-2020-q2-update.win32_1.5.0.202011040924/tools/bin/../lib/gcc/arm-none-eabi/9.3.1/../../../../arm-none-eabi/lib/thumb/v7e-m+fp/hard\libc_nano.a(lib_a-readr.o)
 .ARM.attributes
                0x0000000000000bb9       0x34 c:/st/stm32cubeide_1.6.1/stm32cubeide/plugins/com.st.stm32cube.ide.mcu.externaltools.gnu-tools-for-stm32.9-2020-q2-update.win32_1.5.0.202011040924/tools/bin/../lib/gcc/arm-none-eabi/9.3.1/../../../../arm-none-eabi/lib/thumb/v7e-m+fp/hard\libc_nano.a(lib_a-reent.o)
 .ARM.attributes
                0x0000000000000bed       0x1e c:/st/stm32cubeide_1.6.1/stm32cubeide/plugins/com.st.stm32cube.ide.mcu.externaltools.gnu-tools-for-stm32.9-2020-q2-update.win32_1.5.0.202011040924/tools/bin/../lib/gcc/arm-none-eabi/9.3.1/thumb/v7e-m+fp/hard\libgcc.a(_arm_fixunsdfsi.o)
 .ARM.attributes
                0x0000000000000c0b       0x1e c:/st/stm32cubeide_1.6.1/stm32cubeide/plugins/com.st.stm32cube.ide.mcu.externaltools.gnu-tools-for-stm32.9-2020-q2-update.win32_1.5.0.202011040924/tools/bin/../lib/gcc/arm-none-eabi/9.3.1/thumb/v7e-m+fp/hard\libgcc.a(_aeabi_uldivmod.o)
 .ARM.attributes
                0x0000000000000c29       0x34 c:/st/stm32cubeide_1.6.1/stm32cubeide/plugins/com.st.stm32cube.ide.mcu.externaltools.gnu-tools-for-stm32.9-2020-q2-update.win32_1.5.0.202011040924/tools/bin/../lib/gcc/arm-none-eabi/9.3.1/thumb/v7e-m+fp/hard\libgcc.a(_udivmoddi4.o)
 .ARM.attributes
                0x0000000000000c5d       0x1e c:/st/stm32cubeide_1.6.1/stm32cubeide/plugins/com.st.stm32cube.ide.mcu.externaltools.gnu-tools-for-stm32.9-2020-q2-update.win32_1.5.0.202011040924/tools/bin/../lib/gcc/arm-none-eabi/9.3.1/thumb/v7e-m+fp/hard\libgcc.a(_dvmd_tls.o)
 .ARM.attributes
                0x0000000000000c7b       0x1e c:/st/stm32cubeide_1.6.1/stm32cubeide/plugins/com.st.stm32cube.ide.mcu.externaltools.gnu-tools-for-stm32.9-2020-q2-update.win32_1.5.0.202011040924/tools/bin/../lib/gcc/arm-none-eabi/9.3.1/thumb/v7e-m+fp/hard/crtn.o
OUTPUT(rho_mod_v6.elf elf32-littlearm)
LOAD linker stubs
LOAD c:/st/stm32cubeide_1.6.1/stm32cubeide/plugins/com.st.stm32cube.ide.mcu.externaltools.gnu-tools-for-stm32.9-2020-q2-update.win32_1.5.0.202011040924/tools/bin/../lib/gcc/arm-none-eabi/9.3.1/../../../../arm-none-eabi/lib/thumb/v7e-m+fp/hard\libc.a
LOAD c:/st/stm32cubeide_1.6.1/stm32cubeide/plugins/com.st.stm32cube.ide.mcu.externaltools.gnu-tools-for-stm32.9-2020-q2-update.win32_1.5.0.202011040924/tools/bin/../lib/gcc/arm-none-eabi/9.3.1/../../../../arm-none-eabi/lib/thumb/v7e-m+fp/hard\libm.a
LOAD c:/st/stm32cubeide_1.6.1/stm32cubeide/plugins/com.st.stm32cube.ide.mcu.externaltools.gnu-tools-for-stm32.9-2020-q2-update.win32_1.5.0.202011040924/tools/bin/../lib/gcc/arm-none-eabi/9.3.1/thumb/v7e-m+fp/hard\libgcc.a

.comment        0x0000000000000000       0x53
 .comment       0x0000000000000000       0x53 Core/Src/App/OV9712/OV9712.o
                                         0x54 (size before relaxing)
 .comment       0x0000000000000053       0x54 Core/Src/App/master.o
 .comment       0x0000000000000053       0x54 Core/Src/App/platform_interface/stm32_interface.o
 .comment       0x0000000000000053       0x54 Core/Src/Rho/core/rho_client.o
 .comment       0x0000000000000053       0x54 Core/Src/UniSM/platform.o
 .comment       0x0000000000000053       0x54 Core/Src/UniSM/system.o
 .comment       0x0000000000000053       0x54 Core/Src/main.o
 .comment       0x0000000000000053       0x54 Core/Src/stm32g4xx_hal_msp.o
 .comment       0x0000000000000053       0x54 Core/Src/stm32g4xx_it.o
 .comment       0x0000000000000053       0x54 Core/Src/syscalls.o
 .comment       0x0000000000000053       0x54 Core/Src/sysmem.o
 .comment       0x0000000000000053       0x54 Core/Src/system_stm32g4xx.o
 .comment       0x0000000000000053       0x54 Drivers/STM32G4xx_HAL_Driver/Src/stm32g4xx_hal.o
 .comment       0x0000000000000053       0x54 Drivers/STM32G4xx_HAL_Driver/Src/stm32g4xx_hal_cortex.o
 .comment       0x0000000000000053       0x54 Drivers/STM32G4xx_HAL_Driver/Src/stm32g4xx_hal_dma.o
 .comment       0x0000000000000053       0x54 Drivers/STM32G4xx_HAL_Driver/Src/stm32g4xx_hal_dma_ex.o
 .comment       0x0000000000000053       0x54 Drivers/STM32G4xx_HAL_Driver/Src/stm32g4xx_hal_gpio.o
 .comment       0x0000000000000053       0x54 Drivers/STM32G4xx_HAL_Driver/Src/stm32g4xx_hal_i2c.o
 .comment       0x0000000000000053       0x54 Drivers/STM32G4xx_HAL_Driver/Src/stm32g4xx_hal_i2c_ex.o
 .comment       0x0000000000000053       0x54 Drivers/STM32G4xx_HAL_Driver/Src/stm32g4xx_hal_pwr.o
 .comment       0x0000000000000053       0x54 Drivers/STM32G4xx_HAL_Driver/Src/stm32g4xx_hal_pwr_ex.o