core_cm4.h:1933:34:__NVIC_SystemReset	4	static,ignoring_inline_asm
stm32_interface.c:22:13:HAL_GPIO_EXTI_Callback	16	static
stm32_interface.c:59:6:STM_InterruptEnable	8	static
stm32_interface.c:65:6:STM_InterruptDisable	8	static
stm32_interface.c:75:13:STM_PauseDMA	8	static
stm32_interface.c:80:13:STM_ResumeDMA	8	static
stm32_interface.c:85:13:STM_ResetDMA	4	static
stm32_interface.c:90:6:STM_InitDMA	24	static
stm32_interface.c:99:10:STM_GetDMAFillAddress	4	static
stm32_interface.c:107:16:STM_UartTxDMA	24	static
stm32_interface.c:112:17:STM_UartRxDMA	16	static
stm32_interface.c:128:13:STM_I2CMasterTx	32	static
stm32_interface.c:136:13:STM_SetPortMode	40	static
stm32_interface.c:143:16:STM_ReadPort	16	static
stm32_interface.c:147:13:STM_WritePin	16	static
stm32_interface.c:155:17:STM_Timestamp	8	static
stm32_interface.c:159:13:STM_Wait	16	static
stm32_interface.c:163:17:STM_SysClockFreq	8	static
stm32_interface.c:171:6:STM_Reset	8	static
