###############################################################################
#
# IAR ELF Linker V8.30.1.114/W32 for ARM                  20/Oct/2018  21:12:47
# Copyright 2007-2018 IAR Systems AB.
#
#    Output file  =  
#        C:\Users\Matthew
#        Fonken\Desktop\marbl\Techincal\combine\general\rho\rho_mod_v4\EWARM\rho_mod_v4\Exe\rho_mod_v4.out
#    Map file     =  
#        C:\Users\Matthew
#        Fonken\Desktop\marbl\Techincal\combine\general\rho\rho_mod_v4\EWARM\rho_mod_v4\List\rho_mod_v4.map
#    Command line =  
#        -f C:\Users\MATTHE~1\AppData\Local\Temp\EW181A.tmp ("C:\Users\Matthew
#        Fonken\Desktop\marbl\Techincal\combine\general\rho\rho_mod_v4\EWARM\rho_mod_v4\Obj\main.o"
#        "C:\Users\Matthew
#        Fonken\Desktop\marbl\Techincal\combine\general\rho\rho_mod_v4\EWARM\rho_mod_v4\Obj\master.o"
#        "C:\Users\Matthew
#        Fonken\Desktop\marbl\Techincal\combine\general\rho\rho_mod_v4\EWARM\rho_mod_v4\Obj\OV9712.o"
#        "C:\Users\Matthew
#        Fonken\Desktop\marbl\Techincal\combine\general\rho\rho_mod_v4\EWARM\rho_mod_v4\Obj\printers.o"
#        "C:\Users\Matthew
#        Fonken\Desktop\marbl\Techincal\combine\general\rho\rho_mod_v4\EWARM\rho_mod_v4\Obj\rho_client.o"
#        "C:\Users\Matthew
#        Fonken\Desktop\marbl\Techincal\combine\general\rho\rho_mod_v4\EWARM\rho_mod_v4\Obj\rho_kalman.o"
#        "C:\Users\Matthew
#        Fonken\Desktop\marbl\Techincal\combine\general\rho\rho_mod_v4\EWARM\rho_mod_v4\Obj\rho_utility.o"
#        "C:\Users\Matthew
#        Fonken\Desktop\marbl\Techincal\combine\general\rho\rho_mod_v4\EWARM\rho_mod_v4\Obj\startup_stm32l432xx.o"
#        "C:\Users\Matthew
#        Fonken\Desktop\marbl\Techincal\combine\general\rho\rho_mod_v4\EWARM\rho_mod_v4\Obj\state_machine_utility.o"
#        "C:\Users\Matthew
#        Fonken\Desktop\marbl\Techincal\combine\general\rho\rho_mod_v4\EWARM\rho_mod_v4\Obj\stm32l4xx_hal.o"
#        "C:\Users\Matthew
#        Fonken\Desktop\marbl\Techincal\combine\general\rho\rho_mod_v4\EWARM\rho_mod_v4\Obj\stm32l4xx_hal_cortex.o"
#        "C:\Users\Matthew
#        Fonken\Desktop\marbl\Techincal\combine\general\rho\rho_mod_v4\EWARM\rho_mod_v4\Obj\stm32l4xx_hal_dma.o"
#        "C:\Users\Matthew
#        Fonken\Desktop\marbl\Techincal\combine\general\rho\rho_mod_v4\EWARM\rho_mod_v4\Obj\stm32l4xx_hal_dma_ex.o"
#        "C:\Users\Matthew
#        Fonken\Desktop\marbl\Techincal\combine\general\rho\rho_mod_v4\EWARM\rho_mod_v4\Obj\stm32l4xx_hal_flash.o"
#        "C:\Users\Matthew
#        Fonken\Desktop\marbl\Techincal\combine\general\rho\rho_mod_v4\EWARM\rho_mod_v4\Obj\stm32l4xx_hal_flash_ex.o"
#        "C:\Users\Matthew
#        Fonken\Desktop\marbl\Techincal\combine\general\rho\rho_mod_v4\EWARM\rho_mod_v4\Obj\stm32l4xx_hal_flash_ramfunc.o"
#        "C:\Users\Matthew
#        Fonken\Desktop\marbl\Techincal\combine\general\rho\rho_mod_v4\EWARM\rho_mod_v4\Obj\stm32l4xx_hal_gpio.o"
#        "C:\Users\Matthew
#        Fonken\Desktop\marbl\Techincal\combine\general\rho\rho_mod_v4\EWARM\rho_mod_v4\Obj\stm32l4xx_hal_i2c.o"
#        "C:\Users\Matthew
#        Fonken\Desktop\marbl\Techincal\combine\general\rho\rho_mod_v4\EWARM\rho_mod_v4\Obj\stm32l4xx_hal_i2c_ex.o"
#        "C:\Users\Matthew
#        Fonken\Desktop\marbl\Techincal\combine\general\rho\rho_mod_v4\EWARM\rho_mod_v4\Obj\stm32l4xx_hal_msp.o"
#        "C:\Users\Matthew
#        Fonken\Desktop\marbl\Techincal\combine\general\rho\rho_mod_v4\EWARM\rho_mod_v4\Obj\stm32l4xx_hal_pwr.o"
#        "C:\Users\Matthew
#        Fonken\Desktop\marbl\Techincal\combine\general\rho\rho_mod_v4\EWARM\rho_mod_v4\Obj\stm32l4xx_hal_pwr_ex.o"
#        "C:\Users\Matthew
#        Fonken\Desktop\marbl\Techincal\combine\general\rho\rho_mod_v4\EWARM\rho_mod_v4\Obj\stm32l4xx_hal_rcc.o"
#        "C:\Users\Matthew
#        Fonken\Desktop\marbl\Techincal\combine\general\rho\rho_mod_v4\EWARM\rho_mod_v4\Obj\stm32l4xx_hal_rcc_ex.o"
#        "C:\Users\Matthew
#        Fonken\Desktop\marbl\Techincal\combine\general\rho\rho_mod_v4\EWARM\rho_mod_v4\Obj\stm32l4xx_hal_tim.o"
#        "C:\Users\Matthew
#        Fonken\Desktop\marbl\Techincal\combine\general\rho\rho_mod_v4\EWARM\rho_mod_v4\Obj\stm32l4xx_hal_tim_ex.o"
#        "C:\Users\Matthew
#        Fonken\Desktop\marbl\Techincal\combine\general\rho\rho_mod_v4\EWARM\rho_mod_v4\Obj\stm32l4xx_hal_usart.o"
#        "C:\Users\Matthew
#        Fonken\Desktop\marbl\Techincal\combine\general\rho\rho_mod_v4\EWARM\rho_mod_v4\Obj\stm32l4xx_hal_usart_ex.o"
#        "C:\Users\Matthew
#        Fonken\Desktop\marbl\Techincal\combine\general\rho\rho_mod_v4\EWARM\rho_mod_v4\Obj\stm32l4xx_it.o"
#        "C:\Users\Matthew
#        Fonken\Desktop\marbl\Techincal\combine\general\rho\rho_mod_v4\EWARM\rho_mod_v4\Obj\system_stm32l4xx.o"
#        --redirect _Printf=_PrintfFull --redirect _Scanf=_ScanfFull
#        --no_out_extension -o "C:\Users\Matthew
#        Fonken\Desktop\marbl\Techincal\combine\general\rho\rho_mod_v4\EWARM\rho_mod_v4\Exe\rho_mod_v4.out"
#        --map "C:\Users\Matthew
#        Fonken\Desktop\marbl\Techincal\combine\general\rho\rho_mod_v4\EWARM\rho_mod_v4\List\rho_mod_v4.map"
#        --config "C:\Users\Matthew
#        Fonken\Desktop\marbl\Techincal\combine\general\rho\rho_mod_v4\EWARM/stm32l432xx_flash.icf"
#        --semihosting --entry __iar_program_start --vfe --text_out locale)
#
###############################################################################

*******************************************************************************
*** RUNTIME MODEL ATTRIBUTES
***

CppFlavor       = *
__Heap_Handler  = DLMalloc
__SystemLibrary = DLib
__dlib_version  = 6


*******************************************************************************
*** HEAP SELECTION
***

The advanced heap was selected because the application calls memory
allocation functions outside of system library functions, and there
are calls to deallocation functions in the application.


*******************************************************************************
*** PLACEMENT SUMMARY
***

"A0":  place at 0x800'0000 { ro section .intvec };
"P1":  place in [from 0x800'0000 to 0x803'ffff] { ro };
define block CSTACK with size = 1K, alignment = 8 { };
define block HEAP with size = 512, alignment = 8 { };
"P2":  place in [from 0x2000'0000 to 0x2000'bfff] {
          rw, block CSTACK, block HEAP };
initialize by copy { rw };

  Section            Kind         Address    Size  Object
  -------            ----         -------    ----  ------
"A0":                                       0x18c
  .intvec            ro code   0x800'0000   0x18c  startup_stm32l432xx.o [1]
                             - 0x800'018c   0x18c

"P1":                                      0x7a95
  .text              ro code   0x800'018c  0x14e0  dlmalloc.o [2]
  .text              ro code   0x800'166c     0x6  abort.o [2]
  .text              ro code   0x800'1672    0x7a  lz77_init_single.o [4]
  .text              ro code   0x800'16ec    0x2c  xgetmemchunk.o [2]
  .text              ro code   0x800'1718    0x14  exit.o [5]
  .text              ro code   0x800'172c    0x80  iarttio.o [5]
  .text              ro code   0x800'17ac    0x3c  XShttio.o [2]
  .text              ro code   0x800'17e8  0x1158  rho_utility.o [1]
  .text              ro code   0x800'2940   0x17a  DblAdd.o [3]
  .text              ro code   0x800'2aba    0x3a  zero_init3.o [4]
  .text              ro code   0x800'2af4   0x246  DblDiv.o [3]
  .text              ro code   0x800'2d3a    0x1e  xencoding_8859_1.o [2]
  .text              ro code   0x800'2d58   0x1a2  DblMul.o [3]
  .text              ro code   0x800'2efc    0x1a  U32ToDbl.o [3]
  .text              ro code   0x800'2f18    0x3a  DblToS32.o [3]
  .text              ro code   0x800'2f54    0x22  S32ToDbl.o [3]
  .text              ro code   0x800'2f78     0x6  ABImemclr4.o [4]
  .text              ro code   0x800'2f80    0x28  DblToU32.o [3]
  .text              ro code   0x800'2fa8    0x20  DblCmpEq.o [3]
  .text              ro code   0x800'2fc8    0x2e  DblCmpGe.o [3]
  .text              ro code   0x800'2ff8    0xe2  DblSub.o [3]
  .text              ro code   0x800'30dc   0x102  sqrt.o [3]
  .text              ro code   0x800'31e0    0x2e  DblCmpLe.o [3]
  .text              ro code   0x800'3210    0x28  printf.o [2]
  .text              ro code   0x800'3238    0x32  ABImemset48.o [4]
  .text              ro code   0x800'326c   0xf7a  xprintffull.o [2]
  .text              ro code   0x800'41e8    0x78  xlocale_c.o [2]
  .text              ro code   0x800'4260    0x16  strchr.o [4]
  .text              ro code   0x800'4278    0x40  xfail_s.o [2]
  .text              ro code   0x800'42b8    0x36  strlen.o [4]
  .text              ro code   0x800'42f0    0x58  memchr.o [4]
  .text              ro code   0x800'4348     0xa  xmbcurmax.o [2]
  .text              ro code   0x800'4354    0xa6  ABImemcpy.o [4]
  .text              ro code   0x800'43fc   0x230  I64DivMod.o [4]
  .text              ro code   0x800'462c    0x70  frexp.o [3]
  .text              ro code   0x800'469c   0x13a  ldexp.o [3]
  .text              ro code   0x800'47d8     0x2  I64DivZer.o [4]
  .text              ro code   0x800'47dc   0x760  stm32l4xx_hal_rcc.o [1]
  .text              ro code   0x800'4f3c     0xc  stm32l4xx_hal.o [1]
  .text              ro code   0x800'4f48    0x28  stm32l4xx_hal.o [1]
  .text              ro code   0x800'4f70   0x1a6  stm32l4xx_hal_gpio.o [1]
  .text              ro code   0x800'5118    0x7c  stm32l4xx_hal_pwr_ex.o [1]
  .text              ro code   0x800'5194    0xe2  stm32l4xx_hal_cortex.o [1]
  .text              ro code   0x800'5278   0x4a8  state_machine_utility.o [1]
  .text              ro code   0x800'5720   0x444  stm32l4xx_hal_usart.o [1]
  .text              ro code   0x800'5b64   0x260  stm32l4xx_hal_msp.o [1]
  .text              ro code   0x800'5dc4   0x23a  stm32l4xx_hal_dma.o [1]
  .text              ro code   0x800'5ffe     0x2  stm32l4xx_hal_usart.o [1]
  .text              ro code   0x800'6000     0x2  stm32l4xx_hal_usart.o [1]
  .text              ro code   0x800'6002     0x2  stm32l4xx_hal_usart.o [1]
  .text              ro code   0x800'6004   0x314  main.o [1]
  .text              ro code   0x800'6318    0xac  stm32l4xx_hal_i2c_ex.o [1]
  .text              ro code   0x800'63c4    0x16  stm32l4xx_hal.o [1]
  .text              ro code   0x800'63dc   0x108  master.o [1]
  .text              ro code   0x800'64e4   0x35c  stm32l4xx_hal_rcc_ex.o [1]
  .text              ro code   0x800'6840    0xb0  stm32l4xx_hal_i2c.o [1]
  .text              ro code   0x800'68f0   0x392  stm32l4xx_hal_tim.o [1]
  .text              ro code   0x800'6c84    0x4c  stm32l4xx_hal_tim_ex.o [1]
  .text              ro code   0x800'6cd0   0x318  rho_client.o [1]
  .text              ro code   0x800'6fe8     0x2  stm32l4xx_hal_tim.o [1]
  .text              ro code   0x800'6fec   0x288  rho_kalman.o [1]
  .text              ro code   0x800'7274    0xd8  xfspos.o [2]
  .text              ro code   0x800'734c    0xac  fflush.o [2]
  .text              ro code   0x800'73f8     0xc  xfgpos.o [2]
  .text              ro code   0x800'7404    0x4a  lseek.o [5]
  .text              ro code   0x800'744e    0x10  write.o [5]
  .text              ro code   0x800'7460    0xcc  XShHandles.o [2]
  .text              ro code   0x800'752c    0x1e  dwrite.o [5]
  .text              ro code   0x800'754a    0x20  iarwstd.o [5]
  .text              ro code   0x800'756a    0x22  iarwrite.o [5]
  .text              ro code   0x800'758c    0xb4  xfwprep.o [2]
  .text              ro code   0x800'7640    0x24  fseek.o [2]
  .text              ro code   0x800'7664    0x8c  system_stm32l4xx.o [1]
  .text              ro code   0x800'76f0    0x8c  xfofind.o [2]
  .text              ro code   0x800'777c     0x4  heaptramp0.o [2]
  .text              ro code   0x800'7780    0x7e  fclose.o [2]
  .text              ro code   0x800'77fe    0x18  close.o [5]
  .text              ro code   0x800'7816    0x14  remove.o [5]
  .text              ro code   0x800'782a    0x54  fputc.o [2]
  .text              ro code   0x800'7880    0x48  stm32l4xx_it.o [1]
  .text              ro code   0x800'78c8    0x10  stm32l4xx_hal.o [1]
  .text              ro code   0x800'78d8    0x3c  xcloseall.o [2]
  .text              ro code   0x800'7914    0x28  data_init.o [4]
  .rodata            const     0x800'7940    0x24  rho_utility.o [1]
  .rodata            const     0x800'7964     0xc  rho_kalman.o [1]
  .rodata            const     0x800'7970    0x24  state_machine_utility.o [1]
  .text              ro code   0x800'7994    0x22  fpinit_M.o [3]
  .iar.init_table    const     0x800'79b8    0x20  - Linker created -
  .text              ro code   0x800'79d8    0x1e  cmain.o [4]
  .text              ro code   0x800'79f6     0x4  low_level_init.o [2]
  .text              ro code   0x800'79fa     0x4  exit.o [2]
  .text              ro code   0x800'7a00     0xe  cexit.o [4]
  .text              ro code   0x800'7a0e    0x16  xprout.o [2]
  .text              ro code   0x800'7a24     0xc  putchar.o [2]
  .text              ro code   0x800'7a30    0x10  startup_stm32l432xx.o [1]
  .text              ro code   0x800'7a40     0xc  cstartup_M.o [4]
  .rodata            const     0x800'7a4c     0x8  system_stm32l4xx.o [1]
  .rodata            const     0x800'7a54     0x6  xlocale_c.o [2]
  .text              ro code   0x800'7a5a     0x4  startup_stm32l432xx.o [1]
  .text              ro code   0x800'7a5e     0x4  startup_stm32l432xx.o [1]
  .text              ro code   0x800'7a62     0x4  startup_stm32l432xx.o [1]
  .text              ro code   0x800'7a66     0x4  startup_stm32l432xx.o [1]
  .text              ro code   0x800'7a6a     0x4  startup_stm32l432xx.o [1]
  .text              ro code   0x800'7a6e     0x4  startup_stm32l432xx.o [1]
  .text              ro code   0x800'7a72     0x4  startup_stm32l432xx.o [1]
  .text              ro code   0x800'7a76     0x4  startup_stm32l432xx.o [1]
  .text              ro code   0x800'7a7a     0x4  startup_stm32l432xx.o [1]
  .text              ro code   0x800'7a7e     0x4  startup_stm32l432xx.o [1]
  .text              ro code   0x800'7a82     0x4  startup_stm32l432xx.o [1]
  .text              ro code   0x800'7a86     0x4  startup_stm32l432xx.o [1]
  .text              ro code   0x800'7a8a     0x4  startup_stm32l432xx.o [1]
  .text              ro code   0x800'7a8e     0x4  startup_stm32l432xx.o [1]
  .text              ro code   0x800'7a92     0x4  startup_stm32l432xx.o [1]
  .text              ro code   0x800'7a96     0x4  startup_stm32l432xx.o [1]
  .text              ro code   0x800'7a9a     0x4  startup_stm32l432xx.o [1]
  .text              ro code   0x800'7a9e     0x4  startup_stm32l432xx.o [1]
  .text              ro code   0x800'7aa2     0x4  startup_stm32l432xx.o [1]
  .text              ro code   0x800'7aa6     0x4  startup_stm32l432xx.o [1]
  .text              ro code   0x800'7aaa     0x4  startup_stm32l432xx.o [1]
  .text              ro code   0x800'7aae     0x4  startup_stm32l432xx.o [1]
  .text              ro code   0x800'7ab2     0x4  startup_stm32l432xx.o [1]
  .text              ro code   0x800'7ab6     0x4  startup_stm32l432xx.o [1]
  .text              ro code   0x800'7aba     0x4  startup_stm32l432xx.o [1]
  .text              ro code   0x800'7abe     0x4  startup_stm32l432xx.o [1]
  .text              ro code   0x800'7ac2     0x4  startup_stm32l432xx.o [1]
  .text              ro code   0x800'7ac6     0x4  startup_stm32l432xx.o [1]
  .text              ro code   0x800'7aca     0x4  startup_stm32l432xx.o [1]
  .text              ro code   0x800'7ace     0x4  startup_stm32l432xx.o [1]
  .text              ro code   0x800'7ad2     0x4  startup_stm32l432xx.o [1]
  .text              ro code   0x800'7ad6     0x4  startup_stm32l432xx.o [1]
  .text              ro code   0x800'7ada     0x4  startup_stm32l432xx.o [1]
  .text              ro code   0x800'7ade     0x4  startup_stm32l432xx.o [1]
  .text              ro code   0x800'7ae2     0x4  startup_stm32l432xx.o [1]
  .text              ro code   0x800'7ae6     0x4  startup_stm32l432xx.o [1]
  .text              ro code   0x800'7aea     0x4  startup_stm32l432xx.o [1]
  .text              ro code   0x800'7aee     0x4  startup_stm32l432xx.o [1]
  .text              ro code   0x800'7af2     0x4  startup_stm32l432xx.o [1]
  .text              ro code   0x800'7af6     0x4  startup_stm32l432xx.o [1]
  .text              ro code   0x800'7afa     0x4  startup_stm32l432xx.o [1]
  .text              ro code   0x800'7afe     0x4  startup_stm32l432xx.o [1]
  .text              ro code   0x800'7b02     0x4  startup_stm32l432xx.o [1]
  .text              ro code   0x800'7b06     0x4  startup_stm32l432xx.o [1]
  .text              ro code   0x800'7b0a     0x4  startup_stm32l432xx.o [1]
  .text              ro code   0x800'7b0e     0x4  startup_stm32l432xx.o [1]
  .text              ro code   0x800'7b12     0x4  startup_stm32l432xx.o [1]
  .text              ro code   0x800'7b16     0x4  startup_stm32l432xx.o [1]
  .text              ro code   0x800'7b1a     0x4  startup_stm32l432xx.o [1]
  .text              ro code   0x800'7b1e     0x4  startup_stm32l432xx.o [1]
  .text              ro code   0x800'7b22     0x4  startup_stm32l432xx.o [1]
  .text              ro code   0x800'7b26     0x4  startup_stm32l432xx.o [1]
  .text              ro code   0x800'7b2a     0x4  startup_stm32l432xx.o [1]
  .text              ro code   0x800'7b2e     0x4  startup_stm32l432xx.o [1]
  .text              ro code   0x800'7b32     0x4  startup_stm32l432xx.o [1]
  .text              ro code   0x800'7b38     0x0  cstart_closeall.o [4]
  .rodata            const     0x800'7b38     0x0  zero_init3.o [4]
  .rodata            const     0x800'7b38     0x0  lz77_init_single.o [4]
  Initializer bytes  const     0x800'7b38    0xe9  <for P2-1>
                             - 0x800'7c21  0x7a95

"P2", part 1 of 3:                          0xbf4
  P2-1                        0x2000'0000   0xbf4  <Init block>
    .data            inited   0x2000'0000   0x9f8  rho_client.o [1]
    .data            inited   0x2000'09f8    0x74  master.o [1]
    .data            inited   0x2000'0a6c     0x4  rho_utility.o [1]
    .data            inited   0x2000'0a70     0x4  system_stm32l4xx.o [1]
    .data            inited   0x2000'0a74    0x38  xlocale_c.o [2]
    .data            inited   0x2000'0aac    0x48  xlocale_c.o [2]
    .data            inited   0x2000'0af4    0x48  xfiles.o [2]
    .data            inited   0x2000'0b3c    0x48  xfiles.o [2]
    .data            inited   0x2000'0b84    0x48  xfiles.o [2]
    .data            inited   0x2000'0bcc    0x20  xfiles.o [2]
    .data            inited   0x2000'0bec     0x8  XShttio.o [2]
                            - 0x2000'0bf4   0xbf4

"P2", part 2 of 3:                          0x4f8
  .bss               zero     0x2000'0bf4   0x1d8  dlmalloc.o [2]
  .bss               zero     0x2000'0dcc    0x80  XShHandles.o [2]
  .bss               zero     0x2000'0e4c    0x50  main.o [1]
  .bss               zero     0x2000'0e9c    0x50  rho_client.o [1]
  .bss               zero     0x2000'0eec    0x50  xfiles.o [2]
  .bss               zero     0x2000'0f3c    0x50  xfiles.o [2]
  .bss               zero     0x2000'0f8c    0x4c  main.o [1]
  .bss               zero     0x2000'0fd8    0x48  main.o [1]
  .bss               zero     0x2000'1020    0x48  main.o [1]
  .bss               zero     0x2000'1068    0x40  main.o [1]
  .bss               zero     0x2000'10a8     0x4  stm32l4xx_hal.o [1]
  .bss               zero     0x2000'10b0    0x18  state_machine_utility.o [1]
  .bss               zero     0x2000'10c8    0x18  dlmalloc.o [2]
  .bss               zero     0x2000'10e0     0x4  xfail_s.o [2]
  .bss               zero     0x2000'10e4     0x4  xgetmemchunk.o [2]
  .bss               zero     0x2000'10e8     0x2  rho_client.o [1]
  .bss               zero     0x2000'10ea     0x1  XShttio.o [2]
                            - 0x2000'10eb   0x4f7

"P2", part 3 of 3:                          0x600
  CSTACK                      0x2000'10f0   0x400  <Block>
    CSTACK           uninit   0x2000'10f0   0x400  <Block tail>
  HEAP                        0x2000'14f0   0x200  <Block>
    HEAP             uninit   0x2000'14f0   0x200  <Block tail>
                            - 0x2000'16f0   0x600

Unused ranges:

         From           To      Size
         ----           --      ----
   0x800'7c21   0x803'ffff  0x3'83df
  0x2000'10ec  0x2000'10ef       0x4
  0x2000'16f0  0x2000'bfff    0xa910


*******************************************************************************
*** INIT TABLE
***

          Address      Size
          -------      ----
Zero (__iar_zero_init3)
    1 destination range, total size 0x4f7:
          0x2000'0bf4  0x4f7

Copy/lz77 (__iar_lz77_init_single3)
    1 source range, total size 0xe9 (7% of destination):
           0x800'7b38   0xe9
    1 destination range, total size 0xbf4:
          0x2000'0000  0xbf4



*******************************************************************************
*** MODULE SUMMARY
***

    Module                   ro code  ro data  rw data
    ------                   -------  -------  -------
command line/config:
    --------------------------------------------------
    Total:

C:\Users\Matthew Fonken\Desktop\marbl\Techincal\combine\general\rho\rho_mod_v4\EWARM\rho_mod_v4\Obj: [1]
    main.o                       788               364
    master.o                     264        9      116
    rho_client.o                 792      194    2 634
    rho_kalman.o                 648       12
    rho_utility.o              4 440       36        4
    startup_stm32l432xx.o        632
    state_machine_utility.o    1 192       36       24
    stm32l4xx_hal.o               90                 4
    stm32l4xx_hal_cortex.o       226
    stm32l4xx_hal_dma.o          570
    stm32l4xx_hal_gpio.o         422
    stm32l4xx_hal_i2c.o          176
    stm32l4xx_hal_i2c_ex.o       172
    stm32l4xx_hal_msp.o          608
    stm32l4xx_hal_pwr_ex.o       124
    stm32l4xx_hal_rcc.o        1 888
    stm32l4xx_hal_rcc_ex.o       860
    stm32l4xx_hal_tim.o          916
    stm32l4xx_hal_tim_ex.o        76
    stm32l4xx_hal_usart.o      1 098
    stm32l4xx_it.o                72
    system_stm32l4xx.o           140        8        4
    --------------------------------------------------
    Total:                    16 194      295    3 150

dl7M_tlf.a: [2]
    XShHandles.o                 204               128
    XShttio.o                     60                 9
    abort.o                        6
    dlmalloc.o                 5 344               496
    exit.o                         4
    fclose.o                     126
    fflush.o                     172
    fputc.o                       84
    fseek.o                       36
    heaptramp0.o                   4
    low_level_init.o               4
    printf.o                      40
    putchar.o                     12
    xcloseall.o                   60
    xencoding_8859_1.o            30
    xfail_s.o                     64                 4
    xfgpos.o                      12
    xfiles.o                               19      408
    xfofind.o                    140
    xfspos.o                     216
    xfwprep.o                    180
    xgetmemchunk.o                44                 4
    xlocale_c.o                  120       16      128
    xmbcurmax.o                   10
    xprintffull.o              3 962
    xprout.o                      22
    --------------------------------------------------
    Total:                    10 956       35    1 177

m7M_tls.a: [3]
    DblAdd.o                     378
    DblCmpEq.o                    32
    DblCmpGe.o                    46
    DblCmpLe.o                    46
    DblDiv.o                     582
    DblMul.o                     418
    DblSub.o                     226
    DblToS32.o                    58
    DblToU32.o                    40
    S32ToDbl.o                    34
    U32ToDbl.o                    26
    fpinit_M.o                    34
    frexp.o                      112
    ldexp.o                      314
    sqrt.o                       258
    --------------------------------------------------
    Total:                     2 604

rt7M_tl.a: [4]
    ABImemclr4.o                   6
    ABImemcpy.o                  166
    ABImemset48.o                 50
    I64DivMod.o                  560
    I64DivZer.o                    2
    cexit.o                       14
    cmain.o                       30
    cstart_closeall.o
    cstartup_M.o                  12
    data_init.o                   40
    lz77_init_single.o           122
    memchr.o                      88
    strchr.o                      22
    strlen.o                      54
    zero_init3.o                  58
    --------------------------------------------------
    Total:                     1 224

shb_l.a: [5]
    close.o                       24
    dwrite.o                      30
    exit.o                        20
    iarttio.o                    128
    iarwrite.o                    34
    iarwstd.o                     32
    lseek.o                       74
    remove.o                      20
    write.o                       16
    --------------------------------------------------
    Total:                       378

    Gaps                          52        6        4
    Linker created                         33    1 536
------------------------------------------------------
    Grand Total:              31 408      369    5 867


*******************************************************************************
*** ENTRY LIST
***

Entry                       Address   Size  Type      Object
-----                       -------   ----  ----      ------
.iar.init_table$$Base    0x800'79b8          --   Gb  - Linker created -
.iar.init_table$$Limit   0x800'79d8          --   Gb  - Linker created -
?main                    0x800'79d9         Code  Gb  cmain.o [4]
AHBPrescTable            0x800'76b0   0x10  Data  Gb  system_stm32l4xx.o [1]
APBPrescTable            0x800'7a4c    0x8  Data  Gb  system_stm32l4xx.o [1]
ActivateBackgrounding    0x800'6ded   0x18  Code  Gb  rho_client.o [1]
ActivateClientFlags      0x800'63dd    0x2  Code  Lc  master.o [1]
BayesianFunctions        0x800'7970   0x24  Data  Gb  state_machine_utility.o [1]
BusFault_Handler         0x800'7887    0x2  Code  Gb  stm32l4xx_it.o [1]
CSTACK$$Base            0x2000'10f0          --   Gb  - Linker created -
CSTACK$$Limit           0x2000'14f0          --   Gb  - Linker created -
CacheMore                0x800'41ed   0x24  Code  Lc  xlocale_c.o [2]
CalculateCentroid        0x800'1875   0x90  Code  Lc  rho_utility.o [1]
CaptureFrame             0x800'6cf9   0x66  Code  Gb  rho_client.o [1]
ConnectRhoSystemPlatformInterface
                         0x800'6f93   0x20  Code  Gb  rho_client.o [1]
DMA1_Channel7_IRQHandler
                         0x800'78ab    0x6  Code  Gb  stm32l4xx_it.o [1]
DMA2_Channel6_IRQHandler
                         0x800'78b7    0x6  Code  Gb  stm32l4xx_it.o [1]
DMA_SetConfig            0x800'5fdd   0x22  Code  Lc  stm32l4xx_hal_dma.o [1]
DeactivateBackgrounding
                         0x800'6e05   0x16  Code  Gb  rho_client.o [1]
DebugMon_Handler         0x800'788d    0x2  Code  Gb  stm32l4xx_it.o [1]
EXTI0_IRQHandler         0x800'789f    0x6  Code  Gb  stm32l4xx_it.o [1]
EXTI1_IRQHandler         0x800'78a5    0x6  Code  Gb  stm32l4xx_it.o [1]
Filter_and_Select        0x800'1af9  0x54e  Code  Gb  rho_utility.o [1]
Filter_and_Select_Pairs
                         0x800'2269   0x20  Code  Gb  rho_utility.o [1]
Generate_Background      0x800'20a3   0x58  Code  Gb  rho_utility.o [1]
Generate_Packet          0x800'26ad  0x120  Code  Gb  rho_utility.o [1]
HAL_DMA_Abort_IT         0x800'5eef   0x44  Code  Gb  stm32l4xx_hal_dma.o [1]
HAL_DMA_IRQHandler       0x800'5f33   0x9e  Code  Gb  stm32l4xx_hal_dma.o [1]
HAL_DMA_Init             0x800'5dc5   0xa4  Code  Gb  stm32l4xx_hal_dma.o [1]
HAL_DMA_Start_IT         0x800'5e85   0x6a  Code  Gb  stm32l4xx_hal_dma.o [1]
HAL_GPIO_EXTI_IRQHandler
                         0x800'50eb   0x10  Code  Gb  stm32l4xx_hal_gpio.o [1]
HAL_GPIO_Init            0x800'4f71  0x170  Code  Gb  stm32l4xx_hal_gpio.o [1]
HAL_GPIO_WritePin        0x800'50e1    0xa  Code  Gb  stm32l4xx_hal_gpio.o [1]
HAL_GetTick              0x800'4f3d    0xc  Code  Wk  stm32l4xx_hal.o [1]
HAL_I2CEx_ConfigAnalogFilter
                         0x800'6319   0x2a  Code  Gb  stm32l4xx_hal_i2c_ex.o [1]
HAL_I2CEx_ConfigDigitalFilter
                         0x800'6343   0x26  Code  Gb  stm32l4xx_hal_i2c_ex.o [1]
HAL_I2CEx_EnableFastModePlus
                         0x800'6397   0x1e  Code  Gb  stm32l4xx_hal_i2c_ex.o [1]
HAL_I2C_Init             0x800'6841   0xa0  Code  Gb  stm32l4xx_hal_i2c.o [1]
HAL_I2C_MspInit          0x800'5beb   0x46  Code  Gb  stm32l4xx_hal_msp.o [1]
HAL_IncTick              0x800'78c9   0x10  Code  Wk  stm32l4xx_hal.o [1]
HAL_Init                 0x800'63c5   0x16  Code  Gb  stm32l4xx_hal.o [1]
HAL_InitTick             0x800'4f49   0x28  Code  Wk  stm32l4xx_hal.o [1]
HAL_MspInit              0x800'5b65   0x86  Code  Gb  stm32l4xx_hal_msp.o [1]
HAL_NVIC_EnableIRQ       0x800'5203    0xa  Code  Gb  stm32l4xx_hal_cortex.o [1]
HAL_NVIC_SetPriority     0x800'51c9   0x3a  Code  Gb  stm32l4xx_hal_cortex.o [1]
HAL_NVIC_SetPriorityGrouping
                         0x800'51af   0x1a  Code  Gb  stm32l4xx_hal_cortex.o [1]
HAL_PWREx_ControlVoltageScaling
                         0x800'5125   0x64  Code  Gb  stm32l4xx_hal_pwr_ex.o [1]
HAL_PWREx_GetVoltageRange
                         0x800'5119    0xc  Code  Gb  stm32l4xx_hal_pwr_ex.o [1]
HAL_RCCEx_PeriphCLKConfig
                         0x800'64e5  0x230  Code  Gb  stm32l4xx_hal_rcc_ex.o [1]
HAL_RCC_ClockConfig      0x800'4c37  0x13e  Code  Gb  stm32l4xx_hal_rcc.o [1]
HAL_RCC_GetHCLKFreq      0x800'4e63    0x6  Code  Gb  stm32l4xx_hal_rcc.o [1]
HAL_RCC_GetPCLK1Freq     0x800'4e69   0x10  Code  Gb  stm32l4xx_hal_rcc.o [1]
HAL_RCC_GetPCLK2Freq     0x800'4e79    0xe  Code  Gb  stm32l4xx_hal_rcc.o [1]
HAL_RCC_GetSysClockFreq
                         0x800'4dbd   0xa6  Code  Gb  stm32l4xx_hal_rcc.o [1]
HAL_RCC_MCOConfig        0x800'4d75   0x48  Code  Gb  stm32l4xx_hal_rcc.o [1]
HAL_RCC_OscConfig        0x800'47dd  0x416  Code  Gb  stm32l4xx_hal_rcc.o [1]
HAL_SYSTICK_CLKSourceConfig
                         0x800'523f   0x1a  Code  Gb  stm32l4xx_hal_cortex.o [1]
HAL_SYSTICK_Config       0x800'5217   0x28  Code  Gb  stm32l4xx_hal_cortex.o [1]
HAL_SYSTICK_IRQHandler   0x800'5259    0x4  Code  Gb  stm32l4xx_hal_cortex.o [1]
HAL_TIMEx_MasterConfigSynchronization
                         0x800'6c85   0x3e  Code  Gb  stm32l4xx_hal_tim_ex.o [1]
HAL_TIM_Base_Init        0x800'68f1   0x1a  Code  Gb  stm32l4xx_hal_tim.o [1]
HAL_TIM_Base_MspInit     0x800'5c31   0x68  Code  Gb  stm32l4xx_hal_msp.o [1]
HAL_TIM_IC_ConfigChannel
                         0x800'6949  0x108  Code  Gb  stm32l4xx_hal_tim.o [1]
HAL_TIM_IC_Init          0x800'691f   0x1a  Code  Gb  stm32l4xx_hal_tim.o [1]
HAL_TIM_SlaveConfigSynchronization
                         0x800'6a7b   0x1a  Code  Gb  stm32l4xx_hal_tim.o [1]
HAL_USART_IRQHandler     0x800'588f  0x166  Code  Gb  stm32l4xx_hal_usart.o [1]
HAL_USART_Init           0x800'5721   0x96  Code  Gb  stm32l4xx_hal_usart.o [1]
HAL_USART_MspInit        0x800'5c99   0x82  Code  Gb  stm32l4xx_hal_msp.o [1]
HAL_USART_Transmit       0x800'57cf   0xc0  Code  Gb  stm32l4xx_hal_usart.o [1]
HEAP$$Base              0x2000'14f0          --   Gb  - Linker created -
HEAP$$Limit             0x2000'16f0          --   Gb  - Linker created -
HardFault_Handler        0x800'7883    0x2  Code  Gb  stm32l4xx_it.o [1]
HasPixelCountDrop        0x800'6e21   0x62  Code  Gb  rho_client.o [1]
Init                     0x800'1905  0x138  Code  Gb  rho_utility.o [1]
InitRhoSystem            0x800'6f3f   0x54  Code  Gb  rho_client.o [1]
LoadInt                  0x800'342f   0x7a  Code  Lc  xprintffull.o [2]
MSIRangeTable            0x800'76c0   0x30  Data  Gb  system_stm32l4xx.o [1]
MX_GPIO_Init             0x800'6201   0xc2  Code  Lc  main.o [1]
MX_I2C1_Init             0x800'6141   0x40  Code  Lc  main.o [1]
MX_TIM2_Init             0x800'6181   0x78  Code  Lc  main.o [1]
MemManage_Handler        0x800'7885    0x2  Code  Gb  stm32l4xx_it.o [1]
NMI_Handler              0x800'7881    0x2  Code  Gb  stm32l4xx_it.o [1]
NVIC_SetPriority         0x800'5195   0x1a  Code  Lc  stm32l4xx_hal_cortex.o [1]
PendSV_Handler           0x800'788f    0x2  Code  Gb  stm32l4xx_it.o [1]
Perform                  0x800'1acd   0x2c  Code  Gb  rho_utility.o [1]
PerformRhoSystemProcess
                         0x800'6f13   0x1e  Code  Gb  rho_client.o [1]
PixelThreshLoop          0x800'6cd1   0x28  Code  Gb  rho_client.o [1]
PlatformInterface       0x2000'0a50   0x1c  Data  Lc  master.o [1]
ProcessFrame             0x800'6e95   0x62  Code  Gb  rho_client.o [1]
ProcessFrameSection      0x800'6d5f   0x8e  Code  Gb  rho_client.o [1]
ProcessRhoSystemFrameCapture
                         0x800'6ef7   0x1c  Code  Gb  rho_client.o [1]
RCCEx_PLLSAI1_Config     0x800'671b   0xfc  Code  Lc  stm32l4xx_hal_rcc_ex.o [1]
RCC_SetFlashLatencyFromMSIRange
                         0x800'4e8d   0x74  Code  Lc  stm32l4xx_hal_rcc.o [1]
Redistribute_Densities   0x800'20fb  0x16e  Code  Lc  rho_utility.o [1]
Region$$Table$$Base      0x800'79b8          --   Gb  - Linker created -
Region$$Table$$Limit     0x800'79d8          --   Gb  - Linker created -
RhoFunctions             0x800'7940   0x24  Data  Gb  rho_utility.o [1]
RhoKalman                0x800'7964    0xc  Data  Gb  rho_kalman.o [1]
RhoSystem               0x2000'0000  0x9f8  Data  Lc  rho_client.o [1]
STMInitDMA               0x800'63e1   0x42  Code  Lc  master.o [1]
STMPauseDMA              0x800'6423    0xa  Code  Lc  master.o [1]
STMResetDMA              0x800'643b   0x10  Code  Lc  master.o [1]
STMResumeDMA             0x800'642d    0x8  Code  Lc  master.o [1]
STMUartTxDMA             0x800'644b   0x18  Code  Lc  master.o [1]
SVC_Handler              0x800'788b    0x2  Code  Gb  stm32l4xx_it.o [1]
SysTick_Handler          0x800'7891    0xe  Code  Gb  stm32l4xx_it.o [1]
SystemClock_Config       0x800'60ab   0x96  Code  Gb  main.o [1]
SystemCoreClock         0x2000'0a70    0x4  Data  Gb  system_stm32l4xx.o [1]
SystemInit               0x800'7665   0x3c  Code  Gb  system_stm32l4xx.o [1]
TIM_Base_SetConfig       0x800'6ac5   0x5a  Code  Gb  stm32l4xx_hal_tim.o [1]
TIM_CCxChannelCmd        0x800'6c6b   0x12  Code  Gb  stm32l4xx_hal_tim.o [1]
TIM_ETR_SetConfig        0x800'6c57   0x14  Code  Gb  stm32l4xx_hal_tim.o [1]
TIM_SlaveTimer_SetConfig
                         0x800'6b1f   0x6a  Code  Lc  stm32l4xx_hal_tim.o [1]
TIM_TI1_ConfigInputStage
                         0x800'6be1   0x1e  Code  Lc  stm32l4xx_hal_tim.o [1]
TIM_TI1_SetConfig        0x800'6b89   0x46  Code  Gb  stm32l4xx_hal_tim.o [1]
TIM_TI2_ConfigInputStage
                         0x800'6c33   0x24  Code  Lc  stm32l4xx_hal_tim.o [1]
TIM_TI2_SetConfig        0x800'6bff   0x34  Code  Lc  stm32l4xx_hal_tim.o [1]
TransmitRhoSystemPacket
                         0x800'6f31    0xe  Code  Gb  rho_client.o [1]
USART1_IRQHandler        0x800'78b1    0x6  Code  Gb  stm32l4xx_it.o [1]
USART_DMAAbortOnError    0x800'5a31    0xc  Code  Lc  stm32l4xx_hal_usart.o [1]
USART_EndTransfer        0x800'5a13   0x1c  Code  Lc  stm32l4xx_hal_usart.o [1]
USART_SetConfig          0x800'5a85   0xca  Code  Lc  stm32l4xx_hal_usart.o [1]
USART_WaitOnFlagUntilTimeout
                         0x800'5a3d   0x48  Code  Lc  stm32l4xx_hal_usart.o [1]
Update_Prediction        0x800'2289  0x254  Code  Gb  rho_utility.o [1]
Update_Threshold         0x800'24f1  0x182  Code  Gb  rho_utility.o [1]
UsageFault_Handler       0x800'7889    0x2  Code  Gb  stm32l4xx_it.o [1]
Utilities               0x2000'09f8    0x8  Data  Lc  master.o [1]
ZeroRhoSystemMemory      0x800'6fb3   0x12  Code  Gb  rho_client.o [1]
_                       0x2000'10b0   0x18  Data  Gb  state_machine_utility.o [1]
_Close_all               0x800'78d9   0x3c  Code  Gb  xcloseall.o [2]
_Encoding_8859_1_Mbrlen
                         0x800'2d4d    0x2  Code  Gb  xencoding_8859_1.o [2]
_Encoding_8859_1_Wctomb
                         0x800'2d3b   0x12  Code  Gb  xencoding_8859_1.o [2]
_Error_Handler           0x800'6317    0x2  Code  Gb  main.o [1]
_Files                  0x2000'0bcc   0x20  Data  Gb  xfiles.o [2]
_Fofree                  0x800'76f1   0x86  Code  Gb  xfofind.o [2]
_Fspos                   0x800'7275   0xd8  Code  Gb  xfspos.o [2]
_Fwprep                  0x800'758d   0xb4  Code  Gb  xfwprep.o [2]
_GenldFull               0x800'3ec1  0x274  Code  Lc  xprintffull.o [2]
_LdtobFull               0x800'3a95  0x400  Code  Lc  xprintffull.o [2]
_LitobFull               0x800'393d  0x112  Code  Lc  xprintffull.o [2]
_Locale_lconv           0x2000'0a74   0x38  Data  Lc  xlocale_c.o [2]
_Nnl                     0x800'73f9    0xc  Code  Gb  xfgpos.o [2]
_PrintfFull              0x800'326d  0x1aa  Code  Gb  xprintffull.o [2]
_Prout                   0x800'7a0f   0x16  Code  Gb  xprout.o [2]
_PutcharsFull            0x800'4135   0x2e  Code  Lc  xprintffull.o [2]
_PutfldFull              0x800'34a9  0x2d8  Code  Lc  xprintffull.o [2]
_PutstrFull              0x800'3877   0xc6  Code  Lc  xprintffull.o [2]
_PuttxtFull              0x800'3781   0xf6  Code  Lc  xprintffull.o [2]
__aeabi_cdcmpeq          0x800'2fa9         Code  Gb  DblCmpEq.o [3]
__aeabi_cdcmple          0x800'31e1         Code  Gb  DblCmpLe.o [3]
__aeabi_cdrcmple         0x800'2fc9         Code  Gb  DblCmpGe.o [3]
__aeabi_d2iz             0x800'2f19         Code  Gb  DblToS32.o [3]
__aeabi_d2uiz            0x800'2f81         Code  Gb  DblToU32.o [3]
__aeabi_dadd             0x800'2941         Code  Gb  DblAdd.o [3]
__aeabi_ddiv             0x800'2af5         Code  Gb  DblDiv.o [3]
__aeabi_dmul             0x800'2d59         Code  Gb  DblMul.o [3]
__aeabi_dsub             0x800'2ff9         Code  Gb  DblSub.o [3]
__aeabi_i2d              0x800'2f55         Code  Gb  S32ToDbl.o [3]
__aeabi_ldiv0            0x800'47d9         Code  Gb  I64DivZer.o [4]
__aeabi_memclr4          0x800'2f79         Code  Gb  ABImemclr4.o [4]
__aeabi_memcpy           0x800'4355         Code  Gb  ABImemcpy.o [4]
__aeabi_memcpy4          0x800'4375         Code  Gb  ABImemcpy.o [4]
__aeabi_memcpy8          0x800'4375         Code  Gb  ABImemcpy.o [4]
__aeabi_ui2d             0x800'2efd         Code  Gb  U32ToDbl.o [3]
__aeabi_uldivmod         0x800'43fd         Code  Gb  I64DivMod.o [4]
__cexit_closeall         0x800'7a03         Code  Gb  cexit.o [4]
__close                  0x800'77ff   0x18  Code  Gb  close.o [5]
__cmain                  0x800'79d9         Code  Gb  cmain.o [4]
__cstart_closeall        0x800'7b38         Data  Gb  cstart_closeall.o [4]
__data_GetMemChunk       0x800'16ed   0x2c  Code  Gb  xgetmemchunk.o [2]
__data_GetMemChunk::start
                        0x2000'10e4    0x4  Data  Lc  xgetmemchunk.o [2]
__dwrite                 0x800'752d   0x1e  Code  Gb  dwrite.o [5]
__exit                   0x800'1719   0x14  Code  Gb  exit.o [5]
__iar_Fail_s             0x800'4279   0x1c  Code  Gb  xfail_s.o [2]
__iar_Mbcurmax           0x800'4349    0xa  Code  Gb  xmbcurmax.o [2]
__iar_Memchr             0x800'42f1         Code  Gb  memchr.o [4]
__iar_Memset4_word       0x800'3239         Code  Gb  ABImemset48.o [4]
__iar_Memset8_word       0x800'3239         Code  Gb  ABImemset48.o [4]
__iar_Stderr            0x2000'0b84   0x48  Data  Gb  xfiles.o [2]
__iar_Stdin             0x2000'0af4   0x48  Data  Gb  xfiles.o [2]
__iar_Stdout            0x2000'0b3c   0x48  Data  Gb  xfiles.o [2]
__iar_Strchr             0x800'4261         Code  Gb  strchr.o [4]
__iar_close_ttio         0x800'172d   0x2e  Code  Gb  iarttio.o [5]
__iar_dadd               0x800'3009         Code  Gb  DblSub.o [3]
__iar_data_init3         0x800'7915   0x28  Code  Gb  data_init.o [4]
__iar_dlfree             0x800'116b  0x4f6  Code  Gb  dlmalloc.o [2]
__iar_dlmalloc           0x800'0eb5  0x2b6  Code  Gb  dlmalloc.o [2]
__iar_dsub               0x800'2951         Code  Gb  DblAdd.o [3]
__iar_dsubStart          0x800'2963         Code  Gb  DblAdd.o [3]
__iar_frexp              0x800'4639         Code  Gb  frexp.o [3]
__iar_frexpl             0x800'4639         Code  Gb  frexp.o [3]
__iar_get_ttio           0x800'175d   0x4c  Code  Gb  iarttio.o [5]
__iar_globLocale        0x2000'0aac   0x48  Data  Lc  xlocale_c.o [2]
__iar_global_Locale      0x800'41e9    0x4  Code  Gb  xlocale_c.o [2]
__iar_init_vfp           0x800'7995         Code  Gb  fpinit_M.o [3]
__iar_ldexp64            0x800'469d         Code  Gb  ldexp.o [3]
__iar_lookup_ttioh       0x800'17db    0x4  Code  Gb  XShttio.o [2]
__iar_lz77_init_single3
                         0x800'1673   0x7a  Code  Gb  lz77_init_single.o [4]
__iar_program_start      0x800'7a41         Code  Gb  cstartup_M.o [4]
__iar_scalbln64          0x800'469d         Code  Gb  ldexp.o [3]
__iar_scalbn64           0x800'469d         Code  Gb  ldexp.o [3]
__iar_sh_Discard         0x800'7461   0x42  Code  Gb  XShHandles.o [2]
__iar_sh_Move            0x800'74a3   0x46  Code  Gb  XShHandles.o [2]
__iar_sh_Pos             0x800'74e9   0x3e  Code  Gb  XShHandles.o [2]
__iar_sh_stdout          0x800'754b   0x20  Code  Gb  iarwstd.o [5]
__iar_sh_write           0x800'756b   0x22  Code  Gb  iarwrite.o [5]
__iar_softfp___iar_frexp64
                         0x800'462d         Code  Gb  frexp.o [3]
__iar_softfp_frexp       0x800'462d         Code  Gb  frexp.o [3]
__iar_softfp_frexpl      0x800'462d         Code  Gb  frexp.o [3]
__iar_sqrt64             0x800'30ed         Code  Gb  sqrt.o [3]
__iar_ttio_guard_lock    0x800'17ad   0x1e  Code  Gb  XShttio.o [2]
__iar_ttio_guard_unlock
                         0x800'17cb   0x10  Code  Gb  XShttio.o [2]
__iar_ttio_handles      0x2000'0bec    0x8  Data  Lc  XShttio.o [2]
__iar_vfp___iar_sqrt64   0x800'30dd         Code  Gb  sqrt.o [3]
__iar_vfp_sqrt           0x800'30dd         Code  Gb  sqrt.o [3]
__iar_vfp_sqrtl          0x800'30dd         Code  Gb  sqrt.o [3]
__iar_zero_init3         0x800'2abb   0x3a  Code  Gb  zero_init3.o [4]
__low_level_init         0x800'79f7    0x4  Code  Gb  low_level_init.o [2]
__lseek                  0x800'7405   0x4a  Code  Gb  lseek.o [5]
__vector_table           0x800'0000         Data  Gb  startup_stm32l432xx.o [1]
__write                  0x800'744f   0x10  Code  Gb  write.o [5]
_call_main               0x800'79e5         Code  Gb  cmain.o [4]
_capture_buffer_internal
                        0x2000'0a00   0x50  Data  Lc  master.o [1]
_capture_buffer_internal
                        0x2000'0e9c   0x50  Data  Lc  rho_client.o [1]
_exit                    0x800'7a01         Code  Gb  cexit.o [4]
_gLocale_mblen           0x800'424d    0x4  Code  Gb  xlocale_c.o [2]
_gLocale_mblenInt        0x800'4211   0x2c  Code  Gb  xlocale_c.o [2]
_gLocale_wctomb          0x800'4251    0x4  Code  Gb  xlocale_c.o [2]
_gLocale_wctombInt       0x800'4249    0x4  Code  Gb  xlocale_c.o [2]
_gm_                    0x2000'0bf4  0x1d8  Data  Lc  dlmalloc.o [2]
_main                    0x800'79f3         Code  Gb  cmain.o [4]
_thresh_buffer_internal
                        0x2000'10e8    0x2  Data  Lc  rho_client.o [1]
abort                    0x800'166d    0x6  Code  Gb  abort.o [2]
add_segment              0x800'0555  0x1f2  Code  Lc  dlmalloc.o [2]
cma_M0_M1                0x800'17e9   0x8a  Code  Lc  rho_utility.o [1]
ebuf                    0x2000'0eec   0x50  Data  Lc  xfiles.o [2]
exit                     0x800'79fb    0x4  Code  Gb  exit.o [2]
fclose                   0x800'7781   0x7e  Code  Gb  fclose.o [2]
fflush                   0x800'73c1   0x34  Code  Gb  fflush.o [2]
fflushOne                0x800'734d   0x74  Code  Lc  fflush.o [2]
fputc                    0x800'782b   0x54  Code  Gb  fputc.o [2]
free                     0x800'777d    0x4  Code  Gb  heaptramp0.o [2]
fseek                    0x800'7641   0x24  Code  Gb  fseek.o [2]
hdma_tim2_ch2_ch4       0x2000'0fd8   0x48  Data  Gb  main.o [1]
hdma_usart1_tx          0x2000'1020   0x48  Data  Gb  main.o [1]
hi2c1                   0x2000'0f8c   0x4c  Data  Gb  main.o [1]
htim2                   0x2000'1068   0x40  Data  Gb  main.o [1]
husart1                 0x2000'0e4c   0x50  Data  Gb  main.o [1]
init                     0x800'6fed   0x46  Code  Lc  rho_kalman.o [1]
init                     0x800'542d   0x24  Code  Lc  state_machine_utility.o [1]
initMap                  0x800'52a3   0x58  Code  Lc  state_machine_utility.o [1]
init_mparams             0x800'01a7   0x32  Code  Lc  dlmalloc.o [2]
init_top                 0x800'01d9   0x36  Code  Lc  dlmalloc.o [2]
isExpired                0x800'723b   0x26  Code  Lc  rho_kalman.o [1]
isStable                 0x800'5279   0x12  Code  Lc  state_machine_utility.o [1]
ldexp                    0x800'469d         Code  Gb  ldexp.o [3]
ldexpl                   0x800'469d         Code  Gb  ldexp.o [3]
localeconv               0x800'4255    0x4  Code  Gb  xlocale_c.o [2]
main                     0x800'6005   0xa6  Code  Gb  main.o [1]
master_init              0x800'6463    0xc  Code  Gb  master.o [1]
memchr                   0x800'42f1         Code  Gb  memchr.o [4]
mparams                 0x2000'10c8   0x18  Data  Lc  dlmalloc.o [2]
normalizeMap             0x800'5301   0x2c  Code  Lc  state_machine_utility.o [1]
normalizeState           0x800'532d   0xb4  Code  Lc  state_machine_utility.o [1]
obuf                    0x2000'0f3c   0x50  Data  Lc  xfiles.o [2]
packet_offset_lookup    0x2000'0a6c    0x4  Data  Lc  rho_utility.o [1]
prepend_alloc            0x800'020f  0x346  Code  Lc  dlmalloc.o [2]
print                    0x800'5429    0x2  Code  Lc  state_machine_utility.o [1]
printf                   0x800'3211   0x28  Code  Gb  printf.o [2]
putchar                  0x800'7a25    0xc  Code  Gb  putchar.o [2]
remove                   0x800'7817   0x14  Code  Gb  remove.o [5]
resetState               0x800'53e1   0x48  Code  Lc  state_machine_utility.o [1]
reset_loop_variables     0x800'528d   0x16  Code  Lc  state_machine_utility.o [1]
rlookup                  0x800'2870   0xd0  Data  Gb  rho_utility.o [1]
sFileInfo               0x2000'0dcc   0x80  Data  Lc  XShHandles.o [2]
scalbln                  0x800'469d         Code  Gb  ldexp.o [3]
scalblnl                 0x800'469d         Code  Gb  ldexp.o [3]
scalbn                   0x800'469d         Code  Gb  ldexp.o [3]
scalbnl                  0x800'469d         Code  Gb  ldexp.o [3]
scale                    0x800'3a4f   0x46  Code  Lc  xprintffull.o [2]
sec_hand                0x2000'10e0    0x4  Data  Lc  xfail_s.o [2]
segment_holding          0x800'018d   0x1a  Code  Lc  dlmalloc.o [2]
sqrt                     0x800'30ed         Code  Gb  sqrt.o [3]
sqrtl                    0x800'30ed         Code  Gb  sqrt.o [3]
strchr                   0x800'4261         Code  Gb  strchr.o [4]
strlen                   0x800'42b9         Code  Gb  strlen.o [4]
sys_alloc                0x800'074d  0x164  Code  Lc  dlmalloc.o [2]
sys_trim                 0x800'08b1   0x64  Code  Lc  dlmalloc.o [2]
tmalloc_large            0x800'0921  0x386  Code  Lc  dlmalloc.o [2]
tmalloc_small            0x800'0ca7  0x200  Code  Lc  dlmalloc.o [2]
ttio_guard              0x2000'10ea    0x1  Data  Lc  XShttio.o [2]
update                   0x800'7035  0x1ea  Code  Lc  rho_kalman.o [1]
update                   0x800'5459  0x1f2  Code  Lc  state_machine_utility.o [1]
updateProbabilities      0x800'5667   0x80  Code  Lc  state_machine_utility.o [1]
updateState              0x800'570d   0x14  Code  Lc  state_machine_utility.o [1]
uwTick                  0x2000'10a8    0x4  Data  Gb  stm32l4xx_hal.o [1]


[1] = C:\Users\Matthew Fonken\Desktop\marbl\Techincal\combine\general\rho\rho_mod_v4\EWARM\rho_mod_v4\Obj
[2] = dl7M_tlf.a
[3] = m7M_tls.a
[4] = rt7M_tl.a
[5] = shb_l.a

  31 408 bytes of readonly  code memory
     369 bytes of readonly  data memory
   5 867 bytes of readwrite data memory

Errors: none
Warnings: none
