###############################################################################
#
# IAR ELF Linker V8.30.1.114/W32 for ARM                  24/Jul/2019  20:49:06
# Copyright 2007-2018 IAR Systems AB.
#
#    Output file  =  
#        C:\Users\Matthew
#        Fonken\Desktop\marbl\Techincal\combine\general\rho\rho_mod_v5\EWARM\rho_mod_v5\Exe\rho_mod_v5.out
#    Map file     =  
#        C:\Users\Matthew
#        Fonken\Desktop\marbl\Techincal\combine\general\rho\rho_mod_v5\EWARM\rho_mod_v5\List\rho_mod_v5.map
#    Command line =  
#        -f C:\Users\MATTHE~1\AppData\Local\Temp\EW93C9.tmp ("C:\Users\Matthew
#        Fonken\Desktop\marbl\Techincal\combine\general\rho\rho_mod_v5\EWARM\rho_mod_v5\Obj\fsm.o"
#        "C:\Users\Matthew
#        Fonken\Desktop\marbl\Techincal\combine\general\rho\rho_mod_v5\EWARM\rho_mod_v5\Obj\main.o"
#        "C:\Users\Matthew
#        Fonken\Desktop\marbl\Techincal\combine\general\rho\rho_mod_v5\EWARM\rho_mod_v5\Obj\master.o"
#        "C:\Users\Matthew
#        Fonken\Desktop\marbl\Techincal\combine\general\rho\rho_mod_v5\EWARM\rho_mod_v5\Obj\OV9712.o"
#        "C:\Users\Matthew
#        Fonken\Desktop\marbl\Techincal\combine\general\rho\rho_mod_v5\EWARM\rho_mod_v5\Obj\platform.o"
#        "C:\Users\Matthew
#        Fonken\Desktop\marbl\Techincal\combine\general\rho\rho_mod_v5\EWARM\rho_mod_v5\Obj\printers.o"
#        "C:\Users\Matthew
#        Fonken\Desktop\marbl\Techincal\combine\general\rho\rho_mod_v5\EWARM\rho_mod_v5\Obj\rho_client.o"
#        "C:\Users\Matthew
#        Fonken\Desktop\marbl\Techincal\combine\general\rho\rho_mod_v5\EWARM\rho_mod_v5\Obj\rho_core.o"
#        "C:\Users\Matthew
#        Fonken\Desktop\marbl\Techincal\combine\general\rho\rho_mod_v5\EWARM\rho_mod_v5\Obj\rho_kalman.o"
#        "C:\Users\Matthew
#        Fonken\Desktop\marbl\Techincal\combine\general\rho\rho_mod_v5\EWARM\rho_mod_v5\Obj\rho_pid.o"
#        "C:\Users\Matthew
#        Fonken\Desktop\marbl\Techincal\combine\general\rho\rho_mod_v5\EWARM\rho_mod_v5\Obj\rho_utility.o"
#        "C:\Users\Matthew
#        Fonken\Desktop\marbl\Techincal\combine\general\rho\rho_mod_v5\EWARM\rho_mod_v5\Obj\startup_stm32l432xx.o"
#        "C:\Users\Matthew
#        Fonken\Desktop\marbl\Techincal\combine\general\rho\rho_mod_v5\EWARM\rho_mod_v5\Obj\stm32_interface.o"
#        "C:\Users\Matthew
#        Fonken\Desktop\marbl\Techincal\combine\general\rho\rho_mod_v5\EWARM\rho_mod_v5\Obj\stm32l4xx_hal.o"
#        "C:\Users\Matthew
#        Fonken\Desktop\marbl\Techincal\combine\general\rho\rho_mod_v5\EWARM\rho_mod_v5\Obj\stm32l4xx_hal_cortex.o"
#        "C:\Users\Matthew
#        Fonken\Desktop\marbl\Techincal\combine\general\rho\rho_mod_v5\EWARM\rho_mod_v5\Obj\stm32l4xx_hal_dma.o"
#        "C:\Users\Matthew
#        Fonken\Desktop\marbl\Techincal\combine\general\rho\rho_mod_v5\EWARM\rho_mod_v5\Obj\stm32l4xx_hal_dma_ex.o"
#        "C:\Users\Matthew
#        Fonken\Desktop\marbl\Techincal\combine\general\rho\rho_mod_v5\EWARM\rho_mod_v5\Obj\stm32l4xx_hal_exti.o"
#        "C:\Users\Matthew
#        Fonken\Desktop\marbl\Techincal\combine\general\rho\rho_mod_v5\EWARM\rho_mod_v5\Obj\stm32l4xx_hal_flash.o"
#        "C:\Users\Matthew
#        Fonken\Desktop\marbl\Techincal\combine\general\rho\rho_mod_v5\EWARM\rho_mod_v5\Obj\stm32l4xx_hal_flash_ex.o"
#        "C:\Users\Matthew
#        Fonken\Desktop\marbl\Techincal\combine\general\rho\rho_mod_v5\EWARM\rho_mod_v5\Obj\stm32l4xx_hal_flash_ramfunc.o"
#        "C:\Users\Matthew
#        Fonken\Desktop\marbl\Techincal\combine\general\rho\rho_mod_v5\EWARM\rho_mod_v5\Obj\stm32l4xx_hal_gpio.o"
#        "C:\Users\Matthew
#        Fonken\Desktop\marbl\Techincal\combine\general\rho\rho_mod_v5\EWARM\rho_mod_v5\Obj\stm32l4xx_hal_i2c.o"
#        "C:\Users\Matthew
#        Fonken\Desktop\marbl\Techincal\combine\general\rho\rho_mod_v5\EWARM\rho_mod_v5\Obj\stm32l4xx_hal_i2c_ex.o"
#        "C:\Users\Matthew
#        Fonken\Desktop\marbl\Techincal\combine\general\rho\rho_mod_v5\EWARM\rho_mod_v5\Obj\stm32l4xx_hal_msp.o"
#        "C:\Users\Matthew
#        Fonken\Desktop\marbl\Techincal\combine\general\rho\rho_mod_v5\EWARM\rho_mod_v5\Obj\stm32l4xx_hal_pcd.o"
#        "C:\Users\Matthew
#        Fonken\Desktop\marbl\Techincal\combine\general\rho\rho_mod_v5\EWARM\rho_mod_v5\Obj\stm32l4xx_hal_pcd_ex.o"
#        "C:\Users\Matthew
#        Fonken\Desktop\marbl\Techincal\combine\general\rho\rho_mod_v5\EWARM\rho_mod_v5\Obj\stm32l4xx_hal_pwr.o"
#        "C:\Users\Matthew
#        Fonken\Desktop\marbl\Techincal\combine\general\rho\rho_mod_v5\EWARM\rho_mod_v5\Obj\stm32l4xx_hal_pwr_ex.o"
#        "C:\Users\Matthew
#        Fonken\Desktop\marbl\Techincal\combine\general\rho\rho_mod_v5\EWARM\rho_mod_v5\Obj\stm32l4xx_hal_rcc.o"
#        "C:\Users\Matthew
#        Fonken\Desktop\marbl\Techincal\combine\general\rho\rho_mod_v5\EWARM\rho_mod_v5\Obj\stm32l4xx_hal_rcc_ex.o"
#        "C:\Users\Matthew
#        Fonken\Desktop\marbl\Techincal\combine\general\rho\rho_mod_v5\EWARM\rho_mod_v5\Obj\stm32l4xx_hal_tim.o"
#        "C:\Users\Matthew
#        Fonken\Desktop\marbl\Techincal\combine\general\rho\rho_mod_v5\EWARM\rho_mod_v5\Obj\stm32l4xx_hal_tim_ex.o"
#        "C:\Users\Matthew
#        Fonken\Desktop\marbl\Techincal\combine\general\rho\rho_mod_v5\EWARM\rho_mod_v5\Obj\stm32l4xx_hal_uart.o"
#        "C:\Users\Matthew
#        Fonken\Desktop\marbl\Techincal\combine\general\rho\rho_mod_v5\EWARM\rho_mod_v5\Obj\stm32l4xx_hal_uart_ex.o"
#        "C:\Users\Matthew
#        Fonken\Desktop\marbl\Techincal\combine\general\rho\rho_mod_v5\EWARM\rho_mod_v5\Obj\stm32l4xx_it.o"
#        "C:\Users\Matthew
#        Fonken\Desktop\marbl\Techincal\combine\general\rho\rho_mod_v5\EWARM\rho_mod_v5\Obj\stm32l4xx_ll_usb.o"
#        "C:\Users\Matthew
#        Fonken\Desktop\marbl\Techincal\combine\general\rho\rho_mod_v5\EWARM\rho_mod_v5\Obj\system.o"
#        "C:\Users\Matthew
#        Fonken\Desktop\marbl\Techincal\combine\general\rho\rho_mod_v5\EWARM\rho_mod_v5\Obj\system_stm32l4xx.o"
#        --redirect _Printf=_PrintfFull --redirect _Scanf=_ScanfFull
#        --no_out_extension -o "C:\Users\Matthew
#        Fonken\Desktop\marbl\Techincal\combine\general\rho\rho_mod_v5\EWARM\rho_mod_v5\Exe\rho_mod_v5.out"
#        --map "C:\Users\Matthew
#        Fonken\Desktop\marbl\Techincal\combine\general\rho\rho_mod_v5\EWARM\rho_mod_v5\List\rho_mod_v5.map"
#        --config "C:\Users\Matthew
#        Fonken\Desktop\marbl\Techincal\combine\general\rho\rho_mod_v5\EWARM/stm32l432xx_flash.icf"
#        --semihosting --entry __iar_program_start --vfe --text_out locale)
#
###############################################################################

*******************************************************************************
*** RUNTIME MODEL ATTRIBUTES
***

CppFlavor       = *
__Heap_Handler  = NoFree
__SystemLibrary = DLib
__dlib_version  = 6


*******************************************************************************
*** HEAP SELECTION
***

The no free heap was selected because no calls to memory
deallocation functions were found in the application.


*******************************************************************************
*** PLACEMENT SUMMARY
***

"A0":  place at 0x800'0000 { ro section .intvec };
"P1":  place in [from 0x800'0000 to 0x803'ffff] { ro };
define block CSTACK with size = 1K, alignment = 8 { };
define block HEAP with size = 512, alignment = 8 { };
"P2":  place in [from 0x2000'0000 to 0x2000'ffff] {
          rw, block CSTACK, block HEAP };
initialize by copy { rw };

  Section            Kind         Address    Size  Object
  -------            ----         -------    ----  ------
"A0":                                       0x18c
  .intvec            ro code   0x800'0000   0x18c  startup_stm32l432xx.o [1]
                             - 0x800'018c   0x18c

"P1":                                      0x42ad
  .text              ro code   0x800'018c   0xf7a  xprintffull.o [2]
  .text              ro code   0x800'1106    0x7a  lz77_init_single.o [4]
  .text              ro code   0x800'1180    0x78  xlocale_c.o [2]
  .text              ro code   0x800'11f8    0x16  strchr.o [4]
  .text              ro code   0x800'120e    0x3a  zero_init3.o [4]
  .text              ro code   0x800'1248    0x40  xfail_s.o [2]
  .text              ro code   0x800'1288    0x36  strlen.o [4]
  .text              ro code   0x800'12be    0x1e  xencoding_8859_1.o [2]
  .text              ro code   0x800'12dc    0x58  memchr.o [4]
  .text              ro code   0x800'1334     0xa  xmbcurmax.o [2]
  .text              ro code   0x800'133e     0xa  xsprout.o [2]
  .text              ro code   0x800'1348    0xa6  ABImemcpy.o [4]
  .text              ro code   0x800'13f0   0x230  I64DivMod.o [4]
  .text              ro code   0x800'1620   0x1a2  DblMul.o [3]
  .text              ro code   0x800'17c4    0x70  frexp.o [3]
  .text              ro code   0x800'1834    0x2e  DblCmpLe.o [3]
  .text              ro code   0x800'1864    0x2e  DblCmpGe.o [3]
  .text              ro code   0x800'1894   0x13a  ldexp.o [3]
  .text              ro code   0x800'19d0    0x3a  DblToS32.o [3]
  .text              ro code   0x800'1a0c    0x22  S32ToDbl.o [3]
  .text              ro code   0x800'1a30    0xe2  DblSub.o [3]
  .text              ro code   0x800'1b14   0x246  DblDiv.o [3]
  .text              ro code   0x800'1d5c    0x28  DblToU32.o [3]
  .text              ro code   0x800'1d84    0x1a  U32ToDbl.o [3]
  .text              ro code   0x800'1d9e     0x6  abort.o [2]
  .text              ro code   0x800'1da4     0x2  I64DivZer.o [4]
  .text              ro code   0x800'1da8   0x16a  DblAdd.o [3]
  .text              ro code   0x800'1f14    0x14  exit.o [5]
  .text              ro code   0x800'1f28   0x7d4  stm32l4xx_hal_rcc.o [1]
  .text              ro code   0x800'26fc    0x44  stm32l4xx_hal.o [1]
  .text              ro code   0x800'2740     0xc  stm32l4xx_hal.o [1]
  .text              ro code   0x800'274c   0x1bc  stm32l4xx_hal_gpio.o [1]
  .text              ro code   0x800'2908    0x88  stm32l4xx_hal_pwr_ex.o [1]
  .text              ro code   0x800'2990    0xc0  stm32l4xx_hal_cortex.o [1]
  .text              ro code   0x800'2a50    0x74  stm32_interface.o [1]
  .text              ro code   0x800'2ac4   0x698  stm32l4xx_hal_uart.o [1]
  .text              ro code   0x800'315c    0x28  stm32l4xx_hal.o [1]
  .text              ro code   0x800'3184   0x1a0  stm32l4xx_hal_msp.o [1]
  .text              ro code   0x800'3324    0x4a  stm32l4xx_hal_dma.o [1]
  .text              ro code   0x800'336e     0x2  stm32l4xx_hal_uart.o [1]
  .text              ro code   0x800'3370     0x2  stm32l4xx_hal_uart_ex.o [1]
  .text              ro code   0x800'3372     0x2  stm32l4xx_hal_uart.o [1]
  .text              ro code   0x800'3374    0xbc  stm32l4xx_hal_i2c_ex.o [1]
  .text              ro code   0x800'3430   0x36a  stm32l4xx_hal_tim.o [1]
  .text              ro code   0x800'379a     0x2  stm32l4xx_hal_tim.o [1]
  .text              ro code   0x800'379c   0x360  stm32l4xx_hal_rcc_ex.o [1]
  .text              ro code   0x800'3afc   0x33c  main.o [1]
  .text              ro code   0x800'3e38    0x1e  stm32l4xx_hal.o [1]
  .text              ro code   0x800'3e58    0xaa  stm32l4xx_hal_i2c.o [1]
  .text              ro code   0x800'3f04    0x54  stm32l4xx_hal_tim_ex.o [1]
  .text              ro code   0x800'3f58    0xce  stm32l4xx_hal_pcd.o [1]
  .text              ro code   0x800'4028    0x48  master.o [1]
  .text              ro code   0x800'4070     0x6  ABImemclr4.o [4]
  .text              ro code   0x800'4078    0x50  stm32l4xx_ll_usb.o [1]
  .text              ro code   0x800'40c8    0x2a  stm32l4xx_hal_pcd_ex.o [1]
  .text              ro code   0x800'40f4    0x40  sprintf.o [2]
  .text              ro code   0x800'4134    0x14  printers.o [1]
  .text              ro code   0x800'4148    0x32  ABImemset48.o [4]
  .text              ro code   0x800'417c    0x10  platform.o [1]
  .text              ro code   0x800'418c    0x8c  system_stm32l4xx.o [1]
  .text              ro code   0x800'4218    0x2c  stm32l4xx_it.o [1]
  .text              ro code   0x800'4244    0x10  stm32l4xx_hal.o [1]
  .text              ro code   0x800'4254    0x28  data_init.o [4]
  .text              ro code   0x800'427c    0x22  fpinit_M.o [3]
  .iar.init_table    const     0x800'42a0    0x20  - Linker created -
  .text              ro code   0x800'42c0    0x1e  cmain.o [4]
  .text              ro code   0x800'42de     0x4  low_level_init.o [2]
  .text              ro code   0x800'42e2     0x4  exit.o [2]
  .text              ro code   0x800'42e8     0xa  cexit.o [4]
  .text              ro code   0x800'42f4    0x10  startup_stm32l432xx.o [1]
  .text              ro code   0x800'4304     0xc  cstartup_M.o [4]
  .rodata            const     0x800'4310     0x8  system_stm32l4xx.o [1]
  .rodata            const     0x800'4318     0x6  xlocale_c.o [2]
  .text              ro code   0x800'431e     0x4  startup_stm32l432xx.o [1]
  .text              ro code   0x800'4322     0x4  startup_stm32l432xx.o [1]
  .text              ro code   0x800'4326     0x4  startup_stm32l432xx.o [1]
  .text              ro code   0x800'432a     0x4  startup_stm32l432xx.o [1]
  .text              ro code   0x800'432e     0x4  startup_stm32l432xx.o [1]
  .text              ro code   0x800'4332     0x4  startup_stm32l432xx.o [1]
  .text              ro code   0x800'4336     0x4  startup_stm32l432xx.o [1]
  .text              ro code   0x800'433a     0x4  startup_stm32l432xx.o [1]
  .text              ro code   0x800'433e     0x4  startup_stm32l432xx.o [1]
  .text              ro code   0x800'4342     0x4  startup_stm32l432xx.o [1]
  .text              ro code   0x800'4346     0x4  startup_stm32l432xx.o [1]
  .text              ro code   0x800'434a     0x4  startup_stm32l432xx.o [1]
  .text              ro code   0x800'434e     0x4  startup_stm32l432xx.o [1]
  .text              ro code   0x800'4352     0x4  startup_stm32l432xx.o [1]
  .text              ro code   0x800'4356     0x4  startup_stm32l432xx.o [1]
  .text              ro code   0x800'435a     0x4  startup_stm32l432xx.o [1]
  .text              ro code   0x800'435e     0x4  startup_stm32l432xx.o [1]
  .text              ro code   0x800'4362     0x4  startup_stm32l432xx.o [1]
  .text              ro code   0x800'4366     0x4  startup_stm32l432xx.o [1]
  .text              ro code   0x800'436a     0x4  startup_stm32l432xx.o [1]
  .text              ro code   0x800'436e     0x4  startup_stm32l432xx.o [1]
  .text              ro code   0x800'4372     0x4  startup_stm32l432xx.o [1]
  .text              ro code   0x800'4376     0x4  startup_stm32l432xx.o [1]
  .text              ro code   0x800'437a     0x4  startup_stm32l432xx.o [1]
  .text              ro code   0x800'437e     0x4  startup_stm32l432xx.o [1]
  .text              ro code   0x800'4382     0x4  startup_stm32l432xx.o [1]
  .text              ro code   0x800'4386     0x4  startup_stm32l432xx.o [1]
  .text              ro code   0x800'438a     0x4  startup_stm32l432xx.o [1]
  .text              ro code   0x800'438e     0x4  startup_stm32l432xx.o [1]
  .text              ro code   0x800'4392     0x4  startup_stm32l432xx.o [1]
  .text              ro code   0x800'4396     0x4  startup_stm32l432xx.o [1]
  .text              ro code   0x800'439a     0x4  startup_stm32l432xx.o [1]
  .text              ro code   0x800'439e     0x4  startup_stm32l432xx.o [1]
  .text              ro code   0x800'43a2     0x4  startup_stm32l432xx.o [1]
  .text              ro code   0x800'43a6     0x4  startup_stm32l432xx.o [1]
  .text              ro code   0x800'43aa     0x4  startup_stm32l432xx.o [1]
  .text              ro code   0x800'43ae     0x4  startup_stm32l432xx.o [1]
  .text              ro code   0x800'43b2     0x4  startup_stm32l432xx.o [1]
  .text              ro code   0x800'43b6     0x4  startup_stm32l432xx.o [1]
  .text              ro code   0x800'43ba     0x4  startup_stm32l432xx.o [1]
  .text              ro code   0x800'43be     0x4  startup_stm32l432xx.o [1]
  .text              ro code   0x800'43c2     0x4  startup_stm32l432xx.o [1]
  .text              ro code   0x800'43c6     0x4  startup_stm32l432xx.o [1]
  .text              ro code   0x800'43ca     0x4  startup_stm32l432xx.o [1]
  .text              ro code   0x800'43ce     0x4  startup_stm32l432xx.o [1]
  .text              ro code   0x800'43d2     0x4  startup_stm32l432xx.o [1]
  .text              ro code   0x800'43d6     0x4  startup_stm32l432xx.o [1]
  .text              ro code   0x800'43da     0x4  startup_stm32l432xx.o [1]
  .text              ro code   0x800'43de     0x4  startup_stm32l432xx.o [1]
  .text              ro code   0x800'43e2     0x4  startup_stm32l432xx.o [1]
  .text              ro code   0x800'43e6     0x4  startup_stm32l432xx.o [1]
  .text              ro code   0x800'43ea     0x4  startup_stm32l432xx.o [1]
  .text              ro code   0x800'43ee     0x4  startup_stm32l432xx.o [1]
  .text              ro code   0x800'43f2     0x4  startup_stm32l432xx.o [1]
  .text              ro code   0x800'43f6     0x4  startup_stm32l432xx.o [1]
  .text              ro code   0x800'43fa     0x4  startup_stm32l432xx.o [1]
  .text              ro code   0x800'43fe     0x4  startup_stm32l432xx.o [1]
  .rodata            const     0x800'4402     0x0  zero_init3.o [4]
  .rodata            const     0x800'4402     0x0  lz77_init_single.o [4]
  Initializer bytes  const     0x800'4402    0x37  <for P2-1>
                             - 0x800'4439  0x42ad

"P2", part 1 of 3:                           0x90
  P2-1                        0x2000'0000    0x90  <Init block>
    .data            inited   0x2000'0000     0xc  stm32l4xx_hal.o [1]
    .data            inited   0x2000'000c     0x4  system_stm32l4xx.o [1]
    .data            inited   0x2000'0010    0x38  xlocale_c.o [2]
    .data            inited   0x2000'0048    0x48  xlocale_c.o [2]
                            - 0x2000'0090    0x90

"P2", part 2 of 3:                          0x4ac
  .bss               zero     0x2000'0090   0x380  main.o [1]
  .bss               zero     0x2000'0410   0x100  master.o [1]
  .bss               zero     0x2000'0510    0x18  platform.o [1]
  .bss               zero     0x2000'0528    0x10  stm32_interface.o [1]
  .bss               zero     0x2000'0538     0x4  xfail_s.o [2]
                            - 0x2000'053c   0x4ac

"P2", part 3 of 3:                          0x400
  CSTACK                      0x2000'0540   0x400  <Block>
    CSTACK           uninit   0x2000'0540   0x400  <Block tail>
                            - 0x2000'0940   0x400

Unused ranges:

         From           To      Size
         ----           --      ----
   0x800'4439   0x803'ffff  0x3'bbc7
  0x2000'053c  0x2000'053f       0x4
  0x2000'0940  0x2000'ffff    0xf6c0


*******************************************************************************
*** INIT TABLE
***

          Address      Size
          -------      ----
Zero (__iar_zero_init3)
    1 destination range, total size 0x4ac:
          0x2000'0090  0x4ac

Copy/lz77 (__iar_lz77_init_single3)
    1 source range, total size 0x37 (38% of destination):
           0x800'4402   0x37
    1 destination range, total size 0x90:
          0x2000'0000   0x90



*******************************************************************************
*** MODULE SUMMARY
***

    Module                   ro code  ro data  rw data
    ------                   -------  -------  -------
command line/config:
    --------------------------------------------------
    Total:

C:\Users\Matthew Fonken\Desktop\marbl\Techincal\combine\general\rho\rho_mod_v5\EWARM\rho_mod_v5\Obj: [1]
    main.o                       828               896
    master.o                      72               256
    platform.o                    16                24
    printers.o                    20
    startup_stm32l432xx.o        640
    stm32_interface.o            116                16
    stm32l4xx_hal.o              166        4       12
    stm32l4xx_hal_cortex.o       192
    stm32l4xx_hal_dma.o           74
    stm32l4xx_hal_gpio.o         444
    stm32l4xx_hal_i2c.o          170
    stm32l4xx_hal_i2c_ex.o       188
    stm32l4xx_hal_msp.o          416
    stm32l4xx_hal_pcd.o          206
    stm32l4xx_hal_pcd_ex.o        42
    stm32l4xx_hal_pwr_ex.o       136
    stm32l4xx_hal_rcc.o        2 004
    stm32l4xx_hal_rcc_ex.o       864
    stm32l4xx_hal_tim.o          876
    stm32l4xx_hal_tim_ex.o        84
    stm32l4xx_hal_uart.o       1 692
    stm32l4xx_hal_uart_ex.o        2
    stm32l4xx_it.o                44
    stm32l4xx_ll_usb.o            80
    system_stm32l4xx.o           140       10        4
    --------------------------------------------------
    Total:                     9 512       14    1 208

dl7M_tlf.a: [2]
    abort.o                        6
    exit.o                         4
    low_level_init.o               4
    sprintf.o                     64
    xencoding_8859_1.o            30
    xfail_s.o                     64                 4
    xlocale_c.o                  120       55      128
    xmbcurmax.o                   10
    xprintffull.o              3 962
    xsprout.o                     10
    --------------------------------------------------
    Total:                     4 274       55      132

m7M_tls.a: [3]
    DblAdd.o                     362
    DblCmpGe.o                    46
    DblCmpLe.o                    46
    DblDiv.o                     582
    DblMul.o                     418
    DblSub.o                     226
    DblToS32.o                    58
    DblToU32.o                    40
    S32ToDbl.o                    34
    U32ToDbl.o                    26
    fpinit_M.o                    34
    frexp.o                      112
    ldexp.o                      314
    --------------------------------------------------
    Total:                     2 298

rt7M_tl.a: [4]
    ABImemclr4.o                   6
    ABImemcpy.o                  166
    ABImemset48.o                 50
    I64DivMod.o                  560
    I64DivZer.o                    2
    cexit.o                       10
    cmain.o                       30
    cstartup_M.o                  12
    data_init.o                   40
    lz77_init_single.o           122
    memchr.o                      88
    strchr.o                      22
    strlen.o                      54
    zero_init3.o                  58
    --------------------------------------------------
    Total:                     1 220

shb_l.a: [5]
    exit.o                        20
    --------------------------------------------------
    Total:                        20

    Gaps                          38        2
    Linker created                         32    1 024
------------------------------------------------------
    Grand Total:              17 362      103    2 364


*******************************************************************************
*** ENTRY LIST
***

Entry                       Address   Size  Type      Object
-----                       -------   ----  ----      ------
.iar.init_table$$Base    0x800'42a0          --   Gb  - Linker created -
.iar.init_table$$Limit   0x800'42c0          --   Gb  - Linker created -
?main                    0x800'42c1         Code  Gb  cmain.o [4]
AHBPrescTable            0x800'41d8   0x10  Data  Gb  system_stm32l4xx.o [1]
APBPrescTable            0x800'4310    0x8  Data  Gb  system_stm32l4xx.o [1]
BusFault_Handler         0x800'421f    0x2  Code  Gb  stm32l4xx_it.o [1]
CSTACK$$Base            0x2000'0540          --   Gb  - Linker created -
CSTACK$$Limit           0x2000'0940          --   Gb  - Linker created -
CacheMore                0x800'1185   0x24  Code  Lc  xlocale_c.o [2]
DebugMon_Handler         0x800'4225    0x2  Code  Gb  stm32l4xx_it.o [1]
EXTI0_IRQHandler         0x800'422d    0x6  Code  Gb  stm32l4xx_it.o [1]
EXTI1_IRQHandler         0x800'4233    0x6  Code  Gb  stm32l4xx_it.o [1]
HAL_DMA_Abort_IT         0x800'3325   0x4a  Code  Gb  stm32l4xx_hal_dma.o [1]
HAL_Delay                0x800'315d   0x28  Code  Wk  stm32l4xx_hal.o [1]
HAL_GPIO_EXTI_Callback   0x800'2a51   0x58  Code  Gb  stm32_interface.o [1]
HAL_GPIO_EXTI_IRQHandler
                         0x800'28df   0x10  Code  Gb  stm32l4xx_hal_gpio.o [1]
HAL_GPIO_Init            0x800'274d  0x188  Code  Gb  stm32l4xx_hal_gpio.o [1]
HAL_GPIO_WritePin        0x800'28d5    0xa  Code  Gb  stm32l4xx_hal_gpio.o [1]
HAL_GetTick              0x800'2741    0xc  Code  Wk  stm32l4xx_hal.o [1]
HAL_I2CEx_ConfigAnalogFilter
                         0x800'3375   0x3a  Code  Gb  stm32l4xx_hal_i2c_ex.o [1]
HAL_I2CEx_ConfigDigitalFilter
                         0x800'33af   0x34  Code  Gb  stm32l4xx_hal_i2c_ex.o [1]
HAL_I2CEx_EnableFastModePlus
                         0x800'3401   0x1e  Code  Gb  stm32l4xx_hal_i2c_ex.o [1]
HAL_I2C_Init             0x800'3e59   0xaa  Code  Gb  stm32l4xx_hal_i2c.o [1]
HAL_I2C_MspInit          0x800'31c3   0x62  Code  Gb  stm32l4xx_hal_msp.o [1]
HAL_IncTick              0x800'4245   0x10  Code  Wk  stm32l4xx_hal.o [1]
HAL_Init                 0x800'3e39   0x1e  Code  Gb  stm32l4xx_hal.o [1]
HAL_InitTick             0x800'26fd   0x44  Code  Wk  stm32l4xx_hal.o [1]
HAL_MspInit              0x800'3185   0x3e  Code  Gb  stm32l4xx_hal_msp.o [1]
HAL_NVIC_EnableIRQ       0x800'29fd   0x16  Code  Gb  stm32l4xx_hal_cortex.o [1]
HAL_NVIC_SetPriority     0x800'29ab   0x52  Code  Gb  stm32l4xx_hal_cortex.o [1]
HAL_NVIC_SetPriorityGrouping
                         0x800'2991   0x1a  Code  Gb  stm32l4xx_hal_cortex.o [1]
HAL_PCDEx_ActivateLPM    0x800'40c9   0x2a  Code  Gb  stm32l4xx_hal_pcd_ex.o [1]
HAL_PCD_Init             0x800'3f59   0xce  Code  Gb  stm32l4xx_hal_pcd.o [1]
HAL_PCD_MspInit          0x800'32eb   0x22  Code  Gb  stm32l4xx_hal_msp.o [1]
HAL_PWREx_ControlVoltageScaling
                         0x800'2915   0x6e  Code  Gb  stm32l4xx_hal_pwr_ex.o [1]
HAL_PWREx_GetVoltageRange
                         0x800'2909    0xc  Code  Gb  stm32l4xx_hal_pwr_ex.o [1]
HAL_RCCEx_PeriphCLKConfig
                         0x800'379d  0x23c  Code  Gb  stm32l4xx_hal_rcc_ex.o [1]
HAL_RCC_ClockConfig      0x800'2439  0x110  Code  Gb  stm32l4xx_hal_rcc.o [1]
HAL_RCC_GetPCLK1Freq     0x800'2621   0x10  Code  Gb  stm32l4xx_hal_rcc.o [1]
HAL_RCC_GetPCLK2Freq     0x800'2631    0xe  Code  Gb  stm32l4xx_hal_rcc.o [1]
HAL_RCC_GetSysClockFreq
                         0x800'2591   0x90  Code  Gb  stm32l4xx_hal_rcc.o [1]
HAL_RCC_MCOConfig        0x800'2549   0x48  Code  Gb  stm32l4xx_hal_rcc.o [1]
HAL_RCC_OscConfig        0x800'1f29  0x510  Code  Gb  stm32l4xx_hal_rcc.o [1]
HAL_SYSTICK_Config       0x800'2a13   0x22  Code  Gb  stm32l4xx_hal_cortex.o [1]
HAL_TIMEx_MasterConfigSynchronization
                         0x800'3f05   0x4e  Code  Gb  stm32l4xx_hal_tim_ex.o [1]
HAL_TIM_Base_Init        0x800'3431   0x1e  Code  Gb  stm32l4xx_hal_tim.o [1]
HAL_TIM_Base_MspInit     0x800'3225   0x5a  Code  Gb  stm32l4xx_hal_msp.o [1]
HAL_TIM_IC_ConfigChannel
                         0x800'3483  0x11a  Code  Gb  stm32l4xx_hal_tim.o [1]
HAL_TIM_IC_Init          0x800'3463   0x20  Code  Gb  stm32l4xx_hal_tim.o [1]
HAL_TIM_SlaveConfigSynchro
                         0x800'359d   0x2e  Code  Gb  stm32l4xx_hal_tim.o [1]
HAL_UARTEx_WakeupCallback
                         0x800'3371    0x2  Code  Wk  stm32l4xx_hal_uart_ex.o [1]
HAL_UART_IRQHandler      0x800'2c23  0x14a  Code  Gb  stm32l4xx_hal_uart.o [1]
HAL_UART_Init            0x800'2ac5   0x52  Code  Gb  stm32l4xx_hal_uart.o [1]
HAL_UART_MspInit         0x800'327f   0x6c  Code  Gb  stm32l4xx_hal_msp.o [1]
HAL_UART_Transmit        0x800'2b2d   0xea  Code  Gb  stm32l4xx_hal_uart.o [1]
HardFault_Handler        0x800'421b    0x2  Code  Gb  stm32l4xx_it.o [1]
LoadInt                  0x800'034f   0x7a  Code  Lc  xprintffull.o [2]
MSIRangeTable            0x800'41e8   0x30  Data  Gb  system_stm32l4xx.o [1]
MX_GPIO_Init             0x800'3d25   0xf0  Code  Lc  main.o [1]
Master                  0x2000'0528    0xc  Data  Gb  stm32_interface.o [1]
Master_Connect           0x800'4029   0x30  Code  Gb  master.o [1]
MemManage_Handler        0x800'421d    0x2  Code  Gb  stm32l4xx_it.o [1]
NMI_Handler              0x800'4219    0x2  Code  Gb  stm32l4xx_it.o [1]
PendSV_Handler           0x800'4227    0x2  Code  Gb  stm32l4xx_it.o [1]
Platform                0x2000'0510   0x18  Data  Gb  platform.o [1]
RCCEx_PLLSAI1_Config     0x800'39d9  0x108  Code  Lc  stm32l4xx_hal_rcc_ex.o [1]
RCC_SetFlashLatencyFromMSIRange
                         0x800'2649   0x74  Code  Lc  stm32l4xx_hal_rcc.o [1]
Region$$Table$$Base      0x800'42a0          --   Gb  - Linker created -
Region$$Table$$Limit     0x800'42c0          --   Gb  - Linker created -
STM_UartTxDMA            0x800'2aa9    0xa  Code  Gb  stm32_interface.o [1]
STM_Wait                 0x800'2ac1    0x4  Code  Gb  stm32_interface.o [1]
SVC_Handler              0x800'4223    0x2  Code  Gb  stm32l4xx_it.o [1]
SysTick_Handler          0x800'4229    0x4  Code  Gb  stm32l4xx_it.o [1]
SystemClock_Config       0x800'3c81   0xa4  Code  Gb  main.o [1]
SystemCoreClock         0x2000'000c    0x4  Data  Gb  system_stm32l4xx.o [1]
SystemInit               0x800'418d   0x3c  Code  Gb  system_stm32l4xx.o [1]
TIM_Base_SetConfig       0x800'35ed   0x66  Code  Gb  stm32l4xx_hal_tim.o [1]
TIM_SlaveTimer_SetConfig
                         0x800'3653   0xb6  Code  Lc  stm32l4xx_hal_tim.o [1]
TIM_TI1_SetConfig        0x800'3709   0x48  Code  Gb  stm32l4xx_hal_tim.o [1]
TIM_TI2_SetConfig        0x800'3765   0x36  Code  Lc  stm32l4xx_hal_tim.o [1]
TransmitToHost           0x800'417d    0xc  Code  Gb  platform.o [1]
UART_AdvFeatureConfig    0x800'2fe9   0xc6  Code  Gb  stm32l4xx_hal_uart.o [1]
UART_CheckIdleState      0x800'30af   0x7c  Code  Gb  stm32l4xx_hal_uart.o [1]
UART_DMAAbortOnError     0x800'314d   0x10  Code  Lc  stm32l4xx_hal_uart.o [1]
UART_EndRxTransfer       0x800'312b   0x1e  Code  Lc  stm32l4xx_hal_uart.o [1]
UART_SetConfig           0x800'2d6d  0x258  Code  Gb  stm32l4xx_hal_uart.o [1]
USART1_IRQHandler        0x800'4239    0x6  Code  Gb  stm32l4xx_it.o [1]
USB_CoreInit             0x800'4079    0x4  Code  Gb  stm32l4xx_ll_usb.o [1]
USB_DevDisconnect        0x800'40af    0x8  Code  Gb  stm32l4xx_ll_usb.o [1]
USB_DevInit              0x800'408b   0x1e  Code  Gb  stm32l4xx_ll_usb.o [1]
USB_DisableGlobalInt     0x800'407d    0xa  Code  Gb  stm32l4xx_ll_usb.o [1]
USB_SetCurrentMode       0x800'4087    0x4  Code  Gb  stm32l4xx_ll_usb.o [1]
UsageFault_Handler       0x800'4221    0x2  Code  Gb  stm32l4xx_it.o [1]
_Encoding_8859_1_Mbrlen
                         0x800'12d1    0x2  Code  Gb  xencoding_8859_1.o [2]
_Encoding_8859_1_Wctomb
                         0x800'12bf   0x12  Code  Gb  xencoding_8859_1.o [2]
_GenldFull               0x800'0de1  0x274  Code  Lc  xprintffull.o [2]
_LdtobFull               0x800'09b5  0x400  Code  Lc  xprintffull.o [2]
_LitobFull               0x800'085d  0x112  Code  Lc  xprintffull.o [2]
_Locale_lconv           0x2000'0010   0x38  Data  Lc  xlocale_c.o [2]
_PrintfFull              0x800'018d  0x1aa  Code  Gb  xprintffull.o [2]
_PutcharsFull            0x800'1055   0x2e  Code  Lc  xprintffull.o [2]
_PutfldFull              0x800'03c9  0x2d8  Code  Lc  xprintffull.o [2]
_PutstrFull              0x800'0797   0xc6  Code  Lc  xprintffull.o [2]
_PuttxtFull              0x800'06a1   0xf6  Code  Lc  xprintffull.o [2]
_SProut                  0x800'133f    0xa  Code  Gb  xsprout.o [2]
__aeabi_cdcmple          0x800'1835         Code  Gb  DblCmpLe.o [3]
__aeabi_cdrcmple         0x800'1865         Code  Gb  DblCmpGe.o [3]
__aeabi_d2iz             0x800'19d1         Code  Gb  DblToS32.o [3]
__aeabi_d2uiz            0x800'1d5d         Code  Gb  DblToU32.o [3]
__aeabi_ddiv             0x800'1b15         Code  Gb  DblDiv.o [3]
__aeabi_dmul             0x800'1621         Code  Gb  DblMul.o [3]
__aeabi_dsub             0x800'1a31         Code  Gb  DblSub.o [3]
__aeabi_i2d              0x800'1a0d         Code  Gb  S32ToDbl.o [3]
__aeabi_ldiv0            0x800'1da5         Code  Gb  I64DivZer.o [4]
__aeabi_memclr4          0x800'4071         Code  Gb  ABImemclr4.o [4]
__aeabi_memcpy           0x800'1349         Code  Gb  ABImemcpy.o [4]
__aeabi_memcpy4          0x800'1369         Code  Gb  ABImemcpy.o [4]
__aeabi_memcpy8          0x800'1369         Code  Gb  ABImemcpy.o [4]
__aeabi_ui2d             0x800'1d85         Code  Gb  U32ToDbl.o [3]
__aeabi_uldivmod         0x800'13f1         Code  Gb  I64DivMod.o [4]
__cmain                  0x800'42c1         Code  Gb  cmain.o [4]
__exit                   0x800'1f15   0x14  Code  Gb  exit.o [5]
__iar_Fail_s             0x800'1249   0x1c  Code  Gb  xfail_s.o [2]
__iar_Mbcurmax           0x800'1335    0xa  Code  Gb  xmbcurmax.o [2]
__iar_Memchr             0x800'12dd         Code  Gb  memchr.o [4]
__iar_Memset4_word       0x800'4149         Code  Gb  ABImemset48.o [4]
__iar_Memset8_word       0x800'4149         Code  Gb  ABImemset48.o [4]
__iar_Strchr             0x800'11f9         Code  Gb  strchr.o [4]
__iar_dadd               0x800'1a41         Code  Gb  DblSub.o [3]
__iar_data_init3         0x800'4255   0x28  Code  Gb  data_init.o [4]
__iar_dsub               0x800'1da9         Code  Gb  DblAdd.o [3]
__iar_dsubStart          0x800'1dbb         Code  Gb  DblAdd.o [3]
__iar_frexp              0x800'17d1         Code  Gb  frexp.o [3]
__iar_frexpl             0x800'17d1         Code  Gb  frexp.o [3]
__iar_globLocale        0x2000'0048   0x48  Data  Lc  xlocale_c.o [2]
__iar_global_Locale      0x800'1181    0x4  Code  Gb  xlocale_c.o [2]
__iar_init_vfp           0x800'427d         Code  Gb  fpinit_M.o [3]
__iar_ldexp64            0x800'1895         Code  Gb  ldexp.o [3]
__iar_lz77_init_single3
                         0x800'1107   0x7a  Code  Gb  lz77_init_single.o [4]
__iar_program_start      0x800'4305         Code  Gb  cstartup_M.o [4]
__iar_scalbln64          0x800'1895         Code  Gb  ldexp.o [3]
__iar_scalbn64           0x800'1895         Code  Gb  ldexp.o [3]
__iar_softfp___iar_frexp64
                         0x800'17c5         Code  Gb  frexp.o [3]
__iar_softfp_frexp       0x800'17c5         Code  Gb  frexp.o [3]
__iar_softfp_frexpl      0x800'17c5         Code  Gb  frexp.o [3]
__iar_zero_init3         0x800'120f   0x3a  Code  Gb  zero_init3.o [4]
__low_level_init         0x800'42df    0x4  Code  Gb  low_level_init.o [2]
__vector_table           0x800'0000         Data  Gb  startup_stm32l432xx.o [1]
_call_main               0x800'42cd         Code  Gb  cmain.o [4]
_dma_destination        0x2000'0534    0x4  Data  Lc  stm32_interface.o [1]
_exit                    0x800'42e9         Code  Gb  cexit.o [4]
_gLocale_mblen           0x800'11e5    0x4  Code  Gb  xlocale_c.o [2]
_gLocale_mblenInt        0x800'11a9   0x2c  Code  Gb  xlocale_c.o [2]
_gLocale_wctomb          0x800'11e9    0x4  Code  Gb  xlocale_c.o [2]
_gLocale_wctombInt       0x800'11e1    0x4  Code  Gb  xlocale_c.o [2]
_main                    0x800'42db         Code  Gb  cmain.o [4]
abort                    0x800'1d9f    0x6  Code  Gb  abort.o [2]
exit                     0x800'42e3    0x4  Code  Gb  exit.o [2]
hi2c1                   0x2000'0110   0x4c  Data  Gb  main.o [1]
hpcd_USB_FS             0x2000'015c  0x274  Data  Gb  main.o [1]
htim2                   0x2000'03d0   0x40  Data  Gb  main.o [1]
huart1                  0x2000'0090   0x80  Data  Gb  main.o [1]
ldexp                    0x800'1895         Code  Gb  ldexp.o [3]
ldexpl                   0x800'1895         Code  Gb  ldexp.o [3]
localeconv               0x800'11ed    0x4  Code  Gb  xlocale_c.o [2]
main                     0x800'3afd  0x184  Code  Gb  main.o [1]
memchr                   0x800'12dd         Code  Gb  memchr.o [4]
print                    0x800'4135   0x14  Code  Gb  printers.o [1]
scalbln                  0x800'1895         Code  Gb  ldexp.o [3]
scalblnl                 0x800'1895         Code  Gb  ldexp.o [3]
scalbn                   0x800'1895         Code  Gb  ldexp.o [3]
scalbnl                  0x800'1895         Code  Gb  ldexp.o [3]
scale                    0x800'096f   0x46  Code  Lc  xprintffull.o [2]
sec_hand                0x2000'0538    0x4  Data  Lc  xfail_s.o [2]
sprintf                  0x800'40f5   0x40  Code  Gb  sprintf.o [2]
str_buf                 0x2000'0410  0x100  Data  Lc  master.o [1]
strchr                   0x800'11f9         Code  Gb  strchr.o [4]
strlen                   0x800'1289         Code  Gb  strlen.o [4]
uwTick                  0x2000'0000    0x4  Data  Gb  stm32l4xx_hal.o [1]
uwTickFreq              0x2000'0008    0x4  Data  Gb  stm32l4xx_hal.o [1]
uwTickPrio              0x2000'0004    0x4  Data  Gb  stm32l4xx_hal.o [1]


[1] = C:\Users\Matthew Fonken\Desktop\marbl\Techincal\combine\general\rho\rho_mod_v5\EWARM\rho_mod_v5\Obj
[2] = dl7M_tlf.a
[3] = m7M_tls.a
[4] = rt7M_tl.a
[5] = shb_l.a

  17 362 bytes of readonly  code memory
     103 bytes of readonly  data memory
   2 364 bytes of readwrite data memory

Errors: none
Warnings: none
