###############################################################################
#
# IAR ELF Linker V8.30.1.114/W32 for ARM                  05/Jul/2019  20:22:00
# Copyright 2007-2018 IAR Systems AB.
#
#    Output file  =  
#        C:\Users\Matthew
#        Fonken\Desktop\marbl\Techincal\combine\general\rho\rho_mod_v5\EWARM\rho_mod_v5\Exe\rho_mod_v5.out
#    Map file     =  
#        C:\Users\Matthew
#        Fonken\Desktop\marbl\Techincal\combine\general\rho\rho_mod_v5\EWARM\rho_mod_v5\List\rho_mod_v5.map
#    Command line =  
#        -f C:\Users\MATTHE~1\AppData\Local\Temp\EWABAF.tmp ("C:\Users\Matthew
#        Fonken\Desktop\marbl\Techincal\combine\general\rho\rho_mod_v5\EWARM\rho_mod_v5\Obj\fsm.o"
#        "C:\Users\Matthew
#        Fonken\Desktop\marbl\Techincal\combine\general\rho\rho_mod_v5\EWARM\rho_mod_v5\Obj\main.o"
#        "C:\Users\Matthew
#        Fonken\Desktop\marbl\Techincal\combine\general\rho\rho_mod_v5\EWARM\rho_mod_v5\Obj\master.o"
#        "C:\Users\Matthew
#        Fonken\Desktop\marbl\Techincal\combine\general\rho\rho_mod_v5\EWARM\rho_mod_v5\Obj\OV9712.o"
#        "C:\Users\Matthew
#        Fonken\Desktop\marbl\Techincal\combine\general\rho\rho_mod_v5\EWARM\rho_mod_v5\Obj\platform.o"
#        "C:\Users\Matthew
#        Fonken\Desktop\marbl\Techincal\combine\general\rho\rho_mod_v5\EWARM\rho_mod_v5\Obj\printers.o"
#        "C:\Users\Matthew
#        Fonken\Desktop\marbl\Techincal\combine\general\rho\rho_mod_v5\EWARM\rho_mod_v5\Obj\rho_client.o"
#        "C:\Users\Matthew
#        Fonken\Desktop\marbl\Techincal\combine\general\rho\rho_mod_v5\EWARM\rho_mod_v5\Obj\rho_core.o"
#        "C:\Users\Matthew
#        Fonken\Desktop\marbl\Techincal\combine\general\rho\rho_mod_v5\EWARM\rho_mod_v5\Obj\rho_kalman.o"
#        "C:\Users\Matthew
#        Fonken\Desktop\marbl\Techincal\combine\general\rho\rho_mod_v5\EWARM\rho_mod_v5\Obj\rho_pid.o"
#        "C:\Users\Matthew
#        Fonken\Desktop\marbl\Techincal\combine\general\rho\rho_mod_v5\EWARM\rho_mod_v5\Obj\rho_utility.o"
#        "C:\Users\Matthew
#        Fonken\Desktop\marbl\Techincal\combine\general\rho\rho_mod_v5\EWARM\rho_mod_v5\Obj\startup_stm32l432xx.o"
#        "C:\Users\Matthew
#        Fonken\Desktop\marbl\Techincal\combine\general\rho\rho_mod_v5\EWARM\rho_mod_v5\Obj\stm32_interface.o"
#        "C:\Users\Matthew
#        Fonken\Desktop\marbl\Techincal\combine\general\rho\rho_mod_v5\EWARM\rho_mod_v5\Obj\stm32l4xx_hal.o"
#        "C:\Users\Matthew
#        Fonken\Desktop\marbl\Techincal\combine\general\rho\rho_mod_v5\EWARM\rho_mod_v5\Obj\stm32l4xx_hal_cortex.o"
#        "C:\Users\Matthew
#        Fonken\Desktop\marbl\Techincal\combine\general\rho\rho_mod_v5\EWARM\rho_mod_v5\Obj\stm32l4xx_hal_dma.o"
#        "C:\Users\Matthew
#        Fonken\Desktop\marbl\Techincal\combine\general\rho\rho_mod_v5\EWARM\rho_mod_v5\Obj\stm32l4xx_hal_dma_ex.o"
#        "C:\Users\Matthew
#        Fonken\Desktop\marbl\Techincal\combine\general\rho\rho_mod_v5\EWARM\rho_mod_v5\Obj\stm32l4xx_hal_exti.o"
#        "C:\Users\Matthew
#        Fonken\Desktop\marbl\Techincal\combine\general\rho\rho_mod_v5\EWARM\rho_mod_v5\Obj\stm32l4xx_hal_flash.o"
#        "C:\Users\Matthew
#        Fonken\Desktop\marbl\Techincal\combine\general\rho\rho_mod_v5\EWARM\rho_mod_v5\Obj\stm32l4xx_hal_flash_ex.o"
#        "C:\Users\Matthew
#        Fonken\Desktop\marbl\Techincal\combine\general\rho\rho_mod_v5\EWARM\rho_mod_v5\Obj\stm32l4xx_hal_flash_ramfunc.o"
#        "C:\Users\Matthew
#        Fonken\Desktop\marbl\Techincal\combine\general\rho\rho_mod_v5\EWARM\rho_mod_v5\Obj\stm32l4xx_hal_gpio.o"
#        "C:\Users\Matthew
#        Fonken\Desktop\marbl\Techincal\combine\general\rho\rho_mod_v5\EWARM\rho_mod_v5\Obj\stm32l4xx_hal_i2c.o"
#        "C:\Users\Matthew
#        Fonken\Desktop\marbl\Techincal\combine\general\rho\rho_mod_v5\EWARM\rho_mod_v5\Obj\stm32l4xx_hal_i2c_ex.o"
#        "C:\Users\Matthew
#        Fonken\Desktop\marbl\Techincal\combine\general\rho\rho_mod_v5\EWARM\rho_mod_v5\Obj\stm32l4xx_hal_msp.o"
#        "C:\Users\Matthew
#        Fonken\Desktop\marbl\Techincal\combine\general\rho\rho_mod_v5\EWARM\rho_mod_v5\Obj\stm32l4xx_hal_pwr.o"
#        "C:\Users\Matthew
#        Fonken\Desktop\marbl\Techincal\combine\general\rho\rho_mod_v5\EWARM\rho_mod_v5\Obj\stm32l4xx_hal_pwr_ex.o"
#        "C:\Users\Matthew
#        Fonken\Desktop\marbl\Techincal\combine\general\rho\rho_mod_v5\EWARM\rho_mod_v5\Obj\stm32l4xx_hal_rcc.o"
#        "C:\Users\Matthew
#        Fonken\Desktop\marbl\Techincal\combine\general\rho\rho_mod_v5\EWARM\rho_mod_v5\Obj\stm32l4xx_hal_rcc_ex.o"
#        "C:\Users\Matthew
#        Fonken\Desktop\marbl\Techincal\combine\general\rho\rho_mod_v5\EWARM\rho_mod_v5\Obj\stm32l4xx_hal_tim.o"
#        "C:\Users\Matthew
#        Fonken\Desktop\marbl\Techincal\combine\general\rho\rho_mod_v5\EWARM\rho_mod_v5\Obj\stm32l4xx_hal_tim_ex.o"
#        "C:\Users\Matthew
#        Fonken\Desktop\marbl\Techincal\combine\general\rho\rho_mod_v5\EWARM\rho_mod_v5\Obj\stm32l4xx_hal_usart.o"
#        "C:\Users\Matthew
#        Fonken\Desktop\marbl\Techincal\combine\general\rho\rho_mod_v5\EWARM\rho_mod_v5\Obj\stm32l4xx_hal_usart_ex.o"
#        "C:\Users\Matthew
#        Fonken\Desktop\marbl\Techincal\combine\general\rho\rho_mod_v5\EWARM\rho_mod_v5\Obj\stm32l4xx_it.o"
#        "C:\Users\Matthew
#        Fonken\Desktop\marbl\Techincal\combine\general\rho\rho_mod_v5\EWARM\rho_mod_v5\Obj\system.o"
#        "C:\Users\Matthew
#        Fonken\Desktop\marbl\Techincal\combine\general\rho\rho_mod_v5\EWARM\rho_mod_v5\Obj\system_stm32l4xx.o"
#        --redirect _Printf=_PrintfFull --redirect _Scanf=_ScanfFull
#        --no_out_extension -o "C:\Users\Matthew
#        Fonken\Desktop\marbl\Techincal\combine\general\rho\rho_mod_v5\EWARM\rho_mod_v5\Exe\rho_mod_v5.out"
#        --map "C:\Users\Matthew
#        Fonken\Desktop\marbl\Techincal\combine\general\rho\rho_mod_v5\EWARM\rho_mod_v5\List\rho_mod_v5.map"
#        --config "C:\Users\Matthew
#        Fonken\Desktop\marbl\Techincal\combine\general\rho\rho_mod_v5\EWARM/stm32l432xx_flash.icf"
#        --semihosting --entry __iar_program_start --vfe --text_out locale)
#
###############################################################################

*******************************************************************************
*** RUNTIME MODEL ATTRIBUTES
***

CppFlavor       = *
__Heap_Handler  = NoFree
__SystemLibrary = DLib
__dlib_version  = 6


*******************************************************************************
*** HEAP SELECTION
***

The no free heap was selected because no calls to memory
deallocation functions were found in the application.


*******************************************************************************
*** PLACEMENT SUMMARY
***

"A0":  place at 0x800'0000 { ro section .intvec };
"P1":  place in [from 0x800'0000 to 0x803'ffff] { ro };
define block CSTACK with size = 1K, alignment = 8 { };
define block HEAP with size = 512, alignment = 8 { };
"P2":  place in [from 0x2000'0000 to 0x2000'ffff] {
          rw, block CSTACK, block HEAP };
initialize by copy { rw };

  Section            Kind         Address    Size  Object
  -------            ----         -------    ----  ------
"A0":                                       0x18c
  .intvec            ro code   0x800'0000   0x18c  startup_stm32l432xx.o [1]
                             - 0x800'018c   0x18c

"P1":                                      0x39e0
  .text              ro code   0x800'018c   0x7d4  stm32l4xx_hal_rcc.o [1]
  .text              ro code   0x800'0960    0x44  stm32l4xx_hal.o [1]
  .text              ro code   0x800'09a4     0xc  stm32l4xx_hal.o [1]
  .text              ro code   0x800'09b0   0x1bc  stm32l4xx_hal_gpio.o [1]
  .text              ro code   0x800'0b6c    0x88  stm32l4xx_hal_pwr_ex.o [1]
  .text              ro code   0x800'0bf4    0xe4  stm32l4xx_hal_cortex.o [1]
  .text              ro code   0x800'0cd8   0x116  stm32_interface.o [1]
  .text              ro code   0x800'0dee    0x7a  lz77_init_single.o [4]
  .text              ro code   0x800'0e68   0x4ee  stm32l4xx_hal_tim.o [1]
  .text              ro code   0x800'1356    0x3a  zero_init3.o [4]
  .text              ro code   0x800'1390   0x43a  stm32l4xx_hal_usart.o [1]
  .text              ro code   0x800'17cc   0x3cc  stm32l4xx_hal_i2c.o [1]
  .text              ro code   0x800'1b98    0x28  stm32l4xx_hal.o [1]
  .text              ro code   0x800'1bc0   0x214  stm32l4xx_hal_msp.o [1]
  .text              ro code   0x800'1dd4     0x2  stm32l4xx_hal_tim.o [1]
  .text              ro code   0x800'1dd6     0x2  stm32l4xx_hal_tim.o [1]
  .text              ro code   0x800'1dd8     0x2  stm32l4xx_hal_tim.o [1]
  .text              ro code   0x800'1dda     0x2  stm32l4xx_hal_tim.o [1]
  .text              ro code   0x800'1ddc     0x2  stm32l4xx_hal_tim.o [1]
  .text              ro code   0x800'1dde     0x2  stm32l4xx_hal_tim_ex.o [1]
  .text              ro code   0x800'1de0     0x2  stm32l4xx_hal_tim_ex.o [1]
  .text              ro code   0x800'1de2     0x2  stm32l4xx_hal_tim.o [1]
  .text              ro code   0x800'1de4     0x2  stm32l4xx_hal_tim_ex.o [1]
  .text              ro code   0x800'1de8   0x282  stm32l4xx_hal_dma.o [1]
  .text              ro code   0x800'206a     0x2  stm32l4xx_hal_usart.o [1]
  .text              ro code   0x800'206c     0x2  stm32l4xx_hal_usart.o [1]
  .text              ro code   0x800'206e     0x2  stm32l4xx_hal_usart.o [1]
  .text              ro code   0x800'2070     0x2  stm32l4xx_hal_usart.o [1]
  .text              ro code   0x800'2074   0x31a  main.o [1]
  .text              ro code   0x800'2390    0xbc  stm32l4xx_hal_i2c_ex.o [1]
  .text              ro code   0x800'244c    0x1e  stm32l4xx_hal.o [1]
  .text              ro code   0x800'246c    0x54  stm32l4xx_hal_tim_ex.o [1]
  .text              ro code   0x800'24c0    0xfc  master.o [1]
  .text              ro code   0x800'25bc     0x6  ABImemclr4.o [4]
  .text              ro code   0x800'25c4    0x10  stm32l4xx_hal_pwr.o [1]
  .text              ro code   0x800'25d4   0x370  stm32l4xx_hal_rcc_ex.o [1]
  .text              ro code   0x800'2944    0xc6  OV9712.o [1]
  .text              ro code   0x800'2a0c   0x260  rho_client.o [1]
  .text              ro code   0x800'2c6c    0x64  system.o [1]
  .text              ro code   0x800'2cd0    0x32  ABImemset48.o [4]
  .text              ro code   0x800'2d04    0x8c  platform.o [1]
  .text              ro code   0x800'2d90    0x3a  DblToS32.o [3]
  .text              ro code   0x800'2dcc    0x48  no_free_heap0.o [2]
  .text              ro code   0x800'2e14    0x44  rho_core.o [1]
  .text              ro code   0x800'2e58    0xa6  ABImemcpy.o [4]
  .text              ro code   0x800'2f00     0x6  ABImemclr.o [4]
  .text              ro code   0x800'2f08    0x2c  xgetmemchunk.o [2]
  .text              ro code   0x800'2f38   0x2a8  rho_utility.o [1]
  .text              ro code   0x800'31e0    0x5e  ABImemset.o [4]
  .text              ro code   0x800'3240    0xb4  rho_pid.o [1]
  .text              ro code   0x800'32f4    0x98  rho_kalman.o [1]
  .text              ro code   0x800'338c    0x20  DblCmpEq.o [3]
  .text              ro code   0x800'33ac   0x1a2  DblMul.o [3]
  .text              ro code   0x800'3550   0x246  DblDiv.o [3]
  .text              ro code   0x800'3798    0x1a  U32ToDbl.o [3]
  .text              ro code   0x800'37b4    0x8c  system_stm32l4xx.o [1]
  .text              ro code   0x800'3840    0x48  stm32l4xx_it.o [1]
  .text              ro code   0x800'3888    0x10  stm32l4xx_hal.o [1]
  .text              ro code   0x800'3898    0x28  data_init.o [4]
  .text              ro code   0x800'38c0    0x22  fpinit_M.o [3]
  .iar.init_table    const     0x800'38e4    0x20  - Linker created -
  .text              ro code   0x800'3904    0x1e  cmain.o [4]
  .text              ro code   0x800'3922     0x4  low_level_init.o [2]
  .text              ro code   0x800'3926     0x4  exit.o [2]
  .text              ro code   0x800'392c     0xa  cexit.o [4]
  .text              ro code   0x800'3938    0x14  exit.o [5]
  .text              ro code   0x800'394c    0x10  startup_stm32l432xx.o [1]
  .text              ro code   0x800'395c     0xc  cstartup_M.o [4]
  .rodata            const     0x800'3968     0x8  system_stm32l4xx.o [1]
  .text              ro code   0x800'3970     0x4  startup_stm32l432xx.o [1]
  .text              ro code   0x800'3974     0x4  startup_stm32l432xx.o [1]
  .text              ro code   0x800'3978     0x4  startup_stm32l432xx.o [1]
  .text              ro code   0x800'397c     0x4  startup_stm32l432xx.o [1]
  .text              ro code   0x800'3980     0x4  startup_stm32l432xx.o [1]
  .text              ro code   0x800'3984     0x4  startup_stm32l432xx.o [1]
  .text              ro code   0x800'3988     0x4  startup_stm32l432xx.o [1]
  .text              ro code   0x800'398c     0x4  startup_stm32l432xx.o [1]
  .text              ro code   0x800'3990     0x4  startup_stm32l432xx.o [1]
  .text              ro code   0x800'3994     0x4  startup_stm32l432xx.o [1]
  .text              ro code   0x800'3998     0x4  startup_stm32l432xx.o [1]
  .text              ro code   0x800'399c     0x4  startup_stm32l432xx.o [1]
  .text              ro code   0x800'39a0     0x4  startup_stm32l432xx.o [1]
  .text              ro code   0x800'39a4     0x4  startup_stm32l432xx.o [1]
  .text              ro code   0x800'39a8     0x4  startup_stm32l432xx.o [1]
  .text              ro code   0x800'39ac     0x4  startup_stm32l432xx.o [1]
  .text              ro code   0x800'39b0     0x4  startup_stm32l432xx.o [1]
  .text              ro code   0x800'39b4     0x4  startup_stm32l432xx.o [1]
  .text              ro code   0x800'39b8     0x4  startup_stm32l432xx.o [1]
  .text              ro code   0x800'39bc     0x4  startup_stm32l432xx.o [1]
  .text              ro code   0x800'39c0     0x4  startup_stm32l432xx.o [1]
  .text              ro code   0x800'39c4     0x4  startup_stm32l432xx.o [1]
  .text              ro code   0x800'39c8     0x4  startup_stm32l432xx.o [1]
  .text              ro code   0x800'39cc     0x4  startup_stm32l432xx.o [1]
  .text              ro code   0x800'39d0     0x4  startup_stm32l432xx.o [1]
  .text              ro code   0x800'39d4     0x4  startup_stm32l432xx.o [1]
  .text              ro code   0x800'39d8     0x4  startup_stm32l432xx.o [1]
  .text              ro code   0x800'39dc     0x4  startup_stm32l432xx.o [1]
  .text              ro code   0x800'39e0     0x4  startup_stm32l432xx.o [1]
  .text              ro code   0x800'39e4     0x4  startup_stm32l432xx.o [1]
  .text              ro code   0x800'39e8     0x4  startup_stm32l432xx.o [1]
  .text              ro code   0x800'39ec     0x4  startup_stm32l432xx.o [1]
  .text              ro code   0x800'39f0     0x4  startup_stm32l432xx.o [1]
  .text              ro code   0x800'39f4     0x4  startup_stm32l432xx.o [1]
  .text              ro code   0x800'39f8     0x4  startup_stm32l432xx.o [1]
  .text              ro code   0x800'39fc     0x4  startup_stm32l432xx.o [1]
  .text              ro code   0x800'3a00     0x4  startup_stm32l432xx.o [1]
  .text              ro code   0x800'3a04     0x4  startup_stm32l432xx.o [1]
  .text              ro code   0x800'3a08     0x4  startup_stm32l432xx.o [1]
  .text              ro code   0x800'3a0c     0x4  startup_stm32l432xx.o [1]
  .text              ro code   0x800'3a10     0x4  startup_stm32l432xx.o [1]
  .text              ro code   0x800'3a14     0x4  startup_stm32l432xx.o [1]
  .text              ro code   0x800'3a18     0x4  startup_stm32l432xx.o [1]
  .text              ro code   0x800'3a1c     0x4  startup_stm32l432xx.o [1]
  .text              ro code   0x800'3a20     0x4  startup_stm32l432xx.o [1]
  .text              ro code   0x800'3a24     0x4  startup_stm32l432xx.o [1]
  .text              ro code   0x800'3a28     0x4  startup_stm32l432xx.o [1]
  .text              ro code   0x800'3a2c     0x4  startup_stm32l432xx.o [1]
  .text              ro code   0x800'3a30     0x4  startup_stm32l432xx.o [1]
  .text              ro code   0x800'3a34     0x4  startup_stm32l432xx.o [1]
  .text              ro code   0x800'3a38     0x4  startup_stm32l432xx.o [1]
  .text              ro code   0x800'3a3c     0x4  startup_stm32l432xx.o [1]
  .text              ro code   0x800'3a40     0x4  startup_stm32l432xx.o [1]
  .text              ro code   0x800'3a44     0x4  startup_stm32l432xx.o [1]
  .rodata            const     0x800'3a48     0x0  zero_init3.o [4]
  .rodata            const     0x800'3a48     0x0  lz77_init_single.o [4]
  Initializer bytes  const     0x800'3a48   0x124  <for P2-1>
                             - 0x800'3b6c  0x39e0

"P2", part 1 of 3:                         0x1618
  P2-1                        0x2000'0000  0x1618  <Init block>
    .data            inited   0x2000'0000  0x14c8  rho_client.o [1]
    .data            inited   0x2000'14c8   0x134  master.o [1]
    .data            inited   0x2000'15fc     0xc  OV9712.o [1]
    .data            inited   0x2000'1608     0xc  stm32l4xx_hal.o [1]
    .data            inited   0x2000'1614     0x4  system_stm32l4xx.o [1]
                            - 0x2000'1618  0x1618

"P2", part 2 of 3:                         0x1244
  .bss               zero     0x2000'1618   0xe5c  rho_client.o [1]
  .bss               zero     0x2000'2474   0x108  rho_utility.o [1]
  .bss               zero     0x2000'257c    0xdc  main.o [1]
  .bss               zero     0x2000'2658    0x50  rho_client.o [1]
  .bss               zero     0x2000'26a8    0x50  rho_client.o [1]
  .bss               zero     0x2000'26f8    0x50  rho_client.o [1]
  .bss               zero     0x2000'2748    0x48  main.o [1]
  .bss               zero     0x2000'2790    0x48  main.o [1]
  .bss               zero     0x2000'27d8    0x34  rho_client.o [1]
  .bss               zero     0x2000'280c    0x34  rho_client.o [1]
  .bss               zero     0x2000'2840    0x14  stm32_interface.o [1]
  .bss               zero     0x2000'2854     0x4  no_free_heap0.o [2]
  .bss               zero     0x2000'2858     0x4  xgetmemchunk.o [2]
                            - 0x2000'285c  0x1244

"P2", part 3 of 3:                          0x600
  CSTACK                      0x2000'2860   0x400  <Block>
    CSTACK           uninit   0x2000'2860   0x400  <Block tail>
  HEAP                        0x2000'2c60   0x200  <Block>
    HEAP             uninit   0x2000'2c60   0x200  <Block tail>
                            - 0x2000'2e60   0x600

Unused ranges:

         From           To      Size
         ----           --      ----
   0x800'3b6c   0x803'ffff  0x3'c494
  0x2000'285c  0x2000'285f       0x4
  0x2000'2e60  0x2000'ffff    0xd1a0


*******************************************************************************
*** INIT TABLE
***

          Address      Size
          -------      ----
Zero (__iar_zero_init3)
    1 destination range, total size 0x1244:
          0x2000'1618  0x1244

Copy/lz77 (__iar_lz77_init_single3)
    1 source range, total size 0x124 (5% of destination):
           0x800'3a48   0x124
    1 destination range, total size 0x1618:
          0x2000'0000  0x1618



*******************************************************************************
*** MODULE SUMMARY
***

    Module                  ro code  ro data  rw data
    ------                  -------  -------  -------
command line/config:
    -------------------------------------------------
    Total:

C:\Users\Matthew Fonken\Desktop\marbl\Techincal\combine\general\rho\rho_mod_v5\EWARM\rho_mod_v5\Obj: [1]
    OV9712.o                    198        1       12
    main.o                      794               364
    master.o                    252       16      308
    platform.o                  140
    rho_client.o                608      274    9 340
    rho_core.o                   68
    rho_kalman.o                152
    rho_pid.o                   180
    rho_utility.o               680               264
    startup_stm32l432xx.o       628
    stm32_interface.o           278                20
    stm32l4xx_hal.o             166                12
    stm32l4xx_hal_cortex.o      228
    stm32l4xx_hal_dma.o         642
    stm32l4xx_hal_gpio.o        444
    stm32l4xx_hal_i2c.o         972
    stm32l4xx_hal_i2c_ex.o      188
    stm32l4xx_hal_msp.o         532
    stm32l4xx_hal_pwr.o          16
    stm32l4xx_hal_pwr_ex.o      136
    stm32l4xx_hal_rcc.o       2 004
    stm32l4xx_hal_rcc_ex.o      880
    stm32l4xx_hal_tim.o       1 274
    stm32l4xx_hal_tim_ex.o       90
    stm32l4xx_hal_usart.o     1 090
    stm32l4xx_it.o               72
    system.o                    100
    system_stm32l4xx.o          140        9        4
    -------------------------------------------------
    Total:                   12 952      300   10 324

dl7M_tlf.a: [2]
    exit.o                        4
    low_level_init.o              4
    no_free_heap0.o              72                 4
    xgetmemchunk.o               44                 4
    -------------------------------------------------
    Total:                      124                 8

m7M_tls.a: [3]
    DblCmpEq.o                   32
    DblDiv.o                    582
    DblMul.o                    418
    DblToS32.o                   58
    U32ToDbl.o                   26
    fpinit_M.o                   34
    -------------------------------------------------
    Total:                    1 150

rt7M_tl.a: [4]
    ABImemclr.o                   6
    ABImemclr4.o                  6
    ABImemcpy.o                 166
    ABImemset.o                  94
    ABImemset48.o                50
    cexit.o                      10
    cmain.o                      30
    cstartup_M.o                 12
    data_init.o                  40
    lz77_init_single.o          122
    zero_init3.o                 58
    -------------------------------------------------
    Total:                      594

shb_l.a: [5]
    exit.o                       20
    -------------------------------------------------
    Total:                       20

    Gaps                         38        2
    Linker created                        32    1 536
-----------------------------------------------------
    Grand Total:             14 878      334   11 868


*******************************************************************************
*** ENTRY LIST
***

Entry                       Address    Size  Type      Object
-----                       -------    ----  ----      ------
.iar.init_table$$Base    0x800'38e4           --   Gb  - Linker created -
.iar.init_table$$Limit   0x800'3904           --   Gb  - Linker created -
?main                    0x800'3905          Code  Gb  cmain.o [4]
AHBPrescTable            0x800'3800    0x10  Data  Gb  system_stm32l4xx.o [1]
APBPrescTable            0x800'3968     0x8  Data  Gb  system_stm32l4xx.o [1]
ActivateRhoSystem        0x800'2ba3     0x8  Code  Gb  rho_client.o [1]
ApplicationCore          0x800'253d     0x4  Code  Lc  master.o [1]
BACKGROUND_DENSITY_MAP_X
                        0x2000'280c    0x34  Data  Lc  rho_client.o [1]
BACKGROUND_DENSITY_MAP_X
                        0x2000'2548    0x34  Data  Lc  rho_utility.o [1]
BACKGROUND_DENSITY_MAP_Y
                        0x2000'26a8    0x50  Data  Lc  rho_client.o [1]
BACKGROUND_DENSITY_MAP_Y
                        0x2000'24f8    0x50  Data  Lc  rho_utility.o [1]
BusFault_Handler         0x800'3847     0x2  Code  Gb  stm32l4xx_it.o [1]
CSTACK$$Base            0x2000'2860           --   Gb  - Linker created -
CSTACK$$Limit           0x2000'2c60           --   Gb  - Linker created -
CaptureFrame             0x800'2a0d    0x8e  Code  Gb  rho_client.o [1]
ConfigureApplication     0x800'24ed    0x2c  Code  Lc  master.o [1]
ConnectRhoSystemPlatformInterface
                         0x800'2c1d    0x1c  Code  Gb  rho_client.o [1]
ConnectToHost            0x800'24cf    0x1e  Code  Lc  master.o [1]
DMA1_Channel7_IRQHandler
                         0x800'3861     0x6  Code  Gb  stm32l4xx_it.o [1]
DMA2_Channel6_IRQHandler
                         0x800'3873     0x6  Code  Gb  stm32l4xx_it.o [1]
DeactivateBackgrounding
                         0x800'2b1b    0x24  Code  Gb  rho_client.o [1]
DeactivateRhoSystem      0x800'2bab     0x6  Code  Gb  rho_client.o [1]
DebugMon_Handler         0x800'384d     0x2  Code  Gb  stm32l4xx_it.o [1]
Default_OV9712_Pins     0x2000'1530    0x20  Data  Lc  master.o [1]
EXTI0_IRQHandler         0x800'3855     0x6  Code  Gb  stm32l4xx_it.o [1]
EXTI1_IRQHandler         0x800'385b     0x6  Code  Gb  stm32l4xx_it.o [1]
EnterStateSystem         0x800'2c8f    0x10  Code  Gb  system.o [1]
ErrorStateHandler        0x800'2541     0x2  Code  Lc  master.o [1]
Error_Handler            0x800'238d     0x2  Code  Gb  main.o [1]
ExitInitialization       0x800'2519    0x24  Code  Lc  master.o [1]
FOREGROUND_DENSITY_MAP_X
                        0x2000'27d8    0x34  Data  Lc  rho_client.o [1]
FOREGROUND_DENSITY_MAP_X
                        0x2000'24c4    0x34  Data  Lc  rho_utility.o [1]
FOREGROUND_DENSITY_MAP_Y
                        0x2000'2658    0x50  Data  Lc  rho_client.o [1]
FOREGROUND_DENSITY_MAP_Y
                        0x2000'2474    0x50  Data  Lc  rho_utility.o [1]
GetStateFromListSystem   0x800'2cb5    0x1c  Code  Gb  system.o [1]
GetStateSystem           0x800'2c73     0x4  Code  Gb  system.o [1]
HAL_DMA_Abort_IT         0x800'1f5f    0x4a  Code  Gb  stm32l4xx_hal_dma.o [1]
HAL_DMA_IRQHandler       0x800'1fa9    0xc0  Code  Gb  stm32l4xx_hal_dma.o [1]
HAL_DMA_Init             0x800'1de9    0xbe  Code  Gb  stm32l4xx_hal_dma.o [1]
HAL_DMA_Start_IT         0x800'1ecf    0x90  Code  Gb  stm32l4xx_hal_dma.o [1]
HAL_Delay                0x800'1b99    0x28  Code  Wk  stm32l4xx_hal.o [1]
HAL_GPIO_EXTI_Callback   0x800'0cd9    0x42  Code  Gb  stm32_interface.o [1]
HAL_GPIO_EXTI_IRQHandler
                         0x800'0b43    0x10  Code  Gb  stm32l4xx_hal_gpio.o [1]
HAL_GPIO_Init            0x800'09b1   0x188  Code  Gb  stm32l4xx_hal_gpio.o [1]
HAL_GPIO_WritePin        0x800'0b39     0xa  Code  Gb  stm32l4xx_hal_gpio.o [1]
HAL_GetTick              0x800'09a5     0xc  Code  Wk  stm32l4xx_hal.o [1]
HAL_I2CEx_ConfigAnalogFilter
                         0x800'2391    0x3a  Code  Gb  stm32l4xx_hal_i2c_ex.o [1]
HAL_I2CEx_ConfigDigitalFilter
                         0x800'23cb    0x34  Code  Gb  stm32l4xx_hal_i2c_ex.o [1]
HAL_I2CEx_EnableFastModePlus
                         0x800'241d    0x1e  Code  Gb  stm32l4xx_hal_i2c_ex.o [1]
HAL_I2C_Init             0x800'17cd    0xaa  Code  Gb  stm32l4xx_hal_i2c.o [1]
HAL_I2C_Master_Transmit
                         0x800'1877   0x138  Code  Gb  stm32l4xx_hal_i2c.o [1]
HAL_I2C_MspInit          0x800'1bff    0x62  Code  Gb  stm32l4xx_hal_msp.o [1]
HAL_IncTick              0x800'3889    0x10  Code  Wk  stm32l4xx_hal.o [1]
HAL_Init                 0x800'244d    0x1e  Code  Gb  stm32l4xx_hal.o [1]
HAL_InitTick             0x800'0961    0x44  Code  Wk  stm32l4xx_hal.o [1]
HAL_MspInit              0x800'1bc1    0x3e  Code  Gb  stm32l4xx_hal_msp.o [1]
HAL_NVIC_DisableIRQ      0x800'0c77    0x1e  Code  Gb  stm32l4xx_hal_cortex.o [1]
HAL_NVIC_EnableIRQ       0x800'0c61    0x16  Code  Gb  stm32l4xx_hal_cortex.o [1]
HAL_NVIC_SetPriority     0x800'0c0f    0x52  Code  Gb  stm32l4xx_hal_cortex.o [1]
HAL_NVIC_SetPriorityGrouping
                         0x800'0bf5    0x1a  Code  Gb  stm32l4xx_hal_cortex.o [1]
HAL_PWREx_ControlVoltageScaling
                         0x800'0b79    0x6e  Code  Gb  stm32l4xx_hal_pwr_ex.o [1]
HAL_PWREx_GetVoltageRange
                         0x800'0b6d     0xc  Code  Gb  stm32l4xx_hal_pwr_ex.o [1]
HAL_PWR_EnableBkUpAccess
                         0x800'25c5     0xc  Code  Gb  stm32l4xx_hal_pwr.o [1]
HAL_RCCEx_EnableMSIPLLMode
                         0x800'2811     0xe  Code  Gb  stm32l4xx_hal_rcc_ex.o [1]
HAL_RCCEx_PeriphCLKConfig
                         0x800'25d5   0x23c  Code  Gb  stm32l4xx_hal_rcc_ex.o [1]
HAL_RCC_ClockConfig      0x800'069d   0x110  Code  Gb  stm32l4xx_hal_rcc.o [1]
HAL_RCC_GetPCLK1Freq     0x800'0885    0x10  Code  Gb  stm32l4xx_hal_rcc.o [1]
HAL_RCC_GetPCLK2Freq     0x800'0895     0xe  Code  Gb  stm32l4xx_hal_rcc.o [1]
HAL_RCC_GetSysClockFreq
                         0x800'07f5    0x90  Code  Gb  stm32l4xx_hal_rcc.o [1]
HAL_RCC_MCOConfig        0x800'07ad    0x48  Code  Gb  stm32l4xx_hal_rcc.o [1]
HAL_RCC_OscConfig        0x800'018d   0x510  Code  Gb  stm32l4xx_hal_rcc.o [1]
HAL_SYSTICK_Config       0x800'0c95    0x22  Code  Gb  stm32l4xx_hal_cortex.o [1]
HAL_TIMEx_Break2Callback
                         0x800'1de1     0x2  Code  Wk  stm32l4xx_hal_tim_ex.o [1]
HAL_TIMEx_BreakCallback
                         0x800'1ddf     0x2  Code  Wk  stm32l4xx_hal_tim_ex.o [1]
HAL_TIMEx_CommutCallback
                         0x800'1de5     0x2  Code  Wk  stm32l4xx_hal_tim_ex.o [1]
HAL_TIMEx_MasterConfigSynchronization
                         0x800'246d    0x4e  Code  Gb  stm32l4xx_hal_tim_ex.o [1]
HAL_TIM_Base_Init        0x800'0e69    0x1e  Code  Gb  stm32l4xx_hal_tim.o [1]
HAL_TIM_Base_MspInit     0x800'1c61    0xa2  Code  Gb  stm32l4xx_hal_msp.o [1]
HAL_TIM_IC_ConfigChannel
                         0x800'101f   0x11a  Code  Gb  stm32l4xx_hal_tim.o [1]
HAL_TIM_IC_Init          0x800'0e9b    0x20  Code  Gb  stm32l4xx_hal_tim.o [1]
HAL_TIM_IRQHandler       0x800'0ebb   0x164  Code  Gb  stm32l4xx_hal_tim.o [1]
HAL_TIM_SlaveConfigSynchro
                         0x800'1139    0x2e  Code  Gb  stm32l4xx_hal_tim.o [1]
HAL_UART_TxCpltCallback
                         0x800'0da9     0x8  Code  Gb  stm32_interface.o [1]
HAL_USART_IRQHandler     0x800'14c5   0x17a  Code  Gb  stm32l4xx_hal_usart.o [1]
HAL_USART_Init           0x800'1391    0xb0  Code  Gb  stm32l4xx_hal_usart.o [1]
HAL_USART_MspInit        0x800'1d03    0xac  Code  Gb  stm32l4xx_hal_msp.o [1]
HAL_USART_Transmit_DMA   0x800'1441    0x84  Code  Gb  stm32l4xx_hal_usart.o [1]
HEAP$$Base              0x2000'2c60           --   Gb  - Linker created -
HEAP$$Limit             0x2000'2e60           --   Gb  - Linker created -
HardFault_Handler        0x800'3843     0x2  Code  Gb  stm32l4xx_it.o [1]
I2C_Flush_TXDR           0x800'19ed    0x1c  Code  Lc  stm32l4xx_hal_i2c.o [1]
I2C_IsAcknowledgeFailed
                         0x800'1afb    0x70  Code  Lc  stm32l4xx_hal_i2c.o [1]
I2C_TransferConfig       0x800'1b6b    0x24  Code  Lc  stm32l4xx_hal_i2c.o [1]
I2C_WaitOnFlagUntilTimeout
                         0x800'1a09    0x52  Code  Lc  stm32l4xx_hal_i2c.o [1]
I2C_WaitOnSTOPFlagUntilTimeout
                         0x800'1ab3    0x48  Code  Lc  stm32l4xx_hal_i2c.o [1]
I2C_WaitOnTXISFlagUntilTimeout
                         0x800'1a65    0x4e  Code  Lc  stm32l4xx_hal_i2c.o [1]
InitPlatform             0x800'2d05    0x10  Code  Gb  platform.o [1]
InitSystem               0x800'2c6d     0x6  Code  Gb  system.o [1]
InitializeDataRhoUtility
                         0x800'2f39    0x78  Code  Gb  rho_utility.o [1]
InitializeDensityMapRhoUtility
                         0x800'3121    0x5a  Code  Gb  rho_utility.o [1]
InitializeFiltersRhoUtility
                         0x800'2fb5    0x48  Code  Gb  rho_utility.o [1]
InitializePlatform       0x800'24c1     0xe  Code  Lc  master.o [1]
InitializePredictionRhoUtility
                         0x800'3041    0xc2  Code  Gb  rho_utility.o [1]
InitializeRhoCore        0x800'2e15    0x44  Code  Gb  rho_core.o [1]
InitializeRhoKalman      0x800'32f5    0x8e  Code  Gb  rho_kalman.o [1]
InitializeRhoSystem      0x800'2bc9    0x54  Code  Gb  rho_client.o [1]
IsInStateSystem          0x800'2c9f    0x16  Code  Gb  system.o [1]
MSIRangeTable            0x800'3810    0x30  Data  Gb  system_stm32l4xx.o [1]
MX_GPIO_Init             0x800'2283    0xe6  Code  Lc  main.o [1]
Master                  0x2000'1514     0xc  Data  Lc  master.o [1]
Master_Connect           0x800'2543    0x26  Code  Gb  master.o [1]
Master_Init              0x800'2569    0x2e  Code  Gb  master.o [1]
Master_Run               0x800'2597    0x14  Code  Gb  master.o [1]
MemManage_Handler        0x800'3845     0x2  Code  Gb  stm32l4xx_it.o [1]
NMI_Handler              0x800'3841     0x2  Code  Gb  stm32l4xx_it.o [1]
OV9712                  0x2000'1550     0xc  Data  Lc  master.o [1]
OV9712_Enable            0x800'29d7    0x2e  Code  Lc  OV9712.o [1]
OV9712_Init              0x800'2945    0x6e  Code  Gb  OV9712.o [1]
OV9712_Write             0x800'29b9    0x1e  Code  Lc  OV9712.o [1]
OV9712_regs             0x2000'15fc     0xc  Data  Lc  OV9712.o [1]
PendSV_Handler           0x800'384f     0x2  Code  Gb  stm32l4xx_it.o [1]
PerformHostCommand       0x800'2d29    0x42  Code  Gb  platform.o [1]
PerformRhoSystemProcess
                         0x800'2b93    0x10  Code  Gb  rho_client.o [1]
PerformStateSystem       0x800'2c7b    0x14  Code  Gb  system.o [1]
Platform                0x2000'1520    0x10  Data  Lc  master.o [1]
Platform                0x2000'2840    0x10  Data  Lc  stm32_interface.o [1]
PlatformFunctions       0x2000'14c8    0x4c  Data  Lc  master.o [1]
ProcessFrame             0x800'2b3f    0x3a  Code  Gb  rho_client.o [1]
ProcessFrameSection      0x800'2a9d    0x7e  Code  Gb  rho_client.o [1]
ProcessRhoSystemFrameCapture
                         0x800'2b79    0x1a  Code  Gb  rho_client.o [1]
RCCEx_PLLSAI1_Config     0x800'281f   0x108  Code  Lc  stm32l4xx_hal_rcc_ex.o [1]
RCC_SetFlashLatencyFromMSIRange
                         0x800'08ad    0x74  Code  Lc  stm32l4xx_hal_rcc.o [1]
ReceiveFromHost          0x800'2d75     0x8  Code  Gb  platform.o [1]
Region$$Table$$Base      0x800'38e4           --   Gb  - Linker created -
Region$$Table$$Limit     0x800'3904           --   Gb  - Linker created -
RhoPIDInitialize         0x800'3241    0x9e  Code  Gb  rho_pid.o [1]
RhoSystem               0x2000'0000  0x14c8  Data  Lc  rho_client.o [1]
STM_I2CMasterTx          0x800'0db9     0xc  Code  Gb  stm32_interface.o [1]
STM_InitDMA              0x800'0d73    0x2c  Code  Gb  stm32_interface.o [1]
STM_InterruptDisable     0x800'0d2d    0x12  Code  Gb  stm32_interface.o [1]
STM_InterruptEnable      0x800'0d1b    0x12  Code  Gb  stm32_interface.o [1]
STM_PauseDMA             0x800'0d3f     0xe  Code  Gb  stm32_interface.o [1]
STM_ResetDMA             0x800'0d63    0x10  Code  Gb  stm32_interface.o [1]
STM_ResumeDMA            0x800'0d4d     0xc  Code  Gb  stm32_interface.o [1]
STM_SetPortMode          0x800'0dc5    0x1e  Code  Gb  stm32_interface.o [1]
STM_Timestamp            0x800'0de7     0x4  Code  Gb  stm32_interface.o [1]
STM_UartRxDMA            0x800'0da5     0x4  Code  Gb  stm32_interface.o [1]
STM_UartTxDMA            0x800'0d9f     0x6  Code  Gb  stm32_interface.o [1]
STM_Wait                 0x800'0deb     0x4  Code  Gb  stm32_interface.o [1]
STM_WritePin             0x800'0de3     0x4  Code  Gb  stm32_interface.o [1]
SVC_Handler              0x800'384b     0x2  Code  Gb  stm32l4xx_it.o [1]
SetPortMode              0x800'2d1f     0xa  Code  Gb  platform.o [1]
SetStateSystem           0x800'2c77     0x4  Code  Gb  system.o [1]
SysTick_Handler          0x800'3851     0x4  Code  Gb  stm32l4xx_it.o [1]
System                  0x2000'15ac     0x8  Data  Lc  master.o [1]
SystemClock_Config       0x800'21eb    0x98  Code  Gb  main.o [1]
SystemCoreClock         0x2000'1614     0x4  Data  Gb  system_stm32l4xx.o [1]
SystemInit               0x800'37b5    0x3c  Code  Gb  system_stm32l4xx.o [1]
TIM2_IRQHandler          0x800'3867     0x6  Code  Gb  stm32l4xx_it.o [1]
TIM_Base_SetConfig       0x800'1189    0x66  Code  Gb  stm32l4xx_hal_tim.o [1]
TIM_CCxChannelCmd        0x800'1337    0x20  Code  Gb  stm32l4xx_hal_tim.o [1]
TIM_SlaveTimer_SetConfig
                         0x800'11ef    0xb6  Code  Lc  stm32l4xx_hal_tim.o [1]
TIM_TI1_SetConfig        0x800'12a5    0x48  Code  Gb  stm32l4xx_hal_tim.o [1]
TIM_TI2_SetConfig        0x800'1301    0x36  Code  Lc  stm32l4xx_hal_tim.o [1]
TransmitRhoSystemPacket
                         0x800'2bb7    0x12  Code  Gb  rho_client.o [1]
TransmitToHost           0x800'2d6b     0xa  Code  Gb  platform.o [1]
USART1_IRQHandler        0x800'386d     0x6  Code  Gb  stm32l4xx_it.o [1]
USART_DMAAbortOnError    0x800'16cd     0xc  Code  Lc  stm32l4xx_hal_usart.o [1]
USART_DMAError           0x800'1699    0x32  Code  Lc  stm32l4xx_hal_usart.o [1]
USART_DMATransmitCplt    0x800'165d    0x34  Code  Lc  stm32l4xx_hal_usart.o [1]
USART_DMATxHalfCplt      0x800'1691     0x6  Code  Lc  stm32l4xx_hal_usart.o [1]
USART_EndTransfer        0x800'163f    0x1c  Code  Lc  stm32l4xx_hal_usart.o [1]
USART_SetConfig          0x800'16d9    0xd4  Code  Lc  stm32l4xx_hal_usart.o [1]
UsageFault_Handler       0x800'3849     0x2  Code  Gb  stm32l4xx_it.o [1]
WritePin                 0x800'2d15     0xa  Code  Gb  platform.o [1]
ZeroRhoSystemMemory      0x800'2c39    0x18  Code  Gb  rho_client.o [1]
__aeabi_cdcmpeq          0x800'338d          Code  Gb  DblCmpEq.o [3]
__aeabi_d2iz             0x800'2d91          Code  Gb  DblToS32.o [3]
__aeabi_ddiv             0x800'3551          Code  Gb  DblDiv.o [3]
__aeabi_dmul             0x800'33ad          Code  Gb  DblMul.o [3]
__aeabi_memclr           0x800'2f01          Code  Gb  ABImemclr.o [4]
__aeabi_memclr4          0x800'25bd          Code  Gb  ABImemclr4.o [4]
__aeabi_memcpy           0x800'2e59          Code  Gb  ABImemcpy.o [4]
__aeabi_memcpy4          0x800'2e79          Code  Gb  ABImemcpy.o [4]
__aeabi_memcpy8          0x800'2e79          Code  Gb  ABImemcpy.o [4]
__aeabi_ui2d             0x800'3799          Code  Gb  U32ToDbl.o [3]
__cmain                  0x800'3905          Code  Gb  cmain.o [4]
__data_GetMemChunk       0x800'2f09    0x2c  Code  Gb  xgetmemchunk.o [2]
__data_GetMemChunk::start
                        0x2000'2858     0x4  Data  Lc  xgetmemchunk.o [2]
__exit                   0x800'3939    0x14  Code  Gb  exit.o [5]
__iar_Memset4_word       0x800'2cd1          Code  Gb  ABImemset48.o [4]
__iar_Memset8_word       0x800'2cd1          Code  Gb  ABImemset48.o [4]
__iar_Memset_word        0x800'31e1          Code  Gb  ABImemset.o [4]
__iar_data_init3         0x800'3899    0x28  Code  Gb  data_init.o [4]
__iar_init_vfp           0x800'38c1          Code  Gb  fpinit_M.o [3]
__iar_lz77_init_single3
                         0x800'0def    0x7a  Code  Gb  lz77_init_single.o [4]
__iar_program_start      0x800'395d          Code  Gb  cstartup_M.o [4]
__iar_zero_init3         0x800'1357    0x3a  Code  Gb  zero_init3.o [4]
__low_level_init         0x800'3923     0x4  Code  Gb  low_level_init.o [2]
__no_free_malloc         0x800'2dcd    0x44  Code  Gb  no_free_heap0.o [2]
__vector_table           0x800'0000          Data  Gb  startup_stm32l432xx.o [1]
_call_main               0x800'3911          Code  Gb  cmain.o [4]
_capture_buffer_internal
                        0x2000'155c    0x50  Data  Lc  master.o [1]
_capture_buffer_internal
                        0x2000'26f8    0x50  Data  Lc  rho_client.o [1]
_dma_destination        0x2000'2850     0x4  Data  Lc  stm32_interface.o [1]
_exit                    0x800'392d          Code  Gb  cexit.o [4]
_main                    0x800'391f          Code  Gb  cmain.o [4]
_thresh_buffer_internal
                        0x2000'1618   0xe5c  Data  Lc  rho_client.o [1]
exit                     0x800'3927     0x4  Code  Gb  exit.o [2]
global_states_list      0x2000'15b4    0x48  Data  Lc  master.o [1]
hdma_tim2_ch2_ch4       0x2000'2748    0x48  Data  Gb  main.o [1]
hdma_usart1_tx          0x2000'2790    0x48  Data  Gb  main.o [1]
hi2c1                   0x2000'257c    0x4c  Data  Gb  main.o [1]
htim2                   0x2000'2618    0x40  Data  Gb  main.o [1]
husart1                 0x2000'25c8    0x50  Data  Gb  main.o [1]
main                     0x800'2075   0x176  Code  Gb  main.o [1]
qs                      0x2000'2854     0x4  Data  Lc  no_free_heap0.o [2]
uwTick                  0x2000'1608     0x4  Data  Gb  stm32l4xx_hal.o [1]
uwTickFreq              0x2000'1610     0x4  Data  Gb  stm32l4xx_hal.o [1]
uwTickPrio              0x2000'160c     0x4  Data  Gb  stm32l4xx_hal.o [1]


[1] = C:\Users\Matthew Fonken\Desktop\marbl\Techincal\combine\general\rho\rho_mod_v5\EWARM\rho_mod_v5\Obj
[2] = dl7M_tlf.a
[3] = m7M_tls.a
[4] = rt7M_tl.a
[5] = shb_l.a

  14 878 bytes of readonly  code memory
     334 bytes of readonly  data memory
  11 868 bytes of readwrite data memory

Errors: none
Warnings: none
