###############################################################################
#
# IAR ELF Linker V8.30.1.114/W32 for ARM                  27/Jul/2019  19:54:52
# Copyright 2007-2018 IAR Systems AB.
#
#    Output file  =  
#        C:\Users\Matthew
#        Fonken\Desktop\marbl\Techincal\combine\general\rho\rho_mod_v5\EWARM\rho_mod_v5\Exe\rho_mod_v5.out
#    Map file     =  
#        C:\Users\Matthew
#        Fonken\Desktop\marbl\Techincal\combine\general\rho\rho_mod_v5\EWARM\rho_mod_v5\List\rho_mod_v5.map
#    Command line =  
#        -f C:\Users\MATTHE~1\AppData\Local\Temp\EWD30C.tmp ("C:\Users\Matthew
#        Fonken\Desktop\marbl\Techincal\combine\general\rho\rho_mod_v5\EWARM\rho_mod_v5\Obj\fsm.o"
#        "C:\Users\Matthew
#        Fonken\Desktop\marbl\Techincal\combine\general\rho\rho_mod_v5\EWARM\rho_mod_v5\Obj\main.o"
#        "C:\Users\Matthew
#        Fonken\Desktop\marbl\Techincal\combine\general\rho\rho_mod_v5\EWARM\rho_mod_v5\Obj\master.o"
#        "C:\Users\Matthew
#        Fonken\Desktop\marbl\Techincal\combine\general\rho\rho_mod_v5\EWARM\rho_mod_v5\Obj\OV9712.o"
#        "C:\Users\Matthew
#        Fonken\Desktop\marbl\Techincal\combine\general\rho\rho_mod_v5\EWARM\rho_mod_v5\Obj\platform.o"
#        "C:\Users\Matthew
#        Fonken\Desktop\marbl\Techincal\combine\general\rho\rho_mod_v5\EWARM\rho_mod_v5\Obj\printers.o"
#        "C:\Users\Matthew
#        Fonken\Desktop\marbl\Techincal\combine\general\rho\rho_mod_v5\EWARM\rho_mod_v5\Obj\rho_client.o"
#        "C:\Users\Matthew
#        Fonken\Desktop\marbl\Techincal\combine\general\rho\rho_mod_v5\EWARM\rho_mod_v5\Obj\rho_core.o"
#        "C:\Users\Matthew
#        Fonken\Desktop\marbl\Techincal\combine\general\rho\rho_mod_v5\EWARM\rho_mod_v5\Obj\rho_kalman.o"
#        "C:\Users\Matthew
#        Fonken\Desktop\marbl\Techincal\combine\general\rho\rho_mod_v5\EWARM\rho_mod_v5\Obj\rho_pid.o"
#        "C:\Users\Matthew
#        Fonken\Desktop\marbl\Techincal\combine\general\rho\rho_mod_v5\EWARM\rho_mod_v5\Obj\rho_utility.o"
#        "C:\Users\Matthew
#        Fonken\Desktop\marbl\Techincal\combine\general\rho\rho_mod_v5\EWARM\rho_mod_v5\Obj\startup_stm32l432xx.o"
#        "C:\Users\Matthew
#        Fonken\Desktop\marbl\Techincal\combine\general\rho\rho_mod_v5\EWARM\rho_mod_v5\Obj\stm32_interface.o"
#        "C:\Users\Matthew
#        Fonken\Desktop\marbl\Techincal\combine\general\rho\rho_mod_v5\EWARM\rho_mod_v5\Obj\stm32l4xx_hal.o"
#        "C:\Users\Matthew
#        Fonken\Desktop\marbl\Techincal\combine\general\rho\rho_mod_v5\EWARM\rho_mod_v5\Obj\stm32l4xx_hal_cortex.o"
#        "C:\Users\Matthew
#        Fonken\Desktop\marbl\Techincal\combine\general\rho\rho_mod_v5\EWARM\rho_mod_v5\Obj\stm32l4xx_hal_dma.o"
#        "C:\Users\Matthew
#        Fonken\Desktop\marbl\Techincal\combine\general\rho\rho_mod_v5\EWARM\rho_mod_v5\Obj\stm32l4xx_hal_dma_ex.o"
#        "C:\Users\Matthew
#        Fonken\Desktop\marbl\Techincal\combine\general\rho\rho_mod_v5\EWARM\rho_mod_v5\Obj\stm32l4xx_hal_exti.o"
#        "C:\Users\Matthew
#        Fonken\Desktop\marbl\Techincal\combine\general\rho\rho_mod_v5\EWARM\rho_mod_v5\Obj\stm32l4xx_hal_flash.o"
#        "C:\Users\Matthew
#        Fonken\Desktop\marbl\Techincal\combine\general\rho\rho_mod_v5\EWARM\rho_mod_v5\Obj\stm32l4xx_hal_flash_ex.o"
#        "C:\Users\Matthew
#        Fonken\Desktop\marbl\Techincal\combine\general\rho\rho_mod_v5\EWARM\rho_mod_v5\Obj\stm32l4xx_hal_flash_ramfunc.o"
#        "C:\Users\Matthew
#        Fonken\Desktop\marbl\Techincal\combine\general\rho\rho_mod_v5\EWARM\rho_mod_v5\Obj\stm32l4xx_hal_gpio.o"
#        "C:\Users\Matthew
#        Fonken\Desktop\marbl\Techincal\combine\general\rho\rho_mod_v5\EWARM\rho_mod_v5\Obj\stm32l4xx_hal_i2c.o"
#        "C:\Users\Matthew
#        Fonken\Desktop\marbl\Techincal\combine\general\rho\rho_mod_v5\EWARM\rho_mod_v5\Obj\stm32l4xx_hal_i2c_ex.o"
#        "C:\Users\Matthew
#        Fonken\Desktop\marbl\Techincal\combine\general\rho\rho_mod_v5\EWARM\rho_mod_v5\Obj\stm32l4xx_hal_msp.o"
#        "C:\Users\Matthew
#        Fonken\Desktop\marbl\Techincal\combine\general\rho\rho_mod_v5\EWARM\rho_mod_v5\Obj\stm32l4xx_hal_pcd.o"
#        "C:\Users\Matthew
#        Fonken\Desktop\marbl\Techincal\combine\general\rho\rho_mod_v5\EWARM\rho_mod_v5\Obj\stm32l4xx_hal_pcd_ex.o"
#        "C:\Users\Matthew
#        Fonken\Desktop\marbl\Techincal\combine\general\rho\rho_mod_v5\EWARM\rho_mod_v5\Obj\stm32l4xx_hal_pwr.o"
#        "C:\Users\Matthew
#        Fonken\Desktop\marbl\Techincal\combine\general\rho\rho_mod_v5\EWARM\rho_mod_v5\Obj\stm32l4xx_hal_pwr_ex.o"
#        "C:\Users\Matthew
#        Fonken\Desktop\marbl\Techincal\combine\general\rho\rho_mod_v5\EWARM\rho_mod_v5\Obj\stm32l4xx_hal_rcc.o"
#        "C:\Users\Matthew
#        Fonken\Desktop\marbl\Techincal\combine\general\rho\rho_mod_v5\EWARM\rho_mod_v5\Obj\stm32l4xx_hal_rcc_ex.o"
#        "C:\Users\Matthew
#        Fonken\Desktop\marbl\Techincal\combine\general\rho\rho_mod_v5\EWARM\rho_mod_v5\Obj\stm32l4xx_hal_tim.o"
#        "C:\Users\Matthew
#        Fonken\Desktop\marbl\Techincal\combine\general\rho\rho_mod_v5\EWARM\rho_mod_v5\Obj\stm32l4xx_hal_tim_ex.o"
#        "C:\Users\Matthew
#        Fonken\Desktop\marbl\Techincal\combine\general\rho\rho_mod_v5\EWARM\rho_mod_v5\Obj\stm32l4xx_hal_uart.o"
#        "C:\Users\Matthew
#        Fonken\Desktop\marbl\Techincal\combine\general\rho\rho_mod_v5\EWARM\rho_mod_v5\Obj\stm32l4xx_hal_uart_ex.o"
#        "C:\Users\Matthew
#        Fonken\Desktop\marbl\Techincal\combine\general\rho\rho_mod_v5\EWARM\rho_mod_v5\Obj\stm32l4xx_it.o"
#        "C:\Users\Matthew
#        Fonken\Desktop\marbl\Techincal\combine\general\rho\rho_mod_v5\EWARM\rho_mod_v5\Obj\stm32l4xx_ll_usb.o"
#        "C:\Users\Matthew
#        Fonken\Desktop\marbl\Techincal\combine\general\rho\rho_mod_v5\EWARM\rho_mod_v5\Obj\system.o"
#        "C:\Users\Matthew
#        Fonken\Desktop\marbl\Techincal\combine\general\rho\rho_mod_v5\EWARM\rho_mod_v5\Obj\system_stm32l4xx.o"
#        --redirect _Printf=_PrintfFull --redirect _Scanf=_ScanfFull
#        --no_out_extension -o "C:\Users\Matthew
#        Fonken\Desktop\marbl\Techincal\combine\general\rho\rho_mod_v5\EWARM\rho_mod_v5\Exe\rho_mod_v5.out"
#        --map "C:\Users\Matthew
#        Fonken\Desktop\marbl\Techincal\combine\general\rho\rho_mod_v5\EWARM\rho_mod_v5\List\rho_mod_v5.map"
#        --config "C:\Users\Matthew
#        Fonken\Desktop\marbl\Techincal\combine\general\rho\rho_mod_v5\EWARM/stm32l432xx_flash.icf"
#        --semihosting --entry __iar_program_start --vfe --text_out locale)
#
###############################################################################

*******************************************************************************
*** RUNTIME MODEL ATTRIBUTES
***

CppFlavor       = *
__Heap_Handler  = NoFree
__SystemLibrary = DLib
__dlib_version  = 6


*******************************************************************************
*** HEAP SELECTION
***

The no free heap was selected because no calls to memory
deallocation functions were found in the application.


*******************************************************************************
*** PLACEMENT SUMMARY
***

"A0":  place at 0x800'0000 { ro section .intvec };
"P1":  place in [from 0x800'0000 to 0x803'ffff] { ro };
define block CSTACK with size = 1K, alignment = 8 { };
define block HEAP with size = 512, alignment = 8 { };
"P2":  place in [from 0x2000'0000 to 0x2000'ffff] {
          rw, block CSTACK, block HEAP };
initialize by copy { rw };

  Section            Kind         Address    Size  Object
  -------            ----         -------    ----  ------
"A0":                                       0x190
  .intvec            ro code   0x800'0000   0x18c  startup_stm32l432xx.o [1]
                             - 0x800'018c   0x18c

"P1":                                      0x8db3
  .text              ro code   0x800'0190  0x1864  rho_utility.o [1]
  .text              ro code   0x800'19f4   0x17a  DblAdd.o [3]
  .text              ro code   0x800'1b6e    0x7a  lz77_init_single.o [4]
  .text              ro code   0x800'1be8   0x1a2  DblMul.o [3]
  .text              ro code   0x800'1d8a    0x3a  zero_init3.o [4]
  .text              ro code   0x800'1dc4    0x1a  U32ToDbl.o [3]
  .text              ro code   0x800'1dde    0x1e  xencoding_8859_1.o [2]
  .text              ro code   0x800'1dfc   0x246  DblDiv.o [3]
  .text              ro code   0x800'2042     0xa  xsprout.o [2]
  .text              ro code   0x800'204c    0x3a  DblToS32.o [3]
  .text              ro code   0x800'2088    0x28  DblToU32.o [3]
  .text              ro code   0x800'20b0     0x6  ABImemclr4.o [4]
  .text              ro code   0x800'20b8   0x788  fsm.o [1]
  .text              ro code   0x800'2840    0xa6  ABImemcpy.o [4]
  .text              ro code   0x800'28e8   0x218  rho_pid.o [1]
  .text              ro code   0x800'2b00   0x4ac  rho_kalman.o [1]
  .text              ro code   0x800'2fac     0x6  ABImemclr.o [4]
  .text              ro code   0x800'2fb4    0xe2  DblSub.o [3]
  .text              ro code   0x800'3098    0x22  S32ToDbl.o [3]
  .text              ro code   0x800'30bc    0x20  DblCmpEq.o [3]
  .text              ro code   0x800'30dc    0x2e  DblCmpLe.o [3]
  .text              ro code   0x800'310c    0x2e  DblCmpGe.o [3]
  .text              ro code   0x800'313c    0x16  math_wrappers64.o [3]
  .text              ro code   0x800'3154   0x1a0  stm32_interface.o [1]
  .text              ro code   0x800'32f4    0x32  ABImemset48.o [4]
  .text              ro code   0x800'3328    0xc0  printers.o [1]
  .text              ro code   0x800'33e8    0x40  sprintf.o [2]
  .text              ro code   0x800'3428    0x5e  ABImemset.o [4]
  .text              ro code   0x800'3488   0xb28  pow64.o [3]
  .text              ro code   0x800'3fb0   0x2c8  stm32l4xx_hal_dma.o [1]
  .text              ro code   0x800'4278    0xe4  stm32l4xx_hal_cortex.o [1]
  .text              ro code   0x800'435c   0x38a  stm32l4xx_hal_tim.o [1]
  .text              ro code   0x800'46e8   0x34e  main.o [1]
  .text              ro code   0x800'4a38   0x698  stm32l4xx_hal_uart.o [1]
  .text              ro code   0x800'50d0   0x3cc  stm32l4xx_hal_i2c.o [1]
  .text              ro code   0x800'549c   0x1bc  stm32l4xx_hal_gpio.o [1]
  .text              ro code   0x800'5658     0xc  stm32l4xx_hal.o [1]
  .text              ro code   0x800'5664    0x28  stm32l4xx_hal.o [1]
  .text              ro code   0x800'568c   0x7d4  stm32l4xx_hal_rcc.o [1]
  .text              ro code   0x800'5e60    0x36  strlen.o [4]
  .text              ro code   0x800'5e98    0xa4  platform.o [1]
  .text              ro code   0x800'5f3c   0xf7a  xprintffull.o [2]
  .text              ro code   0x800'6eb8    0x70  frexp.o [3]
  .text              ro code   0x800'6f28   0x404  iar_Exp64.o [3]
  .text              ro code   0x800'732c   0x1e0  stm32l4xx_hal_msp.o [1]
  .text              ro code   0x800'750c     0x2  stm32l4xx_hal_tim.o [1]
  .text              ro code   0x800'7510    0x1e  stm32l4xx_hal.o [1]
  .text              ro code   0x800'7530    0xbc  stm32l4xx_hal_i2c_ex.o [1]
  .text              ro code   0x800'75ec    0x54  stm32l4xx_hal_tim_ex.o [1]
  .text              ro code   0x800'7640    0xce  stm32l4xx_hal_pcd.o [1]
  .text              ro code   0x800'7710   0x1a4  master.o [1]
  .text              ro code   0x800'78b4   0x360  stm32l4xx_hal_rcc_ex.o [1]
  .text              ro code   0x800'7c14    0x88  stm32l4xx_hal_pwr_ex.o [1]
  .text              ro code   0x800'7c9c     0x2  stm32l4xx_hal_uart.o [1]
  .text              ro code   0x800'7c9e     0x2  stm32l4xx_hal_uart_ex.o [1]
  .text              ro code   0x800'7ca0     0x2  stm32l4xx_hal_uart.o [1]
  .text              ro code   0x800'7ca4   0x230  I64DivMod.o [4]
  .text              ro code   0x800'7ed4    0x44  stm32l4xx_hal.o [1]
  .text              ro code   0x800'7f18    0x78  xlocale_c.o [2]
  .text              ro code   0x800'7f90    0x16  strchr.o [4]
  .text              ro code   0x800'7fa8    0x40  xfail_s.o [2]
  .text              ro code   0x800'7fe8    0x58  memchr.o [4]
  .text              ro code   0x800'8040     0xa  xmbcurmax.o [2]
  .text              ro code   0x800'804c   0x13a  ldexp.o [3]
  .text              ro code   0x800'8188    0x50  stm32l4xx_ll_usb.o [1]
  .text              ro code   0x800'81d8    0x2a  stm32l4xx_hal_pcd_ex.o [1]
  .text              ro code   0x800'8204    0xb2  OV9712.o [1]
  .text              ro code   0x800'82b8    0xb4  system.o [1]
  .text              ro code   0x800'836c     0x2  I64DivZer.o [4]
  .text              ro code   0x800'836e     0x6  abort.o [2]
  .text              ro code   0x800'8374    0x14  exit.o [5]
  .text              ro code   0x800'8388   0x378  rho_core.o [1]
  .text              ro code   0x800'8700   0x334  rho_client.o [1]
  .text              ro code   0x800'8a34    0x48  no_free_heap0.o [2]
  .text              ro code   0x800'8a7c    0x2c  xgetmemchunk.o [2]
  .text              ro code   0x800'8aa8    0x8c  system_stm32l4xx.o [1]
  .rodata            const     0x800'8b34    0x6c  system.o [1]
  .text              ro code   0x800'8ba0    0x34  stm32l4xx_it.o [1]
  .text              ro code   0x800'8bd4    0x10  stm32l4xx_hal.o [1]
  .text              ro code   0x800'8be4    0x28  data_init.o [4]
  .text              ro code   0x800'8c0c    0x22  fpinit_M.o [3]
  .iar.init_table    const     0x800'8c30    0x20  - Linker created -
  .rodata            const     0x800'8c50    0x20  rho_core.o [1]
  .text              ro code   0x800'8c70    0x1e  cmain.o [4]
  .text              ro code   0x800'8c8e     0x4  low_level_init.o [2]
  .text              ro code   0x800'8c92     0x4  exit.o [2]
  .text              ro code   0x800'8c98     0xa  cexit.o [4]
  .rodata            const     0x800'8ca4    0x14  fsm.o [1]
  .text              ro code   0x800'8cb8    0x10  startup_stm32l432xx.o [1]
  .text              ro code   0x800'8cc8     0xc  cstartup_M.o [4]
  .rodata            const     0x800'8cd4     0x8  system_stm32l4xx.o [1]
  .rodata            const     0x800'8cdc     0x6  xlocale_c.o [2]
  .text              ro code   0x800'8ce2     0x4  startup_stm32l432xx.o [1]
  .text              ro code   0x800'8ce6     0x4  startup_stm32l432xx.o [1]
  .text              ro code   0x800'8cea     0x4  startup_stm32l432xx.o [1]
  .text              ro code   0x800'8cee     0x4  startup_stm32l432xx.o [1]
  .text              ro code   0x800'8cf2     0x4  startup_stm32l432xx.o [1]
  .text              ro code   0x800'8cf6     0x4  startup_stm32l432xx.o [1]
  .text              ro code   0x800'8cfa     0x4  startup_stm32l432xx.o [1]
  .text              ro code   0x800'8cfe     0x4  startup_stm32l432xx.o [1]
  .text              ro code   0x800'8d02     0x4  startup_stm32l432xx.o [1]
  .text              ro code   0x800'8d06     0x4  startup_stm32l432xx.o [1]
  .text              ro code   0x800'8d0a     0x4  startup_stm32l432xx.o [1]
  .text              ro code   0x800'8d0e     0x4  startup_stm32l432xx.o [1]
  .text              ro code   0x800'8d12     0x4  startup_stm32l432xx.o [1]
  .text              ro code   0x800'8d16     0x4  startup_stm32l432xx.o [1]
  .text              ro code   0x800'8d1a     0x4  startup_stm32l432xx.o [1]
  .text              ro code   0x800'8d1e     0x4  startup_stm32l432xx.o [1]
  .text              ro code   0x800'8d22     0x4  startup_stm32l432xx.o [1]
  .text              ro code   0x800'8d26     0x4  startup_stm32l432xx.o [1]
  .text              ro code   0x800'8d2a     0x4  startup_stm32l432xx.o [1]
  .text              ro code   0x800'8d2e     0x4  startup_stm32l432xx.o [1]
  .text              ro code   0x800'8d32     0x4  startup_stm32l432xx.o [1]
  .text              ro code   0x800'8d36     0x4  startup_stm32l432xx.o [1]
  .text              ro code   0x800'8d3a     0x4  startup_stm32l432xx.o [1]
  .text              ro code   0x800'8d3e     0x4  startup_stm32l432xx.o [1]
  .text              ro code   0x800'8d42     0x4  startup_stm32l432xx.o [1]
  .text              ro code   0x800'8d46     0x4  startup_stm32l432xx.o [1]
  .text              ro code   0x800'8d4a     0x4  startup_stm32l432xx.o [1]
  .text              ro code   0x800'8d4e     0x4  startup_stm32l432xx.o [1]
  .text              ro code   0x800'8d52     0x4  startup_stm32l432xx.o [1]
  .text              ro code   0x800'8d56     0x4  startup_stm32l432xx.o [1]
  .text              ro code   0x800'8d5a     0x4  startup_stm32l432xx.o [1]
  .text              ro code   0x800'8d5e     0x4  startup_stm32l432xx.o [1]
  .text              ro code   0x800'8d62     0x4  startup_stm32l432xx.o [1]
  .text              ro code   0x800'8d66     0x4  startup_stm32l432xx.o [1]
  .text              ro code   0x800'8d6a     0x4  startup_stm32l432xx.o [1]
  .text              ro code   0x800'8d6e     0x4  startup_stm32l432xx.o [1]
  .text              ro code   0x800'8d72     0x4  startup_stm32l432xx.o [1]
  .text              ro code   0x800'8d76     0x4  startup_stm32l432xx.o [1]
  .text              ro code   0x800'8d7a     0x4  startup_stm32l432xx.o [1]
  .text              ro code   0x800'8d7e     0x4  startup_stm32l432xx.o [1]
  .text              ro code   0x800'8d82     0x4  startup_stm32l432xx.o [1]
  .text              ro code   0x800'8d86     0x4  startup_stm32l432xx.o [1]
  .text              ro code   0x800'8d8a     0x4  startup_stm32l432xx.o [1]
  .text              ro code   0x800'8d8e     0x4  startup_stm32l432xx.o [1]
  .text              ro code   0x800'8d92     0x4  startup_stm32l432xx.o [1]
  .text              ro code   0x800'8d96     0x4  startup_stm32l432xx.o [1]
  .text              ro code   0x800'8d9a     0x4  startup_stm32l432xx.o [1]
  .text              ro code   0x800'8d9e     0x4  startup_stm32l432xx.o [1]
  .text              ro code   0x800'8da2     0x4  startup_stm32l432xx.o [1]
  .text              ro code   0x800'8da6     0x4  startup_stm32l432xx.o [1]
  .text              ro code   0x800'8daa     0x4  startup_stm32l432xx.o [1]
  .text              ro code   0x800'8dae     0x4  startup_stm32l432xx.o [1]
  .text              ro code   0x800'8db2     0x4  startup_stm32l432xx.o [1]
  .text              ro code   0x800'8db6     0x4  startup_stm32l432xx.o [1]
  .text              ro code   0x800'8dba     0x4  startup_stm32l432xx.o [1]
  .text              ro code   0x800'8dbe     0x4  startup_stm32l432xx.o [1]
  .rodata            const     0x800'8dc2     0x0  zero_init3.o [4]
  .rodata            const     0x800'8dc2     0x0  lz77_init_single.o [4]
  Initializer bytes  const     0x800'8dc2   0x181  <for P2-1>
                             - 0x800'8f43  0x8db3

"P2", part 1 of 3:                         0x19e0
  P2-1                        0x2000'0000  0x19e0  <Init block>
    .data            inited   0x2000'0000   0x12c  fsm.o [1]
    .data            inited   0x2000'0130  0x1528  rho_client.o [1]
    .data            inited   0x2000'1658   0x1c8  master.o [1]
    .data            inited   0x2000'1820     0xc  OV9712.o [1]
    .data            inited   0x2000'182c     0xc  stm32l4xx_hal.o [1]
    .data            inited   0x2000'1838   0x124  system.o [1]
    .data            inited   0x2000'195c     0x4  system_stm32l4xx.o [1]
    .data            inited   0x2000'1960    0x38  xlocale_c.o [2]
    .data            inited   0x2000'1998    0x48  xlocale_c.o [2]
                            - 0x2000'19e0  0x19e0

"P2", part 2 of 3:                         0xde58
  .bss               zero     0x2000'19e0  0xc994  rho_client.o [1]
  .bss               zero     0x2000'e374   0x6a0  rho_utility.o [1]
  .bss               zero     0x2000'ea14   0x380  main.o [1]
  .bss               zero     0x2000'ed94   0x284  rho_client.o [1]
  .bss               zero     0x2000'f018   0x284  rho_client.o [1]
  .bss               zero     0x2000'f29c   0x284  rho_client.o [1]
  .bss               zero     0x2000'f520   0x100  printers.o [1]
  .bss               zero     0x2000'f620    0xcc  rho_client.o [1]
  .bss               zero     0x2000'f6ec    0xcc  rho_client.o [1]
  .bss               zero     0x2000'f7b8    0x48  main.o [1]
  .bss               zero     0x2000'f800    0x18  platform.o [1]
  .bss               zero     0x2000'f818    0x14  stm32_interface.o [1]
  .bss               zero     0x2000'f82c     0x4  xfail_s.o [2]
  .bss               zero     0x2000'f830     0x4  no_free_heap0.o [2]
  .bss               zero     0x2000'f834     0x4  xgetmemchunk.o [2]
                            - 0x2000'f838  0xde58

"P2", part 3 of 3:                          0x600
  CSTACK                      0x2000'f838   0x400  <Block>
    CSTACK           uninit   0x2000'f838   0x400  <Block tail>
  HEAP                        0x2000'fc38   0x200  <Block>
    HEAP             uninit   0x2000'fc38   0x200  <Block tail>
                            - 0x2000'fe38   0x600

Unused ranges:

         From           To      Size
         ----           --      ----
   0x800'8f43   0x803'ffff  0x3'70bd
  0x2000'fe38  0x2000'ffff     0x1c8


*******************************************************************************
*** INIT TABLE
***

          Address      Size
          -------      ----
Zero (__iar_zero_init3)
    1 destination range, total size 0xde58:
          0x2000'19e0  0xde58

Copy/lz77 (__iar_lz77_init_single3)
    1 source range, total size 0x181 (5% of destination):
           0x800'8dc2   0x181
    1 destination range, total size 0x19e0:
          0x2000'0000  0x19e0



*******************************************************************************
*** MODULE SUMMARY
***

    Module                   ro code  ro data  rw data
    ------                   -------  -------  -------
command line/config:
    --------------------------------------------------
    Total:

C:\Users\Matthew Fonken\Desktop\marbl\Techincal\combine\general\rho\rho_mod_v5\EWARM\rho_mod_v5\Obj: [1]
    OV9712.o                     178        1       12
    fsm.o                      1 928       37      300
    main.o                       846               968
    master.o                     420       26      456
    platform.o                   164                24
    printers.o                   192               256
    rho_client.o                 820      315   59 360
    rho_core.o                   888       32
    rho_kalman.o               1 196
    rho_pid.o                    536
    rho_utility.o              6 244             1 696
    startup_stm32l432xx.o        636
    stm32_interface.o            416                20
    stm32l4xx_hal.o              166        1       12
    stm32l4xx_hal_cortex.o       228
    stm32l4xx_hal_dma.o          712
    stm32l4xx_hal_gpio.o         444
    stm32l4xx_hal_i2c.o          972
    stm32l4xx_hal_i2c_ex.o       188
    stm32l4xx_hal_msp.o          480
    stm32l4xx_hal_pcd.o          206
    stm32l4xx_hal_pcd_ex.o        42
    stm32l4xx_hal_pwr_ex.o       136
    stm32l4xx_hal_rcc.o        2 004
    stm32l4xx_hal_rcc_ex.o       864
    stm32l4xx_hal_tim.o          908
    stm32l4xx_hal_tim_ex.o        84
    stm32l4xx_hal_uart.o       1 692
    stm32l4xx_hal_uart_ex.o        2
    stm32l4xx_it.o                52
    stm32l4xx_ll_usb.o            80
    system.o                     180      125      292
    system_stm32l4xx.o           140        8        4
    --------------------------------------------------
    Total:                    24 044      545   63 400

dl7M_tlf.a: [2]
    abort.o                        6
    exit.o                         4
    low_level_init.o               4
    no_free_heap0.o               72                 4
    sprintf.o                     64
    xencoding_8859_1.o            30
    xfail_s.o                     64                 4
    xgetmemchunk.o                44                 4
    xlocale_c.o                  120       14      128
    xmbcurmax.o                   10
    xprintffull.o              3 962
    xsprout.o                     10
    --------------------------------------------------
    Total:                     4 390       14      140

m7M_tls.a: [3]
    DblAdd.o                     378
    DblCmpEq.o                    32
    DblCmpGe.o                    46
    DblCmpLe.o                    46
    DblDiv.o                     582
    DblMul.o                     418
    DblSub.o                     226
    DblToS32.o                    58
    DblToU32.o                    40
    S32ToDbl.o                    34
    U32ToDbl.o                    26
    fpinit_M.o                    34
    frexp.o                      112
    iar_Exp64.o                1 028
    ldexp.o                      314
    math_wrappers64.o             22
    pow64.o                    2 856
    --------------------------------------------------
    Total:                     6 252

rt7M_tl.a: [4]
    ABImemclr.o                    6
    ABImemclr4.o                   6
    ABImemcpy.o                  166
    ABImemset.o                   94
    ABImemset48.o                 50
    I64DivMod.o                  560
    I64DivZer.o                    2
    cexit.o                       10
    cmain.o                       30
    cstartup_M.o                  12
    data_init.o                   40
    lz77_init_single.o           122
    memchr.o                      88
    strchr.o                      22
    strlen.o                      54
    zero_init3.o                  58
    --------------------------------------------------
    Total:                     1 320

shb_l.a: [5]
    exit.o                        20
    --------------------------------------------------
    Total:                        20

    Gaps                          50        4        4
    Linker created                         32    1 536
------------------------------------------------------
    Grand Total:              36 076      595   65 080


*******************************************************************************
*** ENTRY LIST
***

Entry                       Address    Size  Type      Object
-----                       -------    ----  ----      ------
.iar.init_table$$Base    0x800'8c30           --   Gb  - Linker created -
.iar.init_table$$Limit   0x800'8c50           --   Gb  - Linker created -
?main                    0x800'8c71          Code  Gb  cmain.o [4]
AHBPrescTable            0x800'8af4    0x10  Data  Gb  system_stm32l4xx.o [1]
APBPrescTable            0x800'8cd4     0x8  Data  Gb  system_stm32l4xx.o [1]
ActivateRhoSystem        0x800'8959     0x8  Code  Gb  rho_client.o [1]
ApplicationCore          0x800'7779     0x6  Code  Lc  master.o [1]
BACKGROUND_DENSITY_MAP_X
                        0x2000'f6ec    0xcc  Data  Lc  rho_client.o [1]
BACKGROUND_DENSITY_MAP_X
                        0x2000'e948    0xcc  Data  Lc  rho_utility.o [1]
BACKGROUND_DENSITY_MAP_Y
                        0x2000'f018   0x284  Data  Lc  rho_client.o [1]
BACKGROUND_DENSITY_MAP_Y
                        0x2000'e6c4   0x284  Data  Lc  rho_utility.o [1]
BusFault_Handler         0x800'8ba7     0x2  Code  Gb  stm32l4xx_it.o [1]
CSTACK$$Base            0x2000'f838           --   Gb  - Linker created -
CSTACK$$Limit           0x2000'fc38           --   Gb  - Linker created -
CacheMore                0x800'7f1d    0x24  Code  Lc  xlocale_c.o [2]
CalculateBackgroundTuneFactorRhoUtility
                         0x800'13f5    0x68  Code  Gb  rho_utility.o [1]
CalculateBandLowerBoundRhoUtility
                         0x800'07cd    0x1c  Code  Gb  rho_utility.o [1]
CalculateCentroidRhoUtility
                         0x800'0285    0x94  Code  Gb  rho_utility.o [1]
CalculateChaosRhoUtility
                         0x800'09c9    0x34  Code  Gb  rho_utility.o [1]
CalculateRegionScoreRhoUtility
                         0x800'01f3    0x92  Code  Gb  rho_utility.o [1]
CalculateStateTuneFactorRhoUtility
                         0x800'146d    0xda  Code  Gb  rho_utility.o [1]
CalculateTargetCoverageFactorRhoUtility
                         0x800'15a5    0x3e  Code  Gb  rho_utility.o [1]
CalculateTargetTuneFactorRhoUtility
                         0x800'1549    0x50  Code  Gb  rho_utility.o [1]
CalculateTuneRhoUtility
                         0x800'137d    0x58  Code  Gb  rho_utility.o [1]
CalculateValidTracksRhoUtility
                         0x800'101d    0x6c  Code  Gb  rho_utility.o [1]
CalculatedFrameStatisticsRhoUtility
                         0x800'0b4d    0xd8  Code  Gb  rho_utility.o [1]
CaptureAndProcessFrame   0x800'8743    0x5e  Code  Gb  rho_client.o [1]
CaptureRow               0x800'8829    0x26  Code  Gb  rho_client.o [1]
CaptureRowCallback       0x800'87a1    0x88  Code  Gb  rho_client.o [1]
CombineAxisProbabilitesRhoUtility
                         0x800'12ad    0x70  Code  Gb  rho_utility.o [1]
ConfigureApplication     0x800'7725    0x2e  Code  Lc  master.o [1]
ConnectRhoSystemPlatformInterface
                         0x800'89cf    0x1c  Code  Gb  rho_client.o [1]
ConnectToHost            0x800'7723     0x2  Code  Lc  master.o [1]
CorrectPredictionAmbiguityRhoUtility
                         0x800'122b    0x80  Code  Gb  rho_utility.o [1]
CumulateMomentsRhoUtility
                         0x800'0197    0x5c  Code  Gb  rho_utility.o [1]
DMA1_Channel7_IRQHandler
                         0x800'8bc1     0x6  Code  Gb  stm32l4xx_it.o [1]
DeactivateBackgrounding
                         0x800'8935    0x24  Code  Gb  rho_client.o [1]
DeactivateRhoSystem      0x800'8961     0x6  Code  Gb  rho_client.o [1]
DebugMon_Handler         0x800'8bad     0x2  Code  Gb  stm32l4xx_it.o [1]
Default_OV9712_Pins     0x2000'17b4    0x10  Data  Lc  master.o [1]
DetectRegionRhoUtility   0x800'086d   0x14c  Code  Gb  rho_utility.o [1]
DetectRegionsRhoUtility
                         0x800'07e9    0x54  Code  Gb  rho_utility.o [1]
DetectRhoCore            0x800'84c1    0x52  Code  Gb  rho_core.o [1]
DetectRhoCorePairs       0x800'8515    0x92  Code  Gb  rho_core.o [1]
EXTI0_IRQHandler         0x800'8bb5     0x6  Code  Gb  stm32l4xx_it.o [1]
EXTI1_IRQHandler         0x800'8bbb     0x6  Code  Gb  stm32l4xx_it.o [1]
EnterStateSystem         0x800'831d    0x10  Code  Gb  system.o [1]
Error_Handler            0x800'4a35     0x2  Code  Gb  main.o [1]
ExitInitialization       0x800'7753    0x26  Code  Lc  master.o [1]
FOREGROUND_DENSITY_MAP_X
                        0x2000'f620    0xcc  Data  Lc  rho_client.o [1]
FOREGROUND_DENSITY_MAP_X
                        0x2000'e5f8    0xcc  Data  Lc  rho_utility.o [1]
FOREGROUND_DENSITY_MAP_Y
                        0x2000'ed94   0x284  Data  Lc  rho_client.o [1]
FOREGROUND_DENSITY_MAP_Y
                        0x2000'e374   0x284  Data  Lc  rho_utility.o [1]
GenerateObservationListFromPredictionsRhoUtility
                         0x800'186d    0x86  Code  Gb  rho_utility.o [1]
GenerateObservationListsFromPredictionsRhoUtility
                         0x800'18f3    0x2c  Code  Gb  rho_utility.o [1]
GeneratePacketRhoUtility
                         0x800'17b9    0xb4  Code  Gb  rho_utility.o [1]
GenerateRhoCorePacket    0x800'86c9    0x18  Code  Gb  rho_core.o [1]
GetKumaraswamyVector     0x800'8389    0xae  Code  Lc  rho_core.o [1]
GetStateFromListSystem   0x800'8343    0x1c  Code  Gb  system.o [1]
GetStateSystem           0x800'82bf     0x4  Code  Gb  system.o [1]
HAL_DMA_Abort            0x800'4127    0x46  Code  Gb  stm32l4xx_hal_dma.o [1]
HAL_DMA_Abort_IT         0x800'416d    0x4a  Code  Gb  stm32l4xx_hal_dma.o [1]
HAL_DMA_IRQHandler       0x800'41b7    0xc0  Code  Gb  stm32l4xx_hal_dma.o [1]
HAL_DMA_Init             0x800'3fb1    0xbe  Code  Gb  stm32l4xx_hal_dma.o [1]
HAL_DMA_Start_IT         0x800'4097    0x90  Code  Gb  stm32l4xx_hal_dma.o [1]
HAL_Delay                0x800'5665    0x28  Code  Wk  stm32l4xx_hal.o [1]
HAL_GPIO_EXTI_Callback   0x800'3155    0x66  Code  Gb  stm32_interface.o [1]
HAL_GPIO_EXTI_IRQHandler
                         0x800'562f    0x10  Code  Gb  stm32l4xx_hal_gpio.o [1]
HAL_GPIO_Init            0x800'549d   0x188  Code  Gb  stm32l4xx_hal_gpio.o [1]
HAL_GPIO_WritePin        0x800'5625     0xa  Code  Gb  stm32l4xx_hal_gpio.o [1]
HAL_GetTick              0x800'5659     0xc  Code  Wk  stm32l4xx_hal.o [1]
HAL_I2CEx_ConfigAnalogFilter
                         0x800'7531    0x3a  Code  Gb  stm32l4xx_hal_i2c_ex.o [1]
HAL_I2CEx_ConfigDigitalFilter
                         0x800'756b    0x34  Code  Gb  stm32l4xx_hal_i2c_ex.o [1]
HAL_I2CEx_EnableFastModePlus
                         0x800'75bd    0x1e  Code  Gb  stm32l4xx_hal_i2c_ex.o [1]
HAL_I2C_Init             0x800'50d1    0xaa  Code  Gb  stm32l4xx_hal_i2c.o [1]
HAL_I2C_Master_Transmit
                         0x800'517b   0x138  Code  Gb  stm32l4xx_hal_i2c.o [1]
HAL_I2C_MspInit          0x800'736b    0x62  Code  Gb  stm32l4xx_hal_msp.o [1]
HAL_IncTick              0x800'8bd5    0x10  Code  Wk  stm32l4xx_hal.o [1]
HAL_Init                 0x800'7511    0x1e  Code  Gb  stm32l4xx_hal.o [1]
HAL_InitTick             0x800'7ed5    0x44  Code  Wk  stm32l4xx_hal.o [1]
HAL_MspInit              0x800'732d    0x3e  Code  Gb  stm32l4xx_hal_msp.o [1]
HAL_NVIC_DisableIRQ      0x800'42fb    0x1e  Code  Gb  stm32l4xx_hal_cortex.o [1]
HAL_NVIC_EnableIRQ       0x800'42e5    0x16  Code  Gb  stm32l4xx_hal_cortex.o [1]
HAL_NVIC_SetPriority     0x800'4293    0x52  Code  Gb  stm32l4xx_hal_cortex.o [1]
HAL_NVIC_SetPriorityGrouping
                         0x800'4279    0x1a  Code  Gb  stm32l4xx_hal_cortex.o [1]
HAL_PCDEx_ActivateLPM    0x800'81d9    0x2a  Code  Gb  stm32l4xx_hal_pcd_ex.o [1]
HAL_PCD_Init             0x800'7641    0xce  Code  Gb  stm32l4xx_hal_pcd.o [1]
HAL_PCD_MspInit          0x800'74cb    0x22  Code  Gb  stm32l4xx_hal_msp.o [1]
HAL_PWREx_ControlVoltageScaling
                         0x800'7c21    0x6e  Code  Gb  stm32l4xx_hal_pwr_ex.o [1]
HAL_PWREx_GetVoltageRange
                         0x800'7c15     0xc  Code  Gb  stm32l4xx_hal_pwr_ex.o [1]
HAL_RCCEx_PeriphCLKConfig
                         0x800'78b5   0x23c  Code  Gb  stm32l4xx_hal_rcc_ex.o [1]
HAL_RCC_ClockConfig      0x800'5b9d   0x110  Code  Gb  stm32l4xx_hal_rcc.o [1]
HAL_RCC_GetPCLK1Freq     0x800'5d85    0x10  Code  Gb  stm32l4xx_hal_rcc.o [1]
HAL_RCC_GetPCLK2Freq     0x800'5d95     0xe  Code  Gb  stm32l4xx_hal_rcc.o [1]
HAL_RCC_GetSysClockFreq
                         0x800'5cf5    0x90  Code  Gb  stm32l4xx_hal_rcc.o [1]
HAL_RCC_MCOConfig        0x800'5cad    0x48  Code  Gb  stm32l4xx_hal_rcc.o [1]
HAL_RCC_OscConfig        0x800'568d   0x510  Code  Gb  stm32l4xx_hal_rcc.o [1]
HAL_SYSTICK_Config       0x800'4319    0x22  Code  Gb  stm32l4xx_hal_cortex.o [1]
HAL_TIMEx_MasterConfigSynchronization
                         0x800'75ed    0x4e  Code  Gb  stm32l4xx_hal_tim_ex.o [1]
HAL_TIM_Base_Init        0x800'435d    0x1e  Code  Gb  stm32l4xx_hal_tim.o [1]
HAL_TIM_Base_MspInit     0x800'73cd    0x92  Code  Gb  stm32l4xx_hal_msp.o [1]
HAL_TIM_IC_ConfigChannel
                         0x800'43af   0x11a  Code  Gb  stm32l4xx_hal_tim.o [1]
HAL_TIM_IC_Init          0x800'438f    0x20  Code  Gb  stm32l4xx_hal_tim.o [1]
HAL_TIM_SlaveConfigSynchro
                         0x800'44c9    0x2e  Code  Gb  stm32l4xx_hal_tim.o [1]
HAL_UARTEx_WakeupCallback
                         0x800'7c9f     0x2  Code  Wk  stm32l4xx_hal_uart_ex.o [1]
HAL_UART_IRQHandler      0x800'4b97   0x14a  Code  Gb  stm32l4xx_hal_uart.o [1]
HAL_UART_Init            0x800'4a39    0x52  Code  Gb  stm32l4xx_hal_uart.o [1]
HAL_UART_MspInit         0x800'745f    0x6c  Code  Gb  stm32l4xx_hal_msp.o [1]
HAL_UART_Transmit        0x800'4aa1    0xea  Code  Gb  stm32l4xx_hal_uart.o [1]
HEAP$$Base              0x2000'fc38           --   Gb  - Linker created -
HEAP$$Limit             0x2000'fe38           --   Gb  - Linker created -
HardFault_Handler        0x800'8ba3     0x2  Code  Gb  stm32l4xx_it.o [1]
I2C_Flush_TXDR           0x800'52f1    0x1c  Code  Lc  stm32l4xx_hal_i2c.o [1]
I2C_IsAcknowledgeFailed
                         0x800'53ff    0x70  Code  Lc  stm32l4xx_hal_i2c.o [1]
I2C_TransferConfig       0x800'546f    0x24  Code  Lc  stm32l4xx_hal_i2c.o [1]
I2C_WaitOnFlagUntilTimeout
                         0x800'530d    0x52  Code  Lc  stm32l4xx_hal_i2c.o [1]
I2C_WaitOnSTOPFlagUntilTimeout
                         0x800'53b7    0x48  Code  Lc  stm32l4xx_hal_i2c.o [1]
I2C_WaitOnTXISFlagUntilTimeout
                         0x800'5369    0x4e  Code  Lc  stm32l4xx_hal_i2c.o [1]
InitPlatform             0x800'5e99    0x16  Code  Gb  platform.o [1]
InitSystem               0x800'82b9     0x6  Code  Gb  system.o [1]
InitializeDataRhoUtility
                         0x800'031d    0x9a  Code  Gb  rho_utility.o [1]
InitializeDensityMapRhoUtility
                         0x800'0521    0x5a  Code  Gb  rho_utility.o [1]
InitializeFSMMap         0x800'20d1    0x86  Code  Gb  fsm.o [1]
InitializeFSMSystem      0x800'2215    0x54  Code  Gb  fsm.o [1]
InitializeFiltersRhoUtility
                         0x800'03b9    0x48  Code  Gb  rho_utility.o [1]
InitializeKumaraswamy    0x800'0191     0x6  Code  Lc  rho_utility.o [1]
InitializePlatform       0x800'7711    0x12  Code  Lc  master.o [1]
InitializePredictionRhoUtility
                         0x800'0441    0xc2  Code  Gb  rho_utility.o [1]
InitializeRhoCore        0x800'8437    0x44  Code  Gb  rho_core.o [1]
InitializeRhoKalman      0x800'2b01    0x8e  Code  Gb  rho_kalman.o [1]
InitializeRhoSystem      0x800'8971    0x5e  Code  Gb  rho_client.o [1]
IsInStateSystem          0x800'832d    0x16  Code  Gb  system.o [1]
IsRhoKalmanExpired       0x800'2ecd    0x2a  Code  Gb  rho_kalman.o [1]
LoadInt                  0x800'60ff    0x7a  Code  Lc  xprintffull.o [2]
MSIRangeTable            0x800'8b04    0x30  Data  Gb  system_stm32l4xx.o [1]
MX_GPIO_Init             0x800'4935    0xdc  Code  Lc  main.o [1]
Master                  0x2000'f818     0xc  Data  Gb  stm32_interface.o [1]
Master_Connect           0x800'77fb    0x1e  Code  Gb  master.o [1]
Master_Init              0x800'7819    0x36  Code  Gb  master.o [1]
Master_Run               0x800'784f    0x14  Code  Gb  master.o [1]
MemManage_Handler        0x800'8ba5     0x2  Code  Gb  stm32l4xx_it.o [1]
NMI_Handler              0x800'8ba1     0x2  Code  Gb  stm32l4xx_it.o [1]
NormalizeFSMState        0x800'2159    0xbc  Code  Gb  fsm.o [1]
OV9712                  0x2000'17c4     0xc  Data  Lc  master.o [1]
OV9712_Enable            0x800'8297    0x1a  Code  Lc  OV9712.o [1]
OV9712_Init              0x800'8205    0x6e  Code  Gb  OV9712.o [1]
OV9712_Write             0x800'8279    0x1e  Code  Lc  OV9712.o [1]
OV9712_regs             0x2000'1820     0xc  Data  Lc  OV9712.o [1]
PendSV_Handler           0x800'8baf     0x2  Code  Gb  stm32l4xx_it.o [1]
PerformDetectRhoUtility
                         0x800'0657    0xb8  Code  Gb  rho_utility.o [1]
PerformHostCommand       0x800'5ec5    0x42  Code  Gb  platform.o [1]
PerformRhoCore           0x800'847b    0x46  Code  Gb  rho_core.o [1]
PerformRhoSystemProcess
                         0x800'8701    0x12  Code  Gb  rho_client.o [1]
PerformStateSystem       0x800'8309    0x14  Code  Gb  system.o [1]
Platform                0x2000'f800    0x18  Data  Gb  platform.o [1]
PlatformFunctions       0x2000'1658    0x5c  Data  Lc  master.o [1]
PredictPeakFilterRhoUtility
                         0x800'0711    0xb2  Code  Gb  rho_utility.o [1]
PredictRhoKalman         0x800'2be1   0x140  Code  Gb  rho_kalman.o [1]
PredictTrackingFiltersRhoUtility
                         0x800'0c45   0x318  Code  Gb  rho_utility.o [1]
PredictTrackingProbabilitiesRhoUtility
                         0x800'10a1   0x146  Code  Gb  rho_utility.o [1]
PrepareDetectionRhoUtility
                         0x800'083d    0x30  Code  Gb  rho_utility.o [1]
PrintBuffer              0x800'3375    0x70  Code  Gb  printers.o [1]
PrintDensityMaps         0x800'333d    0x38  Code  Gb  printers.o [1]
PrintFSMMap              0x800'259d   0x13a  Code  Gb  fsm.o [1]
PrintPacketRhoUtility    0x800'0319     0x2  Code  Gb  rho_utility.o [1]
ProcessFrameSection      0x800'88ad    0x88  Code  Gb  rho_client.o [1]
ProcessFrameSectionControl
                         0x800'884f    0x5c  Code  Gb  rho_client.o [1]
ProcessRhoSystemFrameCapture
                         0x800'8713    0x30  Code  Gb  rho_client.o [1]
PunishRhoKalman          0x800'2f0d    0x86  Code  Gb  rho_kalman.o [1]
RCCEx_PLLSAI1_Config     0x800'7af1   0x108  Code  Lc  stm32l4xx_hal_rcc_ex.o [1]
RCC_SetFlashLatencyFromMSIRange
                         0x800'5dad    0x74  Code  Lc  stm32l4xx_hal_rcc.o [1]
ReceiveFromHost          0x800'5f13     0xa  Code  Gb  platform.o [1]
RedistributeDensitiesRhoUtility
                         0x800'1635   0x182  Code  Gb  rho_utility.o [1]
RedistributeDensitiesRhoUtility::rlookup
                         0x800'1924    0xd0  Data  Lc  rho_utility.o [1]
Region$$Table$$Base      0x800'8c30           --   Gb  - Linker created -
Region$$Table$$Limit     0x800'8c50           --   Gb  - Linker created -
ResetForDetectRhoUtility
                         0x800'05c9    0x8e  Code  Gb  rho_utility.o [1]
ResetForPredictionRhoUtility
                         0x800'11e7    0x44  Code  Gb  rho_utility.o [1]
ResetRhoKalman           0x800'2b91    0x50  Code  Gb  rho_kalman.o [1]
RhoCore                  0x800'8c50    0x20  Data  Gb  rho_core.o [1]
RhoPIDInitialize         0x800'28e9    0x9e  Code  Gb  rho_pid.o [1]
RhoPIDUpdate             0x800'2989   0x14c  Code  Gb  rho_pid.o [1]
RhoSystem               0x2000'0130  0x1528  Data  Gb  rho_client.o [1]
STM_GetDMAFillAddress    0x800'325d    0x18  Code  Gb  stm32_interface.o [1]
STM_I2CMasterTx          0x800'3283     0xc  Code  Gb  stm32_interface.o [1]
STM_InitDMA              0x800'3223    0x3a  Code  Gb  stm32_interface.o [1]
STM_InterruptDisable     0x800'31d1    0x16  Code  Gb  stm32_interface.o [1]
STM_InterruptEnable      0x800'31bb    0x16  Code  Gb  stm32_interface.o [1]
STM_PauseDMA             0x800'31e7    0x12  Code  Gb  stm32_interface.o [1]
STM_ReadPort             0x800'32ad     0x6  Code  Gb  stm32_interface.o [1]
STM_Reset                0x800'32c3    0x1a  Code  Gb  stm32_interface.o [1]
STM_ResetDMA             0x800'3213    0x10  Code  Gb  stm32_interface.o [1]
STM_ResumeDMA            0x800'31f9    0x10  Code  Gb  stm32_interface.o [1]
STM_SetPortMode          0x800'328f    0x1e  Code  Gb  stm32_interface.o [1]
STM_SysClockFreq         0x800'32bf     0x4  Code  Gb  stm32_interface.o [1]
STM_Timestamp            0x800'32b7     0x4  Code  Gb  stm32_interface.o [1]
STM_UartRxDMA            0x800'327f     0x4  Code  Gb  stm32_interface.o [1]
STM_UartTxDMA            0x800'3275     0xa  Code  Gb  stm32_interface.o [1]
STM_Wait                 0x800'32bb     0x4  Code  Gb  stm32_interface.o [1]
STM_WritePin             0x800'32b3     0x4  Code  Gb  stm32_interface.o [1]
SVC_Handler              0x800'8bab     0x2  Code  Gb  stm32l4xx_it.o [1]
ScoreRegionsRhoUtility   0x800'09fd    0xb4  Code  Gb  rho_utility.o [1]
ScoreRhoKalman           0x800'2ef9    0x14  Code  Gb  rho_kalman.o [1]
SetPortMode              0x800'5eb9     0xa  Code  Gb  platform.o [1]
SetStateSystem           0x800'82c5    0x38  Code  Gb  system.o [1]
SortRegionsRhoUtility    0x800'0ab1    0x9c  Code  Gb  rho_utility.o [1]
SortTrackingFiltersRhoUtility
                         0x800'0f75    0xa0  Code  Gb  rho_utility.o [1]
StepRhoKalman            0x800'2e99    0x34  Code  Gb  rho_kalman.o [1]
SysTick_Handler          0x800'8bb1     0x4  Code  Gb  stm32l4xx_it.o [1]
System                  0x2000'17d0     0x8  Data  Lc  master.o [1]
SystemClock_Config       0x800'4891    0xa4  Code  Gb  main.o [1]
SystemCoreClock         0x2000'195c     0x4  Data  Gb  system_stm32l4xx.o [1]
SystemError              0x800'7781    0x7a  Code  Lc  master.o [1]
SystemInit               0x800'8aa9    0x3c  Code  Gb  system_stm32l4xx.o [1]
TIM_Base_SetConfig       0x800'4519    0x66  Code  Gb  stm32l4xx_hal_tim.o [1]
TIM_CCxChannelCmd        0x800'46c7    0x20  Code  Gb  stm32l4xx_hal_tim.o [1]
TIM_SlaveTimer_SetConfig
                         0x800'457f    0xb6  Code  Lc  stm32l4xx_hal_tim.o [1]
TIM_TI1_SetConfig        0x800'4635    0x48  Code  Gb  stm32l4xx_hal_tim.o [1]
TIM_TI2_SetConfig        0x800'4691    0x36  Code  Lc  stm32l4xx_hal_tim.o [1]
TransmitRhoSystemPacket
                         0x800'896f     0x2  Code  Gb  rho_client.o [1]
TransmitToHost           0x800'5f07     0xc  Code  Gb  platform.o [1]
UART_AdvFeatureConfig    0x800'4f5d    0xc6  Code  Gb  stm32l4xx_hal_uart.o [1]
UART_CheckIdleState      0x800'5023    0x7c  Code  Gb  stm32l4xx_hal_uart.o [1]
UART_DMAAbortOnError     0x800'50c1    0x10  Code  Lc  stm32l4xx_hal_uart.o [1]
UART_EndRxTransfer       0x800'509f    0x1e  Code  Lc  stm32l4xx_hal_uart.o [1]
UART_SetConfig           0x800'4ce1   0x258  Code  Gb  stm32l4xx_hal_uart.o [1]
USART1_IRQHandler        0x800'8bc7     0x6  Code  Gb  stm32l4xx_it.o [1]
USB_CoreInit             0x800'8189     0x4  Code  Gb  stm32l4xx_ll_usb.o [1]
USB_DevDisconnect        0x800'81bf     0x8  Code  Gb  stm32l4xx_ll_usb.o [1]
USB_DevInit              0x800'819b    0x1e  Code  Gb  stm32l4xx_ll_usb.o [1]
USB_DisableGlobalInt     0x800'818d     0xa  Code  Gb  stm32l4xx_ll_usb.o [1]
USB_SetCurrentMode       0x800'8197     0x4  Code  Gb  stm32l4xx_ll_usb.o [1]
UpdateCorePredictionDataRhoUtility
                         0x800'131d    0x5e  Code  Gb  rho_utility.o [1]
UpdateFSMProbabilities   0x800'232d   0x176  Code  Gb  fsm.o [1]
UpdateFSMState           0x800'24b5    0xd0  Code  Gb  fsm.o [1]
UpdateFSMSystem          0x800'2279    0xa4  Code  Gb  fsm.o [1]
UpdateRhoCorePrediction
                         0x800'85a7    0x24  Code  Gb  rho_core.o [1]
UpdateRhoCorePredictions
                         0x800'85cd    0x7a  Code  Gb  rho_core.o [1]
UpdateRhoCoreThreshold   0x800'8649    0x52  Code  Gb  rho_core.o [1]
UpdateRhoKalman          0x800'2d27   0x16a  Code  Gb  rho_kalman.o [1]
UsageFault_Handler       0x800'8ba9     0x2  Code  Gb  stm32l4xx_it.o [1]
WritePin                 0x800'5eaf     0xa  Code  Gb  platform.o [1]
ZeroRhoSystemMemory      0x800'89eb    0x32  Code  Gb  rho_client.o [1]
_                       0x2000'0000    0x18  Data  Gb  fsm.o [1]
_Encoding_8859_1_Mbrlen
                         0x800'1df1     0x2  Code  Gb  xencoding_8859_1.o [2]
_Encoding_8859_1_Wctomb
                         0x800'1ddf    0x12  Code  Gb  xencoding_8859_1.o [2]
_GenldFull               0x800'6b91   0x274  Code  Lc  xprintffull.o [2]
_LdtobFull               0x800'6765   0x400  Code  Lc  xprintffull.o [2]
_LitobFull               0x800'660d   0x112  Code  Lc  xprintffull.o [2]
_Locale_lconv           0x2000'1960    0x38  Data  Lc  xlocale_c.o [2]
_PrintfFull              0x800'5f3d   0x1aa  Code  Gb  xprintffull.o [2]
_PutcharsFull            0x800'6e05    0x2e  Code  Lc  xprintffull.o [2]
_PutfldFull              0x800'6179   0x2d8  Code  Lc  xprintffull.o [2]
_PutstrFull              0x800'6547    0xc6  Code  Lc  xprintffull.o [2]
_PuttxtFull              0x800'6451    0xf6  Code  Lc  xprintffull.o [2]
_SProut                  0x800'2043     0xa  Code  Gb  xsprout.o [2]
__aeabi_cdcmpeq          0x800'30bd          Code  Gb  DblCmpEq.o [3]
__aeabi_cdcmple          0x800'30dd          Code  Gb  DblCmpLe.o [3]
__aeabi_cdrcmple         0x800'310d          Code  Gb  DblCmpGe.o [3]
__aeabi_d2iz             0x800'204d          Code  Gb  DblToS32.o [3]
__aeabi_d2uiz            0x800'2089          Code  Gb  DblToU32.o [3]
__aeabi_dadd             0x800'19f5          Code  Gb  DblAdd.o [3]
__aeabi_ddiv             0x800'1dfd          Code  Gb  DblDiv.o [3]
__aeabi_dmul             0x800'1be9          Code  Gb  DblMul.o [3]
__aeabi_dsub             0x800'2fb5          Code  Gb  DblSub.o [3]
__aeabi_i2d              0x800'3099          Code  Gb  S32ToDbl.o [3]
__aeabi_ldiv0            0x800'836d          Code  Gb  I64DivZer.o [4]
__aeabi_memclr           0x800'2fad          Code  Gb  ABImemclr.o [4]
__aeabi_memclr4          0x800'20b1          Code  Gb  ABImemclr4.o [4]
__aeabi_memcpy           0x800'2841          Code  Gb  ABImemcpy.o [4]
__aeabi_memcpy4          0x800'2861          Code  Gb  ABImemcpy.o [4]
__aeabi_memcpy8          0x800'2861          Code  Gb  ABImemcpy.o [4]
__aeabi_ui2d             0x800'1dc5          Code  Gb  U32ToDbl.o [3]
__aeabi_uldivmod         0x800'7ca5          Code  Gb  I64DivMod.o [4]
__cmain                  0x800'8c71          Code  Gb  cmain.o [4]
__data_GetMemChunk       0x800'8a7d    0x2c  Code  Gb  xgetmemchunk.o [2]
__data_GetMemChunk::start
                        0x2000'f834     0x4  Data  Lc  xgetmemchunk.o [2]
__exit                   0x800'8375    0x14  Code  Gb  exit.o [5]
__iar_Exp64              0x800'6f29   0x3a4  Code  Gb  iar_Exp64.o [3]
__iar_Fail_s             0x800'7fa9    0x1c  Code  Gb  xfail_s.o [2]
__iar_Mbcurmax           0x800'8041     0xa  Code  Gb  xmbcurmax.o [2]
__iar_Memchr             0x800'7fe9          Code  Gb  memchr.o [4]
__iar_Memset4_word       0x800'32f5          Code  Gb  ABImemset48.o [4]
__iar_Memset8_word       0x800'32f5          Code  Gb  ABImemset48.o [4]
__iar_Memset_word        0x800'3429          Code  Gb  ABImemset.o [4]
__iar_Pow64              0x800'3489   0x658  Code  Lc  pow64.o [3]
__iar_Strchr             0x800'7f91          Code  Gb  strchr.o [4]
__iar_dadd               0x800'2fc5          Code  Gb  DblSub.o [3]
__iar_data_init3         0x800'8be5    0x28  Code  Gb  data_init.o [4]
__iar_dsub               0x800'1a05          Code  Gb  DblAdd.o [3]
__iar_dsubStart          0x800'1a17          Code  Gb  DblAdd.o [3]
__iar_frexp              0x800'6ec5          Code  Gb  frexp.o [3]
__iar_frexpl             0x800'6ec5          Code  Gb  frexp.o [3]
__iar_globLocale        0x2000'1998    0x48  Data  Lc  xlocale_c.o [2]
__iar_global_Locale      0x800'7f19     0x4  Code  Gb  xlocale_c.o [2]
__iar_init_vfp           0x800'8c0d          Code  Gb  fpinit_M.o [3]
__iar_ldexp64            0x800'804d          Code  Gb  ldexp.o [3]
__iar_lz77_init_single3
                         0x800'1b6f    0x7a  Code  Gb  lz77_init_single.o [4]
__iar_pow64              0x800'3b79    0x14  Code  Gb  pow64.o [3]
__iar_pow_medium         0x800'3b79    0x14  Code  Gb  pow64.o [3]
__iar_pow_medium64       0x800'3b79    0x14  Code  Gb  pow64.o [3]
__iar_pow_mediuml        0x800'3b79    0x14  Code  Gb  pow64.o [3]
__iar_program_start      0x800'8cc9          Code  Gb  cstartup_M.o [4]
__iar_scalbln64          0x800'804d          Code  Gb  ldexp.o [3]
__iar_scalbn64           0x800'804d          Code  Gb  ldexp.o [3]
__iar_softfp___iar_frexp64
                         0x800'6eb9          Code  Gb  frexp.o [3]
__iar_softfp_frexp       0x800'6eb9          Code  Gb  frexp.o [3]
__iar_softfp_frexpl      0x800'6eb9          Code  Gb  frexp.o [3]
__iar_vfp_pow            0x800'3143    0x10  Code  Gb  math_wrappers64.o [3]
__iar_zero_init3         0x800'1d8b    0x3a  Code  Gb  zero_init3.o [4]
__low_level_init         0x800'8c8f     0x4  Code  Gb  low_level_init.o [2]
__no_free_malloc         0x800'8a35    0x44  Code  Gb  no_free_heap0.o [2]
__vector_table           0x800'0000          Data  Gb  startup_stm32l432xx.o [1]
_call_main               0x800'8c7d          Code  Gb  cmain.o [4]
_capture_buffer_internal
                        0x2000'f29c   0x284  Data  Lc  rho_client.o [1]
_dma_destination        0x2000'f824     0x4  Data  Lc  stm32_interface.o [1]
_dma_size               0x2000'f828     0x4  Data  Lc  stm32_interface.o [1]
_exit                    0x800'8c99          Code  Gb  cexit.o [4]
_gLocale_mblen           0x800'7f7d     0x4  Code  Gb  xlocale_c.o [2]
_gLocale_mblenInt        0x800'7f41    0x2c  Code  Gb  xlocale_c.o [2]
_gLocale_wctomb          0x800'7f81     0x4  Code  Gb  xlocale_c.o [2]
_gLocale_wctombInt       0x800'7f79     0x4  Code  Gb  xlocale_c.o [2]
_main                    0x800'8c8b          Code  Gb  cmain.o [4]
_thresh_buffer_internal
                        0x2000'19e0  0xc994  Data  Lc  rho_client.o [1]
abort                    0x800'836f     0x6  Code  Gb  abort.o [2]
exit                     0x800'8c93     0x4  Code  Gb  exit.o [2]
global_states_list      0x2000'17d8    0x48  Data  Lc  master.o [1]
hdma_tim2_ch2_ch4       0x2000'f7b8    0x48  Data  Gb  main.o [1]
hi2c1                   0x2000'ea94    0x4c  Data  Gb  main.o [1]
hpcd_USB_FS             0x2000'eae0   0x274  Data  Gb  main.o [1]
htim2                   0x2000'ed54    0x40  Data  Gb  main.o [1]
huart1                  0x2000'ea14    0x80  Data  Gb  main.o [1]
ldexp                    0x800'804d          Code  Gb  ldexp.o [3]
ldexpl                   0x800'804d          Code  Gb  ldexp.o [3]
lnbias                   0x800'3b90   0x420  Data  Lc  pow64.o [3]
localeconv               0x800'7f85     0x4  Code  Gb  xlocale_c.o [2]
main                     0x800'46e9   0x1a8  Code  Gb  main.o [1]
memchr                   0x800'7fe9          Code  Gb  memchr.o [4]
pow                      0x800'3b79    0x14  Code  Gb  pow64.o [3]
powl                     0x800'3b79    0x14  Code  Gb  pow64.o [3]
print                    0x800'3329    0x14  Code  Gb  printers.o [1]
qs                      0x2000'f830     0x4  Data  Lc  no_free_heap0.o [2]
reset_loop_variables     0x800'20b9    0x16  Code  Lc  fsm.o [1]
scalbln                  0x800'804d          Code  Gb  ldexp.o [3]
scalblnl                 0x800'804d          Code  Gb  ldexp.o [3]
scalbn                   0x800'804d          Code  Gb  ldexp.o [3]
scalbnl                  0x800'804d          Code  Gb  ldexp.o [3]
scale                    0x800'671f    0x46  Code  Lc  xprintffull.o [2]
sec_hand                0x2000'f82c     0x4  Data  Lc  xfail_s.o [2]
sprintf                  0x800'33e9    0x40  Code  Gb  sprintf.o [2]
stateString::strings    0x2000'0018    0x14  Data  Lc  fsm.o [1]
str_buf                 0x2000'002c   0x100  Data  Lc  fsm.o [1]
str_buf                 0x2000'16b4   0x100  Data  Lc  master.o [1]
str_buf                 0x2000'f520   0x100  Data  Lc  printers.o [1]
str_buf                 0x2000'185c   0x100  Data  Lc  system.o [1]
strchr                   0x800'7f91          Code  Gb  strchr.o [4]
strlen                   0x800'5e61          Code  Gb  strlen.o [4]
system_state_enum_strings
                        0x2000'1838    0x24  Data  Lc  system.o [1]
uwTick                  0x2000'182c     0x4  Data  Gb  stm32l4xx_hal.o [1]
uwTickFreq              0x2000'1834     0x4  Data  Gb  stm32l4xx_hal.o [1]
uwTickPrio              0x2000'1830     0x4  Data  Gb  stm32l4xx_hal.o [1]


[1] = C:\Users\Matthew Fonken\Desktop\marbl\Techincal\combine\general\rho\rho_mod_v5\EWARM\rho_mod_v5\Obj
[2] = dl7M_tlf.a
[3] = m7M_tls.a
[4] = rt7M_tl.a
[5] = shb_l.a

  36 076 bytes of readonly  code memory
     595 bytes of readonly  data memory
  65 080 bytes of readwrite data memory

Errors: none
Warnings: none
