###############################################################################
#
# IAR ELF Linker V8.30.1.114/W32 for ARM                  20/Jul/2019  21:11:10
# Copyright 2007-2018 IAR Systems AB.
#
#    Output file  =  
#        C:\Users\Matthew
#        Fonken\Desktop\marbl\Techincal\combine\general\rho\rho_mod_v5\EWARM\rho_mod_v5\Exe\rho_mod_v5.out
#    Map file     =  
#        C:\Users\Matthew
#        Fonken\Desktop\marbl\Techincal\combine\general\rho\rho_mod_v5\EWARM\rho_mod_v5\List\rho_mod_v5.map
#    Command line =  
#        -f C:\Users\MATTHE~1\AppData\Local\Temp\EW86F0.tmp ("C:\Users\Matthew
#        Fonken\Desktop\marbl\Techincal\combine\general\rho\rho_mod_v5\EWARM\rho_mod_v5\Obj\fsm.o"
#        "C:\Users\Matthew
#        Fonken\Desktop\marbl\Techincal\combine\general\rho\rho_mod_v5\EWARM\rho_mod_v5\Obj\main.o"
#        "C:\Users\Matthew
#        Fonken\Desktop\marbl\Techincal\combine\general\rho\rho_mod_v5\EWARM\rho_mod_v5\Obj\master.o"
#        "C:\Users\Matthew
#        Fonken\Desktop\marbl\Techincal\combine\general\rho\rho_mod_v5\EWARM\rho_mod_v5\Obj\OV9712.o"
#        "C:\Users\Matthew
#        Fonken\Desktop\marbl\Techincal\combine\general\rho\rho_mod_v5\EWARM\rho_mod_v5\Obj\platform.o"
#        "C:\Users\Matthew
#        Fonken\Desktop\marbl\Techincal\combine\general\rho\rho_mod_v5\EWARM\rho_mod_v5\Obj\printers.o"
#        "C:\Users\Matthew
#        Fonken\Desktop\marbl\Techincal\combine\general\rho\rho_mod_v5\EWARM\rho_mod_v5\Obj\rho_client.o"
#        "C:\Users\Matthew
#        Fonken\Desktop\marbl\Techincal\combine\general\rho\rho_mod_v5\EWARM\rho_mod_v5\Obj\rho_core.o"
#        "C:\Users\Matthew
#        Fonken\Desktop\marbl\Techincal\combine\general\rho\rho_mod_v5\EWARM\rho_mod_v5\Obj\rho_kalman.o"
#        "C:\Users\Matthew
#        Fonken\Desktop\marbl\Techincal\combine\general\rho\rho_mod_v5\EWARM\rho_mod_v5\Obj\rho_pid.o"
#        "C:\Users\Matthew
#        Fonken\Desktop\marbl\Techincal\combine\general\rho\rho_mod_v5\EWARM\rho_mod_v5\Obj\rho_utility.o"
#        "C:\Users\Matthew
#        Fonken\Desktop\marbl\Techincal\combine\general\rho\rho_mod_v5\EWARM\rho_mod_v5\Obj\startup_stm32l432xx.o"
#        "C:\Users\Matthew
#        Fonken\Desktop\marbl\Techincal\combine\general\rho\rho_mod_v5\EWARM\rho_mod_v5\Obj\stm32_interface.o"
#        "C:\Users\Matthew
#        Fonken\Desktop\marbl\Techincal\combine\general\rho\rho_mod_v5\EWARM\rho_mod_v5\Obj\stm32l4xx_hal.o"
#        "C:\Users\Matthew
#        Fonken\Desktop\marbl\Techincal\combine\general\rho\rho_mod_v5\EWARM\rho_mod_v5\Obj\stm32l4xx_hal_cortex.o"
#        "C:\Users\Matthew
#        Fonken\Desktop\marbl\Techincal\combine\general\rho\rho_mod_v5\EWARM\rho_mod_v5\Obj\stm32l4xx_hal_dma.o"
#        "C:\Users\Matthew
#        Fonken\Desktop\marbl\Techincal\combine\general\rho\rho_mod_v5\EWARM\rho_mod_v5\Obj\stm32l4xx_hal_dma_ex.o"
#        "C:\Users\Matthew
#        Fonken\Desktop\marbl\Techincal\combine\general\rho\rho_mod_v5\EWARM\rho_mod_v5\Obj\stm32l4xx_hal_exti.o"
#        "C:\Users\Matthew
#        Fonken\Desktop\marbl\Techincal\combine\general\rho\rho_mod_v5\EWARM\rho_mod_v5\Obj\stm32l4xx_hal_flash.o"
#        "C:\Users\Matthew
#        Fonken\Desktop\marbl\Techincal\combine\general\rho\rho_mod_v5\EWARM\rho_mod_v5\Obj\stm32l4xx_hal_flash_ex.o"
#        "C:\Users\Matthew
#        Fonken\Desktop\marbl\Techincal\combine\general\rho\rho_mod_v5\EWARM\rho_mod_v5\Obj\stm32l4xx_hal_flash_ramfunc.o"
#        "C:\Users\Matthew
#        Fonken\Desktop\marbl\Techincal\combine\general\rho\rho_mod_v5\EWARM\rho_mod_v5\Obj\stm32l4xx_hal_gpio.o"
#        "C:\Users\Matthew
#        Fonken\Desktop\marbl\Techincal\combine\general\rho\rho_mod_v5\EWARM\rho_mod_v5\Obj\stm32l4xx_hal_i2c.o"
#        "C:\Users\Matthew
#        Fonken\Desktop\marbl\Techincal\combine\general\rho\rho_mod_v5\EWARM\rho_mod_v5\Obj\stm32l4xx_hal_i2c_ex.o"
#        "C:\Users\Matthew
#        Fonken\Desktop\marbl\Techincal\combine\general\rho\rho_mod_v5\EWARM\rho_mod_v5\Obj\stm32l4xx_hal_msp.o"
#        "C:\Users\Matthew
#        Fonken\Desktop\marbl\Techincal\combine\general\rho\rho_mod_v5\EWARM\rho_mod_v5\Obj\stm32l4xx_hal_pwr.o"
#        "C:\Users\Matthew
#        Fonken\Desktop\marbl\Techincal\combine\general\rho\rho_mod_v5\EWARM\rho_mod_v5\Obj\stm32l4xx_hal_pwr_ex.o"
#        "C:\Users\Matthew
#        Fonken\Desktop\marbl\Techincal\combine\general\rho\rho_mod_v5\EWARM\rho_mod_v5\Obj\stm32l4xx_hal_rcc.o"
#        "C:\Users\Matthew
#        Fonken\Desktop\marbl\Techincal\combine\general\rho\rho_mod_v5\EWARM\rho_mod_v5\Obj\stm32l4xx_hal_rcc_ex.o"
#        "C:\Users\Matthew
#        Fonken\Desktop\marbl\Techincal\combine\general\rho\rho_mod_v5\EWARM\rho_mod_v5\Obj\stm32l4xx_hal_tim.o"
#        "C:\Users\Matthew
#        Fonken\Desktop\marbl\Techincal\combine\general\rho\rho_mod_v5\EWARM\rho_mod_v5\Obj\stm32l4xx_hal_tim_ex.o"
#        "C:\Users\Matthew
#        Fonken\Desktop\marbl\Techincal\combine\general\rho\rho_mod_v5\EWARM\rho_mod_v5\Obj\stm32l4xx_hal_usart.o"
#        "C:\Users\Matthew
#        Fonken\Desktop\marbl\Techincal\combine\general\rho\rho_mod_v5\EWARM\rho_mod_v5\Obj\stm32l4xx_hal_usart_ex.o"
#        "C:\Users\Matthew
#        Fonken\Desktop\marbl\Techincal\combine\general\rho\rho_mod_v5\EWARM\rho_mod_v5\Obj\stm32l4xx_it.o"
#        "C:\Users\Matthew
#        Fonken\Desktop\marbl\Techincal\combine\general\rho\rho_mod_v5\EWARM\rho_mod_v5\Obj\system.o"
#        "C:\Users\Matthew
#        Fonken\Desktop\marbl\Techincal\combine\general\rho\rho_mod_v5\EWARM\rho_mod_v5\Obj\system_stm32l4xx.o"
#        --redirect _Printf=_PrintfFull --redirect _Scanf=_ScanfFull
#        --no_out_extension -o "C:\Users\Matthew
#        Fonken\Desktop\marbl\Techincal\combine\general\rho\rho_mod_v5\EWARM\rho_mod_v5\Exe\rho_mod_v5.out"
#        --map "C:\Users\Matthew
#        Fonken\Desktop\marbl\Techincal\combine\general\rho\rho_mod_v5\EWARM\rho_mod_v5\List\rho_mod_v5.map"
#        --config "C:\Users\Matthew
#        Fonken\Desktop\marbl\Techincal\combine\general\rho\rho_mod_v5\EWARM/stm32l432xx_flash.icf"
#        --semihosting --entry __iar_program_start --vfe --text_out locale)
#
###############################################################################

*******************************************************************************
*** RUNTIME MODEL ATTRIBUTES
***

CppFlavor       = *
__Heap_Handler  = NoFree
__SystemLibrary = DLib
__dlib_version  = 6


*******************************************************************************
*** HEAP SELECTION
***

The no free heap was selected because no calls to memory
deallocation functions were found in the application.


*******************************************************************************
*** PLACEMENT SUMMARY
***

"A0":  place at 0x800'0000 { ro section .intvec };
"P1":  place in [from 0x800'0000 to 0x803'ffff] { ro };
define block CSTACK with size = 1K, alignment = 8 { };
define block HEAP with size = 512, alignment = 8 { };
"P2":  place in [from 0x2000'0000 to 0x2000'ffff] {
          rw, block CSTACK, block HEAP };
initialize by copy { rw };

  Section            Kind         Address    Size  Object
  -------            ----         -------    ----  ------
"A0":                                       0x18c
  .intvec            ro code   0x800'0000   0x18c  startup_stm32l432xx.o [1]
                             - 0x800'018c   0x18c

"P1":                                      0x21e0
  .text              ro code   0x800'018c   0x7d4  stm32l4xx_hal_rcc.o [1]
  .text              ro code   0x800'0960    0x44  stm32l4xx_hal.o [1]
  .text              ro code   0x800'09a4     0xc  stm32l4xx_hal.o [1]
  .text              ro code   0x800'09b0   0x1bc  stm32l4xx_hal_gpio.o [1]
  .text              ro code   0x800'0b6c    0x88  stm32l4xx_hal_pwr_ex.o [1]
  .text              ro code   0x800'0bf4    0xc0  stm32l4xx_hal_cortex.o [1]
  .text              ro code   0x800'0cb4    0x64  stm32_interface.o [1]
  .text              ro code   0x800'0d18   0x36a  stm32l4xx_hal_tim.o [1]
  .text              ro code   0x800'1082    0x3a  zero_init3.o [4]
  .text              ro code   0x800'10bc   0x1f4  stm32l4xx_hal_msp.o [1]
  .text              ro code   0x800'12b0     0x2  stm32l4xx_hal_tim.o [1]
  .text              ro code   0x800'12b4   0x1f2  stm32l4xx_hal_dma.o [1]
  .text              ro code   0x800'14a8   0x33a  main.o [1]
  .text              ro code   0x800'17e4    0xbc  stm32l4xx_hal_i2c_ex.o [1]
  .text              ro code   0x800'18a0    0x1e  stm32l4xx_hal.o [1]
  .text              ro code   0x800'18c0    0xaa  stm32l4xx_hal_i2c.o [1]
  .text              ro code   0x800'196c   0x33c  stm32l4xx_hal_usart.o [1]
  .text              ro code   0x800'1ca8    0x54  stm32l4xx_hal_tim_ex.o [1]
  .text              ro code   0x800'1cfc     0x6  ABImemclr4.o [4]
  .text              ro code   0x800'1d04   0x360  stm32l4xx_hal_rcc_ex.o [1]
  .text              ro code   0x800'2064     0x2  stm32l4xx_hal_usart.o [1]
  .text              ro code   0x800'2066     0x2  stm32l4xx_hal_usart.o [1]
  .text              ro code   0x800'2068     0x2  stm32l4xx_hal_usart.o [1]
  .text              ro code   0x800'206c    0x32  ABImemset48.o [4]
  .text              ro code   0x800'20a0    0x8c  system_stm32l4xx.o [1]
  .text              ro code   0x800'212c    0x38  stm32l4xx_it.o [1]
  .text              ro code   0x800'2164    0x10  stm32l4xx_hal.o [1]
  .text              ro code   0x800'2174    0x2c  copy_init3.o [4]
  .text              ro code   0x800'21a0    0x28  data_init.o [4]
  .text              ro code   0x800'21c8    0x22  fpinit_M.o [3]
  .iar.init_table    const     0x800'21ec    0x24  - Linker created -
  .text              ro code   0x800'2210    0x1e  cmain.o [4]
  .text              ro code   0x800'222e     0x4  low_level_init.o [2]
  .text              ro code   0x800'2232     0x4  exit.o [2]
  .text              ro code   0x800'2238     0xa  cexit.o [4]
  .text              ro code   0x800'2244    0x14  exit.o [5]
  .text              ro code   0x800'2258    0x10  startup_stm32l432xx.o [1]
  Initializer bytes  const     0x800'2268    0x10  <for P2-1>
  .text              ro code   0x800'2278     0xc  cstartup_M.o [4]
  .rodata            const     0x800'2284     0x8  system_stm32l4xx.o [1]
  .text              ro code   0x800'228c     0x4  startup_stm32l432xx.o [1]
  .text              ro code   0x800'2290     0x4  startup_stm32l432xx.o [1]
  .text              ro code   0x800'2294     0x4  startup_stm32l432xx.o [1]
  .text              ro code   0x800'2298     0x4  startup_stm32l432xx.o [1]
  .text              ro code   0x800'229c     0x4  startup_stm32l432xx.o [1]
  .text              ro code   0x800'22a0     0x4  startup_stm32l432xx.o [1]
  .text              ro code   0x800'22a4     0x4  startup_stm32l432xx.o [1]
  .text              ro code   0x800'22a8     0x4  startup_stm32l432xx.o [1]
  .text              ro code   0x800'22ac     0x4  startup_stm32l432xx.o [1]
  .text              ro code   0x800'22b0     0x4  startup_stm32l432xx.o [1]
  .text              ro code   0x800'22b4     0x4  startup_stm32l432xx.o [1]
  .text              ro code   0x800'22b8     0x4  startup_stm32l432xx.o [1]
  .text              ro code   0x800'22bc     0x4  startup_stm32l432xx.o [1]
  .text              ro code   0x800'22c0     0x4  startup_stm32l432xx.o [1]
  .text              ro code   0x800'22c4     0x4  startup_stm32l432xx.o [1]
  .text              ro code   0x800'22c8     0x4  startup_stm32l432xx.o [1]
  .text              ro code   0x800'22cc     0x4  startup_stm32l432xx.o [1]
  .text              ro code   0x800'22d0     0x4  startup_stm32l432xx.o [1]
  .text              ro code   0x800'22d4     0x4  startup_stm32l432xx.o [1]
  .text              ro code   0x800'22d8     0x4  startup_stm32l432xx.o [1]
  .text              ro code   0x800'22dc     0x4  startup_stm32l432xx.o [1]
  .text              ro code   0x800'22e0     0x4  startup_stm32l432xx.o [1]
  .text              ro code   0x800'22e4     0x4  startup_stm32l432xx.o [1]
  .text              ro code   0x800'22e8     0x4  startup_stm32l432xx.o [1]
  .text              ro code   0x800'22ec     0x4  startup_stm32l432xx.o [1]
  .text              ro code   0x800'22f0     0x4  startup_stm32l432xx.o [1]
  .text              ro code   0x800'22f4     0x4  startup_stm32l432xx.o [1]
  .text              ro code   0x800'22f8     0x4  startup_stm32l432xx.o [1]
  .text              ro code   0x800'22fc     0x4  startup_stm32l432xx.o [1]
  .text              ro code   0x800'2300     0x4  startup_stm32l432xx.o [1]
  .text              ro code   0x800'2304     0x4  startup_stm32l432xx.o [1]
  .text              ro code   0x800'2308     0x4  startup_stm32l432xx.o [1]
  .text              ro code   0x800'230c     0x4  startup_stm32l432xx.o [1]
  .text              ro code   0x800'2310     0x4  startup_stm32l432xx.o [1]
  .text              ro code   0x800'2314     0x4  startup_stm32l432xx.o [1]
  .text              ro code   0x800'2318     0x4  startup_stm32l432xx.o [1]
  .text              ro code   0x800'231c     0x4  startup_stm32l432xx.o [1]
  .text              ro code   0x800'2320     0x4  startup_stm32l432xx.o [1]
  .text              ro code   0x800'2324     0x4  startup_stm32l432xx.o [1]
  .text              ro code   0x800'2328     0x4  startup_stm32l432xx.o [1]
  .text              ro code   0x800'232c     0x4  startup_stm32l432xx.o [1]
  .text              ro code   0x800'2330     0x4  startup_stm32l432xx.o [1]
  .text              ro code   0x800'2334     0x4  startup_stm32l432xx.o [1]
  .text              ro code   0x800'2338     0x4  startup_stm32l432xx.o [1]
  .text              ro code   0x800'233c     0x4  startup_stm32l432xx.o [1]
  .text              ro code   0x800'2340     0x4  startup_stm32l432xx.o [1]
  .text              ro code   0x800'2344     0x4  startup_stm32l432xx.o [1]
  .text              ro code   0x800'2348     0x4  startup_stm32l432xx.o [1]
  .text              ro code   0x800'234c     0x4  startup_stm32l432xx.o [1]
  .text              ro code   0x800'2350     0x4  startup_stm32l432xx.o [1]
  .text              ro code   0x800'2354     0x4  startup_stm32l432xx.o [1]
  .text              ro code   0x800'2358     0x4  startup_stm32l432xx.o [1]
  .text              ro code   0x800'235c     0x4  startup_stm32l432xx.o [1]
  .text              ro code   0x800'2360     0x4  startup_stm32l432xx.o [1]
  .text              ro code   0x800'2364     0x4  startup_stm32l432xx.o [1]
  .text              ro code   0x800'2368     0x4  startup_stm32l432xx.o [1]
  .rodata            const     0x800'236c     0x0  zero_init3.o [4]
  .rodata            const     0x800'236c     0x0  copy_init3.o [4]
                             - 0x800'236c  0x21e0

"P2", part 1 of 3:                           0x10
  P2-1                        0x2000'0000    0x10  <Init block>
    .data            inited   0x2000'0000     0xc  stm32l4xx_hal.o [1]
    .data            inited   0x2000'000c     0x4  system_stm32l4xx.o [1]
                            - 0x2000'0010    0x10

"P2", part 2 of 3:                          0x188
  .bss               zero     0x2000'0010    0xdc  main.o [1]
  .bss               zero     0x2000'00ec    0x48  main.o [1]
  .bss               zero     0x2000'0134    0x48  main.o [1]
  .bss               zero     0x2000'017c    0x18  platform.o [1]
  .bss               zero     0x2000'0194     0x4  stm32_interface.o [1]
                            - 0x2000'0198   0x188

"P2", part 3 of 3:                          0x400
  CSTACK                      0x2000'0198   0x400  <Block>
    CSTACK           uninit   0x2000'0198   0x400  <Block tail>
                            - 0x2000'0598   0x400

Unused ranges:

         From           To      Size
         ----           --      ----
   0x800'236c   0x803'ffff  0x3'dc94
  0x2000'0598  0x2000'ffff    0xfa68


*******************************************************************************
*** INIT TABLE
***

          Address      Size
          -------      ----
Zero (__iar_zero_init3)
    1 destination range, total size 0x188:
          0x2000'0010  0x188

Copy (__iar_copy_init3)
    1 source range, total size 0x10:
           0x800'2268   0x10
    1 destination range, total size 0x10:
          0x2000'0000   0x10



*******************************************************************************
*** MODULE SUMMARY
***

    Module                  ro code  ro data  rw data
    ------                  -------  -------  -------
command line/config:
    -------------------------------------------------
    Total:

C:\Users\Matthew Fonken\Desktop\marbl\Techincal\combine\general\rho\rho_mod_v5\EWARM\rho_mod_v5\Obj: [1]
    main.o                      826               364
    platform.o                                     24
    startup_stm32l432xx.o       636
    stm32_interface.o           100                 4
    stm32l4xx_hal.o             126       12       12
    stm32l4xx_hal_cortex.o      192
    stm32l4xx_hal_dma.o         498
    stm32l4xx_hal_gpio.o        444
    stm32l4xx_hal_i2c.o         170
    stm32l4xx_hal_i2c_ex.o      188
    stm32l4xx_hal_msp.o         500
    stm32l4xx_hal_pwr_ex.o      136
    stm32l4xx_hal_rcc.o       2 004
    stm32l4xx_hal_rcc_ex.o      864
    stm32l4xx_hal_tim.o         876
    stm32l4xx_hal_tim_ex.o       84
    stm32l4xx_hal_usart.o       834
    stm32l4xx_it.o               56
    system_stm32l4xx.o          140       12        4
    -------------------------------------------------
    Total:                    8 674       24      408

dl7M_tlf.a: [2]
    exit.o                        4
    low_level_init.o              4
    -------------------------------------------------
    Total:                        8

m7M_tls.a: [3]
    fpinit_M.o                   34
    -------------------------------------------------
    Total:                       34

rt7M_tl.a: [4]
    ABImemclr4.o                  6
    ABImemset48.o                50
    cexit.o                      10
    cmain.o                      30
    copy_init3.o                 44
    cstartup_M.o                 12
    data_init.o                  40
    zero_init3.o                 58
    -------------------------------------------------
    Total:                      250

shb_l.a: [5]
    exit.o                       20
    -------------------------------------------------
    Total:                       20

    Gaps                         20        2
    Linker created                        36    1 024
-----------------------------------------------------
    Grand Total:              9 006       62    1 432


*******************************************************************************
*** ENTRY LIST
***

Entry                       Address   Size  Type      Object
-----                       -------   ----  ----      ------
.iar.init_table$$Base    0x800'21ec          --   Gb  - Linker created -
.iar.init_table$$Limit   0x800'2210          --   Gb  - Linker created -
?main                    0x800'2211         Code  Gb  cmain.o [4]
AHBPrescTable            0x800'20ec   0x10  Data  Gb  system_stm32l4xx.o [1]
APBPrescTable            0x800'2284    0x8  Data  Gb  system_stm32l4xx.o [1]
BusFault_Handler         0x800'2133    0x2  Code  Gb  stm32l4xx_it.o [1]
CSTACK$$Base            0x2000'0198          --   Gb  - Linker created -
CSTACK$$Limit           0x2000'0598          --   Gb  - Linker created -
DMA1_Channel7_IRQHandler
                         0x800'2147    0x6  Code  Gb  stm32l4xx_it.o [1]
DMA2_Channel6_IRQHandler
                         0x800'2153    0x6  Code  Gb  stm32l4xx_it.o [1]
DebugMon_Handler         0x800'2139    0x2  Code  Gb  stm32l4xx_it.o [1]
EXTI0_IRQHandler         0x800'2141    0x6  Code  Gb  stm32l4xx_it.o [1]
Error_Handler            0x800'17e1    0x2  Code  Gb  main.o [1]
HAL_DMA_Abort_IT         0x800'139b   0x4a  Code  Gb  stm32l4xx_hal_dma.o [1]
HAL_DMA_IRQHandler       0x800'13e5   0xc0  Code  Gb  stm32l4xx_hal_dma.o [1]
HAL_DMA_Init             0x800'12b5   0xbe  Code  Gb  stm32l4xx_hal_dma.o [1]
HAL_GPIO_EXTI_Callback   0x800'0cb5   0x58  Code  Gb  stm32_interface.o [1]
HAL_GPIO_EXTI_IRQHandler
                         0x800'0b43   0x10  Code  Gb  stm32l4xx_hal_gpio.o [1]
HAL_GPIO_Init            0x800'09b1  0x188  Code  Gb  stm32l4xx_hal_gpio.o [1]
HAL_GPIO_WritePin        0x800'0b39    0xa  Code  Gb  stm32l4xx_hal_gpio.o [1]
HAL_GetTick              0x800'09a5    0xc  Code  Wk  stm32l4xx_hal.o [1]
HAL_I2CEx_ConfigAnalogFilter
                         0x800'17e5   0x3a  Code  Gb  stm32l4xx_hal_i2c_ex.o [1]
HAL_I2CEx_ConfigDigitalFilter
                         0x800'181f   0x34  Code  Gb  stm32l4xx_hal_i2c_ex.o [1]
HAL_I2CEx_EnableFastModePlus
                         0x800'1871   0x1e  Code  Gb  stm32l4xx_hal_i2c_ex.o [1]
HAL_I2C_Init             0x800'18c1   0xaa  Code  Gb  stm32l4xx_hal_i2c.o [1]
HAL_I2C_MspInit          0x800'10fb   0x62  Code  Gb  stm32l4xx_hal_msp.o [1]
HAL_IncTick              0x800'2165   0x10  Code  Wk  stm32l4xx_hal.o [1]
HAL_Init                 0x800'18a1   0x1e  Code  Gb  stm32l4xx_hal.o [1]
HAL_InitTick             0x800'0961   0x44  Code  Wk  stm32l4xx_hal.o [1]
HAL_MspInit              0x800'10bd   0x3e  Code  Gb  stm32l4xx_hal_msp.o [1]
HAL_NVIC_EnableIRQ       0x800'0c61   0x16  Code  Gb  stm32l4xx_hal_cortex.o [1]
HAL_NVIC_SetPriority     0x800'0c0f   0x52  Code  Gb  stm32l4xx_hal_cortex.o [1]
HAL_NVIC_SetPriorityGrouping
                         0x800'0bf5   0x1a  Code  Gb  stm32l4xx_hal_cortex.o [1]
HAL_PWREx_ControlVoltageScaling
                         0x800'0b79   0x6e  Code  Gb  stm32l4xx_hal_pwr_ex.o [1]
HAL_PWREx_GetVoltageRange
                         0x800'0b6d    0xc  Code  Gb  stm32l4xx_hal_pwr_ex.o [1]
HAL_RCCEx_PeriphCLKConfig
                         0x800'1d05  0x23c  Code  Gb  stm32l4xx_hal_rcc_ex.o [1]
HAL_RCC_ClockConfig      0x800'069d  0x110  Code  Gb  stm32l4xx_hal_rcc.o [1]
HAL_RCC_GetPCLK1Freq     0x800'0885   0x10  Code  Gb  stm32l4xx_hal_rcc.o [1]
HAL_RCC_GetPCLK2Freq     0x800'0895    0xe  Code  Gb  stm32l4xx_hal_rcc.o [1]
HAL_RCC_GetSysClockFreq
                         0x800'07f5   0x90  Code  Gb  stm32l4xx_hal_rcc.o [1]
HAL_RCC_MCOConfig        0x800'07ad   0x48  Code  Gb  stm32l4xx_hal_rcc.o [1]
HAL_RCC_OscConfig        0x800'018d  0x510  Code  Gb  stm32l4xx_hal_rcc.o [1]
HAL_SYSTICK_Config       0x800'0c77   0x22  Code  Gb  stm32l4xx_hal_cortex.o [1]
HAL_TIMEx_MasterConfigSynchronization
                         0x800'1ca9   0x4e  Code  Gb  stm32l4xx_hal_tim_ex.o [1]
HAL_TIM_Base_Init        0x800'0d19   0x1e  Code  Gb  stm32l4xx_hal_tim.o [1]
HAL_TIM_Base_MspInit     0x800'115d   0x92  Code  Gb  stm32l4xx_hal_msp.o [1]
HAL_TIM_IC_ConfigChannel
                         0x800'0d6b  0x11a  Code  Gb  stm32l4xx_hal_tim.o [1]
HAL_TIM_IC_Init          0x800'0d4b   0x20  Code  Gb  stm32l4xx_hal_tim.o [1]
HAL_TIM_SlaveConfigSynchro
                         0x800'0e85   0x2e  Code  Gb  stm32l4xx_hal_tim.o [1]
HAL_USART_IRQHandler     0x800'1a1d  0x17a  Code  Gb  stm32l4xx_hal_usart.o [1]
HAL_USART_Init           0x800'196d   0xb0  Code  Gb  stm32l4xx_hal_usart.o [1]
HAL_USART_MspInit        0x800'11ef   0x9c  Code  Gb  stm32l4xx_hal_msp.o [1]
HardFault_Handler        0x800'212f    0x2  Code  Gb  stm32l4xx_it.o [1]
MSIRangeTable            0x800'20fc   0x30  Data  Gb  system_stm32l4xx.o [1]
MX_GPIO_Init             0x800'16b3  0x10a  Code  Lc  main.o [1]
MemManage_Handler        0x800'2131    0x2  Code  Gb  stm32l4xx_it.o [1]
NMI_Handler              0x800'212d    0x2  Code  Gb  stm32l4xx_it.o [1]
PendSV_Handler           0x800'213b    0x2  Code  Gb  stm32l4xx_it.o [1]
Platform                0x2000'017c   0x18  Data  Gb  platform.o [1]
RCCEx_PLLSAI1_Config     0x800'1f41  0x108  Code  Lc  stm32l4xx_hal_rcc_ex.o [1]
RCC_SetFlashLatencyFromMSIRange
                         0x800'08ad   0x74  Code  Lc  stm32l4xx_hal_rcc.o [1]
Region$$Table$$Base      0x800'21ec          --   Gb  - Linker created -
Region$$Table$$Limit     0x800'2210          --   Gb  - Linker created -
SVC_Handler              0x800'2137    0x2  Code  Gb  stm32l4xx_it.o [1]
SysTick_Handler          0x800'213d    0x4  Code  Gb  stm32l4xx_it.o [1]
SystemClock_Config       0x800'1617   0x9c  Code  Gb  main.o [1]
SystemCoreClock         0x2000'000c    0x4  Data  Gb  system_stm32l4xx.o [1]
SystemInit               0x800'20a1   0x3c  Code  Gb  system_stm32l4xx.o [1]
TIM_Base_SetConfig       0x800'0ed5   0x66  Code  Gb  stm32l4xx_hal_tim.o [1]
TIM_SlaveTimer_SetConfig
                         0x800'0f3b   0xb6  Code  Lc  stm32l4xx_hal_tim.o [1]
TIM_TI1_SetConfig        0x800'0ff1   0x48  Code  Gb  stm32l4xx_hal_tim.o [1]
TIM_TI2_SetConfig        0x800'104d   0x36  Code  Lc  stm32l4xx_hal_tim.o [1]
USART1_IRQHandler        0x800'214d    0x6  Code  Gb  stm32l4xx_it.o [1]
USART_DMAAbortOnError    0x800'1bb5    0xc  Code  Lc  stm32l4xx_hal_usart.o [1]
USART_EndTransfer        0x800'1b97   0x1c  Code  Lc  stm32l4xx_hal_usart.o [1]
USART_SetConfig          0x800'1bc1   0xd4  Code  Lc  stm32l4xx_hal_usart.o [1]
UsageFault_Handler       0x800'2135    0x2  Code  Gb  stm32l4xx_it.o [1]
__aeabi_memclr4          0x800'1cfd         Code  Gb  ABImemclr4.o [4]
__cmain                  0x800'2211         Code  Gb  cmain.o [4]
__exit                   0x800'2245   0x14  Code  Gb  exit.o [5]
__iar_Memset4_word       0x800'206d         Code  Gb  ABImemset48.o [4]
__iar_Memset8_word       0x800'206d         Code  Gb  ABImemset48.o [4]
__iar_copy_init3         0x800'2175   0x2c  Code  Gb  copy_init3.o [4]
__iar_data_init3         0x800'21a1   0x28  Code  Gb  data_init.o [4]
__iar_init_vfp           0x800'21c9         Code  Gb  fpinit_M.o [3]
__iar_program_start      0x800'2279         Code  Gb  cstartup_M.o [4]
__iar_zero_init3         0x800'1083   0x3a  Code  Gb  zero_init3.o [4]
__low_level_init         0x800'222f    0x4  Code  Gb  low_level_init.o [2]
__vector_table           0x800'0000         Data  Gb  startup_stm32l432xx.o [1]
_call_main               0x800'221d         Code  Gb  cmain.o [4]
_dma_destination        0x2000'0194    0x4  Data  Lc  stm32_interface.o [1]
_exit                    0x800'2239         Code  Gb  cexit.o [4]
_main                    0x800'222b         Code  Gb  cmain.o [4]
exit                     0x800'2233    0x4  Code  Gb  exit.o [2]
hdma_tim2_ch2_ch4       0x2000'00ec   0x48  Data  Gb  main.o [1]
hdma_usart1_tx          0x2000'0134   0x48  Data  Gb  main.o [1]
hi2c1                   0x2000'0010   0x4c  Data  Gb  main.o [1]
htim2                   0x2000'00ac   0x40  Data  Gb  main.o [1]
husart1                 0x2000'005c   0x50  Data  Gb  main.o [1]
main                     0x800'14a9  0x16e  Code  Gb  main.o [1]
uwTick                  0x2000'0000    0x4  Data  Gb  stm32l4xx_hal.o [1]
uwTickFreq              0x2000'0008    0x4  Data  Gb  stm32l4xx_hal.o [1]
uwTickPrio              0x2000'0004    0x4  Data  Gb  stm32l4xx_hal.o [1]


[1] = C:\Users\Matthew Fonken\Desktop\marbl\Techincal\combine\general\rho\rho_mod_v5\EWARM\rho_mod_v5\Obj
[2] = dl7M_tlf.a
[3] = m7M_tls.a
[4] = rt7M_tl.a
[5] = shb_l.a

  9 006 bytes of readonly  code memory
     62 bytes of readonly  data memory
  1 432 bytes of readwrite data memory

Errors: none
Warnings: none
