###############################################################################
#
# IAR ELF Linker V8.30.1.114/W32 for ARM                  16/Jul/2019  16:53:24
# Copyright 2007-2018 IAR Systems AB.
#
#    Output file  =  
#        C:\Users\Matthew
#        Fonken\Desktop\marbl\Techincal\combine\general\rho\rho_mod_v5\EWARM\rho_mod_v5\Exe\rho_mod_v5.out
#    Map file     =  
#        C:\Users\Matthew
#        Fonken\Desktop\marbl\Techincal\combine\general\rho\rho_mod_v5\EWARM\rho_mod_v5\List\rho_mod_v5.map
#    Command line =  
#        -f C:\Users\MATTHE~1\AppData\Local\Temp\EW8BAC.tmp ("C:\Users\Matthew
#        Fonken\Desktop\marbl\Techincal\combine\general\rho\rho_mod_v5\EWARM\rho_mod_v5\Obj\fsm.o"
#        "C:\Users\Matthew
#        Fonken\Desktop\marbl\Techincal\combine\general\rho\rho_mod_v5\EWARM\rho_mod_v5\Obj\main.o"
#        "C:\Users\Matthew
#        Fonken\Desktop\marbl\Techincal\combine\general\rho\rho_mod_v5\EWARM\rho_mod_v5\Obj\master.o"
#        "C:\Users\Matthew
#        Fonken\Desktop\marbl\Techincal\combine\general\rho\rho_mod_v5\EWARM\rho_mod_v5\Obj\OV9712.o"
#        "C:\Users\Matthew
#        Fonken\Desktop\marbl\Techincal\combine\general\rho\rho_mod_v5\EWARM\rho_mod_v5\Obj\platform.o"
#        "C:\Users\Matthew
#        Fonken\Desktop\marbl\Techincal\combine\general\rho\rho_mod_v5\EWARM\rho_mod_v5\Obj\printers.o"
#        "C:\Users\Matthew
#        Fonken\Desktop\marbl\Techincal\combine\general\rho\rho_mod_v5\EWARM\rho_mod_v5\Obj\rho_client.o"
#        "C:\Users\Matthew
#        Fonken\Desktop\marbl\Techincal\combine\general\rho\rho_mod_v5\EWARM\rho_mod_v5\Obj\rho_core.o"
#        "C:\Users\Matthew
#        Fonken\Desktop\marbl\Techincal\combine\general\rho\rho_mod_v5\EWARM\rho_mod_v5\Obj\rho_kalman.o"
#        "C:\Users\Matthew
#        Fonken\Desktop\marbl\Techincal\combine\general\rho\rho_mod_v5\EWARM\rho_mod_v5\Obj\rho_pid.o"
#        "C:\Users\Matthew
#        Fonken\Desktop\marbl\Techincal\combine\general\rho\rho_mod_v5\EWARM\rho_mod_v5\Obj\rho_utility.o"
#        "C:\Users\Matthew
#        Fonken\Desktop\marbl\Techincal\combine\general\rho\rho_mod_v5\EWARM\rho_mod_v5\Obj\startup_stm32l432xx.o"
#        "C:\Users\Matthew
#        Fonken\Desktop\marbl\Techincal\combine\general\rho\rho_mod_v5\EWARM\rho_mod_v5\Obj\stm32_interface.o"
#        "C:\Users\Matthew
#        Fonken\Desktop\marbl\Techincal\combine\general\rho\rho_mod_v5\EWARM\rho_mod_v5\Obj\stm32l4xx_hal.o"
#        "C:\Users\Matthew
#        Fonken\Desktop\marbl\Techincal\combine\general\rho\rho_mod_v5\EWARM\rho_mod_v5\Obj\stm32l4xx_hal_cortex.o"
#        "C:\Users\Matthew
#        Fonken\Desktop\marbl\Techincal\combine\general\rho\rho_mod_v5\EWARM\rho_mod_v5\Obj\stm32l4xx_hal_dma.o"
#        "C:\Users\Matthew
#        Fonken\Desktop\marbl\Techincal\combine\general\rho\rho_mod_v5\EWARM\rho_mod_v5\Obj\stm32l4xx_hal_dma_ex.o"
#        "C:\Users\Matthew
#        Fonken\Desktop\marbl\Techincal\combine\general\rho\rho_mod_v5\EWARM\rho_mod_v5\Obj\stm32l4xx_hal_exti.o"
#        "C:\Users\Matthew
#        Fonken\Desktop\marbl\Techincal\combine\general\rho\rho_mod_v5\EWARM\rho_mod_v5\Obj\stm32l4xx_hal_flash.o"
#        "C:\Users\Matthew
#        Fonken\Desktop\marbl\Techincal\combine\general\rho\rho_mod_v5\EWARM\rho_mod_v5\Obj\stm32l4xx_hal_flash_ex.o"
#        "C:\Users\Matthew
#        Fonken\Desktop\marbl\Techincal\combine\general\rho\rho_mod_v5\EWARM\rho_mod_v5\Obj\stm32l4xx_hal_flash_ramfunc.o"
#        "C:\Users\Matthew
#        Fonken\Desktop\marbl\Techincal\combine\general\rho\rho_mod_v5\EWARM\rho_mod_v5\Obj\stm32l4xx_hal_gpio.o"
#        "C:\Users\Matthew
#        Fonken\Desktop\marbl\Techincal\combine\general\rho\rho_mod_v5\EWARM\rho_mod_v5\Obj\stm32l4xx_hal_i2c.o"
#        "C:\Users\Matthew
#        Fonken\Desktop\marbl\Techincal\combine\general\rho\rho_mod_v5\EWARM\rho_mod_v5\Obj\stm32l4xx_hal_i2c_ex.o"
#        "C:\Users\Matthew
#        Fonken\Desktop\marbl\Techincal\combine\general\rho\rho_mod_v5\EWARM\rho_mod_v5\Obj\stm32l4xx_hal_msp.o"
#        "C:\Users\Matthew
#        Fonken\Desktop\marbl\Techincal\combine\general\rho\rho_mod_v5\EWARM\rho_mod_v5\Obj\stm32l4xx_hal_pwr.o"
#        "C:\Users\Matthew
#        Fonken\Desktop\marbl\Techincal\combine\general\rho\rho_mod_v5\EWARM\rho_mod_v5\Obj\stm32l4xx_hal_pwr_ex.o"
#        "C:\Users\Matthew
#        Fonken\Desktop\marbl\Techincal\combine\general\rho\rho_mod_v5\EWARM\rho_mod_v5\Obj\stm32l4xx_hal_rcc.o"
#        "C:\Users\Matthew
#        Fonken\Desktop\marbl\Techincal\combine\general\rho\rho_mod_v5\EWARM\rho_mod_v5\Obj\stm32l4xx_hal_rcc_ex.o"
#        "C:\Users\Matthew
#        Fonken\Desktop\marbl\Techincal\combine\general\rho\rho_mod_v5\EWARM\rho_mod_v5\Obj\stm32l4xx_hal_tim.o"
#        "C:\Users\Matthew
#        Fonken\Desktop\marbl\Techincal\combine\general\rho\rho_mod_v5\EWARM\rho_mod_v5\Obj\stm32l4xx_hal_tim_ex.o"
#        "C:\Users\Matthew
#        Fonken\Desktop\marbl\Techincal\combine\general\rho\rho_mod_v5\EWARM\rho_mod_v5\Obj\stm32l4xx_hal_usart.o"
#        "C:\Users\Matthew
#        Fonken\Desktop\marbl\Techincal\combine\general\rho\rho_mod_v5\EWARM\rho_mod_v5\Obj\stm32l4xx_hal_usart_ex.o"
#        "C:\Users\Matthew
#        Fonken\Desktop\marbl\Techincal\combine\general\rho\rho_mod_v5\EWARM\rho_mod_v5\Obj\stm32l4xx_it.o"
#        "C:\Users\Matthew
#        Fonken\Desktop\marbl\Techincal\combine\general\rho\rho_mod_v5\EWARM\rho_mod_v5\Obj\system.o"
#        "C:\Users\Matthew
#        Fonken\Desktop\marbl\Techincal\combine\general\rho\rho_mod_v5\EWARM\rho_mod_v5\Obj\system_stm32l4xx.o"
#        --redirect _Printf=_PrintfFull --redirect _Scanf=_ScanfFull
#        --no_out_extension -o "C:\Users\Matthew
#        Fonken\Desktop\marbl\Techincal\combine\general\rho\rho_mod_v5\EWARM\rho_mod_v5\Exe\rho_mod_v5.out"
#        --map "C:\Users\Matthew
#        Fonken\Desktop\marbl\Techincal\combine\general\rho\rho_mod_v5\EWARM\rho_mod_v5\List\rho_mod_v5.map"
#        --config "C:\Users\Matthew
#        Fonken\Desktop\marbl\Techincal\combine\general\rho\rho_mod_v5\EWARM/stm32l432xx_flash.icf"
#        --semihosting --entry __iar_program_start --vfe --text_out locale)
#
###############################################################################

*******************************************************************************
*** RUNTIME MODEL ATTRIBUTES
***

CppFlavor       = *
__Heap_Handler  = NoFree
__SystemLibrary = DLib
__dlib_version  = 6


*******************************************************************************
*** HEAP SELECTION
***

The no free heap was selected because no calls to memory
deallocation functions were found in the application.


*******************************************************************************
*** PLACEMENT SUMMARY
***

"A0":  place at 0x800'0000 { ro section .intvec };
"P1":  place in [from 0x800'0000 to 0x803'ffff] { ro };
define block CSTACK with size = 1K, alignment = 8 { };
define block HEAP with size = 512, alignment = 8 { };
"P2":  place in [from 0x2000'0000 to 0x2000'ffff] {
          rw, block CSTACK, block HEAP };
initialize by copy { rw };

  Section            Kind         Address    Size  Object
  -------            ----         -------    ----  ------
"A0":                                       0x190
  .intvec            ro code   0x800'0000   0x18c  startup_stm32l432xx.o [1]
                             - 0x800'018c   0x18c

"P1":                                      0x6f08
  .text              ro code   0x800'0190  0x1898  rho_utility.o [1]
  .text              ro code   0x800'1a28   0x17a  DblAdd.o [3]
  .text              ro code   0x800'1ba2    0x7a  lz77_init_single.o [4]
  .text              ro code   0x800'1c1c   0x1a2  DblMul.o [3]
  .text              ro code   0x800'1dbe    0x3a  zero_init3.o [4]
  .text              ro code   0x800'1df8    0x1a  U32ToDbl.o [3]
  .text              ro code   0x800'1e14   0x246  DblDiv.o [3]
  .text              ro code   0x800'205c    0x3a  DblToS32.o [3]
  .text              ro code   0x800'2098    0x28  DblToU32.o [3]
  .text              ro code   0x800'20c0     0x6  ABImemclr4.o [4]
  .text              ro code   0x800'20c8   0x3e8  fsm.o [1]
  .text              ro code   0x800'24b0    0x86  ABImemcpy.o [4]
  .text              ro code   0x800'2538   0x218  rho_pid.o [1]
  .text              ro code   0x800'2750   0x4ac  rho_kalman.o [1]
  .text              ro code   0x800'2bfc     0x6  ABImemclr.o [4]
  .text              ro code   0x800'2c04    0xe2  DblSub.o [3]
  .text              ro code   0x800'2ce8    0x22  S32ToDbl.o [3]
  .text              ro code   0x800'2d0c    0x20  DblCmpEq.o [3]
  .text              ro code   0x800'2d2c    0x2e  DblCmpLe.o [3]
  .text              ro code   0x800'2d5c    0x2e  DblCmpGe.o [3]
  .text              ro code   0x800'2d8c    0x16  math_wrappers64.o [3]
  .text              ro code   0x800'2da4   0x13e  stm32_interface.o [1]
  .text              ro code   0x800'2ee4    0x32  ABImemset48.o [4]
  .text              ro code   0x800'2f18    0x5e  ABImemset.o [4]
  .text              ro code   0x800'2f78   0xb28  pow64.o [3]
  .text              ro code   0x800'3aa0    0xe4  stm32l4xx_hal_cortex.o [1]
  .text              ro code   0x800'3b84   0x38a  stm32l4xx_hal_tim.o [1]
  .text              ro code   0x800'3f10   0x43a  stm32l4xx_hal_usart.o [1]
  .text              ro code   0x800'434c   0x3cc  stm32l4xx_hal_i2c.o [1]
  .text              ro code   0x800'4718   0x1bc  stm32l4xx_hal_gpio.o [1]
  .text              ro code   0x800'48d4     0xc  stm32l4xx_hal.o [1]
  .text              ro code   0x800'48e0    0x28  stm32l4xx_hal.o [1]
  .text              ro code   0x800'4908   0x7d4  stm32l4xx_hal_rcc.o [1]
  .text              ro code   0x800'50dc    0x70  frexp.o [3]
  .text              ro code   0x800'514c   0x404  iar_Exp64.o [3]
  .text              ro code   0x800'5550   0x1f4  stm32l4xx_hal_msp.o [1]
  .text              ro code   0x800'5744     0x2  stm32l4xx_hal_tim.o [1]
  .text              ro code   0x800'5748   0x282  stm32l4xx_hal_dma.o [1]
  .text              ro code   0x800'59ca     0x2  stm32l4xx_hal_usart.o [1]
  .text              ro code   0x800'59cc     0x2  stm32l4xx_hal_usart.o [1]
  .text              ro code   0x800'59ce     0x2  stm32l4xx_hal_usart.o [1]
  .text              ro code   0x800'59d0     0x2  stm32l4xx_hal_usart.o [1]
  .text              ro code   0x800'59d4    0x44  stm32l4xx_hal.o [1]
  .text              ro code   0x800'5a18    0x88  stm32l4xx_hal_pwr_ex.o [1]
  .text              ro code   0x800'5aa0   0x13a  ldexp.o [3]
  .text              ro code   0x800'5bdc   0x31e  main.o [1]
  .text              ro code   0x800'5efc    0xbc  stm32l4xx_hal_i2c_ex.o [1]
  .text              ro code   0x800'5fb8    0x1e  stm32l4xx_hal.o [1]
  .text              ro code   0x800'5fd8    0x54  stm32l4xx_hal_tim_ex.o [1]
  .text              ro code   0x800'602c   0x118  master.o [1]
  .text              ro code   0x800'6144   0x360  stm32l4xx_hal_rcc_ex.o [1]
  .text              ro code   0x800'64a4    0xc6  OV9712.o [1]
  .text              ro code   0x800'656a    0x64  system.o [1]
  .text              ro code   0x800'65d0    0xa4  platform.o [1]
  .text              ro code   0x800'6678   0x378  rho_core.o [1]
  .text              ro code   0x800'69f0   0x258  rho_client.o [1]
  .text              ro code   0x800'6c48    0x48  no_free_heap0.o [2]
  .text              ro code   0x800'6c90    0x2c  xgetmemchunk.o [2]
  .text              ro code   0x800'6cbc    0x8c  system_stm32l4xx.o [1]
  .text              ro code   0x800'6d48    0x40  stm32l4xx_it.o [1]
  .text              ro code   0x800'6d88    0x10  stm32l4xx_hal.o [1]
  .text              ro code   0x800'6d98    0x28  data_init.o [4]
  .text              ro code   0x800'6dc0    0x22  fpinit_M.o [3]
  .iar.init_table    const     0x800'6de4    0x20  - Linker created -
  .rodata            const     0x800'6e04    0x20  rho_core.o [1]
  .text              ro code   0x800'6e24    0x1e  cmain.o [4]
  .text              ro code   0x800'6e42     0x4  low_level_init.o [2]
  .text              ro code   0x800'6e46     0x4  exit.o [2]
  .text              ro code   0x800'6e4c     0xa  cexit.o [4]
  .text              ro code   0x800'6e58    0x14  exit.o [5]
  .text              ro code   0x800'6e6c    0x10  startup_stm32l432xx.o [1]
  .text              ro code   0x800'6e7c     0xc  cstartup_M.o [4]
  .rodata            const     0x800'6e88     0x8  system_stm32l4xx.o [1]
  .text              ro code   0x800'6e90     0x4  startup_stm32l432xx.o [1]
  .text              ro code   0x800'6e94     0x4  startup_stm32l432xx.o [1]
  .text              ro code   0x800'6e98     0x4  startup_stm32l432xx.o [1]
  .text              ro code   0x800'6e9c     0x4  startup_stm32l432xx.o [1]
  .text              ro code   0x800'6ea0     0x4  startup_stm32l432xx.o [1]
  .text              ro code   0x800'6ea4     0x4  startup_stm32l432xx.o [1]
  .text              ro code   0x800'6ea8     0x4  startup_stm32l432xx.o [1]
  .text              ro code   0x800'6eac     0x4  startup_stm32l432xx.o [1]
  .text              ro code   0x800'6eb0     0x4  startup_stm32l432xx.o [1]
  .text              ro code   0x800'6eb4     0x4  startup_stm32l432xx.o [1]
  .text              ro code   0x800'6eb8     0x4  startup_stm32l432xx.o [1]
  .text              ro code   0x800'6ebc     0x4  startup_stm32l432xx.o [1]
  .text              ro code   0x800'6ec0     0x4  startup_stm32l432xx.o [1]
  .text              ro code   0x800'6ec4     0x4  startup_stm32l432xx.o [1]
  .text              ro code   0x800'6ec8     0x4  startup_stm32l432xx.o [1]
  .text              ro code   0x800'6ecc     0x4  startup_stm32l432xx.o [1]
  .text              ro code   0x800'6ed0     0x4  startup_stm32l432xx.o [1]
  .text              ro code   0x800'6ed4     0x4  startup_stm32l432xx.o [1]
  .text              ro code   0x800'6ed8     0x4  startup_stm32l432xx.o [1]
  .text              ro code   0x800'6edc     0x4  startup_stm32l432xx.o [1]
  .text              ro code   0x800'6ee0     0x4  startup_stm32l432xx.o [1]
  .text              ro code   0x800'6ee4     0x4  startup_stm32l432xx.o [1]
  .text              ro code   0x800'6ee8     0x4  startup_stm32l432xx.o [1]
  .text              ro code   0x800'6eec     0x4  startup_stm32l432xx.o [1]
  .text              ro code   0x800'6ef0     0x4  startup_stm32l432xx.o [1]
  .text              ro code   0x800'6ef4     0x4  startup_stm32l432xx.o [1]
  .text              ro code   0x800'6ef8     0x4  startup_stm32l432xx.o [1]
  .text              ro code   0x800'6efc     0x4  startup_stm32l432xx.o [1]
  .text              ro code   0x800'6f00     0x4  startup_stm32l432xx.o [1]
  .text              ro code   0x800'6f04     0x4  startup_stm32l432xx.o [1]
  .text              ro code   0x800'6f08     0x4  startup_stm32l432xx.o [1]
  .text              ro code   0x800'6f0c     0x4  startup_stm32l432xx.o [1]
  .text              ro code   0x800'6f10     0x4  startup_stm32l432xx.o [1]
  .text              ro code   0x800'6f14     0x4  startup_stm32l432xx.o [1]
  .text              ro code   0x800'6f18     0x4  startup_stm32l432xx.o [1]
  .text              ro code   0x800'6f1c     0x4  startup_stm32l432xx.o [1]
  .text              ro code   0x800'6f20     0x4  startup_stm32l432xx.o [1]
  .text              ro code   0x800'6f24     0x4  startup_stm32l432xx.o [1]
  .text              ro code   0x800'6f28     0x4  startup_stm32l432xx.o [1]
  .text              ro code   0x800'6f2c     0x4  startup_stm32l432xx.o [1]
  .text              ro code   0x800'6f30     0x4  startup_stm32l432xx.o [1]
  .text              ro code   0x800'6f34     0x4  startup_stm32l432xx.o [1]
  .text              ro code   0x800'6f38     0x4  startup_stm32l432xx.o [1]
  .text              ro code   0x800'6f3c     0x4  startup_stm32l432xx.o [1]
  .text              ro code   0x800'6f40     0x4  startup_stm32l432xx.o [1]
  .text              ro code   0x800'6f44     0x4  startup_stm32l432xx.o [1]
  .text              ro code   0x800'6f48     0x4  startup_stm32l432xx.o [1]
  .text              ro code   0x800'6f4c     0x4  startup_stm32l432xx.o [1]
  .text              ro code   0x800'6f50     0x4  startup_stm32l432xx.o [1]
  .text              ro code   0x800'6f54     0x4  startup_stm32l432xx.o [1]
  .text              ro code   0x800'6f58     0x4  startup_stm32l432xx.o [1]
  .text              ro code   0x800'6f5c     0x4  startup_stm32l432xx.o [1]
  .text              ro code   0x800'6f60     0x4  startup_stm32l432xx.o [1]
  .text              ro code   0x800'6f64     0x4  startup_stm32l432xx.o [1]
  .text              ro code   0x800'6f68     0x4  startup_stm32l432xx.o [1]
  .rodata            const     0x800'6f6c     0x0  zero_init3.o [4]
  .rodata            const     0x800'6f6c     0x0  lz77_init_single.o [4]
  Initializer bytes  const     0x800'6f6c   0x12c  <for P2-1>
                             - 0x800'7098  0x6f08

"P2", part 1 of 3:                         0x1614
  P2-1                        0x2000'0000  0x1614  <Init block>
    .data            inited   0x2000'0000  0x1520  rho_client.o [1]
    .data            inited   0x2000'1520    0xd8  master.o [1]
    .data            inited   0x2000'15f8     0xc  OV9712.o [1]
    .data            inited   0x2000'1604     0xc  stm32l4xx_hal.o [1]
    .data            inited   0x2000'1610     0x4  system_stm32l4xx.o [1]
                            - 0x2000'1614  0x1614

"P2", part 2 of 3:                         0x7438
  .bss               zero     0x2000'1614  0x6724  rho_client.o [1]
  .bss               zero     0x2000'7d38   0x470  rho_utility.o [1]
  .bss               zero     0x2000'81a8   0x284  rho_client.o [1]
  .bss               zero     0x2000'842c   0x194  rho_client.o [1]
  .bss               zero     0x2000'85c0   0x194  rho_client.o [1]
  .bss               zero     0x2000'8754    0xdc  main.o [1]
  .bss               zero     0x2000'8830    0xa4  rho_client.o [1]
  .bss               zero     0x2000'88d4    0xa4  rho_client.o [1]
  .bss               zero     0x2000'8978    0x48  main.o [1]
  .bss               zero     0x2000'89c0    0x48  main.o [1]
  .bss               zero     0x2000'8a08     0x4  rho_client.o [1]
  .bss               zero     0x2000'8a10    0x18  fsm.o [1]
  .bss               zero     0x2000'8a28    0x18  platform.o [1]
  .bss               zero     0x2000'8a40     0x4  stm32_interface.o [1]
  .bss               zero     0x2000'8a44     0x4  no_free_heap0.o [2]
  .bss               zero     0x2000'8a48     0x4  xgetmemchunk.o [2]
                            - 0x2000'8a4c  0x7438

"P2", part 3 of 3:                          0x600
  CSTACK                      0x2000'8a50   0x400  <Block>
    CSTACK           uninit   0x2000'8a50   0x400  <Block tail>
  HEAP                        0x2000'8e50   0x200  <Block>
    HEAP             uninit   0x2000'8e50   0x200  <Block tail>
                            - 0x2000'9050   0x600

Unused ranges:

         From           To      Size
         ----           --      ----
   0x800'7098   0x803'ffff  0x3'8f68
  0x2000'8a4c  0x2000'8a4f       0x4
  0x2000'9050  0x2000'ffff    0x6fb0


*******************************************************************************
*** INIT TABLE
***

          Address      Size
          -------      ----
Zero (__iar_zero_init3)
    1 destination range, total size 0x7438:
          0x2000'1614  0x7438

Copy/lz77 (__iar_lz77_init_single3)
    1 source range, total size 0x12c (5% of destination):
           0x800'6f6c   0x12c
    1 destination range, total size 0x1614:
          0x2000'0000  0x1614



*******************************************************************************
*** MODULE SUMMARY
***

    Module                  ro code  ro data  rw data
    ------                  -------  -------  -------
command line/config:
    -------------------------------------------------
    Total:

C:\Users\Matthew Fonken\Desktop\marbl\Techincal\combine\general\rho\rho_mod_v5\EWARM\rho_mod_v5\Obj: [1]
    OV9712.o                    198        1       12
    fsm.o                     1 000                24
    main.o                      798               364
    master.o                    280       11      216
    platform.o                  164                24
    rho_client.o                600      287   33 596
    rho_core.o                  888       32
    rho_kalman.o              1 196
    rho_pid.o                   536
    rho_utility.o             6 296             1 136
    startup_stm32l432xx.o       632
    stm32_interface.o           318                 4
    stm32l4xx_hal.o             166                12
    stm32l4xx_hal_cortex.o      228
    stm32l4xx_hal_dma.o         642
    stm32l4xx_hal_gpio.o        444
    stm32l4xx_hal_i2c.o         972
    stm32l4xx_hal_i2c_ex.o      188
    stm32l4xx_hal_msp.o         500
    stm32l4xx_hal_pwr_ex.o      136
    stm32l4xx_hal_rcc.o       2 004
    stm32l4xx_hal_rcc_ex.o      864
    stm32l4xx_hal_tim.o         908
    stm32l4xx_hal_tim_ex.o       84
    stm32l4xx_hal_usart.o     1 090
    stm32l4xx_it.o               64
    system.o                    100
    system_stm32l4xx.o          140        9        4
    -------------------------------------------------
    Total:                   21 436      340   35 392

dl7M_tlf.a: [2]
    exit.o                        4
    low_level_init.o              4
    no_free_heap0.o              72                 4
    xgetmemchunk.o               44                 4
    -------------------------------------------------
    Total:                      124                 8

m7M_tls.a: [3]
    DblAdd.o                    378
    DblCmpEq.o                   32
    DblCmpGe.o                   46
    DblCmpLe.o                   46
    DblDiv.o                    582
    DblMul.o                    418
    DblSub.o                    226
    DblToS32.o                   58
    DblToU32.o                   40
    S32ToDbl.o                   34
    U32ToDbl.o                   26
    fpinit_M.o                   34
    frexp.o                     112
    iar_Exp64.o               1 028
    ldexp.o                     314
    math_wrappers64.o            22
    pow64.o                   2 856
    -------------------------------------------------
    Total:                    6 252

rt7M_tl.a: [4]
    ABImemclr.o                   6
    ABImemclr4.o                  6
    ABImemcpy.o                 134
    ABImemset.o                  94
    ABImemset48.o                50
    cexit.o                      10
    cmain.o                      30
    cstartup_M.o                 12
    data_init.o                  40
    lz77_init_single.o          122
    zero_init3.o                 58
    -------------------------------------------------
    Total:                      562

shb_l.a: [5]
    exit.o                       20
    -------------------------------------------------
    Total:                       20

    Gaps                         52        2        4
    Linker created                        32    1 536
-----------------------------------------------------
    Grand Total:             28 446      374   36 940


*******************************************************************************
*** ENTRY LIST
***

Entry                       Address    Size  Type      Object
-----                       -------    ----  ----      ------
.iar.init_table$$Base    0x800'6de4           --   Gb  - Linker created -
.iar.init_table$$Limit   0x800'6e04           --   Gb  - Linker created -
?main                    0x800'6e25          Code  Gb  cmain.o [4]
AHBPrescTable            0x800'6d08    0x10  Data  Gb  system_stm32l4xx.o [1]
APBPrescTable            0x800'6e88     0x8  Data  Gb  system_stm32l4xx.o [1]
ActivateRhoSystem        0x800'6b7d     0x8  Code  Gb  rho_client.o [1]
ApplicationCore          0x800'60a9     0x6  Code  Lc  master.o [1]
BACKGROUND_DENSITY_MAP_X
                        0x2000'85c0   0x194  Data  Lc  rho_client.o [1]
BACKGROUND_DENSITY_MAP_X
                        0x2000'8014   0x194  Data  Lc  rho_utility.o [1]
BACKGROUND_DENSITY_MAP_Y
                        0x2000'88d4    0xa4  Data  Lc  rho_client.o [1]
BACKGROUND_DENSITY_MAP_Y
                        0x2000'7f70    0xa4  Data  Lc  rho_utility.o [1]
BusFault_Handler         0x800'6d4f     0x2  Code  Gb  stm32l4xx_it.o [1]
CSTACK$$Base            0x2000'8a50           --   Gb  - Linker created -
CSTACK$$Limit           0x2000'8e50           --   Gb  - Linker created -
CalculateBackgroundTuneFactorRhoUtility
                         0x800'1429    0x68  Code  Gb  rho_utility.o [1]
CalculateBandLowerBoundRhoUtility
                         0x800'07c5    0x1c  Code  Gb  rho_utility.o [1]
CalculateCentroidRhoUtility
                         0x800'0285    0x94  Code  Gb  rho_utility.o [1]
CalculateChaosRhoUtility
                         0x800'09c5    0x34  Code  Gb  rho_utility.o [1]
CalculateRegionScoreRhoUtility
                         0x800'01f3    0x92  Code  Gb  rho_utility.o [1]
CalculateStateTuneFactorRhoUtility
                         0x800'14a1    0xda  Code  Gb  rho_utility.o [1]
CalculateTargetCoverageFactorRhoUtility
                         0x800'15d9    0x3e  Code  Gb  rho_utility.o [1]
CalculateTargetTuneFactorRhoUtility
                         0x800'1581    0x50  Code  Gb  rho_utility.o [1]
CalculateTuneRhoUtility
                         0x800'13b1    0x58  Code  Gb  rho_utility.o [1]
CalculateValidTracksRhoUtility
                         0x800'1053    0x6c  Code  Gb  rho_utility.o [1]
CalculatedFrameStatisticsRhoUtility
                         0x800'0b49    0xd8  Code  Gb  rho_utility.o [1]
CaptureAndProcessFrame   0x800'6a1d    0x8c  Code  Gb  rho_client.o [1]
CaptureRowCallback       0x800'6aa9    0xae  Code  Gb  rho_client.o [1]
CombineAxisProbabilitesRhoUtility
                         0x800'12e1    0x70  Code  Gb  rho_utility.o [1]
ConfigureApplication     0x800'6057    0x2c  Code  Lc  master.o [1]
ConnectRhoSystemPlatformInterface
                         0x800'6bf9    0x1c  Code  Gb  rho_client.o [1]
ConnectToHost            0x800'6039    0x1e  Code  Lc  master.o [1]
CorrectPredictionAmbiguityRhoUtility
                         0x800'125f    0x80  Code  Gb  rho_utility.o [1]
CumulateMomentsRhoUtility
                         0x800'0197    0x5c  Code  Gb  rho_utility.o [1]
DMA1_Channel7_IRQHandler
                         0x800'6d69     0x6  Code  Gb  stm32l4xx_it.o [1]
DMA2_Channel6_IRQHandler
                         0x800'6d75     0x6  Code  Gb  stm32l4xx_it.o [1]
DeactivateBackgrounding
                         0x800'6b59    0x24  Code  Gb  rho_client.o [1]
DeactivateRhoSystem      0x800'6b85     0x6  Code  Gb  rho_client.o [1]
DebugMon_Handler         0x800'6d55     0x2  Code  Gb  stm32l4xx_it.o [1]
Default_OV9712_Pins     0x2000'157c    0x20  Data  Lc  master.o [1]
DetectRegionRhoUtility   0x800'084d   0x168  Code  Gb  rho_utility.o [1]
DetectRegionsRhoUtility
                         0x800'07e1    0x54  Code  Gb  rho_utility.o [1]
DetectRhoCore            0x800'67b1    0x52  Code  Gb  rho_core.o [1]
DetectRhoCorePairs       0x800'6805    0x92  Code  Gb  rho_core.o [1]
EXTI0_IRQHandler         0x800'6d5d     0x6  Code  Gb  stm32l4xx_it.o [1]
EXTI4_IRQHandler         0x800'6d63     0x6  Code  Gb  stm32l4xx_it.o [1]
EnterStateSystem         0x800'658d    0x10  Code  Gb  system.o [1]
ErrorStateHandler        0x800'60af     0x2  Code  Lc  master.o [1]
Error_Handler            0x800'5ef9     0x2  Code  Gb  main.o [1]
ExitInitialization       0x800'6083    0x26  Code  Lc  master.o [1]
FOREGROUND_DENSITY_MAP_X
                        0x2000'842c   0x194  Data  Lc  rho_client.o [1]
FOREGROUND_DENSITY_MAP_X
                        0x2000'7ddc   0x194  Data  Lc  rho_utility.o [1]
FOREGROUND_DENSITY_MAP_Y
                        0x2000'8830    0xa4  Data  Lc  rho_client.o [1]
FOREGROUND_DENSITY_MAP_Y
                        0x2000'7d38    0xa4  Data  Lc  rho_utility.o [1]
GenerateObservationListFromPredictionsRhoUtility
                         0x800'18a1    0x86  Code  Gb  rho_utility.o [1]
GenerateObservationListsFromPredictionsRhoUtility
                         0x800'1927    0x2c  Code  Gb  rho_utility.o [1]
GeneratePacketRhoUtility
                         0x800'17ed    0xb4  Code  Gb  rho_utility.o [1]
GenerateRhoCorePacket    0x800'69b9    0x18  Code  Gb  rho_core.o [1]
GetKumaraswamyVector     0x800'6679    0xae  Code  Lc  rho_core.o [1]
GetStateFromListSystem   0x800'65b3    0x1c  Code  Gb  system.o [1]
GetStateSystem           0x800'6571     0x4  Code  Gb  system.o [1]
HAL_DMA_Abort_IT         0x800'58bf    0x4a  Code  Gb  stm32l4xx_hal_dma.o [1]
HAL_DMA_IRQHandler       0x800'5909    0xc0  Code  Gb  stm32l4xx_hal_dma.o [1]
HAL_DMA_Init             0x800'5749    0xbe  Code  Gb  stm32l4xx_hal_dma.o [1]
HAL_DMA_Start_IT         0x800'582f    0x90  Code  Gb  stm32l4xx_hal_dma.o [1]
HAL_Delay                0x800'48e1    0x28  Code  Wk  stm32l4xx_hal.o [1]
HAL_GPIO_EXTI_Callback   0x800'2da5    0x58  Code  Gb  stm32_interface.o [1]
HAL_GPIO_EXTI_IRQHandler
                         0x800'48ab    0x10  Code  Gb  stm32l4xx_hal_gpio.o [1]
HAL_GPIO_Init            0x800'4719   0x188  Code  Gb  stm32l4xx_hal_gpio.o [1]
HAL_GPIO_WritePin        0x800'48a1     0xa  Code  Gb  stm32l4xx_hal_gpio.o [1]
HAL_GetTick              0x800'48d5     0xc  Code  Wk  stm32l4xx_hal.o [1]
HAL_I2CEx_ConfigAnalogFilter
                         0x800'5efd    0x3a  Code  Gb  stm32l4xx_hal_i2c_ex.o [1]
HAL_I2CEx_ConfigDigitalFilter
                         0x800'5f37    0x34  Code  Gb  stm32l4xx_hal_i2c_ex.o [1]
HAL_I2CEx_EnableFastModePlus
                         0x800'5f89    0x1e  Code  Gb  stm32l4xx_hal_i2c_ex.o [1]
HAL_I2C_Init             0x800'434d    0xaa  Code  Gb  stm32l4xx_hal_i2c.o [1]
HAL_I2C_Master_Transmit
                         0x800'43f7   0x138  Code  Gb  stm32l4xx_hal_i2c.o [1]
HAL_I2C_MspInit          0x800'558f    0x62  Code  Gb  stm32l4xx_hal_msp.o [1]
HAL_IncTick              0x800'6d89    0x10  Code  Wk  stm32l4xx_hal.o [1]
HAL_Init                 0x800'5fb9    0x1e  Code  Gb  stm32l4xx_hal.o [1]
HAL_InitTick             0x800'59d5    0x44  Code  Wk  stm32l4xx_hal.o [1]
HAL_MspInit              0x800'5551    0x3e  Code  Gb  stm32l4xx_hal_msp.o [1]
HAL_NVIC_DisableIRQ      0x800'3b23    0x1e  Code  Gb  stm32l4xx_hal_cortex.o [1]
HAL_NVIC_EnableIRQ       0x800'3b0d    0x16  Code  Gb  stm32l4xx_hal_cortex.o [1]
HAL_NVIC_SetPriority     0x800'3abb    0x52  Code  Gb  stm32l4xx_hal_cortex.o [1]
HAL_NVIC_SetPriorityGrouping
                         0x800'3aa1    0x1a  Code  Gb  stm32l4xx_hal_cortex.o [1]
HAL_PWREx_ControlVoltageScaling
                         0x800'5a25    0x6e  Code  Gb  stm32l4xx_hal_pwr_ex.o [1]
HAL_PWREx_GetVoltageRange
                         0x800'5a19     0xc  Code  Gb  stm32l4xx_hal_pwr_ex.o [1]
HAL_RCCEx_PeriphCLKConfig
                         0x800'6145   0x23c  Code  Gb  stm32l4xx_hal_rcc_ex.o [1]
HAL_RCC_ClockConfig      0x800'4e19   0x110  Code  Gb  stm32l4xx_hal_rcc.o [1]
HAL_RCC_GetPCLK1Freq     0x800'5001    0x10  Code  Gb  stm32l4xx_hal_rcc.o [1]
HAL_RCC_GetPCLK2Freq     0x800'5011     0xe  Code  Gb  stm32l4xx_hal_rcc.o [1]
HAL_RCC_GetSysClockFreq
                         0x800'4f71    0x90  Code  Gb  stm32l4xx_hal_rcc.o [1]
HAL_RCC_MCOConfig        0x800'4f29    0x48  Code  Gb  stm32l4xx_hal_rcc.o [1]
HAL_RCC_OscConfig        0x800'4909   0x510  Code  Gb  stm32l4xx_hal_rcc.o [1]
HAL_SYSTICK_Config       0x800'3b41    0x22  Code  Gb  stm32l4xx_hal_cortex.o [1]
HAL_TIMEx_MasterConfigSynchronization
                         0x800'5fd9    0x4e  Code  Gb  stm32l4xx_hal_tim_ex.o [1]
HAL_TIM_Base_Init        0x800'3b85    0x1e  Code  Gb  stm32l4xx_hal_tim.o [1]
HAL_TIM_Base_MspInit     0x800'55f1    0x92  Code  Gb  stm32l4xx_hal_msp.o [1]
HAL_TIM_IC_ConfigChannel
                         0x800'3bd7   0x11a  Code  Gb  stm32l4xx_hal_tim.o [1]
HAL_TIM_IC_Init          0x800'3bb7    0x20  Code  Gb  stm32l4xx_hal_tim.o [1]
HAL_TIM_SlaveConfigSynchro
                         0x800'3cf1    0x2e  Code  Gb  stm32l4xx_hal_tim.o [1]
HAL_UART_TxCpltCallback
                         0x800'2e93     0x8  Code  Gb  stm32_interface.o [1]
HAL_USART_IRQHandler     0x800'4045   0x17a  Code  Gb  stm32l4xx_hal_usart.o [1]
HAL_USART_Init           0x800'3f11    0xb0  Code  Gb  stm32l4xx_hal_usart.o [1]
HAL_USART_MspInit        0x800'5683    0x9c  Code  Gb  stm32l4xx_hal_msp.o [1]
HAL_USART_Transmit_DMA   0x800'3fc1    0x84  Code  Gb  stm32l4xx_hal_usart.o [1]
HEAP$$Base              0x2000'8e50           --   Gb  - Linker created -
HEAP$$Limit             0x2000'9050           --   Gb  - Linker created -
HardFault_Handler        0x800'6d4b     0x2  Code  Gb  stm32l4xx_it.o [1]
I2C_Flush_TXDR           0x800'456d    0x1c  Code  Lc  stm32l4xx_hal_i2c.o [1]
I2C_IsAcknowledgeFailed
                         0x800'467b    0x70  Code  Lc  stm32l4xx_hal_i2c.o [1]
I2C_TransferConfig       0x800'46eb    0x24  Code  Lc  stm32l4xx_hal_i2c.o [1]
I2C_WaitOnFlagUntilTimeout
                         0x800'4589    0x52  Code  Lc  stm32l4xx_hal_i2c.o [1]
I2C_WaitOnSTOPFlagUntilTimeout
                         0x800'4633    0x48  Code  Lc  stm32l4xx_hal_i2c.o [1]
I2C_WaitOnTXISFlagUntilTimeout
                         0x800'45e5    0x4e  Code  Lc  stm32l4xx_hal_i2c.o [1]
InitPlatform             0x800'65d1    0x16  Code  Gb  platform.o [1]
InitSystem               0x800'656b     0x6  Code  Gb  system.o [1]
InitializeDataRhoUtility
                         0x800'031d    0x94  Code  Gb  rho_utility.o [1]
InitializeDensityMapRhoUtility
                         0x800'0519    0x5a  Code  Gb  rho_utility.o [1]
InitializeFSMMap         0x800'20c9    0x6a  Code  Gb  fsm.o [1]
InitializeFSMSystem      0x800'21f1    0x50  Code  Gb  fsm.o [1]
InitializeFiltersRhoUtility
                         0x800'03b1    0x48  Code  Gb  rho_utility.o [1]
InitializeKumaraswamy    0x800'0191     0x6  Code  Lc  rho_utility.o [1]
InitializePlatform       0x800'602d     0xc  Code  Lc  master.o [1]
InitializePredictionRhoUtility
                         0x800'0439    0xc2  Code  Gb  rho_utility.o [1]
InitializeRhoCore        0x800'6727    0x44  Code  Gb  rho_core.o [1]
InitializeRhoKalman      0x800'2751    0x8e  Code  Gb  rho_kalman.o [1]
InitializeRhoSystem      0x800'6b95    0x64  Code  Gb  rho_client.o [1]
IsInStateSystem          0x800'659d    0x16  Code  Gb  system.o [1]
IsRhoKalmanExpired       0x800'2b1d    0x2a  Code  Gb  rho_kalman.o [1]
MSIRangeTable            0x800'6d18    0x30  Data  Gb  system_stm32l4xx.o [1]
MX_GPIO_Init             0x800'5df5    0xe2  Code  Lc  main.o [1]
Master                  0x2000'1570     0xc  Data  Lc  master.o [1]
Master_Connect           0x800'60b1    0x28  Code  Gb  master.o [1]
Master_Init              0x800'60d9    0x2e  Code  Gb  master.o [1]
Master_Run               0x800'6107    0x14  Code  Gb  master.o [1]
MemManage_Handler        0x800'6d4d     0x2  Code  Gb  stm32l4xx_it.o [1]
NMI_Handler              0x800'6d49     0x2  Code  Gb  stm32l4xx_it.o [1]
NormalizeFSMState        0x800'2135    0xba  Code  Gb  fsm.o [1]
OV9712                  0x2000'159c     0xc  Data  Lc  master.o [1]
OV9712_Enable            0x800'6537    0x2e  Code  Lc  OV9712.o [1]
OV9712_Init              0x800'64a5    0x6e  Code  Gb  OV9712.o [1]
OV9712_Write             0x800'6519    0x1e  Code  Lc  OV9712.o [1]
OV9712_regs             0x2000'15f8     0xc  Data  Lc  OV9712.o [1]
PendSV_Handler           0x800'6d57     0x2  Code  Gb  stm32l4xx_it.o [1]
PerformDetectRhoUtility
                         0x800'064f    0xb8  Code  Gb  rho_utility.o [1]
PerformHostCommand       0x800'65fd    0x42  Code  Gb  platform.o [1]
PerformRhoCore           0x800'676b    0x46  Code  Gb  rho_core.o [1]
PerformRhoSystemProcess
                         0x800'69f1    0x12  Code  Gb  rho_client.o [1]
PerformStateSystem       0x800'6579    0x14  Code  Gb  system.o [1]
Platform                0x2000'8a28    0x18  Data  Gb  platform.o [1]
PlatformFunctions       0x2000'1520    0x50  Data  Lc  master.o [1]
PredictPeakFilterRhoUtility
                         0x800'0709    0xb2  Code  Gb  rho_utility.o [1]
PredictRhoKalman         0x800'2831   0x140  Code  Gb  rho_kalman.o [1]
PredictTrackingFiltersRhoUtility
                         0x800'0c41   0x338  Code  Gb  rho_utility.o [1]
PredictTrackingProbabilitiesRhoUtility
                         0x800'10d5   0x146  Code  Gb  rho_utility.o [1]
PrintFSMMap              0x800'2415    0x32  Code  Gb  fsm.o [1]
PrintPacketRhoUtility    0x800'0319     0x2  Code  Gb  rho_utility.o [1]
ProcessRhoSystemFrameCapture
                         0x800'6a03    0x18  Code  Gb  rho_client.o [1]
PunishRhoKalman          0x800'2b5d    0x86  Code  Gb  rho_kalman.o [1]
RCCEx_PLLSAI1_Config     0x800'6381   0x108  Code  Lc  stm32l4xx_hal_rcc_ex.o [1]
RCC_SetFlashLatencyFromMSIRange
                         0x800'5029    0x74  Code  Lc  stm32l4xx_hal_rcc.o [1]
ReceiveFromHost          0x800'664b     0xa  Code  Gb  platform.o [1]
RedistributeDensitiesRhoUtility
                         0x800'1669   0x182  Code  Gb  rho_utility.o [1]
RedistributeDensitiesRhoUtility::rlookup
                         0x800'1958    0xd0  Data  Lc  rho_utility.o [1]
Region$$Table$$Base      0x800'6de4           --   Gb  - Linker created -
Region$$Table$$Limit     0x800'6e04           --   Gb  - Linker created -
ResetForDetectRhoUtility
                         0x800'05c1    0x8e  Code  Gb  rho_utility.o [1]
ResetForPredictionRhoUtility
                         0x800'121b    0x44  Code  Gb  rho_utility.o [1]
ResetRhoKalman           0x800'27e1    0x50  Code  Gb  rho_kalman.o [1]
RhoCore                  0x800'6e04    0x20  Data  Gb  rho_core.o [1]
RhoPIDInitialize         0x800'2539    0x9e  Code  Gb  rho_pid.o [1]
RhoPIDUpdate             0x800'25d9   0x14c  Code  Gb  rho_pid.o [1]
RhoSystem               0x2000'0000  0x1520  Data  Gb  rho_client.o [1]
STM_I2CMasterTx          0x800'2ea9     0xc  Code  Gb  stm32_interface.o [1]
STM_InitDMA              0x800'2e5d    0x2c  Code  Gb  stm32_interface.o [1]
STM_InterruptDisable     0x800'2e13    0x16  Code  Gb  stm32_interface.o [1]
STM_InterruptEnable      0x800'2dfd    0x16  Code  Gb  stm32_interface.o [1]
STM_PauseDMA             0x800'2e29     0xe  Code  Gb  stm32_interface.o [1]
STM_ResetDMA             0x800'2e4d    0x10  Code  Gb  stm32_interface.o [1]
STM_ResumeDMA            0x800'2e37     0xc  Code  Gb  stm32_interface.o [1]
STM_SetPortMode          0x800'2eb5    0x1e  Code  Gb  stm32_interface.o [1]
STM_SysClockFreq         0x800'2edf     0x4  Code  Gb  stm32_interface.o [1]
STM_Timestamp            0x800'2ed7     0x4  Code  Gb  stm32_interface.o [1]
STM_UartRxDMA            0x800'2e8f     0x4  Code  Gb  stm32_interface.o [1]
STM_UartTxDMA            0x800'2e89     0x6  Code  Gb  stm32_interface.o [1]
STM_Wait                 0x800'2edb     0x4  Code  Gb  stm32_interface.o [1]
STM_WritePin             0x800'2ed3     0x4  Code  Gb  stm32_interface.o [1]
SVC_Handler              0x800'6d53     0x2  Code  Gb  stm32l4xx_it.o [1]
ScoreRegionsRhoUtility   0x800'09f9    0xb4  Code  Gb  rho_utility.o [1]
ScoreRhoKalman           0x800'2b49    0x14  Code  Gb  rho_kalman.o [1]
SetPortMode              0x800'65f1     0xa  Code  Gb  platform.o [1]
SetStateSystem           0x800'6575     0x4  Code  Gb  system.o [1]
SortRegionsRhoUtility    0x800'0aad    0x9c  Code  Gb  rho_utility.o [1]
SortTrackingFiltersRhoUtility
                         0x800'0f95    0xb6  Code  Gb  rho_utility.o [1]
StepRhoKalman            0x800'2ae9    0x34  Code  Gb  rho_kalman.o [1]
SubtractBackgroundForDetectionRhoUtility
                         0x800'0835    0x16  Code  Gb  rho_utility.o [1]
SysTick_Handler          0x800'6d59     0x4  Code  Gb  stm32l4xx_it.o [1]
System                  0x2000'15a8     0x8  Data  Lc  master.o [1]
SystemClock_Config       0x800'5d59    0x9c  Code  Gb  main.o [1]
SystemCoreClock         0x2000'1610     0x4  Data  Gb  system_stm32l4xx.o [1]
SystemInit               0x800'6cbd    0x3c  Code  Gb  system_stm32l4xx.o [1]
TIM_Base_SetConfig       0x800'3d41    0x66  Code  Gb  stm32l4xx_hal_tim.o [1]
TIM_CCxChannelCmd        0x800'3eef    0x20  Code  Gb  stm32l4xx_hal_tim.o [1]
TIM_SlaveTimer_SetConfig
                         0x800'3da7    0xb6  Code  Lc  stm32l4xx_hal_tim.o [1]
TIM_TI1_SetConfig        0x800'3e5d    0x48  Code  Gb  stm32l4xx_hal_tim.o [1]
TIM_TI2_SetConfig        0x800'3eb9    0x36  Code  Lc  stm32l4xx_hal_tim.o [1]
TransmitRhoSystemPacket
                         0x800'6b93     0x2  Code  Gb  rho_client.o [1]
TransmitToHost           0x800'663f     0xc  Code  Gb  platform.o [1]
USART1_IRQHandler        0x800'6d6f     0x6  Code  Gb  stm32l4xx_it.o [1]
USART_DMAAbortOnError    0x800'424d     0xc  Code  Lc  stm32l4xx_hal_usart.o [1]
USART_DMAError           0x800'4219    0x32  Code  Lc  stm32l4xx_hal_usart.o [1]
USART_DMATransmitCplt    0x800'41dd    0x34  Code  Lc  stm32l4xx_hal_usart.o [1]
USART_DMATxHalfCplt      0x800'4211     0x6  Code  Lc  stm32l4xx_hal_usart.o [1]
USART_EndTransfer        0x800'41bf    0x1c  Code  Lc  stm32l4xx_hal_usart.o [1]
USART_SetConfig          0x800'4259    0xd4  Code  Lc  stm32l4xx_hal_usart.o [1]
UpdateCorePredictionDataRhoUtility
                         0x800'1351    0x5e  Code  Gb  rho_utility.o [1]
UpdateFSMProbabilities   0x800'22fd    0xba  Code  Gb  fsm.o [1]
UpdateFSMState           0x800'23b9    0x5a  Code  Gb  fsm.o [1]
UpdateFSMSystem          0x800'2249    0xa4  Code  Gb  fsm.o [1]
UpdateRhoCorePrediction
                         0x800'6897    0x24  Code  Gb  rho_core.o [1]
UpdateRhoCorePredictions
                         0x800'68bd    0x7a  Code  Gb  rho_core.o [1]
UpdateRhoCoreThreshold   0x800'6939    0x52  Code  Gb  rho_core.o [1]
UpdateRhoKalman          0x800'2977   0x16a  Code  Gb  rho_kalman.o [1]
UsageFault_Handler       0x800'6d51     0x2  Code  Gb  stm32l4xx_it.o [1]
WritePin                 0x800'65e7     0xa  Code  Gb  platform.o [1]
ZeroRhoSystemMemory      0x800'6c15    0x18  Code  Gb  rho_client.o [1]
_                       0x2000'8a10    0x18  Data  Gb  fsm.o [1]
__aeabi_cdcmpeq          0x800'2d0d          Code  Gb  DblCmpEq.o [3]
__aeabi_cdcmple          0x800'2d2d          Code  Gb  DblCmpLe.o [3]
__aeabi_cdrcmple         0x800'2d5d          Code  Gb  DblCmpGe.o [3]
__aeabi_d2iz             0x800'205d          Code  Gb  DblToS32.o [3]
__aeabi_d2uiz            0x800'2099          Code  Gb  DblToU32.o [3]
__aeabi_dadd             0x800'1a29          Code  Gb  DblAdd.o [3]
__aeabi_ddiv             0x800'1e15          Code  Gb  DblDiv.o [3]
__aeabi_dmul             0x800'1c1d          Code  Gb  DblMul.o [3]
__aeabi_dsub             0x800'2c05          Code  Gb  DblSub.o [3]
__aeabi_i2d              0x800'2ce9          Code  Gb  S32ToDbl.o [3]
__aeabi_memclr           0x800'2bfd          Code  Gb  ABImemclr.o [4]
__aeabi_memclr4          0x800'20c1          Code  Gb  ABImemclr4.o [4]
__aeabi_memcpy4          0x800'24b1          Code  Gb  ABImemcpy.o [4]
__aeabi_memcpy8          0x800'24b1          Code  Gb  ABImemcpy.o [4]
__aeabi_ui2d             0x800'1df9          Code  Gb  U32ToDbl.o [3]
__cmain                  0x800'6e25          Code  Gb  cmain.o [4]
__data_GetMemChunk       0x800'6c91    0x2c  Code  Gb  xgetmemchunk.o [2]
__data_GetMemChunk::start
                        0x2000'8a48     0x4  Data  Lc  xgetmemchunk.o [2]
__exit                   0x800'6e59    0x14  Code  Gb  exit.o [5]
__iar_Exp64              0x800'514d   0x3a4  Code  Gb  iar_Exp64.o [3]
__iar_Memset4_word       0x800'2ee5          Code  Gb  ABImemset48.o [4]
__iar_Memset8_word       0x800'2ee5          Code  Gb  ABImemset48.o [4]
__iar_Memset_word        0x800'2f19          Code  Gb  ABImemset.o [4]
__iar_Pow64              0x800'2f79   0x658  Code  Lc  pow64.o [3]
__iar_dadd               0x800'2c15          Code  Gb  DblSub.o [3]
__iar_data_init3         0x800'6d99    0x28  Code  Gb  data_init.o [4]
__iar_dsub               0x800'1a39          Code  Gb  DblAdd.o [3]
__iar_dsubStart          0x800'1a4b          Code  Gb  DblAdd.o [3]
__iar_frexp              0x800'50e9          Code  Gb  frexp.o [3]
__iar_frexpl             0x800'50e9          Code  Gb  frexp.o [3]
__iar_init_vfp           0x800'6dc1          Code  Gb  fpinit_M.o [3]
__iar_ldexp64            0x800'5aa1          Code  Gb  ldexp.o [3]
__iar_lz77_init_single3
                         0x800'1ba3    0x7a  Code  Gb  lz77_init_single.o [4]
__iar_pow64              0x800'3669    0x14  Code  Gb  pow64.o [3]
__iar_pow_medium         0x800'3669    0x14  Code  Gb  pow64.o [3]
__iar_pow_medium64       0x800'3669    0x14  Code  Gb  pow64.o [3]
__iar_pow_mediuml        0x800'3669    0x14  Code  Gb  pow64.o [3]
__iar_program_start      0x800'6e7d          Code  Gb  cstartup_M.o [4]
__iar_scalbln64          0x800'5aa1          Code  Gb  ldexp.o [3]
__iar_scalbn64           0x800'5aa1          Code  Gb  ldexp.o [3]
__iar_softfp___iar_frexp64
                         0x800'50dd          Code  Gb  frexp.o [3]
__iar_softfp_frexp       0x800'50dd          Code  Gb  frexp.o [3]
__iar_softfp_frexpl      0x800'50dd          Code  Gb  frexp.o [3]
__iar_vfp_pow            0x800'2d93    0x10  Code  Gb  math_wrappers64.o [3]
__iar_zero_init3         0x800'1dbf    0x3a  Code  Gb  zero_init3.o [4]
__low_level_init         0x800'6e43     0x4  Code  Gb  low_level_init.o [2]
__no_free_malloc         0x800'6c49    0x44  Code  Gb  no_free_heap0.o [2]
__vector_table           0x800'0000          Data  Gb  startup_stm32l432xx.o [1]
_call_main               0x800'6e31          Code  Gb  cmain.o [4]
_capture_buffer_internal
                        0x2000'81a8   0x284  Data  Lc  rho_client.o [1]
_dma_destination        0x2000'8a40     0x4  Data  Lc  stm32_interface.o [1]
_exit                    0x800'6e4d          Code  Gb  cexit.o [4]
_main                    0x800'6e3f          Code  Gb  cmain.o [4]
_thresh_buffer_internal
                        0x2000'1614  0x6724  Data  Lc  rho_client.o [1]
capture_buffer          0x2000'8a08     0x4  Data  Gb  rho_client.o [1]
exit                     0x800'6e47     0x4  Code  Gb  exit.o [2]
global_states_list      0x2000'15b0    0x48  Data  Lc  master.o [1]
hdma_tim2_ch2_ch4       0x2000'8978    0x48  Data  Gb  main.o [1]
hdma_usart1_tx          0x2000'89c0    0x48  Data  Gb  main.o [1]
hi2c1                   0x2000'8754    0x4c  Data  Gb  main.o [1]
htim2                   0x2000'87f0    0x40  Data  Gb  main.o [1]
husart1                 0x2000'87a0    0x50  Data  Gb  main.o [1]
ldexp                    0x800'5aa1          Code  Gb  ldexp.o [3]
ldexpl                   0x800'5aa1          Code  Gb  ldexp.o [3]
lnbias                   0x800'3680   0x420  Data  Lc  pow64.o [3]
main                     0x800'5bdd   0x17c  Code  Gb  main.o [1]
pow                      0x800'3669    0x14  Code  Gb  pow64.o [3]
powl                     0x800'3669    0x14  Code  Gb  pow64.o [3]
qs                      0x2000'8a44     0x4  Data  Lc  no_free_heap0.o [2]
scalbln                  0x800'5aa1          Code  Gb  ldexp.o [3]
scalblnl                 0x800'5aa1          Code  Gb  ldexp.o [3]
scalbn                   0x800'5aa1          Code  Gb  ldexp.o [3]
scalbnl                  0x800'5aa1          Code  Gb  ldexp.o [3]
uwTick                  0x2000'1604     0x4  Data  Gb  stm32l4xx_hal.o [1]
uwTickFreq              0x2000'160c     0x4  Data  Gb  stm32l4xx_hal.o [1]
uwTickPrio              0x2000'1608     0x4  Data  Gb  stm32l4xx_hal.o [1]


[1] = C:\Users\Matthew Fonken\Desktop\marbl\Techincal\combine\general\rho\rho_mod_v5\EWARM\rho_mod_v5\Obj
[2] = dl7M_tlf.a
[3] = m7M_tls.a
[4] = rt7M_tl.a
[5] = shb_l.a

  28 446 bytes of readonly  code memory
     374 bytes of readonly  data memory
  36 940 bytes of readwrite data memory

Errors: none
Warnings: none
