###############################################################################
#
# IAR ELF Linker V8.30.1.114/W32 for ARM                  04/Jul/2019  22:31:08
# Copyright 2007-2018 IAR Systems AB.
#
#    Output file  =  
#        C:\Users\Matthew
#        Fonken\Desktop\marbl\Techincal\combine\general\rho\rho_mod_v5\EWARM\rho_mod_v5\Exe\rho_mod_v5.out
#    Map file     =  
#        C:\Users\Matthew
#        Fonken\Desktop\marbl\Techincal\combine\general\rho\rho_mod_v5\EWARM\rho_mod_v5\List\rho_mod_v5.map
#    Command line =  
#        -f C:\Users\MATTHE~1\AppData\Local\Temp\EWC3A.tmp ("C:\Users\Matthew
#        Fonken\Desktop\marbl\Techincal\combine\general\rho\rho_mod_v5\EWARM\rho_mod_v5\Obj\fsm.o"
#        "C:\Users\Matthew
#        Fonken\Desktop\marbl\Techincal\combine\general\rho\rho_mod_v5\EWARM\rho_mod_v5\Obj\main.o"
#        "C:\Users\Matthew
#        Fonken\Desktop\marbl\Techincal\combine\general\rho\rho_mod_v5\EWARM\rho_mod_v5\Obj\master.o"
#        "C:\Users\Matthew
#        Fonken\Desktop\marbl\Techincal\combine\general\rho\rho_mod_v5\EWARM\rho_mod_v5\Obj\OV9712.o"
#        "C:\Users\Matthew
#        Fonken\Desktop\marbl\Techincal\combine\general\rho\rho_mod_v5\EWARM\rho_mod_v5\Obj\platform.o"
#        "C:\Users\Matthew
#        Fonken\Desktop\marbl\Techincal\combine\general\rho\rho_mod_v5\EWARM\rho_mod_v5\Obj\printers.o"
#        "C:\Users\Matthew
#        Fonken\Desktop\marbl\Techincal\combine\general\rho\rho_mod_v5\EWARM\rho_mod_v5\Obj\rho_client.o"
#        "C:\Users\Matthew
#        Fonken\Desktop\marbl\Techincal\combine\general\rho\rho_mod_v5\EWARM\rho_mod_v5\Obj\rho_core.o"
#        "C:\Users\Matthew
#        Fonken\Desktop\marbl\Techincal\combine\general\rho\rho_mod_v5\EWARM\rho_mod_v5\Obj\rho_kalman.o"
#        "C:\Users\Matthew
#        Fonken\Desktop\marbl\Techincal\combine\general\rho\rho_mod_v5\EWARM\rho_mod_v5\Obj\rho_pid.o"
#        "C:\Users\Matthew
#        Fonken\Desktop\marbl\Techincal\combine\general\rho\rho_mod_v5\EWARM\rho_mod_v5\Obj\rho_utility.o"
#        "C:\Users\Matthew
#        Fonken\Desktop\marbl\Techincal\combine\general\rho\rho_mod_v5\EWARM\rho_mod_v5\Obj\startup_stm32l432xx.o"
#        "C:\Users\Matthew
#        Fonken\Desktop\marbl\Techincal\combine\general\rho\rho_mod_v5\EWARM\rho_mod_v5\Obj\stm32_interface.o"
#        "C:\Users\Matthew
#        Fonken\Desktop\marbl\Techincal\combine\general\rho\rho_mod_v5\EWARM\rho_mod_v5\Obj\stm32l4xx_hal.o"
#        "C:\Users\Matthew
#        Fonken\Desktop\marbl\Techincal\combine\general\rho\rho_mod_v5\EWARM\rho_mod_v5\Obj\stm32l4xx_hal_cortex.o"
#        "C:\Users\Matthew
#        Fonken\Desktop\marbl\Techincal\combine\general\rho\rho_mod_v5\EWARM\rho_mod_v5\Obj\stm32l4xx_hal_dma.o"
#        "C:\Users\Matthew
#        Fonken\Desktop\marbl\Techincal\combine\general\rho\rho_mod_v5\EWARM\rho_mod_v5\Obj\stm32l4xx_hal_dma_ex.o"
#        "C:\Users\Matthew
#        Fonken\Desktop\marbl\Techincal\combine\general\rho\rho_mod_v5\EWARM\rho_mod_v5\Obj\stm32l4xx_hal_exti.o"
#        "C:\Users\Matthew
#        Fonken\Desktop\marbl\Techincal\combine\general\rho\rho_mod_v5\EWARM\rho_mod_v5\Obj\stm32l4xx_hal_flash.o"
#        "C:\Users\Matthew
#        Fonken\Desktop\marbl\Techincal\combine\general\rho\rho_mod_v5\EWARM\rho_mod_v5\Obj\stm32l4xx_hal_flash_ex.o"
#        "C:\Users\Matthew
#        Fonken\Desktop\marbl\Techincal\combine\general\rho\rho_mod_v5\EWARM\rho_mod_v5\Obj\stm32l4xx_hal_flash_ramfunc.o"
#        "C:\Users\Matthew
#        Fonken\Desktop\marbl\Techincal\combine\general\rho\rho_mod_v5\EWARM\rho_mod_v5\Obj\stm32l4xx_hal_gpio.o"
#        "C:\Users\Matthew
#        Fonken\Desktop\marbl\Techincal\combine\general\rho\rho_mod_v5\EWARM\rho_mod_v5\Obj\stm32l4xx_hal_i2c.o"
#        "C:\Users\Matthew
#        Fonken\Desktop\marbl\Techincal\combine\general\rho\rho_mod_v5\EWARM\rho_mod_v5\Obj\stm32l4xx_hal_i2c_ex.o"
#        "C:\Users\Matthew
#        Fonken\Desktop\marbl\Techincal\combine\general\rho\rho_mod_v5\EWARM\rho_mod_v5\Obj\stm32l4xx_hal_msp.o"
#        "C:\Users\Matthew
#        Fonken\Desktop\marbl\Techincal\combine\general\rho\rho_mod_v5\EWARM\rho_mod_v5\Obj\stm32l4xx_hal_pwr.o"
#        "C:\Users\Matthew
#        Fonken\Desktop\marbl\Techincal\combine\general\rho\rho_mod_v5\EWARM\rho_mod_v5\Obj\stm32l4xx_hal_pwr_ex.o"
#        "C:\Users\Matthew
#        Fonken\Desktop\marbl\Techincal\combine\general\rho\rho_mod_v5\EWARM\rho_mod_v5\Obj\stm32l4xx_hal_rcc.o"
#        "C:\Users\Matthew
#        Fonken\Desktop\marbl\Techincal\combine\general\rho\rho_mod_v5\EWARM\rho_mod_v5\Obj\stm32l4xx_hal_rcc_ex.o"
#        "C:\Users\Matthew
#        Fonken\Desktop\marbl\Techincal\combine\general\rho\rho_mod_v5\EWARM\rho_mod_v5\Obj\stm32l4xx_hal_tim.o"
#        "C:\Users\Matthew
#        Fonken\Desktop\marbl\Techincal\combine\general\rho\rho_mod_v5\EWARM\rho_mod_v5\Obj\stm32l4xx_hal_tim_ex.o"
#        "C:\Users\Matthew
#        Fonken\Desktop\marbl\Techincal\combine\general\rho\rho_mod_v5\EWARM\rho_mod_v5\Obj\stm32l4xx_hal_usart.o"
#        "C:\Users\Matthew
#        Fonken\Desktop\marbl\Techincal\combine\general\rho\rho_mod_v5\EWARM\rho_mod_v5\Obj\stm32l4xx_hal_usart_ex.o"
#        "C:\Users\Matthew
#        Fonken\Desktop\marbl\Techincal\combine\general\rho\rho_mod_v5\EWARM\rho_mod_v5\Obj\stm32l4xx_it.o"
#        "C:\Users\Matthew
#        Fonken\Desktop\marbl\Techincal\combine\general\rho\rho_mod_v5\EWARM\rho_mod_v5\Obj\system.o"
#        "C:\Users\Matthew
#        Fonken\Desktop\marbl\Techincal\combine\general\rho\rho_mod_v5\EWARM\rho_mod_v5\Obj\system_stm32l4xx.o"
#        --redirect _Printf=_PrintfFull --redirect _Scanf=_ScanfFull
#        --no_out_extension -o "C:\Users\Matthew
#        Fonken\Desktop\marbl\Techincal\combine\general\rho\rho_mod_v5\EWARM\rho_mod_v5\Exe\rho_mod_v5.out"
#        --map "C:\Users\Matthew
#        Fonken\Desktop\marbl\Techincal\combine\general\rho\rho_mod_v5\EWARM\rho_mod_v5\List\rho_mod_v5.map"
#        --config "C:\Users\Matthew
#        Fonken\Desktop\marbl\Techincal\combine\general\rho\rho_mod_v5\EWARM/stm32l432xx_flash.icf"
#        --semihosting --entry __iar_program_start --vfe --text_out locale)
#
###############################################################################

*******************************************************************************
*** RUNTIME MODEL ATTRIBUTES
***

CppFlavor       = *
__Heap_Handler  = NoFree
__SystemLibrary = DLib
__dlib_version  = 6


*******************************************************************************
*** HEAP SELECTION
***

The no free heap was selected because no calls to memory
deallocation functions were found in the application.


*******************************************************************************
*** PLACEMENT SUMMARY
***

"A0":  place at 0x800'0000 { ro section .intvec };
"P1":  place in [from 0x800'0000 to 0x803'ffff] { ro };
define block CSTACK with size = 1K, alignment = 8 { };
define block HEAP with size = 512, alignment = 8 { };
"P2":  place in [from 0x2000'0000 to 0x2000'ffff] {
          rw, block CSTACK, block HEAP };
initialize by copy { rw };

  Section            Kind         Address    Size  Object
  -------            ----         -------    ----  ------
"A0":                                       0x18c
  .intvec            ro code   0x800'0000   0x18c  startup_stm32l432xx.o [1]
                             - 0x800'018c   0x18c

"P1":                                      0x5150
  .text              ro code   0x800'018c   0xf7a  xprintffull.o [2]
  .text              ro code   0x800'1106    0x7a  lz77_init_single.o [4]
  .text              ro code   0x800'1180    0x78  xlocale_c.o [2]
  .text              ro code   0x800'11f8    0x16  strchr.o [4]
  .text              ro code   0x800'120e    0x3a  zero_init3.o [4]
  .text              ro code   0x800'1248    0x40  xfail_s.o [2]
  .text              ro code   0x800'1288    0x36  strlen.o [4]
  .text              ro code   0x800'12be    0x1e  xencoding_8859_1.o [2]
  .text              ro code   0x800'12dc    0x58  memchr.o [4]
  .text              ro code   0x800'1334     0xa  xmbcurmax.o [2]
  .text              ro code   0x800'133e     0xa  xsprout.o [2]
  .text              ro code   0x800'1348    0xa6  ABImemcpy.o [4]
  .text              ro code   0x800'13f0   0x230  I64DivMod.o [4]
  .text              ro code   0x800'1620   0x1a2  DblMul.o [3]
  .text              ro code   0x800'17c4    0x70  frexp.o [3]
  .text              ro code   0x800'1834    0x2e  DblCmpLe.o [3]
  .text              ro code   0x800'1864    0x2e  DblCmpGe.o [3]
  .text              ro code   0x800'1894   0x13a  ldexp.o [3]
  .text              ro code   0x800'19d0    0x3a  DblToS32.o [3]
  .text              ro code   0x800'1a0c    0x22  S32ToDbl.o [3]
  .text              ro code   0x800'1a30    0xe2  DblSub.o [3]
  .text              ro code   0x800'1b14   0x246  DblDiv.o [3]
  .text              ro code   0x800'1d5c    0x28  DblToU32.o [3]
  .text              ro code   0x800'1d84    0x1a  U32ToDbl.o [3]
  .text              ro code   0x800'1d9e     0x6  abort.o [2]
  .text              ro code   0x800'1da4     0x2  I64DivZer.o [4]
  .text              ro code   0x800'1da8   0x16a  DblAdd.o [3]
  .text              ro code   0x800'1f14    0x14  exit.o [5]
  .text              ro code   0x800'1f28   0x7d4  stm32l4xx_hal_rcc.o [1]
  .text              ro code   0x800'26fc    0x44  stm32l4xx_hal.o [1]
  .text              ro code   0x800'2740     0xc  stm32l4xx_hal.o [1]
  .text              ro code   0x800'274c   0x1bc  stm32l4xx_hal_gpio.o [1]
  .text              ro code   0x800'2908    0x88  stm32l4xx_hal_pwr_ex.o [1]
  .text              ro code   0x800'2990    0xe4  stm32l4xx_hal_cortex.o [1]
  .text              ro code   0x800'2a74   0x11a  stm32_interface.o [1]
  .text              ro code   0x800'2b90   0x282  stm32l4xx_hal_dma.o [1]
  .text              ro code   0x800'2e14   0x31a  main.o [1]
  .text              ro code   0x800'3130   0x38a  stm32l4xx_hal_tim.o [1]
  .text              ro code   0x800'34bc   0x43a  stm32l4xx_hal_usart.o [1]
  .text              ro code   0x800'38f8   0x3cc  stm32l4xx_hal_i2c.o [1]
  .text              ro code   0x800'3cc4    0x28  stm32l4xx_hal.o [1]
  .text              ro code   0x800'3cec    0x1e  stm32l4xx_hal.o [1]
  .text              ro code   0x800'3d0c    0xbc  stm32l4xx_hal_i2c_ex.o [1]
  .text              ro code   0x800'3dc8    0x54  stm32l4xx_hal_tim_ex.o [1]
  .text              ro code   0x800'3e1c    0xcc  master.o [1]
  .text              ro code   0x800'3ee8     0x6  ABImemclr4.o [4]
  .text              ro code   0x800'3ef0    0x10  stm32l4xx_hal_pwr.o [1]
  .text              ro code   0x800'3f00   0x370  stm32l4xx_hal_rcc_ex.o [1]
  .text              ro code   0x800'4270   0x204  stm32l4xx_hal_msp.o [1]
  .text              ro code   0x800'4474     0x2  stm32l4xx_hal_tim.o [1]
  .text              ro code   0x800'4476     0x2  stm32l4xx_hal_usart.o [1]
  .text              ro code   0x800'4478     0x2  stm32l4xx_hal_usart.o [1]
  .text              ro code   0x800'447a     0x2  stm32l4xx_hal_usart.o [1]
  .text              ro code   0x800'447c     0x2  stm32l4xx_hal_usart.o [1]
  .text              ro code   0x800'4480    0xc6  OV9712.o [1]
  .text              ro code   0x800'4548   0x260  rho_client.o [1]
  .text              ro code   0x800'47a8    0xb0  system.o [1]
  .text              ro code   0x800'4858    0x32  ABImemset48.o [4]
  .text              ro code   0x800'488c    0x8c  platform.o [1]
  .text              ro code   0x800'4918    0x48  no_free_heap0.o [2]
  .text              ro code   0x800'4960    0x44  rho_core.o [1]
  .text              ro code   0x800'49a4     0x6  ABImemclr.o [4]
  .text              ro code   0x800'49aa    0x14  printers.o [1]
  .text              ro code   0x800'49c0    0x40  sprintf.o [2]
  .text              ro code   0x800'4a00    0x2c  xgetmemchunk.o [2]
  .text              ro code   0x800'4a30   0x28c  rho_utility.o [1]
  .text              ro code   0x800'4cbc    0x5e  ABImemset.o [4]
  .text              ro code   0x800'4d1c    0xb4  rho_pid.o [1]
  .text              ro code   0x800'4dd0    0x98  rho_kalman.o [1]
  .text              ro code   0x800'4e68    0x20  DblCmpEq.o [3]
  .text              ro code   0x800'4e88    0x8c  system_stm32l4xx.o [1]
  .rodata            const     0x800'4f14    0x6c  system.o [1]
  .text              ro code   0x800'4f80    0x40  stm32l4xx_it.o [1]
  .text              ro code   0x800'4fc0    0x10  stm32l4xx_hal.o [1]
  .text              ro code   0x800'4fd0    0x28  data_init.o [4]
  .text              ro code   0x800'4ff8    0x22  fpinit_M.o [3]
  .iar.init_table    const     0x800'501c    0x20  - Linker created -
  .text              ro code   0x800'503c    0x1e  cmain.o [4]
  .text              ro code   0x800'505a     0x4  low_level_init.o [2]
  .text              ro code   0x800'505e     0x4  exit.o [2]
  .text              ro code   0x800'5064     0xa  cexit.o [4]
  .text              ro code   0x800'5070    0x10  startup_stm32l432xx.o [1]
  .text              ro code   0x800'5080     0xc  cstartup_M.o [4]
  .rodata            const     0x800'508c     0x8  system_stm32l4xx.o [1]
  .rodata            const     0x800'5094     0x6  xlocale_c.o [2]
  .text              ro code   0x800'509a     0x4  startup_stm32l432xx.o [1]
  .text              ro code   0x800'509e     0x4  startup_stm32l432xx.o [1]
  .text              ro code   0x800'50a2     0x4  startup_stm32l432xx.o [1]
  .text              ro code   0x800'50a6     0x4  startup_stm32l432xx.o [1]
  .text              ro code   0x800'50aa     0x4  startup_stm32l432xx.o [1]
  .text              ro code   0x800'50ae     0x4  startup_stm32l432xx.o [1]
  .text              ro code   0x800'50b2     0x4  startup_stm32l432xx.o [1]
  .text              ro code   0x800'50b6     0x4  startup_stm32l432xx.o [1]
  .text              ro code   0x800'50ba     0x4  startup_stm32l432xx.o [1]
  .text              ro code   0x800'50be     0x4  startup_stm32l432xx.o [1]
  .text              ro code   0x800'50c2     0x4  startup_stm32l432xx.o [1]
  .text              ro code   0x800'50c6     0x4  startup_stm32l432xx.o [1]
  .text              ro code   0x800'50ca     0x4  startup_stm32l432xx.o [1]
  .text              ro code   0x800'50ce     0x4  startup_stm32l432xx.o [1]
  .text              ro code   0x800'50d2     0x4  startup_stm32l432xx.o [1]
  .text              ro code   0x800'50d6     0x4  startup_stm32l432xx.o [1]
  .text              ro code   0x800'50da     0x4  startup_stm32l432xx.o [1]
  .text              ro code   0x800'50de     0x4  startup_stm32l432xx.o [1]
  .text              ro code   0x800'50e2     0x4  startup_stm32l432xx.o [1]
  .text              ro code   0x800'50e6     0x4  startup_stm32l432xx.o [1]
  .text              ro code   0x800'50ea     0x4  startup_stm32l432xx.o [1]
  .text              ro code   0x800'50ee     0x4  startup_stm32l432xx.o [1]
  .text              ro code   0x800'50f2     0x4  startup_stm32l432xx.o [1]
  .text              ro code   0x800'50f6     0x4  startup_stm32l432xx.o [1]
  .text              ro code   0x800'50fa     0x4  startup_stm32l432xx.o [1]
  .text              ro code   0x800'50fe     0x4  startup_stm32l432xx.o [1]
  .text              ro code   0x800'5102     0x4  startup_stm32l432xx.o [1]
  .text              ro code   0x800'5106     0x4  startup_stm32l432xx.o [1]
  .text              ro code   0x800'510a     0x4  startup_stm32l432xx.o [1]
  .text              ro code   0x800'510e     0x4  startup_stm32l432xx.o [1]
  .text              ro code   0x800'5112     0x4  startup_stm32l432xx.o [1]
  .text              ro code   0x800'5116     0x4  startup_stm32l432xx.o [1]
  .text              ro code   0x800'511a     0x4  startup_stm32l432xx.o [1]
  .text              ro code   0x800'511e     0x4  startup_stm32l432xx.o [1]
  .text              ro code   0x800'5122     0x4  startup_stm32l432xx.o [1]
  .text              ro code   0x800'5126     0x4  startup_stm32l432xx.o [1]
  .text              ro code   0x800'512a     0x4  startup_stm32l432xx.o [1]
  .text              ro code   0x800'512e     0x4  startup_stm32l432xx.o [1]
  .text              ro code   0x800'5132     0x4  startup_stm32l432xx.o [1]
  .text              ro code   0x800'5136     0x4  startup_stm32l432xx.o [1]
  .text              ro code   0x800'513a     0x4  startup_stm32l432xx.o [1]
  .text              ro code   0x800'513e     0x4  startup_stm32l432xx.o [1]
  .text              ro code   0x800'5142     0x4  startup_stm32l432xx.o [1]
  .text              ro code   0x800'5146     0x4  startup_stm32l432xx.o [1]
  .text              ro code   0x800'514a     0x4  startup_stm32l432xx.o [1]
  .text              ro code   0x800'514e     0x4  startup_stm32l432xx.o [1]
  .text              ro code   0x800'5152     0x4  startup_stm32l432xx.o [1]
  .text              ro code   0x800'5156     0x4  startup_stm32l432xx.o [1]
  .text              ro code   0x800'515a     0x4  startup_stm32l432xx.o [1]
  .text              ro code   0x800'515e     0x4  startup_stm32l432xx.o [1]
  .text              ro code   0x800'5162     0x4  startup_stm32l432xx.o [1]
  .text              ro code   0x800'5166     0x4  startup_stm32l432xx.o [1]
  .text              ro code   0x800'516a     0x4  startup_stm32l432xx.o [1]
  .text              ro code   0x800'516e     0x4  startup_stm32l432xx.o [1]
  .text              ro code   0x800'5172     0x4  startup_stm32l432xx.o [1]
  .rodata            const     0x800'5176     0x0  zero_init3.o [4]
  .rodata            const     0x800'5176     0x0  lz77_init_single.o [4]
  Initializer bytes  const     0x800'5176   0x166  <for P2-1>
                             - 0x800'52dc  0x5150

"P2", part 1 of 3:                         0x17ac
  P2-1                        0x2000'0000  0x17ac  <Init block>
    .data            inited   0x2000'0000  0x1508  rho_client.o [1]
    .data            inited   0x2000'1508    0x94  master.o [1]
    .data            inited   0x2000'159c    0x50  master.o [1]
    .data            inited   0x2000'15ec     0xc  OV9712.o [1]
    .data            inited   0x2000'15f8     0xc  stm32l4xx_hal.o [1]
    .data            inited   0x2000'1604   0x124  system.o [1]
    .data            inited   0x2000'1728     0x4  system_stm32l4xx.o [1]
    .data            inited   0x2000'172c    0x38  xlocale_c.o [2]
    .data            inited   0x2000'1764    0x48  xlocale_c.o [2]
                            - 0x2000'17ac  0x17ac

"P2", part 2 of 3:                         0x1140
  .bss               zero     0x2000'17ac   0xe5c  rho_client.o [1]
  .bss               zero     0x2000'2608    0xdc  main.o [1]
  .bss               zero     0x2000'26e4    0x50  rho_client.o [1]
  .bss               zero     0x2000'2734    0x50  rho_client.o [1]
  .bss               zero     0x2000'2784    0x50  rho_client.o [1]
  .bss               zero     0x2000'27d4    0x48  main.o [1]
  .bss               zero     0x2000'281c    0x48  main.o [1]
  .bss               zero     0x2000'2864    0x34  rho_client.o [1]
  .bss               zero     0x2000'2898    0x34  rho_client.o [1]
  .bss               zero     0x2000'28cc    0x14  stm32_interface.o [1]
  .bss               zero     0x2000'28e0     0x4  xfail_s.o [2]
  .bss               zero     0x2000'28e4     0x4  no_free_heap0.o [2]
  .bss               zero     0x2000'28e8     0x4  xgetmemchunk.o [2]
                            - 0x2000'28ec  0x1140

"P2", part 3 of 3:                          0x600
  CSTACK                      0x2000'28f0   0x400  <Block>
    CSTACK           uninit   0x2000'28f0   0x400  <Block tail>
  HEAP                        0x2000'2cf0   0x200  <Block>
    HEAP             uninit   0x2000'2cf0   0x200  <Block tail>
                            - 0x2000'2ef0   0x600

Unused ranges:

         From           To      Size
         ----           --      ----
   0x800'52dc   0x803'ffff  0x3'ad24
  0x2000'28ec  0x2000'28ef       0x4
  0x2000'2ef0  0x2000'ffff    0xd110


*******************************************************************************
*** INIT TABLE
***

          Address      Size
          -------      ----
Zero (__iar_zero_init3)
    1 destination range, total size 0x1140:
          0x2000'17ac  0x1140

Copy/lz77 (__iar_lz77_init_single3)
    1 source range, total size 0x166 (5% of destination):
           0x800'5176   0x166
    1 destination range, total size 0x17ac:
          0x2000'0000  0x17ac



*******************************************************************************
*** MODULE SUMMARY
***

    Module                  ro code  ro data  rw data
    ------                  -------  -------  -------
command line/config:
    -------------------------------------------------
    Total:

C:\Users\Matthew Fonken\Desktop\marbl\Techincal\combine\general\rho\rho_mod_v5\EWARM\rho_mod_v5\Obj: [1]
    OV9712.o                    198        1       12
    main.o                      794               364
    master.o                    204       13      228
    platform.o                  140
    printers.o                   20
    rho_client.o                608      318    9 404
    rho_core.o                   68
    rho_kalman.o                152
    rho_pid.o                   180
    rho_utility.o               652
    startup_stm32l432xx.o       632
    stm32_interface.o           282                20
    stm32l4xx_hal.o             166                12
    stm32l4xx_hal_cortex.o      228
    stm32l4xx_hal_dma.o         642
    stm32l4xx_hal_gpio.o        444
    stm32l4xx_hal_i2c.o         972
    stm32l4xx_hal_i2c_ex.o      188
    stm32l4xx_hal_msp.o         516
    stm32l4xx_hal_pwr.o          16
    stm32l4xx_hal_pwr_ex.o      136
    stm32l4xx_hal_rcc.o       2 004
    stm32l4xx_hal_rcc_ex.o      880
    stm32l4xx_hal_tim.o         908
    stm32l4xx_hal_tim_ex.o       84
    stm32l4xx_hal_usart.o     1 090
    stm32l4xx_it.o               64
    system.o                    176      126      292
    system_stm32l4xx.o          140        8        4
    -------------------------------------------------
    Total:                   12 584      466   10 336

dl7M_tlf.a: [2]
    abort.o                       6
    exit.o                        4
    low_level_init.o              4
    no_free_heap0.o              72                 4
    sprintf.o                    64
    xencoding_8859_1.o           30
    xfail_s.o                    64                 4
    xgetmemchunk.o               44                 4
    xlocale_c.o                 120       14      128
    xmbcurmax.o                  10
    xprintffull.o             3 962
    xsprout.o                    10
    -------------------------------------------------
    Total:                    4 390       14      140

m7M_tls.a: [3]
    DblAdd.o                    362
    DblCmpEq.o                   32
    DblCmpGe.o                   46
    DblCmpLe.o                   46
    DblDiv.o                    582
    DblMul.o                    418
    DblSub.o                    226
    DblToS32.o                   58
    DblToU32.o                   40
    S32ToDbl.o                   34
    U32ToDbl.o                   26
    fpinit_M.o                   34
    frexp.o                     112
    ldexp.o                     314
    -------------------------------------------------
    Total:                    2 330

rt7M_tl.a: [4]
    ABImemclr.o                   6
    ABImemclr4.o                  6
    ABImemcpy.o                 166
    ABImemset.o                  94
    ABImemset48.o                50
    I64DivMod.o                 560
    I64DivZer.o                   2
    cexit.o                      10
    cmain.o                      30
    cstartup_M.o                 12
    data_init.o                  40
    lz77_init_single.o          122
    memchr.o                     88
    strchr.o                     22
    strlen.o                     54
    zero_init3.o                 58
    -------------------------------------------------
    Total:                    1 320

shb_l.a: [5]
    exit.o                       20
    -------------------------------------------------
    Total:                       20

    Gaps                         54        2
    Linker created                        32    1 536
-----------------------------------------------------
    Grand Total:             20 698      514   12 012


*******************************************************************************
*** ENTRY LIST
***

Entry                       Address    Size  Type      Object
-----                       -------    ----  ----      ------
.iar.init_table$$Base    0x800'501c           --   Gb  - Linker created -
.iar.init_table$$Limit   0x800'503c           --   Gb  - Linker created -
?main                    0x800'503d          Code  Gb  cmain.o [4]
AHBPrescTable            0x800'4ed4    0x10  Data  Gb  system_stm32l4xx.o [1]
APBPrescTable            0x800'508c     0x8  Data  Gb  system_stm32l4xx.o [1]
ActivateRhoSystem        0x800'46d3     0x8  Code  Gb  rho_client.o [1]
ApplicationCore          0x800'3e8d     0x4  Code  Lc  master.o [1]
BACKGROUND_DENSITY_MAP_X
                        0x2000'2898    0x34  Data  Lc  rho_client.o [1]
BACKGROUND_DENSITY_MAP_Y
                        0x2000'2734    0x50  Data  Lc  rho_client.o [1]
BusFault_Handler         0x800'4f87     0x2  Code  Gb  stm32l4xx_it.o [1]
CSTACK$$Base            0x2000'28f0           --   Gb  - Linker created -
CSTACK$$Limit           0x2000'2cf0           --   Gb  - Linker created -
CacheMore                0x800'1185    0x24  Code  Lc  xlocale_c.o [2]
CaptureFrame             0x800'4549    0x82  Code  Gb  rho_client.o [1]
ConfigureApplication     0x800'3e49    0x2c  Code  Lc  master.o [1]
ConnectRhoSystemPlatformInterface
                         0x800'4759    0x1c  Code  Gb  rho_client.o [1]
ConnectToHost            0x800'3e2b    0x1e  Code  Lc  master.o [1]
DMA1_Channel7_IRQHandler
                         0x800'4fa1     0x6  Code  Gb  stm32l4xx_it.o [1]
DMA2_Channel6_IRQHandler
                         0x800'4fad     0x6  Code  Gb  stm32l4xx_it.o [1]
DeactivateBackgrounding
                         0x800'464b    0x24  Code  Gb  rho_client.o [1]
DeactivateRhoSystem      0x800'46db     0x6  Code  Gb  rho_client.o [1]
DebugMon_Handler         0x800'4f8d     0x2  Code  Gb  stm32l4xx_it.o [1]
Default_OV9712_Pins     0x2000'1570    0x20  Data  Lc  master.o [1]
EXTI0_IRQHandler         0x800'4f95     0x6  Code  Gb  stm32l4xx_it.o [1]
EXTI1_IRQHandler         0x800'4f9b     0x6  Code  Gb  stm32l4xx_it.o [1]
EnterStateSystem         0x800'4805    0x10  Code  Gb  system.o [1]
ErrorStateHandler        0x800'3e91     0x2  Code  Lc  master.o [1]
Error_Handler            0x800'312d     0x2  Code  Gb  main.o [1]
ExitInitialization       0x800'3e75    0x18  Code  Lc  master.o [1]
FOREGROUND_DENSITY_MAP_X
                        0x2000'2864    0x34  Data  Lc  rho_client.o [1]
FOREGROUND_DENSITY_MAP_Y
                        0x2000'26e4    0x50  Data  Lc  rho_client.o [1]
GetStateFromListSystem   0x800'482b    0x1c  Code  Gb  system.o [1]
GetStateSystem           0x800'47af     0x4  Code  Gb  system.o [1]
HAL_DMA_Abort_IT         0x800'2d07    0x4a  Code  Gb  stm32l4xx_hal_dma.o [1]
HAL_DMA_IRQHandler       0x800'2d51    0xc0  Code  Gb  stm32l4xx_hal_dma.o [1]
HAL_DMA_Init             0x800'2b91    0xbe  Code  Gb  stm32l4xx_hal_dma.o [1]
HAL_DMA_Start_IT         0x800'2c77    0x90  Code  Gb  stm32l4xx_hal_dma.o [1]
HAL_Delay                0x800'3cc5    0x28  Code  Wk  stm32l4xx_hal.o [1]
HAL_GPIO_EXTI_Callback   0x800'2a75    0x42  Code  Gb  stm32_interface.o [1]
HAL_GPIO_EXTI_IRQHandler
                         0x800'28df    0x10  Code  Gb  stm32l4xx_hal_gpio.o [1]
HAL_GPIO_Init            0x800'274d   0x188  Code  Gb  stm32l4xx_hal_gpio.o [1]
HAL_GPIO_WritePin        0x800'28d5     0xa  Code  Gb  stm32l4xx_hal_gpio.o [1]
HAL_GetTick              0x800'2741     0xc  Code  Wk  stm32l4xx_hal.o [1]
HAL_I2CEx_ConfigAnalogFilter
                         0x800'3d0d    0x3a  Code  Gb  stm32l4xx_hal_i2c_ex.o [1]
HAL_I2CEx_ConfigDigitalFilter
                         0x800'3d47    0x34  Code  Gb  stm32l4xx_hal_i2c_ex.o [1]
HAL_I2CEx_EnableFastModePlus
                         0x800'3d99    0x1e  Code  Gb  stm32l4xx_hal_i2c_ex.o [1]
HAL_I2C_Init             0x800'38f9    0xaa  Code  Gb  stm32l4xx_hal_i2c.o [1]
HAL_I2C_Master_Transmit
                         0x800'39a3   0x138  Code  Gb  stm32l4xx_hal_i2c.o [1]
HAL_I2C_MspInit          0x800'42af    0x62  Code  Gb  stm32l4xx_hal_msp.o [1]
HAL_IncTick              0x800'4fc1    0x10  Code  Wk  stm32l4xx_hal.o [1]
HAL_Init                 0x800'3ced    0x1e  Code  Gb  stm32l4xx_hal.o [1]
HAL_InitTick             0x800'26fd    0x44  Code  Wk  stm32l4xx_hal.o [1]
HAL_MspInit              0x800'4271    0x3e  Code  Gb  stm32l4xx_hal_msp.o [1]
HAL_NVIC_DisableIRQ      0x800'2a13    0x1e  Code  Gb  stm32l4xx_hal_cortex.o [1]
HAL_NVIC_EnableIRQ       0x800'29fd    0x16  Code  Gb  stm32l4xx_hal_cortex.o [1]
HAL_NVIC_SetPriority     0x800'29ab    0x52  Code  Gb  stm32l4xx_hal_cortex.o [1]
HAL_NVIC_SetPriorityGrouping
                         0x800'2991    0x1a  Code  Gb  stm32l4xx_hal_cortex.o [1]
HAL_PWREx_ControlVoltageScaling
                         0x800'2915    0x6e  Code  Gb  stm32l4xx_hal_pwr_ex.o [1]
HAL_PWREx_GetVoltageRange
                         0x800'2909     0xc  Code  Gb  stm32l4xx_hal_pwr_ex.o [1]
HAL_PWR_EnableBkUpAccess
                         0x800'3ef1     0xc  Code  Gb  stm32l4xx_hal_pwr.o [1]
HAL_RCCEx_EnableMSIPLLMode
                         0x800'413d     0xe  Code  Gb  stm32l4xx_hal_rcc_ex.o [1]
HAL_RCCEx_PeriphCLKConfig
                         0x800'3f01   0x23c  Code  Gb  stm32l4xx_hal_rcc_ex.o [1]
HAL_RCC_ClockConfig      0x800'2439   0x110  Code  Gb  stm32l4xx_hal_rcc.o [1]
HAL_RCC_GetPCLK1Freq     0x800'2621    0x10  Code  Gb  stm32l4xx_hal_rcc.o [1]
HAL_RCC_GetPCLK2Freq     0x800'2631     0xe  Code  Gb  stm32l4xx_hal_rcc.o [1]
HAL_RCC_GetSysClockFreq
                         0x800'2591    0x90  Code  Gb  stm32l4xx_hal_rcc.o [1]
HAL_RCC_MCOConfig        0x800'2549    0x48  Code  Gb  stm32l4xx_hal_rcc.o [1]
HAL_RCC_OscConfig        0x800'1f29   0x510  Code  Gb  stm32l4xx_hal_rcc.o [1]
HAL_SYSTICK_Config       0x800'2a31    0x22  Code  Gb  stm32l4xx_hal_cortex.o [1]
HAL_TIMEx_MasterConfigSynchronization
                         0x800'3dc9    0x4e  Code  Gb  stm32l4xx_hal_tim_ex.o [1]
HAL_TIM_Base_Init        0x800'3131    0x1e  Code  Gb  stm32l4xx_hal_tim.o [1]
HAL_TIM_Base_MspInit     0x800'4311    0x92  Code  Gb  stm32l4xx_hal_msp.o [1]
HAL_TIM_IC_ConfigChannel
                         0x800'3183   0x11a  Code  Gb  stm32l4xx_hal_tim.o [1]
HAL_TIM_IC_Init          0x800'3163    0x20  Code  Gb  stm32l4xx_hal_tim.o [1]
HAL_TIM_SlaveConfigSynchro
                         0x800'329d    0x2e  Code  Gb  stm32l4xx_hal_tim.o [1]
HAL_UART_TxCpltCallback
                         0x800'2b49     0x8  Code  Gb  stm32_interface.o [1]
HAL_USART_IRQHandler     0x800'35f1   0x17a  Code  Gb  stm32l4xx_hal_usart.o [1]
HAL_USART_Init           0x800'34bd    0xb0  Code  Gb  stm32l4xx_hal_usart.o [1]
HAL_USART_MspInit        0x800'43a3    0xac  Code  Gb  stm32l4xx_hal_msp.o [1]
HAL_USART_Transmit_DMA   0x800'356d    0x84  Code  Gb  stm32l4xx_hal_usart.o [1]
HEAP$$Base              0x2000'2cf0           --   Gb  - Linker created -
HEAP$$Limit             0x2000'2ef0           --   Gb  - Linker created -
HardFault_Handler        0x800'4f83     0x2  Code  Gb  stm32l4xx_it.o [1]
I2C_Flush_TXDR           0x800'3b19    0x1c  Code  Lc  stm32l4xx_hal_i2c.o [1]
I2C_IsAcknowledgeFailed
                         0x800'3c27    0x70  Code  Lc  stm32l4xx_hal_i2c.o [1]
I2C_TransferConfig       0x800'3c97    0x24  Code  Lc  stm32l4xx_hal_i2c.o [1]
I2C_WaitOnFlagUntilTimeout
                         0x800'3b35    0x52  Code  Lc  stm32l4xx_hal_i2c.o [1]
I2C_WaitOnSTOPFlagUntilTimeout
                         0x800'3bdf    0x48  Code  Lc  stm32l4xx_hal_i2c.o [1]
I2C_WaitOnTXISFlagUntilTimeout
                         0x800'3b91    0x4e  Code  Lc  stm32l4xx_hal_i2c.o [1]
InitPlatform             0x800'488d    0x10  Code  Gb  platform.o [1]
InitSystem               0x800'47a9     0x6  Code  Gb  system.o [1]
InitializeDataRhoUtility
                         0x800'4a31    0x5e  Code  Gb  rho_utility.o [1]
InitializeDensityMapRhoUtility
                         0x800'4c01    0x5a  Code  Gb  rho_utility.o [1]
InitializeFiltersRhoUtility
                         0x800'4a91    0x48  Code  Gb  rho_utility.o [1]
InitializePlatform       0x800'3e1d     0xe  Code  Lc  master.o [1]
InitializePredictionRhoUtility
                         0x800'4b21    0xc2  Code  Gb  rho_utility.o [1]
InitializeRhoCore        0x800'4961    0x44  Code  Gb  rho_core.o [1]
InitializeRhoKalman      0x800'4dd1    0x8e  Code  Gb  rho_kalman.o [1]
InitializeRhoSystem      0x800'46f9    0x60  Code  Gb  rho_client.o [1]
IsInStateSystem          0x800'4815    0x16  Code  Gb  system.o [1]
LoadInt                  0x800'034f    0x7a  Code  Lc  xprintffull.o [2]
MSIRangeTable            0x800'4ee4    0x30  Data  Gb  system_stm32l4xx.o [1]
MX_GPIO_Init             0x800'3023    0xe6  Code  Lc  main.o [1]
Master                  0x2000'1554     0xc  Data  Lc  master.o [1]
Master_Connect           0x800'3e93     0x8  Code  Gb  master.o [1]
Master_Init              0x800'3e9b    0x2a  Code  Gb  master.o [1]
Master_Run               0x800'3ec5    0x14  Code  Gb  master.o [1]
MemManage_Handler        0x800'4f85     0x2  Code  Gb  stm32l4xx_it.o [1]
NMI_Handler              0x800'4f81     0x2  Code  Gb  stm32l4xx_it.o [1]
OV9712                  0x2000'1590     0xc  Data  Lc  master.o [1]
OV9712_Enable            0x800'4513    0x2e  Code  Lc  OV9712.o [1]
OV9712_Init              0x800'4481    0x6e  Code  Gb  OV9712.o [1]
OV9712_Write             0x800'44f5    0x1e  Code  Lc  OV9712.o [1]
OV9712_regs             0x2000'15ec     0xc  Data  Lc  OV9712.o [1]
PendSV_Handler           0x800'4f8f     0x2  Code  Gb  stm32l4xx_it.o [1]
PerformHostCommand       0x800'48b1    0x42  Code  Gb  platform.o [1]
PerformRhoSystemProcess
                         0x800'46c3    0x10  Code  Gb  rho_client.o [1]
PerformStateSystem       0x800'47f1    0x14  Code  Gb  system.o [1]
Platform                0x2000'1560    0x10  Data  Lc  master.o [1]
Platform                0x2000'28cc    0x10  Data  Lc  stm32_interface.o [1]
PlatformFunctions       0x2000'1508    0x4c  Data  Lc  master.o [1]
ProcessFrame             0x800'466f    0x3a  Code  Gb  rho_client.o [1]
ProcessFrameSection      0x800'45cd    0x7e  Code  Gb  rho_client.o [1]
ProcessRhoSystemFrameCapture
                         0x800'46a9    0x1a  Code  Gb  rho_client.o [1]
RCCEx_PLLSAI1_Config     0x800'414b   0x108  Code  Lc  stm32l4xx_hal_rcc_ex.o [1]
RCC_SetFlashLatencyFromMSIRange
                         0x800'2649    0x74  Code  Lc  stm32l4xx_hal_rcc.o [1]
ReceiveFromHost          0x800'48fd     0x8  Code  Gb  platform.o [1]
Region$$Table$$Base      0x800'501c           --   Gb  - Linker created -
Region$$Table$$Limit     0x800'503c           --   Gb  - Linker created -
RhoPIDInitialize         0x800'4d1d    0x9e  Code  Gb  rho_pid.o [1]
RhoSystem               0x2000'0000  0x1508  Data  Lc  rho_client.o [1]
STM_I2CMasterTx          0x800'2b59     0xc  Code  Gb  stm32_interface.o [1]
STM_InitDMA              0x800'2adb    0x3e  Code  Gb  stm32_interface.o [1]
STM_InterruptDisable     0x800'2ac9    0x12  Code  Gb  stm32_interface.o [1]
STM_InterruptEnable      0x800'2ab7    0x12  Code  Gb  stm32_interface.o [1]
STM_PauseDMA             0x800'2b19     0xa  Code  Gb  stm32_interface.o [1]
STM_ResetDMA             0x800'2b2f    0x10  Code  Gb  stm32_interface.o [1]
STM_ResumeDMA            0x800'2b23     0xc  Code  Gb  stm32_interface.o [1]
STM_SetPortMode          0x800'2b65    0x1e  Code  Gb  stm32_interface.o [1]
STM_Timestamp            0x800'2b87     0x4  Code  Gb  stm32_interface.o [1]
STM_UartRxDMA            0x800'2b45     0x4  Code  Gb  stm32_interface.o [1]
STM_UartTxDMA            0x800'2b3f     0x6  Code  Gb  stm32_interface.o [1]
STM_Wait                 0x800'2b8b     0x4  Code  Gb  stm32_interface.o [1]
STM_WritePin             0x800'2b83     0x4  Code  Gb  stm32_interface.o [1]
SVC_Handler              0x800'4f8b     0x2  Code  Gb  stm32l4xx_it.o [1]
SetPortMode              0x800'48a7     0xa  Code  Gb  platform.o [1]
SetStateSystem           0x800'47b5    0x32  Code  Gb  system.o [1]
SysTick_Handler          0x800'4f91     0x4  Code  Gb  stm32l4xx_it.o [1]
System                  0x2000'159c     0x8  Data  Lc  master.o [1]
SystemClock_Config       0x800'2f8b    0x98  Code  Gb  main.o [1]
SystemCoreClock         0x2000'1728     0x4  Data  Gb  system_stm32l4xx.o [1]
SystemInit               0x800'4e89    0x3c  Code  Gb  system_stm32l4xx.o [1]
TIM_Base_SetConfig       0x800'32ed    0x66  Code  Gb  stm32l4xx_hal_tim.o [1]
TIM_CCxChannelCmd        0x800'349b    0x20  Code  Gb  stm32l4xx_hal_tim.o [1]
TIM_SlaveTimer_SetConfig
                         0x800'3353    0xb6  Code  Lc  stm32l4xx_hal_tim.o [1]
TIM_TI1_SetConfig        0x800'3409    0x48  Code  Gb  stm32l4xx_hal_tim.o [1]
TIM_TI2_SetConfig        0x800'3465    0x36  Code  Lc  stm32l4xx_hal_tim.o [1]
TransmitRhoSystemPacket
                         0x800'46e7    0x12  Code  Gb  rho_client.o [1]
TransmitToHost           0x800'48f3     0xa  Code  Gb  platform.o [1]
USART1_IRQHandler        0x800'4fa7     0x6  Code  Gb  stm32l4xx_it.o [1]
USART_DMAAbortOnError    0x800'37f9     0xc  Code  Lc  stm32l4xx_hal_usart.o [1]
USART_DMAError           0x800'37c5    0x32  Code  Lc  stm32l4xx_hal_usart.o [1]
USART_DMATransmitCplt    0x800'3789    0x34  Code  Lc  stm32l4xx_hal_usart.o [1]
USART_DMATxHalfCplt      0x800'37bd     0x6  Code  Lc  stm32l4xx_hal_usart.o [1]
USART_EndTransfer        0x800'376b    0x1c  Code  Lc  stm32l4xx_hal_usart.o [1]
USART_SetConfig          0x800'3805    0xd4  Code  Lc  stm32l4xx_hal_usart.o [1]
UsageFault_Handler       0x800'4f89     0x2  Code  Gb  stm32l4xx_it.o [1]
WritePin                 0x800'489d     0xa  Code  Gb  platform.o [1]
ZeroRhoSystemMemory      0x800'4775    0x18  Code  Gb  rho_client.o [1]
_Encoding_8859_1_Mbrlen
                         0x800'12d1     0x2  Code  Gb  xencoding_8859_1.o [2]
_Encoding_8859_1_Wctomb
                         0x800'12bf    0x12  Code  Gb  xencoding_8859_1.o [2]
_GenldFull               0x800'0de1   0x274  Code  Lc  xprintffull.o [2]
_LdtobFull               0x800'09b5   0x400  Code  Lc  xprintffull.o [2]
_LitobFull               0x800'085d   0x112  Code  Lc  xprintffull.o [2]
_Locale_lconv           0x2000'172c    0x38  Data  Lc  xlocale_c.o [2]
_PrintfFull              0x800'018d   0x1aa  Code  Gb  xprintffull.o [2]
_PutcharsFull            0x800'1055    0x2e  Code  Lc  xprintffull.o [2]
_PutfldFull              0x800'03c9   0x2d8  Code  Lc  xprintffull.o [2]
_PutstrFull              0x800'0797    0xc6  Code  Lc  xprintffull.o [2]
_PuttxtFull              0x800'06a1    0xf6  Code  Lc  xprintffull.o [2]
_SProut                  0x800'133f     0xa  Code  Gb  xsprout.o [2]
__aeabi_cdcmpeq          0x800'4e69          Code  Gb  DblCmpEq.o [3]
__aeabi_cdcmple          0x800'1835          Code  Gb  DblCmpLe.o [3]
__aeabi_cdrcmple         0x800'1865          Code  Gb  DblCmpGe.o [3]
__aeabi_d2iz             0x800'19d1          Code  Gb  DblToS32.o [3]
__aeabi_d2uiz            0x800'1d5d          Code  Gb  DblToU32.o [3]
__aeabi_ddiv             0x800'1b15          Code  Gb  DblDiv.o [3]
__aeabi_dmul             0x800'1621          Code  Gb  DblMul.o [3]
__aeabi_dsub             0x800'1a31          Code  Gb  DblSub.o [3]
__aeabi_i2d              0x800'1a0d          Code  Gb  S32ToDbl.o [3]
__aeabi_ldiv0            0x800'1da5          Code  Gb  I64DivZer.o [4]
__aeabi_memclr           0x800'49a5          Code  Gb  ABImemclr.o [4]
__aeabi_memclr4          0x800'3ee9          Code  Gb  ABImemclr4.o [4]
__aeabi_memcpy           0x800'1349          Code  Gb  ABImemcpy.o [4]
__aeabi_memcpy4          0x800'1369          Code  Gb  ABImemcpy.o [4]
__aeabi_memcpy8          0x800'1369          Code  Gb  ABImemcpy.o [4]
__aeabi_ui2d             0x800'1d85          Code  Gb  U32ToDbl.o [3]
__aeabi_uldivmod         0x800'13f1          Code  Gb  I64DivMod.o [4]
__cmain                  0x800'503d          Code  Gb  cmain.o [4]
__data_GetMemChunk       0x800'4a01    0x2c  Code  Gb  xgetmemchunk.o [2]
__data_GetMemChunk::start
                        0x2000'28e8     0x4  Data  Lc  xgetmemchunk.o [2]
__exit                   0x800'1f15    0x14  Code  Gb  exit.o [5]
__iar_Fail_s             0x800'1249    0x1c  Code  Gb  xfail_s.o [2]
__iar_Mbcurmax           0x800'1335     0xa  Code  Gb  xmbcurmax.o [2]
__iar_Memchr             0x800'12dd          Code  Gb  memchr.o [4]
__iar_Memset4_word       0x800'4859          Code  Gb  ABImemset48.o [4]
__iar_Memset8_word       0x800'4859          Code  Gb  ABImemset48.o [4]
__iar_Memset_word        0x800'4cbd          Code  Gb  ABImemset.o [4]
__iar_Strchr             0x800'11f9          Code  Gb  strchr.o [4]
__iar_dadd               0x800'1a41          Code  Gb  DblSub.o [3]
__iar_data_init3         0x800'4fd1    0x28  Code  Gb  data_init.o [4]
__iar_dsub               0x800'1da9          Code  Gb  DblAdd.o [3]
__iar_dsubStart          0x800'1dbb          Code  Gb  DblAdd.o [3]
__iar_frexp              0x800'17d1          Code  Gb  frexp.o [3]
__iar_frexpl             0x800'17d1          Code  Gb  frexp.o [3]
__iar_globLocale        0x2000'1764    0x48  Data  Lc  xlocale_c.o [2]
__iar_global_Locale      0x800'1181     0x4  Code  Gb  xlocale_c.o [2]
__iar_init_vfp           0x800'4ff9          Code  Gb  fpinit_M.o [3]
__iar_ldexp64            0x800'1895          Code  Gb  ldexp.o [3]
__iar_lz77_init_single3
                         0x800'1107    0x7a  Code  Gb  lz77_init_single.o [4]
__iar_program_start      0x800'5081          Code  Gb  cstartup_M.o [4]
__iar_scalbln64          0x800'1895          Code  Gb  ldexp.o [3]
__iar_scalbn64           0x800'1895          Code  Gb  ldexp.o [3]
__iar_softfp___iar_frexp64
                         0x800'17c5          Code  Gb  frexp.o [3]
__iar_softfp_frexp       0x800'17c5          Code  Gb  frexp.o [3]
__iar_softfp_frexpl      0x800'17c5          Code  Gb  frexp.o [3]
__iar_zero_init3         0x800'120f    0x3a  Code  Gb  zero_init3.o [4]
__low_level_init         0x800'505b     0x4  Code  Gb  low_level_init.o [2]
__no_free_malloc         0x800'4919    0x44  Code  Gb  no_free_heap0.o [2]
__vector_table           0x800'0000          Data  Gb  startup_stm32l432xx.o [1]
_call_main               0x800'5049          Code  Gb  cmain.o [4]
_capture_buffer_internal
                        0x2000'2784    0x50  Data  Lc  rho_client.o [1]
_dma_destination        0x2000'28dc     0x4  Data  Lc  stm32_interface.o [1]
_exit                    0x800'5065          Code  Gb  cexit.o [4]
_gLocale_mblen           0x800'11e5     0x4  Code  Gb  xlocale_c.o [2]
_gLocale_mblenInt        0x800'11a9    0x2c  Code  Gb  xlocale_c.o [2]
_gLocale_wctomb          0x800'11e9     0x4  Code  Gb  xlocale_c.o [2]
_gLocale_wctombInt       0x800'11e1     0x4  Code  Gb  xlocale_c.o [2]
_main                    0x800'5057          Code  Gb  cmain.o [4]
_thresh_buffer_internal
                        0x2000'17ac   0xe5c  Data  Lc  rho_client.o [1]
abort                    0x800'1d9f     0x6  Code  Gb  abort.o [2]
exit                     0x800'505f     0x4  Code  Gb  exit.o [2]
global_states_list      0x2000'15a4    0x48  Data  Lc  master.o [1]
hdma_tim2_ch2_ch4       0x2000'27d4    0x48  Data  Gb  main.o [1]
hdma_usart1_tx          0x2000'281c    0x48  Data  Gb  main.o [1]
hi2c1                   0x2000'2608    0x4c  Data  Gb  main.o [1]
htim2                   0x2000'26a4    0x40  Data  Gb  main.o [1]
husart1                 0x2000'2654    0x50  Data  Gb  main.o [1]
ldexp                    0x800'1895          Code  Gb  ldexp.o [3]
ldexpl                   0x800'1895          Code  Gb  ldexp.o [3]
localeconv               0x800'11ed     0x4  Code  Gb  xlocale_c.o [2]
main                     0x800'2e15   0x176  Code  Gb  main.o [1]
memchr                   0x800'12dd          Code  Gb  memchr.o [4]
print                    0x800'49ab    0x14  Code  Gb  printers.o [1]
qs                      0x2000'28e4     0x4  Data  Lc  no_free_heap0.o [2]
scalbln                  0x800'1895          Code  Gb  ldexp.o [3]
scalblnl                 0x800'1895          Code  Gb  ldexp.o [3]
scalbn                   0x800'1895          Code  Gb  ldexp.o [3]
scalbnl                  0x800'1895          Code  Gb  ldexp.o [3]
scale                    0x800'096f    0x46  Code  Lc  xprintffull.o [2]
sec_hand                0x2000'28e0     0x4  Data  Lc  xfail_s.o [2]
sprintf                  0x800'49c1    0x40  Code  Gb  sprintf.o [2]
str_buf                 0x2000'1628   0x100  Data  Lc  system.o [1]
strchr                   0x800'11f9          Code  Gb  strchr.o [4]
strlen                   0x800'1289          Code  Gb  strlen.o [4]
system_state_enum_strings
                        0x2000'1604    0x24  Data  Lc  system.o [1]
uwTick                  0x2000'15f8     0x4  Data  Gb  stm32l4xx_hal.o [1]
uwTickFreq              0x2000'1600     0x4  Data  Gb  stm32l4xx_hal.o [1]
uwTickPrio              0x2000'15fc     0x4  Data  Gb  stm32l4xx_hal.o [1]


[1] = C:\Users\Matthew Fonken\Desktop\marbl\Techincal\combine\general\rho\rho_mod_v5\EWARM\rho_mod_v5\Obj
[2] = dl7M_tlf.a
[3] = m7M_tls.a
[4] = rt7M_tl.a
[5] = shb_l.a

  20 698 bytes of readonly  code memory
     514 bytes of readonly  data memory
  12 012 bytes of readwrite data memory

Errors: none
Warnings: none
