Component: ARM Compiler 5.06 update 5 (build 528) Tool: armlink [4d35e2]

==============================================================================

Section Cross References

    startup_stm32l432xx.o(STACK) refers (Special) to heapauxi.o(.text) for __use_two_region_memory
    startup_stm32l432xx.o(HEAP) refers (Special) to heapauxi.o(.text) for __use_two_region_memory
    startup_stm32l432xx.o(RESET) refers (Special) to heapauxi.o(.text) for __use_two_region_memory
    startup_stm32l432xx.o(RESET) refers to startup_stm32l432xx.o(STACK) for __initial_sp
    startup_stm32l432xx.o(RESET) refers to startup_stm32l432xx.o(.text) for Reset_Handler
    startup_stm32l432xx.o(RESET) refers to stm32l4xx_it.o(i.NMI_Handler) for NMI_Handler
    startup_stm32l432xx.o(RESET) refers to stm32l4xx_it.o(i.HardFault_Handler) for HardFault_Handler
    startup_stm32l432xx.o(RESET) refers to stm32l4xx_it.o(i.MemManage_Handler) for MemManage_Handler
    startup_stm32l432xx.o(RESET) refers to stm32l4xx_it.o(i.BusFault_Handler) for BusFault_Handler
    startup_stm32l432xx.o(RESET) refers to stm32l4xx_it.o(i.UsageFault_Handler) for UsageFault_Handler
    startup_stm32l432xx.o(RESET) refers to stm32l4xx_it.o(i.SVC_Handler) for SVC_Handler
    startup_stm32l432xx.o(RESET) refers to stm32l4xx_it.o(i.DebugMon_Handler) for DebugMon_Handler
    startup_stm32l432xx.o(RESET) refers to stm32l4xx_it.o(i.PendSV_Handler) for PendSV_Handler
    startup_stm32l432xx.o(RESET) refers to stm32l4xx_it.o(i.SysTick_Handler) for SysTick_Handler
    startup_stm32l432xx.o(RESET) refers to stm32l4xx_it.o(i.EXTI0_IRQHandler) for EXTI0_IRQHandler
    startup_stm32l432xx.o(RESET) refers to stm32l4xx_it.o(i.EXTI1_IRQHandler) for EXTI1_IRQHandler
    startup_stm32l432xx.o(RESET) refers to stm32l4xx_it.o(i.DMA1_Channel7_IRQHandler) for DMA1_Channel7_IRQHandler
    startup_stm32l432xx.o(RESET) refers to stm32l4xx_it.o(i.USART1_IRQHandler) for USART1_IRQHandler
    startup_stm32l432xx.o(RESET) refers to stm32l4xx_it.o(i.DMA2_Channel6_IRQHandler) for DMA2_Channel6_IRQHandler
    startup_stm32l432xx.o(.text) refers (Special) to heapauxi.o(.text) for __use_two_region_memory
    startup_stm32l432xx.o(.text) refers to system_stm32l4xx.o(i.SystemInit) for SystemInit
    startup_stm32l432xx.o(.text) refers to __main.o(!!!main) for __main
    startup_stm32l432xx.o(.text) refers to startup_stm32l432xx.o(HEAP) for Heap_Mem
    startup_stm32l432xx.o(.text) refers to startup_stm32l432xx.o(STACK) for Stack_Mem
    stm32l4xx_hal_dma.o(i.HAL_DMA_PollForTransfer) refers to stm32l4xx_hal.o(i.HAL_GetTick) for HAL_GetTick
    stm32l4xx_hal_dma.o(i.HAL_DMA_Start) refers to stm32l4xx_hal_dma.o(i.DMA_SetConfig) for DMA_SetConfig
    stm32l4xx_hal_dma.o(i.HAL_DMA_Start_IT) refers to stm32l4xx_hal_dma.o(i.DMA_SetConfig) for DMA_SetConfig
    stm32l4xx_hal_gpio.o(i.HAL_GPIO_EXTI_IRQHandler) refers to master.o(i.HAL_GPIO_EXTI_Callback) for HAL_GPIO_EXTI_Callback
    stm32l4xx_hal_cortex.o(i.HAL_NVIC_SetPriority) refers to stm32l4xx_hal_cortex.o(i.NVIC_SetPriority) for NVIC_SetPriority
    stm32l4xx_hal_cortex.o(i.HAL_SYSTICK_Config) refers to stm32l4xx_hal_cortex.o(i.NVIC_SetPriority) for NVIC_SetPriority
    stm32l4xx_hal_cortex.o(i.HAL_SYSTICK_IRQHandler) refers to stm32l4xx_hal_cortex.o(i.HAL_SYSTICK_Callback) for HAL_SYSTICK_Callback
    stm32l4xx_hal_i2c.o(i.HAL_I2C_DeInit) refers to stm32l4xx_hal_msp.o(i.HAL_I2C_MspDeInit) for HAL_I2C_MspDeInit
    stm32l4xx_hal_i2c.o(i.HAL_I2C_DisableListen_IT) refers to stm32l4xx_hal_i2c.o(i.I2C_Disable_IRQ) for I2C_Disable_IRQ
    stm32l4xx_hal_i2c.o(i.HAL_I2C_ER_IRQHandler) refers to stm32l4xx_hal_i2c.o(i.I2C_ITError) for I2C_ITError
    stm32l4xx_hal_i2c.o(i.HAL_I2C_EnableListen_IT) refers to stm32l4xx_hal_i2c.o(i.I2C_Enable_IRQ) for I2C_Enable_IRQ
    stm32l4xx_hal_i2c.o(i.HAL_I2C_EnableListen_IT) refers to stm32l4xx_hal_i2c.o(i.I2C_Slave_ISR_IT) for I2C_Slave_ISR_IT
    stm32l4xx_hal_i2c.o(i.HAL_I2C_Init) refers to stm32l4xx_hal_msp.o(i.HAL_I2C_MspInit) for HAL_I2C_MspInit
    stm32l4xx_hal_i2c.o(i.HAL_I2C_IsDeviceReady) refers to stm32l4xx_hal.o(i.HAL_GetTick) for HAL_GetTick
    stm32l4xx_hal_i2c.o(i.HAL_I2C_IsDeviceReady) refers to stm32l4xx_hal_i2c.o(i.I2C_WaitOnFlagUntilTimeout) for I2C_WaitOnFlagUntilTimeout
    stm32l4xx_hal_i2c.o(i.HAL_I2C_Master_Abort_IT) refers to stm32l4xx_hal_i2c.o(i.I2C_Disable_IRQ) for I2C_Disable_IRQ
    stm32l4xx_hal_i2c.o(i.HAL_I2C_Master_Abort_IT) refers to stm32l4xx_hal_i2c.o(i.I2C_TransferConfig) for I2C_TransferConfig
    stm32l4xx_hal_i2c.o(i.HAL_I2C_Master_Abort_IT) refers to stm32l4xx_hal_i2c.o(i.I2C_Enable_IRQ) for I2C_Enable_IRQ
    stm32l4xx_hal_i2c.o(i.HAL_I2C_Master_Receive) refers to stm32l4xx_hal.o(i.HAL_GetTick) for HAL_GetTick
    stm32l4xx_hal_i2c.o(i.HAL_I2C_Master_Receive) refers to stm32l4xx_hal_i2c.o(i.I2C_WaitOnFlagUntilTimeout) for I2C_WaitOnFlagUntilTimeout
[...]
    .constdata                               0x08007978   Section        4  sys_io.o(.constdata)
    .constdata                               0x0800797c   Section        4  sys_io.o(.constdata)
    .constdata                               0x08007980   Section        4  sys_io.o(.constdata)
    .conststring                             0x08007984   Section       35  state_machine_utility.o(.conststring)
    locale$$data                             0x080079c8   Section       28  lc_numeric_c.o(locale$$data)
    __lcnum_c_name                           0x080079cc   Data           2  lc_numeric_c.o(locale$$data)
    __lcnum_c_start                          0x080079d4   Data           0  lc_numeric_c.o(locale$$data)
    __lcnum_c_point                          0x080079e0   Data           0  lc_numeric_c.o(locale$$data)
    __lcnum_c_thousands                      0x080079e2   Data           0  lc_numeric_c.o(locale$$data)
    __lcnum_c_grouping                       0x080079e3   Data           0  lc_numeric_c.o(locale$$data)
    __lcnum_c_end                            0x080079e4   Data           0  lc_numeric_c.o(locale$$data)
    .data                                    0x20000000   Section        4  stm32l4xx_hal.o(.data)
    .data                                    0x20000004   Section        4  system_stm32l4xx.o(.data)
    .data                                    0x20000008   Section     1800  master.o(.data)
    .data                                    0x20000710   Section        4  master.o(.data)
    .data                                    0x20000714   Section        4  master.o(.data)
    .data                                    0x20000718   Section        4  master.o(.data)
    .data                                    0x2000071c   Section        4  master.o(.data)
    .data                                    0x20000720   Section        4  master.o(.data)
    .data                                    0x20000724   Section        4  master.o(.data)
    .data                                    0x20000728   Section        4  master.o(.data)
    .data                                    0x2000072c   Section        4  master.o(.data)
    .data                                    0x20000730   Section        4  master.o(.data)
    .data                                    0x20000734   Section        4  master.o(.data)
    .data                                    0x20000738   Section        4  master.o(.data)
    .data                                    0x2000073c   Section        4  master.o(.data)
    .data                                    0x20000740   Section        4  master.o(.data)
    .data                                    0x20000744   Section       18  ov9712.o(.data)
    .data                                    0x20000758   Section       16  ov9712.o(.data)
    .data                                    0x20000768   Section        4  rho_utility.o(.data)
    packet_offset_lookup                     0x20000768   Data           4  rho_utility.o(.data)
    .data                                    0x2000076c   Section       28  rho_utility.o(.data)
    packet_value_lookup                      0x2000076c   Data          28  rho_utility.o(.data)
    .data                                    0x20000788   Section       36  state_machine_utility.o(.data)
    strings                                  0x20000788   Data          36  state_machine_utility.o(.data)
    .data                                    0x200007ac   Section        4  stdio_streams.o(.data)
    .data                                    0x200007b0   Section        4  stdio_streams.o(.data)
    .data                                    0x200007b4   Section        4  stdio_streams.o(.data)
    .bss                                     0x200007b8   Section      260  main.o(.bss)
    .bss                                     0x200008bc   Section       72  main.o(.bss)
    .bss                                     0x20000904   Section       72  main.o(.bss)
    .bss                                     0x2000094c   Section       20  master.o(.bss)
    .bss                                     0x20000960   Section       12  state_machine_utility.o(.bss)
    .bss                                     0x2000096c   Section       84  stdio_streams.o(.bss)
    .bss                                     0x200009c0   Section       84  stdio_streams.o(.bss)
    .bss                                     0x20000a14   Section       84  stdio_streams.o(.bss)
    .bss                                     0x20000a68   Section       96  libspace.o(.bss)
    HEAP                                     0x20000ac8   Section      512  startup_stm32l432xx.o(HEAP)
    Heap_Mem                                 0x20000ac8   Data         512  startup_stm32l432xx.o(HEAP)
    STACK                                    0x20000cc8   Section     1024  startup_stm32l432xx.o(STACK)
    Stack_Mem                                0x20000cc8   Data        1024  startup_stm32l432xx.o(STACK)
    __initial_sp                             0x200010c8   Data           0  startup_stm32l432xx.o(STACK)

    Global Symbols

    Symbol Name                              Value     Ov Type        Size  Object(Section)

    BuildAttributes$$THM_ISAv4$E$P$D$K$B$S$7EM$VFPi3$EXTD16$VFPS$VFMA$PE$A:L22UL41UL21$X:L11$S22US41US21$IEEE1$IW$USESV6$~STKCKD$USESV7$~SHL$OTIME$ROPI$IEEEJ$EBA8$UX$STANDARDLIB$REQ8$PRES8$EABIv2 0x00000000   Number         0  anon$$obj.o ABSOLUTE
    __ARM_use_no_argv                        0x00000000   Number         0  main.o ABSOLUTE
    _printf_flags                            0x00000000   Number         0  printf_stubs.o ABSOLUTE
    _printf_return_value                     0x00000000   Number         0  printf_stubs.o ABSOLUTE
    _printf_sizespec                         0x00000000   Number         0  printf_stubs.o ABSOLUTE
    _printf_widthprec                        0x00000000   Number         0  printf_stubs.o ABSOLUTE
    __ARM_exceptions_init                     - Undefined Weak Reference
    __alloca_initialize                       - Undefined Weak Reference
    __arm_preinit_                            - Undefined Weak Reference
    __cpp_initialize__aeabi_                  - Undefined Weak Reference
    __cxa_finalize                            - Undefined Weak Reference
    __sigvec_lookup                           - Undefined Weak Reference
    __user_heap_extent                        - Undefined Weak Reference
    _atexit_init                              - Undefined Weak Reference
    _call_atexit_fns                          - Undefined Weak Reference
    _clock_init                               - Undefined Weak Reference
    _fp_trap_init                             - Undefined Weak Reference
    _fp_trap_shutdown                         - Undefined Weak Reference
    _get_lc_collate                           - Undefined Weak Reference
    _get_lc_ctype                             - Undefined Weak Reference
    _get_lc_monetary                          - Undefined Weak Reference
    _get_lc_time                              - Undefined Weak Reference
    _getenv_init                              - Undefined Weak Reference
    _handle_redirection                       - Undefined Weak Reference
    _mutex_acquire                            - Undefined Weak Reference
    _mutex_free                               - Undefined Weak Reference
    _mutex_release                            - Undefined Weak Reference
    _printf_mbtowc                            - Undefined Weak Reference
    _printf_truncate_signed                   - Undefined Weak Reference
    _printf_truncate_unsigned                 - Undefined Weak Reference
    _rand_init                                - Undefined Weak Reference
    _signal_finish                            - Undefined Weak Reference
    _signal_init                              - Undefined Weak Reference
    __Vectors_Size                           0x0000018c   Number         0  startup_stm32l432xx.o ABSOLUTE
    __Vectors                                0x08000000   Data           4  startup_stm32l432xx.o(RESET)
    __Vectors_End                            0x0800018c   Data           0  startup_stm32l432xx.o(RESET)
    __main                                   0x0800018d   Thumb Code     8  __main.o(!!!main)
    __scatterload                            0x08000195   Thumb Code     0  __scatter.o(!!!scatter)
    __scatterload_rt2                        0x08000195   Thumb Code    44  __scatter.o(!!!scatter)
    __scatterload_rt2_thumb_only             0x08000195   Thumb Code     0  __scatter.o(!!!scatter)
    __scatterload_null                       0x080001a3   Thumb Code     0  __scatter.o(!!!scatter)
    __decompress                             0x080001c9   Thumb Code    90  __dczerorl2.o(!!dczerorl2)
    __decompress1                            0x080001c9   Thumb Code     0  __dczerorl2.o(!!dczerorl2)
    __scatterload_zeroinit                   0x08000225   Thumb Code    28  __scatter_zi.o(!!handler_zi)
    _printf_f                                0x08000241   Thumb Code     0  _printf_f.o(.ARM.Collect$$_printf_percent$$00000003)
    _printf_percent                          0x08000241   Thumb Code     0  _printf_percent.o(.ARM.Collect$$_printf_percent$$00000000)
    _printf_d                                0x08000247   Thumb Code     0  _printf_d.o(.ARM.Collect$$_printf_percent$$00000009)
    _printf_x                                0x0800024d   Thumb Code     0  _printf_x.o(.ARM.Collect$$_printf_percent$$0000000C)
    _printf_c                                0x08000253   Thumb Code     0  _printf_c.o(.ARM.Collect$$_printf_percent$$00000013)
    _printf_s                                0x08000259   Thumb Code     0  _printf_s.o(.ARM.Collect$$_printf_percent$$00000014)
    _printf_percent_end                      0x0800025f   Thumb Code     0  _printf_percent_end.o(.ARM.Collect$$_printf_percent$$00000017)
    __rt_lib_init                            0x08000263   Thumb Code     0  libinit.o(.ARM.Collect$$libinit$$00000000)
    __rt_lib_init_fp_1                       0x08000265   Thumb Code     0  libinit2.o(.ARM.Collect$$libinit$$00000001)
    __rt_lib_init_heap_2                     0x08000269   Thumb Code     0  libinit2.o(.ARM.Collect$$libinit$$00000005)
    __rt_lib_init_preinit_1                  0x08000269   Thumb Code     0  libinit2.o(.ARM.Collect$$libinit$$00000004)
    __rt_lib_init_heap_1                     0x08000271   Thumb Code     0  libinit2.o(.ARM.Collect$$libinit$$0000000A)
    __rt_lib_init_lc_common                  0x08000271   Thumb Code     0  libinit2.o(.ARM.Collect$$libinit$$0000000F)
    __rt_lib_init_rand_1                     0x08000271   Thumb Code     0  libinit2.o(.ARM.Collect$$libinit$$0000000E)
    __rt_lib_init_user_alloc_1               0x08000271   Thumb Code     0  libinit2.o(.ARM.Collect$$libinit$$0000000C)
    __rt_lib_init_lc_collate_1               0x08000277   Thumb Code     0  libinit2.o(.ARM.Collect$$libinit$$00000011)
    __rt_lib_init_lc_ctype_1                 0x08000277   Thumb Code     0  libinit2.o(.ARM.Collect$$libinit$$00000013)
    __rt_lib_init_lc_monetary_1              0x08000277   Thumb Code     0  libinit2.o(.ARM.Collect$$libinit$$00000015)
    __rt_lib_init_lc_numeric_2               0x08000277   Thumb Code     0  libinit2.o(.ARM.Collect$$libinit$$00000016)
    __rt_lib_init_atexit_1                   0x08000281   Thumb Code     0  libinit2.o(.ARM.Collect$$libinit$$0000001B)
    __rt_lib_init_clock_1                    0x08000281   Thumb Code     0  libinit2.o(.ARM.Collect$$libinit$$00000021)
    __rt_lib_init_fp_trap_1                  0x08000281   Thumb Code     0  libinit2.o(.ARM.Collect$$libinit$$0000001F)
    __rt_lib_init_getenv_1                   0x08000281   Thumb Code     0  libinit2.o(.ARM.Collect$$libinit$$00000023)
    __rt_lib_init_lc_numeric_1               0x08000281   Thumb Code     0  libinit2.o(.ARM.Collect$$libinit$$00000017)
    __rt_lib_init_lc_time_1                  0x08000281   Thumb Code     0  libinit2.o(.ARM.Collect$$libinit$$00000019)
    __rt_lib_init_signal_1                   0x08000281   Thumb Code     0  libinit2.o(.ARM.Collect$$libinit$$0000001D)
    __rt_lib_init_stdio_2                    0x08000281   Thumb Code     0  libinit2.o(.ARM.Collect$$libinit$$00000024)
    __rt_lib_init_alloca_1                   0x08000285   Thumb Code     0  libinit2.o(.ARM.Collect$$libinit$$0000002E)
    __rt_lib_init_argv_1                     0x08000285   Thumb Code     0  libinit2.o(.ARM.Collect$$libinit$$0000002C)
    __rt_lib_init_cpp_1                      0x08000285   Thumb Code     0  libinit2.o(.ARM.Collect$$libinit$$00000032)
    __rt_lib_init_exceptions_1               0x08000285   Thumb Code     0  libinit2.o(.ARM.Collect$$libinit$$00000030)
    __rt_lib_init_return                     0x08000285   Thumb Code     0  libinit2.o(.ARM.Collect$$libinit$$00000033)
    __rt_lib_init_stdio_1                    0x08000285   Thumb Code     0  libinit2.o(.ARM.Collect$$libinit$$00000025)
    __rt_lib_shutdown                        0x08000287   Thumb Code     0  libshutdown.o(.ARM.Collect$$libshutdown$$00000000)
    __rt_lib_shutdown_cpp_1                  0x08000289   Thumb Code     0  libshutdown2.o(.ARM.Collect$$libshutdown$$00000002)
    __rt_lib_shutdown_stdio_2                0x08000289   Thumb Code     0  libshutdown2.o(.ARM.Collect$$libshutdown$$00000003)
    __rt_lib_shutdown_fp_trap_1              0x0800028d   Thumb Code     0  libshutdown2.o(.ARM.Collect$$libshutdown$$00000007)
    __rt_lib_shutdown_heap_1                 0x0800028d   Thumb Code     0  libshutdown2.o(.ARM.Collect$$libshutdown$$0000000F)
    __rt_lib_shutdown_return                 0x0800028d   Thumb Code     0  libshutdown2.o(.ARM.Collect$$libshutdown$$00000010)
    __rt_lib_shutdown_signal_1               0x0800028d   Thumb Code     0  libshutdown2.o(.ARM.Collect$$libshutdown$$0000000A)
    __rt_lib_shutdown_stdio_1                0x0800028d   Thumb Code     0  libshutdown2.o(.ARM.Collect$$libshutdown$$00000004)
    __rt_lib_shutdown_user_alloc_1           0x0800028d   Thumb Code     0  libshutdown2.o(.ARM.Collect$$libshutdown$$0000000C)
    __rt_entry                               0x0800028f   Thumb Code     0  __rtentry.o(.ARM.Collect$$rtentry$$00000000)
    __rt_entry_presh_1                       0x0800028f   Thumb Code     0  __rtentry2.o(.ARM.Collect$$rtentry$$00000002)
    __rt_entry_sh                            0x0800028f   Thumb Code     0  __rtentry4.o(.ARM.Collect$$rtentry$$00000004)
    __rt_entry_li                            0x08000295   Thumb Code     0  __rtentry2.o(.ARM.Collect$$rtentry$$0000000A)
    __rt_entry_postsh_1                      0x08000295   Thumb Code     0  __rtentry2.o(.ARM.Collect$$rtentry$$00000009)
    __rt_entry_main                          0x08000299   Thumb Code     0  __rtentry2.o(.ARM.Collect$$rtentry$$0000000D)
    __rt_entry_postli_1                      0x08000299   Thumb Code     0  __rtentry2.o(.ARM.Collect$$rtentry$$0000000C)
    __rt_exit                                0x080002a1   Thumb Code     0  rtexit.o(.ARM.Collect$$rtexit$$00000000)
    __rt_exit_ls                             0x080002a3   Thumb Code     0  rtexit2.o(.ARM.Collect$$rtexit$$00000003)
    __rt_exit_prels_1                        0x080002a3   Thumb Code     0  rtexit2.o(.ARM.Collect$$rtexit$$00000002)
    __rt_exit_exit                           0x080002a7   Thumb Code     0  rtexit2.o(.ARM.Collect$$rtexit$$00000004)
    Reset_Handler                            0x080002ad   Thumb Code     8  startup_stm32l432xx.o(.text)
    _maybe_terminate_alloc                   0x080002ad   Thumb Code     0  maybetermalloc1.o(.emb_text)
    ADC1_IRQHandler                          0x080002c7   Thumb Code     0  startup_stm32l432xx.o(.text)
    CAN1_RX0_IRQHandler                      0x080002c7   Thumb Code     0  startup_stm32l432xx.o(.text)
    CAN1_RX1_IRQHandler                      0x080002c7   Thumb Code     0  startup_stm32l432xx.o(.text)
    CAN1_SCE_IRQHandler                      0x080002c7   Thumb Code     0  startup_stm32l432xx.o(.text)
    CAN1_TX_IRQHandler                       0x080002c7   Thumb Code     0  startup_stm32l432xx.o(.text)
    COMP_IRQHandler                          0x080002c7   Thumb Code     0  startup_stm32l432xx.o(.text)
    CRS_IRQHandler                           0x080002c7   Thumb Code     0  startup_stm32l432xx.o(.text)
    DMA1_Channel1_IRQHandler                 0x080002c7   Thumb Code     0  startup_stm32l432xx.o(.text)
    DMA1_Channel2_IRQHandler                 0x080002c7   Thumb Code     0  startup_stm32l432xx.o(.text)
    DMA1_Channel3_IRQHandler                 0x080002c7   Thumb Code     0  startup_stm32l432xx.o(.text)
    DMA1_Channel4_IRQHandler                 0x080002c7   Thumb Code     0  startup_stm32l432xx.o(.text)
    DMA1_Channel5_IRQHandler                 0x080002c7   Thumb Code     0  startup_stm32l432xx.o(.text)
    DMA1_Channel6_IRQHandler                 0x080002c7   Thumb Code     0  startup_stm32l432xx.o(.text)
    DMA2_Channel1_IRQHandler                 0x080002c7   Thumb Code     0  startup_stm32l432xx.o(.text)
    DMA2_Channel2_IRQHandler                 0x080002c7   Thumb Code     0  startup_stm32l432xx.o(.text)
    DMA2_Channel3_IRQHandler                 0x080002c7   Thumb Code     0  startup_stm32l432xx.o(.text)
    DMA2_Channel4_IRQHandler                 0x080002c7   Thumb Code     0  startup_stm32l432xx.o(.text)
    DMA2_Channel5_IRQHandler                 0x080002c7   Thumb Code     0  startup_stm32l432xx.o(.text)
    DMA2_Channel7_IRQHandler                 0x080002c7   Thumb Code     0  startup_stm32l432xx.o(.text)
    EXTI15_10_IRQHandler                     0x080002c7   Thumb Code     0  startup_stm32l432xx.o(.text)
    EXTI2_IRQHandler                         0x080002c7   Thumb Code     0  startup_stm32l432xx.o(.text)
    EXTI3_IRQHandler                         0x080002c7   Thumb Code     0  startup_stm32l432xx.o(.text)
    EXTI4_IRQHandler                         0x080002c7   Thumb Code     0  startup_stm32l432xx.o(.text)
    EXTI9_5_IRQHandler                       0x080002c7   Thumb Code     0  startup_stm32l432xx.o(.text)
    FLASH_IRQHandler                         0x080002c7   Thumb Code     0  startup_stm32l432xx.o(.text)
    FPU_IRQHandler                           0x080002c7   Thumb Code     0  startup_stm32l432xx.o(.text)
    I2C1_ER_IRQHandler                       0x080002c7   Thumb Code     0  startup_stm32l432xx.o(.text)
    I2C1_EV_IRQHandler                       0x080002c7   Thumb Code     0  startup_stm32l432xx.o(.text)
    I2C3_ER_IRQHandler                       0x080002c7   Thumb Code     0  startup_stm32l432xx.o(.text)
    I2C3_EV_IRQHandler                       0x080002c7   Thumb Code     0  startup_stm32l432xx.o(.text)
    LPTIM1_IRQHandler                        0x080002c7   Thumb Code     0  startup_stm32l432xx.o(.text)
    LPTIM2_IRQHandler                        0x080002c7   Thumb Code     0  startup_stm32l432xx.o(.text)
    LPUART1_IRQHandler                       0x080002c7   Thumb Code     0  startup_stm32l432xx.o(.text)
    PVD_PVM_IRQHandler                       0x080002c7   Thumb Code     0  startup_stm32l432xx.o(.text)
    QUADSPI_IRQHandler                       0x080002c7   Thumb Code     0  startup_stm32l432xx.o(.text)
    RCC_IRQHandler                           0x080002c7   Thumb Code     0  startup_stm32l432xx.o(.text)
    RNG_IRQHandler                           0x080002c7   Thumb Code     0  startup_stm32l432xx.o(.text)
    RTC_Alarm_IRQHandler                     0x080002c7   Thumb Code     0  startup_stm32l432xx.o(.text)
    RTC_WKUP_IRQHandler                      0x080002c7   Thumb Code     0  startup_stm32l432xx.o(.text)
    SAI1_IRQHandler                          0x080002c7   Thumb Code     0  startup_stm32l432xx.o(.text)
    SPI1_IRQHandler                          0x080002c7   Thumb Code     0  startup_stm32l432xx.o(.text)
    SPI3_IRQHandler                          0x080002c7   Thumb Code     0  startup_stm32l432xx.o(.text)
    SWPMI1_IRQHandler                        0x080002c7   Thumb Code     0  startup_stm32l432xx.o(.text)
    TAMP_STAMP_IRQHandler                    0x080002c7   Thumb Code     0  startup_stm32l432xx.o(.text)
    TIM1_BRK_TIM15_IRQHandler                0x080002c7   Thumb Code     0  startup_stm32l432xx.o(.text)
    TIM1_CC_IRQHandler                       0x080002c7   Thumb Code     0  startup_stm32l432xx.o(.text)
    TIM1_TRG_COM_IRQHandler                  0x080002c7   Thumb Code     0  startup_stm32l432xx.o(.text)
    TIM1_UP_TIM16_IRQHandler                 0x080002c7   Thumb Code     0  startup_stm32l432xx.o(.text)
    TIM2_IRQHandler                          0x080002c7   Thumb Code     0  startup_stm32l432xx.o(.text)
    TIM6_DAC_IRQHandler                      0x080002c7   Thumb Code     0  startup_stm32l432xx.o(.text)
    TIM7_IRQHandler                          0x080002c7   Thumb Code     0  startup_stm32l432xx.o(.text)
    TSC_IRQHandler                           0x080002c7   Thumb Code     0  startup_stm32l432xx.o(.text)
    USART2_IRQHandler                        0x080002c7   Thumb Code     0  startup_stm32l432xx.o(.text)
    USB_IRQHandler                           0x080002c7   Thumb Code     0  startup_stm32l432xx.o(.text)
    WWDG_IRQHandler                          0x080002c7   Thumb Code     0  startup_stm32l432xx.o(.text)
    __user_initial_stackheap                 0x080002c9   Thumb Code     0  startup_stm32l432xx.o(.text)
    malloc                                   0x080002ed   Thumb Code    94  h1_alloc.o(.text)
    __aeabi_uldivmod                         0x0800034b   Thumb Code     0  lludivv7m.o(.text)
    _ll_udiv                                 0x0800034b   Thumb Code   238  lludivv7m.o(.text)
    __2printf                                0x08000439   Thumb Code    20  noretval__2printf.o(.text)
    __2sprintf                               0x08000451   Thumb Code    34  noretval__2sprintf.o(.text)
    _printf_pre_padding                      0x08000479   Thumb Code    44  _printf_pad.o(.text)
    _printf_post_padding                     0x080004a5   Thumb Code    34  _printf_pad.o(.text)
    _printf_str                              0x080004c7   Thumb Code    82  _printf_str.o(.text)
    _printf_int_dec                          0x08000519   Thumb Code   104  _printf_dec.o(.text)
    _printf_int_hex                          0x08000591   Thumb Code    84  _printf_hex_int.o(.text)
    _printf_longlong_hex                     0x08000591   Thumb Code     0  _printf_hex_int.o(.text)
    __printf                                 0x080005e9   Thumb Code   270  __printf_wp.o(.text)
    strlen                                   0x080006f7   Thumb Code    62  strlen.o(.text)
    __aeabi_memcpy4                          0x08000735   Thumb Code     0  rt_memcpy_w.o(.text)
    __aeabi_memcpy8                          0x08000735   Thumb Code     0  rt_memcpy_w.o(.text)
    __rt_memcpy_w                            0x08000735   Thumb Code   100  rt_memcpy_w.o(.text)
    _memcpy_lastbytes_aligned                0x0800077d   Thumb Code     0  rt_memcpy_w.o(.text)
    __aeabi_memclr4                          0x08000799   Thumb Code     0  rt_memclr_w.o(.text)
    __aeabi_memclr8                          0x08000799   Thumb Code     0  rt_memclr_w.o(.text)
    __rt_memclr_w                            0x08000799   Thumb Code    78  rt_memclr_w.o(.text)
    _memset_w                                0x0800079d   Thumb Code     0  rt_memclr_w.o(.text)
    __use_two_region_memory                  0x080007e7   Thumb Code     2  heapauxi.o(.text)
    __rt_heap_escrow                         0x080007e9   Thumb Code     2  heapauxi.o(.text)
    __rt_heap_expand                         0x080007eb   Thumb Code     2  heapauxi.o(.text)
    __rt_heap_descriptor                     0x080007ed   Thumb Code     8  rt_heap_descriptor_intlibspace.o(.text)
    __use_no_heap                            0x080007f5   Thumb Code     2  hguard.o(.text)
    __heap$guard                             0x080007f7   Thumb Code     2  hguard.o(.text)
    _terminate_user_alloc                    0x080007f9   Thumb Code     2  init_alloc.o(.text)
    _init_user_alloc                         0x080007fb   Thumb Code     2  init_alloc.o(.text)
    __Heap_Full                              0x080007fd   Thumb Code    34  init_alloc.o(.text)
    __Heap_Broken                            0x0800081f   Thumb Code     6  init_alloc.o(.text)
    _init_alloc                              0x08000825   Thumb Code    94  init_alloc.o(.text)
    __Heap_Initialize                        0x08000883   Thumb Code    10  h1_init.o(.text)
    __Heap_DescSize                          0x0800088d   Thumb Code     4  h1_init.o(.text)
    free                                     0x08000891   Thumb Code    78  h1_free.o(.text)
    __read_errno                             0x080008df   Thumb Code    10  _rserrno.o(.text)
    __set_errno                              0x080008e9   Thumb Code    12  _rserrno.o(.text)
    _printf_int_common                       0x080008f5   Thumb Code   178  _printf_intcommon.o(.text)
    __lib_sel_fp_printf                      0x080009a7   Thumb Code     2  _printf_fp_dec.o(.text)
    _printf_fp_dec_real                      0x08000b59   Thumb Code   620  _printf_fp_dec.o(.text)
    _printf_char_common                      0x08000dd7   Thumb Code    32  _printf_char_common.o(.text)
    _sputc                                   0x08000dfd   Thumb Code    10  _sputc.o(.text)
    _printf_cs_common                        0x08000e07   Thumb Code    20  _printf_char.o(.text)
    _printf_char                             0x08000e1b   Thumb Code    16  _printf_char.o(.text)
    _printf_string                           0x08000e2b   Thumb Code     8  _printf_char.o(.text)
    _printf_char_file                        0x08000e35   Thumb Code    32  _printf_char_file.o(.text)
    __user_libspace                          0x08000e59   Thumb Code     8  libspace.o(.text)
    __user_perproc_libspace                  0x08000e59   Thumb Code     0  libspace.o(.text)
    __user_perthread_libspace                0x08000e59   Thumb Code     0  libspace.o(.text)
    __rt_locale                              0x08000e61   Thumb Code     8  rt_locale_intlibspace.o(.text)
    __aeabi_errno_addr                       0x08000e69   Thumb Code     8  rt_errno_addr_intlibspace.o(.text)
    __errno$intlibspace                      0x08000e69   Thumb Code     0  rt_errno_addr_intlibspace.o(.text)
    __rt_errno_addr$intlibspace              0x08000e69   Thumb Code     0  rt_errno_addr_intlibspace.o(.text)
    __Heap_ProvideMemory                     0x08000e71   Thumb Code    52  h1_extend.o(.text)
    _ll_udiv10                               0x08000ea5   Thumb Code   138  lludiv10.o(.text)
    _printf_fp_infnan                        0x08000f31   Thumb Code   112  _printf_fp_infnan.o(.text)
    _btod_etento                             0x08000fb1   Thumb Code   224  bigflt0.o(.text)
    ferror                                   0x08001095   Thumb Code     8  ferror.o(.text)
    _initio                                  0x0800109d   Thumb Code   210  initio.o(.text)
    _terminateio                             0x0800116f   Thumb Code    56  initio.o(.text)
    __rt_SIGRTMEM                            0x080011d5   Thumb Code    14  defsig_rtmem_outer.o(.text)
    _sys_open                                0x080011e3   Thumb Code    20  sys_io.o(.text)
    _sys_close                               0x080011f7   Thumb Code    12  sys_io.o(.text)
    _sys_write                               0x08001203   Thumb Code    16  sys_io.o(.text)
    _sys_read                                0x08001213   Thumb Code    14  sys_io.o(.text)
    _sys_istty                               0x08001221   Thumb Code    12  sys_io.o(.text)
    _sys_seek                                0x0800122d   Thumb Code    14  sys_io.o(.text)
    _sys_ensure                              0x0800123b   Thumb Code     2  sys_io.o(.text)
    _sys_flen                                0x0800123d   Thumb Code    12  sys_io.o(.text)
    __I$use$semihosting                      0x08001249   Thumb Code     0  use_no_semi.o(.text)
    __use_no_semihosting_swi                 0x08001249   Thumb Code     2  use_no_semi.o(.text)
    __semihosting_library_function           0x0800124b   Thumb Code     0  indicate_semi.o(.text)
    __user_setup_stackheap                   0x0800124b   Thumb Code    74  sys_stackheap_outer.o(.text)
    __flsbuf                                 0x08001295   Thumb Code   470  flsbuf.o(.text)
    __flsbuf_byte                            0x08001295   Thumb Code     0  flsbuf.o(.text)
    __flsbuf_wide                            0x08001295   Thumb Code     0  flsbuf.o(.text)
    setvbuf                                  0x0800146b   Thumb Code    70  setvbuf.o(.text)
    freopen                                  0x080014b1   Thumb Code   158  fopen.o(.text)
    fopen                                    0x0800154f   Thumb Code    74  fopen.o(.text)
    _fclose_internal                         0x0800159d   Thumb Code    76  fclose.o(.text)
    fclose                                   0x0800159d   Thumb Code     0  fclose.o(.text)
    exit                                     0x080015e9   Thumb Code    18  exit.o(.text)
    __sig_exit                               0x080015fb   Thumb Code    10  defsig_exit.o(.text)
    __rt_SIGRTRED                            0x08001605   Thumb Code    14  defsig_rtred_outer.o(.text)
    __rt_SIGRTMEM_inner                      0x08001615   Thumb Code    22  defsig_rtmem_inner.o(.text)
    strcmp                                   0x08001665   Thumb Code   128  strcmpv7m.o(.text)
    _sys_exit                                0x080016e5   Thumb Code     8  sys_exit.o(.text)
    _fseek                                   0x080016f1   Thumb Code   242  fseek.o(.text)
    fseek                                    0x080016f1   Thumb Code     0  fseek.o(.text)
    _seterr                                  0x080017e9   Thumb Code    20  stdio.o(.text)
    _writebuf                                0x080017fd   Thumb Code    84  stdio.o(.text)
    _fflush                                  0x08001851   Thumb Code    70  stdio.o(.text)
    _deferredlazyseek                        0x08001897   Thumb Code    60  stdio.o(.text)
    __default_signal_display                 0x080018d9   Thumb Code    50  defsig_general.o(.text)
    __rt_SIGRTRED_inner                      0x0800190d   Thumb Code    14  defsig_rtred_inner.o(.text)
    _ttywrch                                 0x08001941   Thumb Code    14  sys_wrch.o(.text)
    _ftell_internal                          0x0800194f   Thumb Code    66  ftell.o(.text)
    ftell                                    0x0800194f   Thumb Code     0  ftell.o(.text)
    _btod_d2e                                0x08001991   Thumb Code    62  btod.o(CL$$btod_d2e)
    _d2e_denorm_low                          0x080019cf   Thumb Code    70  btod.o(CL$$btod_d2e_denorm_low)
    _d2e_norm_op1                            0x08001a15   Thumb Code    96  btod.o(CL$$btod_d2e_norm_op1)
    __btod_div_common                        0x08001a75   Thumb Code   696  btod.o(CL$$btod_div_common)
    _e2e                                     0x08001dad   Thumb Code   220  btod.o(CL$$btod_e2e)
    _btod_ediv                               0x08001e89   Thumb Code    42  btod.o(CL$$btod_ediv)
    _btod_emul                               0x08001eb3   Thumb Code    42  btod.o(CL$$btod_emul)
    __btod_mult_common                       0x08001edd   Thumb Code   580  btod.o(CL$$btod_mult_common)
    BusFault_Handler                         0x08002121   Thumb Code     2  stm32l4xx_it.o(i.BusFault_Handler)
    DMA1_Channel7_IRQHandler                 0x08002125   Thumb Code     6  stm32l4xx_it.o(i.DMA1_Channel7_IRQHandler)
    DMA2_Channel6_IRQHandler                 0x08002131   Thumb Code     6  stm32l4xx_it.o(i.DMA2_Channel6_IRQHandler)
    DebugMon_Handler                         0x08002167   Thumb Code     2  stm32l4xx_it.o(i.DebugMon_Handler)
    EXTI0_IRQHandler                         0x08002169   Thumb Code     6  stm32l4xx_it.o(i.EXTI0_IRQHandler)
    EXTI1_IRQHandler                         0x0800216f   Thumb Code     6  stm32l4xx_it.o(i.EXTI1_IRQHandler)
    Filter_and_Select                        0x08002175   Thumb Code  1342  rho_utility.o(i.Filter_and_Select)
    Filter_and_Select_Pairs                  0x080026c1   Thumb Code    34  rho_utility.o(i.Filter_and_Select_Pairs)
    Generate_Background                      0x080026e3   Thumb Code    50  rho_utility.o(i.Generate_Background)
    Generate_Packet                          0x08002715   Thumb Code   198  rho_utility.o(i.Generate_Packet)
    HAL_DMA_Abort_IT                         0x080027e9   Thumb Code    74  stm32l4xx_hal_dma.o(i.HAL_DMA_Abort_IT)
    HAL_DMA_IRQHandler                       0x08002833   Thumb Code   168  stm32l4xx_hal_dma.o(i.HAL_DMA_IRQHandler)
    HAL_DMA_Init                             0x080028dd   Thumb Code   178  stm32l4xx_hal_dma.o(i.HAL_DMA_Init)
    HAL_DMA_Start_IT                         0x0800299d   Thumb Code   112  stm32l4xx_hal_dma.o(i.HAL_DMA_Start_IT)
    HAL_Delay                                0x08002a0d   Thumb Code    28  stm32l4xx_hal.o(i.HAL_Delay)
    HAL_GPIO_EXTI_Callback                   0x08002a29   Thumb Code    40  master.o(i.HAL_GPIO_EXTI_Callback)
    HAL_GPIO_EXTI_IRQHandler                 0x08002a59   Thumb Code    18  stm32l4xx_hal_gpio.o(i.HAL_GPIO_EXTI_IRQHandler)
    HAL_GPIO_Init                            0x08002a71   Thumb Code   376  stm32l4xx_hal_gpio.o(i.HAL_GPIO_Init)
    HAL_GPIO_TogglePin                       0x08002c03   Thumb Code     8  stm32l4xx_hal_gpio.o(i.HAL_GPIO_TogglePin)
    HAL_GPIO_WritePin                        0x08002c0b   Thumb Code    10  stm32l4xx_hal_gpio.o(i.HAL_GPIO_WritePin)
    HAL_GetTick                              0x08002c15   Thumb Code     6  stm32l4xx_hal.o(i.HAL_GetTick)
    HAL_I2CEx_ConfigAnalogFilter             0x08002c21   Thumb Code    86  stm32l4xx_hal_i2c_ex.o(i.HAL_I2CEx_ConfigAnalogFilter)
    HAL_I2CEx_ConfigDigitalFilter            0x08002c77   Thumb Code    82  stm32l4xx_hal_i2c_ex.o(i.HAL_I2CEx_ConfigDigitalFilter)
    HAL_I2CEx_EnableFastModePlus             0x08002cc9   Thumb Code    30  stm32l4xx_hal_i2c_ex.o(i.HAL_I2CEx_EnableFastModePlus)
    HAL_I2C_Init                             0x08002cf1   Thumb Code   178  stm32l4xx_hal_i2c.o(i.HAL_I2C_Init)
    HAL_I2C_Master_Transmit                  0x08002da9   Thumb Code   292  stm32l4xx_hal_i2c.o(i.HAL_I2C_Master_Transmit)
    HAL_I2C_MspInit                          0x08002edd   Thumb Code    66  stm32l4xx_hal_msp.o(i.HAL_I2C_MspInit)
    HAL_IncTick                              0x08002f29   Thumb Code    10  stm32l4xx_hal.o(i.HAL_IncTick)
    HAL_Init                                 0x08002f39   Thumb Code    22  stm32l4xx_hal.o(i.HAL_Init)
    HAL_InitTick                             0x08002f51   Thumb Code    34  stm32l4xx_hal.o(i.HAL_InitTick)
    HAL_MspInit                              0x08002f79   Thumb Code   122  stm32l4xx_hal_msp.o(i.HAL_MspInit)
    HAL_NVIC_EnableIRQ                       0x08002ff9   Thumb Code    22  stm32l4xx_hal_cortex.o(i.HAL_NVIC_EnableIRQ)
    HAL_NVIC_SetPriority                     0x08003011   Thumb Code    60  stm32l4xx_hal_cortex.o(i.HAL_NVIC_SetPriority)
    HAL_NVIC_SetPriorityGrouping             0x08003051   Thumb Code    26  stm32l4xx_hal_cortex.o(i.HAL_NVIC_SetPriorityGrouping)
    HAL_PWREx_ControlVoltageScaling          0x08003075   Thumb Code    86  stm32l4xx_hal_pwr_ex.o(i.HAL_PWREx_ControlVoltageScaling)
    HAL_PWREx_GetVoltageRange                0x080030d9   Thumb Code    10  stm32l4xx_hal_pwr_ex.o(i.HAL_PWREx_GetVoltageRange)
    HAL_RCCEx_PeriphCLKConfig                0x080030e9   Thumb Code   634  stm32l4xx_hal_rcc_ex.o(i.HAL_RCCEx_PeriphCLKConfig)
    HAL_RCC_ClockConfig                      0x08003375   Thumb Code   358  stm32l4xx_hal_rcc.o(i.HAL_RCC_ClockConfig)
    HAL_RCC_GetHCLKFreq                      0x080034ed   Thumb Code     6  stm32l4xx_hal_rcc.o(i.HAL_RCC_GetHCLKFreq)
    HAL_RCC_GetPCLK1Freq                     0x080034f9   Thumb Code    20  stm32l4xx_hal_rcc.o(i.HAL_RCC_GetPCLK1Freq)
    HAL_RCC_GetPCLK2Freq                     0x08003519   Thumb Code    20  stm32l4xx_hal_rcc.o(i.HAL_RCC_GetPCLK2Freq)
    HAL_RCC_GetSysClockFreq                  0x08003539   Thumb Code   182  stm32l4xx_hal_rcc.o(i.HAL_RCC_GetSysClockFreq)
    HAL_RCC_MCOConfig                        0x080035fd   Thumb Code    68  stm32l4xx_hal_rcc.o(i.HAL_RCC_MCOConfig)
    HAL_RCC_OscConfig                        0x08003645   Thumb Code  1194  stm32l4xx_hal_rcc.o(i.HAL_RCC_OscConfig)
    HAL_SYSTICK_CLKSourceConfig              0x08003af5   Thumb Code    24  stm32l4xx_hal_cortex.o(i.HAL_SYSTICK_CLKSourceConfig)
    HAL_SYSTICK_Callback                     0x08003b0d   Thumb Code     2  stm32l4xx_hal_cortex.o(i.HAL_SYSTICK_Callback)
    HAL_SYSTICK_Config                       0x08003b0f   Thumb Code    40  stm32l4xx_hal_cortex.o(i.HAL_SYSTICK_Config)
    HAL_SYSTICK_IRQHandler                   0x08003b37   Thumb Code     8  stm32l4xx_hal_cortex.o(i.HAL_SYSTICK_IRQHandler)
    HAL_TIMEx_MasterConfigSynchronization    0x08003b41   Thumb Code    72  stm32l4xx_hal_tim_ex.o(i.HAL_TIMEx_MasterConfigSynchronization)
    HAL_TIM_Base_Init                        0x08003b8d   Thumb Code    54  stm32l4xx_hal_tim.o(i.HAL_TIM_Base_Init)
    HAL_TIM_Base_MspInit                     0x08003bc5   Thumb Code   118  stm32l4xx_hal_msp.o(i.HAL_TIM_Base_MspInit)
    HAL_TIM_IC_ConfigChannel                 0x08003c69   Thumb Code   286  stm32l4xx_hal_tim.o(i.HAL_TIM_IC_ConfigChannel)
    HAL_TIM_IC_Init                          0x08003d87   Thumb Code    54  stm32l4xx_hal_tim.o(i.HAL_TIM_IC_Init)
    HAL_TIM_IC_MspInit                       0x08003dbd   Thumb Code     2  stm32l4xx_hal_tim.o(i.HAL_TIM_IC_MspInit)
    HAL_TIM_SlaveConfigSynchronization       0x08003dbf   Thumb Code    66  stm32l4xx_hal_tim.o(i.HAL_TIM_SlaveConfigSynchronization)
    HAL_UARTEx_WakeupCallback                0x08003e01   Thumb Code     2  stm32l4xx_hal_uart_ex.o(i.HAL_UARTEx_WakeupCallback)
    HAL_UART_ErrorCallback                   0x08003e03   Thumb Code     2  stm32l4xx_hal_uart.o(i.HAL_UART_ErrorCallback)
    HAL_UART_IRQHandler                      0x08003e05   Thumb Code   328  stm32l4xx_hal_uart.o(i.HAL_UART_IRQHandler)
    HAL_UART_Init                            0x08003f51   Thumb Code   106  stm32l4xx_hal_uart.o(i.HAL_UART_Init)
    HAL_UART_MspInit                         0x08003fbd   Thumb Code   138  stm32l4xx_hal_msp.o(i.HAL_UART_MspInit)
    HAL_UART_Transmit                        0x08004079   Thumb Code   176  stm32l4xx_hal_uart.o(i.HAL_UART_Transmit)
    HAL_UART_Transmit_DMA                    0x08004129   Thumb Code   122  stm32l4xx_hal_uart.o(i.HAL_UART_Transmit_DMA)
    HAL_UART_TxCpltCallback                  0x080041b1   Thumb Code     8  master.o(i.HAL_UART_TxCpltCallback)
    HAL_UART_TxHalfCpltCallback              0x080041bd   Thumb Code     2  stm32l4xx_hal_uart.o(i.HAL_UART_TxHalfCpltCallback)
    HardFault_Handler                        0x080041bf   Thumb Code     2  stm32l4xx_it.o(i.HardFault_Handler)
    Init                                     0x08004381   Thumb Code   598  rho_utility.o(i.Init)
    MemManage_Handler                        0x080047f9   Thumb Code     2  stm32l4xx_it.o(i.MemManage_Handler)
    NMI_Handler                              0x080047fb   Thumb Code     2  stm32l4xx_it.o(i.NMI_Handler)
    PendSV_Handler                           0x0800481d   Thumb Code     2  stm32l4xx_it.o(i.PendSV_Handler)
    Perform                                  0x0800481f   Thumb Code    40  rho_utility.o(i.Perform)
    Redistribute_Densities                   0x080049f1   Thumb Code   574  rho_utility.o(i.Redistribute_Densities)
    SVC_Handler                              0x08004c43   Thumb Code     2  stm32l4xx_it.o(i.SVC_Handler)
    SysTick_Handler                          0x08004c45   Thumb Code    14  stm32l4xx_it.o(i.SysTick_Handler)
    SystemClock_Config                       0x08004c53   Thumb Code   152  main.o(i.SystemClock_Config)
    SystemInit                               0x08004ced   Thumb Code    56  system_stm32l4xx.o(i.SystemInit)
    TIM_Base_SetConfig                       0x08004d31   Thumb Code    94  stm32l4xx_hal_tim.o(i.TIM_Base_SetConfig)
    TIM_CCxChannelCmd                        0x08004d9d   Thumb Code    22  stm32l4xx_hal_tim.o(i.TIM_CCxChannelCmd)
    TIM_ETR_SetConfig                        0x08004db3   Thumb Code    20  stm32l4xx_hal_tim.o(i.TIM_ETR_SetConfig)
    TIM_TI1_SetConfig                        0x08004e6d   Thumb Code    70  stm32l4xx_hal_tim.o(i.TIM_TI1_SetConfig)
    UART_AdvFeatureConfig                    0x08004f17   Thumb Code   200  stm32l4xx_hal_uart.o(i.UART_AdvFeatureConfig)
    UART_CheckIdleState                      0x08004fdf   Thumb Code    92  stm32l4xx_hal_uart.o(i.UART_CheckIdleState)
    UART_Clear                               0x0800503d   Thumb Code    24  master.o(i.UART_Clear)
    UART_SetConfig                           0x08005125   Thumb Code   526  stm32l4xx_hal_uart.o(i.UART_SetConfig)
    UART_WaitOnFlagUntilTimeout              0x08005359   Thumb Code   100  stm32l4xx_hal_uart.o(i.UART_WaitOnFlagUntilTimeout)
    USART1_IRQHandler                        0x080053bd   Thumb Code     6  stm32l4xx_it.o(i.USART1_IRQHandler)
    Update_Prediction                        0x080053c9   Thumb Code   894  rho_utility.o(i.Update_Prediction)
    Update_Threshold                         0x08005759   Thumb Code   112  rho_utility.o(i.Update_Threshold)
    UsageFault_Handler                       0x080057d5   Thumb Code     2  stm32l4xx_it.o(i.UsageFault_Handler)
    _Error_Handler                           0x080057d7   Thumb Code     2  main.o(i._Error_Handler)
    __ARM_fpclassify                         0x080057d9   Thumb Code    48  fpclassify.o(i.__ARM_fpclassify)
    __hardfp_sqrt                            0x08005809   Thumb Code   122  sqrt.o(i.__hardfp_sqrt)
    _is_digit                                0x08005883   Thumb Code    14  __printf_wp.o(i._is_digit)
    dprint                                   0x0800598d   Thumb Code    38  master.o(i.dprint)
    dprintBuffers                            0x080059b9   Thumb Code    30  master.o(i.dprintBuffers)
    fputc                                    0x080059ed   Thumb Code    26  fputc.o(i.fputc)
    frameProcessor                           0x08005a09   Thumb Code   228  master.o(i.frameProcessor)
    initTimerDMA                             0x08005c3d   Thumb Code    70  master.o(i.initTimerDMA)
    init_memory                              0x08005c99   Thumb Code   322  master.o(i.init_memory)
    main                                     0x08005e59   Thumb Code   142  main.o(i.main)
    master_init                              0x08005ef1   Thumb Code   118  master.o(i.master_init)
    pauseDMA                                 0x08006055   Thumb Code    14  master.o(i.pauseDMA)
    performBackgroundEvent                   0x08006069   Thumb Code    36  master.o(i.performBackgroundEvent)
    print                                    0x08006095   Thumb Code    26  master.o(i.print)
    printAddress                             0x08006181   Thumb Code    24  master.o(i.printAddress)
    printAddresses                           0x080061a9   Thumb Code   168  master.o(i.printAddresses)
    resetDMA                                 0x080062dd   Thumb Code    16  master.o(i.resetDMA)
    resumeDMA                                0x08006375   Thumb Code    14  master.o(i.resumeDMA)
    zero_memory                              0x08006851   Thumb Code    28  master.o(i.zero_memory)
    _get_lc_numeric                          0x08006871   Thumb Code    44  lc_numeric_c.o(locale$$code)
    asm_test                                 0x0800689d   Thumb Code    54  rho.o(rho)
    rho_init                                 0x080068d5   Thumb Code     2  rho.o(rho)
    frame_start                              0x080068d9   Thumb Code    16  rho.o(rho)
    frame_end                                0x080068e9   Thumb Code    28  rho.o(rho)
    row_int                                  0x08006905   Thumb Code    20  rho.o(rho)
    pixel_proc                               0x08006919   Thumb Code    32  rho.o(rho)
    rho_proc                                 0x08006939   Thumb Code   222  rho.o(rho)
    __aeabi_d2f                              0x08006a59   Thumb Code     0  d2f.o(x$fpl$d2f)
    _d2f                                     0x08006a59   Thumb Code    98  d2f.o(x$fpl$d2f)
    __aeabi_dadd                             0x08006abd   Thumb Code     0  daddsub_clz.o(x$fpl$dadd)
    _dadd                                    0x08006abd   Thumb Code   332  daddsub_clz.o(x$fpl$dadd)
    __fpl_dcmp_Inf                           0x08006c0d   Thumb Code    24  dcmpi.o(x$fpl$dcmpinf)
    __aeabi_ddiv                             0x08006c25   Thumb Code     0  ddiv.o(x$fpl$ddiv)
    _ddiv                                    0x08006c25   Thumb Code   552  ddiv.o(x$fpl$ddiv)
    __aeabi_d2uiz                            0x08006ed5   Thumb Code     0  dfixu.o(x$fpl$dfixu)
    _dfixu                                   0x08006ed5   Thumb Code    90  dfixu.o(x$fpl$dfixu)
    __aeabi_ui2d                             0x08006f2f   Thumb Code     0  dflt_clz.o(x$fpl$dfltu)
    _dfltu                                   0x08006f2f   Thumb Code    38  dflt_clz.o(x$fpl$dfltu)
    __aeabi_cdcmple                          0x08006f55   Thumb Code     0  dleqf.o(x$fpl$dleqf)
    _dcmple                                  0x08006f55   Thumb Code   120  dleqf.o(x$fpl$dleqf)
    __fpl_dcmple_InfNaN                      0x08006fb7   Thumb Code     0  dleqf.o(x$fpl$dleqf)
    __aeabi_dmul                             0x08006fcd   Thumb Code     0  dmul.o(x$fpl$dmul)
    _dmul                                    0x08006fcd   Thumb Code   332  dmul.o(x$fpl$dmul)
    __fpl_dnaninf                            0x08007121   Thumb Code   156  dnaninf.o(x$fpl$dnaninf)
    __fpl_dretinf                            0x080071bd   Thumb Code    12  dretinf.o(x$fpl$dretinf)
    __aeabi_cdrcmple                         0x080071c9   Thumb Code     0  drleqf.o(x$fpl$drleqf)
    _drcmple                                 0x080071c9   Thumb Code   108  drleqf.o(x$fpl$drleqf)
    __aeabi_drsub                            0x08007235   Thumb Code     0  daddsub_clz.o(x$fpl$drsb)
    _drsb                                    0x08007235   Thumb Code    22  daddsub_clz.o(x$fpl$drsb)
    _dsqrt                                   0x0800724d   Thumb Code   404  dsqrt_umaal.o(x$fpl$dsqrt)
    __aeabi_dsub                             0x080073e5   Thumb Code     0  daddsub_clz.o(x$fpl$dsub)
    _dsub                                    0x080073e5   Thumb Code   464  daddsub_clz.o(x$fpl$dsub)
    __aeabi_f2d                              0x080075b9   Thumb Code     0  f2d.o(x$fpl$f2d)
    _f2d                                     0x080075b9   Thumb Code    86  f2d.o(x$fpl$f2d)
    __fpl_fnaninf                            0x0800760f   Thumb Code   140  fnaninf.o(x$fpl$fnaninf)
    _fp_init                                 0x0800769b   Thumb Code    10  fpinit.o(x$fpl$fpinit)
    __fplib_config_fpu_vfp                   0x080076a3   Thumb Code     0  fpinit.o(x$fpl$fpinit)
    __fplib_config_pureend_doubles           0x080076a3   Thumb Code     0  fpinit.o(x$fpl$fpinit)
    __fpl_fretinf                            0x080076a5   Thumb Code    10  fretinf.o(x$fpl$fretinf)
    _printf_fp_dec                           0x080076af   Thumb Code     4  printf1.o(x$fpl$printf1)
    __I$use$fp                               0x080076b2   Number         0  usenofp.o(x$fpl$usenofp)
    AHBPrescTable                            0x080076b4   Data          16  system_stm32l4xx.o(.constdata)
    MSIRangeTable                            0x080076c4   Data          48  system_stm32l4xx.o(.constdata)
    APBPrescTable                            0x080076f4   Data           8  system_stm32l4xx.o(.constdata)
    BUFFER_TX_DEL                            0x080076fc   Data           2  master.o(.constdata)
    BUFFER_TX_END                            0x080076fe   Data           2  master.o(.constdata)
    startingString                           0x08007700   Data          32  master.o(.constdata)
    RhoKalman                                0x08007720   Data          12  rho_kalman.o(.constdata)
    rlookup                                  0x0800772c   Data         208  rho_utility.o(.constdata)
    RhoFunctions                             0x08007874   Data          36  rho_utility.o(.constdata)
    BayesianFunctions                        0x08007898   Data          36  state_machine_utility.o(.constdata)
    __stdin_name                             0x08007978   Data           4  sys_io.o(.constdata)
    __stdout_name                            0x0800797c   Data           4  sys_io.o(.constdata)
    __stderr_name                            0x08007980   Data           4  sys_io.o(.constdata)
    Region$$Table$$Base                      0x080079a8   Number         0  anon$$obj.o(Region$$Table)
    Region$$Table$$Limit                     0x080079c8   Number         0  anon$$obj.o(Region$$Table)
    uwTick                                   0x20000000   Data           4  stm32l4xx_hal.o(.data)
    SystemCoreClock                          0x20000004   Data           4  system_stm32l4xx.o(.data)
    thresh_buffer_size                       0x20000008   Data           2  master.o(.data)
    this_uart                                0x2000000c   Data           4  master.o(.data)
    this_timer                               0x20000010   Data           4  master.o(.data)
    rho_system                               0x20000018   Data        1784  master.o(.data)
    CAPTURE_BUFFER                           0x20000710   Data           4  master.o(.data)
    THRESH_BUFFER                            0x20000714   Data           4  master.o(.data)
    DENSITY_X                                0x20000718   Data           4  master.o(.data)
    DENSITY_Y                                0x2000071c   Data           4  master.o(.data)
    QUADRANT_BUFFER                          0x20000720   Data           4  master.o(.data)
    QUADRANT_TOTAL                           0x20000724   Data           4  master.o(.data)
    QUADRANT_PREVIOUS                        0x20000728   Data           4  master.o(.data)
    DENSITY_X_MAX                            0x2000072c   Data           4  master.o(.data)
    CENTROID_X                               0x20000730   Data           4  master.o(.data)
    CENTROID_Y                               0x20000734   Data           4  master.o(.data)
    THRESH_BUFFER_END                        0x20000738   Data           4  master.o(.data)
    THRESH_BUFFER_MAX                        0x2000073c   Data           4  master.o(.data)
    THRESH_VALUE                             0x20000740   Data           4  master.o(.data)
    CAM_I2C_PORT                             0x20000744   Data           4  ov9712.o(.data)
    OV9712_regs                              0x20000748   Data          14  ov9712.o(.data)
    Camera                                   0x20000758   Data          16  ov9712.o(.data)
    __aeabi_stdin                            0x200007ac   Data           4  stdio_streams.o(.data)
    __aeabi_stdout                           0x200007b0   Data           4  stdio_streams.o(.data)
    __aeabi_stderr                           0x200007b4   Data           4  stdio_streams.o(.data)
    hi2c1                                    0x200007b8   Data          76  main.o(.bss)
    htim2                                    0x20000804   Data          64  main.o(.bss)
    huart1                                   0x20000844   Data         120  main.o(.bss)
    hdma_tim2_ch2_ch4                        0x200008bc   Data          72  main.o(.bss)
    hdma_usart1_tx                           0x20000904   Data          72  main.o(.bss)
    hex                                      0x2000094c   Data          20  master.o(.bss)
    _                                        0x20000960   Data          12  state_machine_utility.o(.bss)
    __stdin                                  0x2000096c   Data          84  stdio_streams.o(.bss)
    __stdout                                 0x200009c0   Data          84  stdio_streams.o(.bss)
    __stderr                                 0x20000a14   Data          84  stdio_streams.o(.bss)
    __libspace_start                         0x20000a68   Data          96  libspace.o(.bss)
    __temporary_stack_top$libspace           0x20000ac8   Data           0  libspace.o(.bss)



==============================================================================

Memory Map of the image

  Image entry point : Not specified.

  Load Region LR_IROM1 (Base: 0x08000000, Size: 0x0000819c, Max: 0x00020000, ABSOLUTE, COMPRESSED[0x00007a98])

    Execution Region ER_IROM1 (Exec base: 0x08000000, Load base: 0x08000000, Size: 0x000079e4, Max: 0x00020000, ABSOLUTE)

    Exec Addr    Load Addr    Size         Type   Attr      Idx    E Section Name        Object

    0x08000000   0x08000000   0x0000018c   Data   RO            3    RESET               startup_stm32l432xx.o
    0x0800018c   0x0800018c   0x00000008   Code   RO         4171  * !!!main             c_w.l(__main.o)
    0x08000194   0x08000194   0x00000034   Code   RO         4584    !!!scatter          c_w.l(__scatter.o)
    0x080001c8   0x080001c8   0x0000005a   Code   RO         4582    !!dczerorl2         c_w.l(__dczerorl2.o)
    0x08000222   0x08000222   0x00000002   PAD
    0x08000224   0x08000224   0x0000001c   Code   RO         4586    !!handler_zi        c_w.l(__scatter_zi.o)
    0x08000240   0x08000240   0x00000000   Code   RO         4162    .ARM.Collect$$_printf_percent$$00000000  c_w.l(_printf_percent.o)
    0x08000240   0x08000240   0x00000006   Code   RO         4161    .ARM.Collect$$_printf_percent$$00000003  c_w.l(_printf_f.o)
    0x08000246   0x08000246   0x00000006   Code   RO         4160    .ARM.Collect$$_printf_percent$$00000009  c_w.l(_printf_d.o)
    0x0800024c   0x0800024c   0x00000006   Code   RO         4159    .ARM.Collect$$_printf_percent$$0000000C  c_w.l(_printf_x.o)
    0x08000252   0x08000252   0x00000006   Code   RO         4157    .ARM.Collect$$_printf_percent$$00000013  c_w.l(_printf_c.o)
    0x08000258   0x08000258   0x00000006   Code   RO         4158    .ARM.Collect$$_printf_percent$$00000014  c_w.l(_printf_s.o)
    0x0800025e   0x0800025e   0x00000004   Code   RO         4271    .ARM.Collect$$_printf_percent$$00000017  c_w.l(_printf_percent_end.o)
    0x08000262   0x08000262   0x00000002   Code   RO         4495    .ARM.Collect$$libinit$$00000000  c_w.l(libinit.o)
    0x08000264   0x08000264   0x00000004   Code   RO         4280    .ARM.Collect$$libinit$$00000001  c_w.l(libinit2.o)
    0x08000268   0x08000268   0x00000000   Code   RO         4283    .ARM.Collect$$libinit$$00000004  c_w.l(libinit2.o)
    0x08000268   0x08000268   0x00000008   Code   RO         4284    .ARM.Collect$$libinit$$00000005  c_w.l(libinit2.o)
    0x08000270   0x08000270   0x00000000   Code   RO         4286    .ARM.Collect$$libinit$$0000000A  c_w.l(libinit2.o)
    0x08000270   0x08000270   0x00000000   Code   RO         4288    .ARM.Collect$$libinit$$0000000C  c_w.l(libinit2.o)
    0x08000270   0x08000270   0x00000000   Code   RO         4290    .ARM.Collect$$libinit$$0000000E  c_w.l(libinit2.o)
    0x08000270   0x08000270   0x00000006   Code   RO         4291    .ARM.Collect$$libinit$$0000000F  c_w.l(libinit2.o)
    0x08000276   0x08000276   0x00000000   Code   RO         4293    .ARM.Collect$$libinit$$00000011  c_w.l(libinit2.o)
    0x08000276   0x08000276   0x00000000   Code   RO         4295    .ARM.Collect$$libinit$$00000013  c_w.l(libinit2.o)
    0x08000276   0x08000276   0x00000000   Code   RO         4297    .ARM.Collect$$libinit$$00000015  c_w.l(libinit2.o)
    0x08000276   0x08000276   0x0000000a   Code   RO         4298    .ARM.Collect$$libinit$$00000016  c_w.l(libinit2.o)
    0x08000280   0x08000280   0x00000000   Code   RO         4299    .ARM.Collect$$libinit$$00000017  c_w.l(libinit2.o)
    0x08000280   0x08000280   0x00000000   Code   RO         4301    .ARM.Collect$$libinit$$00000019  c_w.l(libinit2.o)
    0x08000280   0x08000280   0x00000000   Code   RO         4303    .ARM.Collect$$libinit$$0000001B  c_w.l(libinit2.o)
    0x08000280   0x08000280   0x00000000   Code   RO         4305    .ARM.Collect$$libinit$$0000001D  c_w.l(libinit2.o)
    0x08000280   0x08000280   0x00000000   Code   RO         4307    .ARM.Collect$$libinit$$0000001F  c_w.l(libinit2.o)
    0x08000280   0x08000280   0x00000000   Code   RO         4309    .ARM.Collect$$libinit$$00000021  c_w.l(libinit2.o)
    0x08000280   0x08000280   0x00000000   Code   RO         4311    .ARM.Collect$$libinit$$00000023  c_w.l(libinit2.o)
    0x08000280   0x08000280   0x00000004   Code   RO         4312    .ARM.Collect$$libinit$$00000024  c_w.l(libinit2.o)
    0x08000284   0x08000284   0x00000000   Code   RO         4313    .ARM.Collect$$libinit$$00000025  c_w.l(libinit2.o)
    0x08000284   0x08000284   0x00000000   Code   RO         4317    .ARM.Collect$$libinit$$0000002C  c_w.l(libinit2.o)
    0x08000284   0x08000284   0x00000000   Code   RO         4319    .ARM.Collect$$libinit$$0000002E  c_w.l(libinit2.o)
    0x08000284   0x08000284   0x00000000   Code   RO         4321    .ARM.Collect$$libinit$$00000030  c_w.l(libinit2.o)
    0x08000284   0x08000284   0x00000000   Code   RO         4323    .ARM.Collect$$libinit$$00000032  c_w.l(libinit2.o)
    0x08000284   0x08000284   0x00000002   Code   RO         4324    .ARM.Collect$$libinit$$00000033  c_w.l(libinit2.o)
    0x08000286   0x08000286   0x00000002   Code   RO         4579    .ARM.Collect$$libshutdown$$00000000  c_w.l(libshutdown.o)
    0x08000288   0x08000288   0x00000000   Code   RO         4497    .ARM.Collect$$libshutdown$$00000002  c_w.l(libshutdown2.o)
    0x08000288   0x08000288   0x00000004   Code   RO         4498    .ARM.Collect$$libshutdown$$00000003  c_w.l(libshutdown2.o)
    0x0800028c   0x0800028c   0x00000000   Code   RO         4499    .ARM.Collect$$libshutdown$$00000004  c_w.l(libshutdown2.o)
    0x0800028c   0x0800028c   0x00000000   Code   RO         4502    .ARM.Collect$$libshutdown$$00000007  c_w.l(libshutdown2.o)
    0x0800028c   0x0800028c   0x00000000   Code   RO         4505    .ARM.Collect$$libshutdown$$0000000A  c_w.l(libshutdown2.o)
    0x0800028c   0x0800028c   0x00000000   Code   RO         4507    .ARM.Collect$$libshutdown$$0000000C  c_w.l(libshutdown2.o)
    0x0800028c   0x0800028c   0x00000000   Code   RO         4510    .ARM.Collect$$libshutdown$$0000000F  c_w.l(libshutdown2.o)
    0x0800028c   0x0800028c   0x00000002   Code   RO         4511    .ARM.Collect$$libshutdown$$00000010  c_w.l(libshutdown2.o)
    0x0800028e   0x0800028e   0x00000000   Code   RO         4221    .ARM.Collect$$rtentry$$00000000  c_w.l(__rtentry.o)
    0x0800028e   0x0800028e   0x00000000   Code   RO         4344    .ARM.Collect$$rtentry$$00000002  c_w.l(__rtentry2.o)
    0x0800028e   0x0800028e   0x00000006   Code   RO         4356    .ARM.Collect$$rtentry$$00000004  c_w.l(__rtentry4.o)
    0x08000294   0x08000294   0x00000000   Code   RO         4346    .ARM.Collect$$rtentry$$00000009  c_w.l(__rtentry2.o)
    0x08000294   0x08000294   0x00000004   Code   RO         4347    .ARM.Collect$$rtentry$$0000000A  c_w.l(__rtentry2.o)
    0x08000298   0x08000298   0x00000000   Code   RO         4349    .ARM.Collect$$rtentry$$0000000C  c_w.l(__rtentry2.o)
    0x08000298   0x08000298   0x00000008   Code   RO         4350    .ARM.Collect$$rtentry$$0000000D  c_w.l(__rtentry2.o)
    0x080002a0   0x080002a0   0x00000002   Code   RO         4516    .ARM.Collect$$rtexit$$00000000  c_w.l(rtexit.o)
    0x080002a2   0x080002a2   0x00000000   Code   RO         4545    .ARM.Collect$$rtexit$$00000002  c_w.l(rtexit2.o)
    0x080002a2   0x080002a2   0x00000004   Code   RO         4546    .ARM.Collect$$rtexit$$00000003  c_w.l(rtexit2.o)
    0x080002a6   0x080002a6   0x00000006   Code   RO         4547    .ARM.Collect$$rtexit$$00000004  c_w.l(rtexit2.o)
    0x080002ac   0x080002ac   0x00000000   Code   RO         4372    .emb_text           c_w.l(maybetermalloc1.o)
    0x080002ac   0x080002ac   0x00000040   Code   RO            4    .text               startup_stm32l432xx.o
    0x080002ec   0x080002ec   0x0000005e   Code   RO         4044    .text               c_w.l(h1_alloc.o)
    0x0800034a   0x0800034a   0x000000ee   Code   RO         4098    .text               c_w.l(lludivv7m.o)
    0x08000438   0x08000438   0x00000018   Code   RO         4104    .text               c_w.l(noretval__2printf.o)
    0x08000450   0x08000450   0x00000028   Code   RO         4106    .text               c_w.l(noretval__2sprintf.o)
    0x08000478   0x08000478   0x0000004e   Code   RO         4110    .text               c_w.l(_printf_pad.o)
    0x080004c6   0x080004c6   0x00000052   Code   RO         4112    .text               c_w.l(_printf_str.o)
    0x08000518   0x08000518   0x00000078   Code   RO         4114    .text               c_w.l(_printf_dec.o)
    0x08000590   0x08000590   0x00000058   Code   RO         4119    .text               c_w.l(_printf_hex_int.o)
    0x080005e8   0x080005e8   0x0000010e   Code   RO         4145    .text               c_w.l(__printf_wp.o)
    0x080006f6   0x080006f6   0x0000003e   Code   RO         4163    .text               c_w.l(strlen.o)
    0x08000734   0x08000734   0x00000064   Code   RO         4165    .text               c_w.l(rt_memcpy_w.o)
    0x08000798   0x08000798   0x0000004e   Code   RO         4167    .text               c_w.l(rt_memclr_w.o)
    0x080007e6   0x080007e6   0x00000006   Code   RO         4169    .text               c_w.l(heapauxi.o)
    0x080007ec   0x080007ec   0x00000008   Code   RO         4229    .text               c_w.l(rt_heap_descriptor_intlibspace.o)
    0x080007f4   0x080007f4   0x00000004   Code   RO         4231    .text               c_w.l(hguard.o)
    0x080007f8   0x080007f8   0x0000008a   Code   RO         4233    .text               c_w.l(init_alloc.o)
    0x08000882   0x08000882   0x0000000e   Code   RO         4239    .text               c_w.l(h1_init.o)
    0x08000890   0x08000890   0x0000004e   Code   RO         4241    .text               c_w.l(h1_free.o)
    0x080008de   0x080008de   0x00000016   Code   RO         4257    .text               c_w.l(_rserrno.o)
    0x080008f4   0x080008f4   0x000000b2   Code   RO         4259    .text               c_w.l(_printf_intcommon.o)
    0x080009a6   0x080009a6   0x00000424   Code   RO         4261    .text               c_w.l(_printf_fp_dec.o)
    0x08000dca   0x08000dca   0x00000002   PAD
    0x08000dcc   0x08000dcc   0x00000030   Code   RO         4263    .text               c_w.l(_printf_char_common.o)
    0x08000dfc   0x08000dfc   0x0000000a   Code   RO         4265    .text               c_w.l(_sputc.o)
    0x08000e06   0x08000e06   0x0000002c   Code   RO         4267    .text               c_w.l(_printf_char.o)
    0x08000e32   0x08000e32   0x00000002   PAD
    0x08000e34   0x08000e34   0x00000024   Code   RO         4269    .text               c_w.l(_printf_char_file.o)
    0x08000e58   0x08000e58   0x00000008   Code   RO         4340    .text               c_w.l(libspace.o)
    0x08000e60   0x08000e60   0x00000008   Code   RO         4363    .text               c_w.l(rt_locale_intlibspace.o)
    0x08000e68   0x08000e68   0x00000008   Code   RO         4368    .text               c_w.l(rt_errno_addr_intlibspace.o)
    0x08000e70   0x08000e70   0x00000034   Code   RO         4374    .text               c_w.l(h1_extend.o)
    0x08000ea4   0x08000ea4   0x0000008a   Code   RO         4378    .text               c_w.l(lludiv10.o)
    0x08000f2e   0x08000f2e   0x00000002   PAD
    0x08000f30   0x08000f30   0x00000080   Code   RO         4380    .text               c_w.l(_printf_fp_infnan.o)
    0x08000fb0   0x08000fb0   0x000000e4   Code   RO         4384    .text               c_w.l(bigflt0.o)
    0x08001094   0x08001094   0x00000008   Code   RO         4409    .text               c_w.l(ferror.o)
    0x0800109c   0x0800109c   0x00000138   Code   RO         4415    .text               c_w.l(initio.o)
    0x080011d4   0x080011d4   0x0000000e   Code   RO         4426    .text               c_w.l(defsig_rtmem_outer.o)
    0x080011e2   0x080011e2   0x00000066   Code   RO         4443    .text               c_w.l(sys_io.o)
    0x08001248   0x08001248   0x00000002   Code   RO         4448    .text               c_w.l(use_no_semi.o)
    0x0800124a   0x0800124a   0x00000000   Code   RO         4450    .text               c_w.l(indicate_semi.o)
    0x0800124a   0x0800124a   0x0000004a   Code   RO         4451    .text               c_w.l(sys_stackheap_outer.o)
    0x08001294   0x08001294   0x000001d6   Code   RO         4457    .text               c_w.l(flsbuf.o)
    0x0800146a   0x0800146a   0x00000046   Code   RO         4459    .text               c_w.l(setvbuf.o)
    0x080014b0   0x080014b0   0x000000ec   Code   RO         4462    .text               c_w.l(fopen.o)
    0x0800159c   0x0800159c   0x0000004c   Code   RO         4464    .text               c_w.l(fclose.o)
    0x080015e8   0x080015e8   0x00000012   Code   RO         4470    .text               c_w.l(exit.o)
    0x080015fa   0x080015fa   0x0000000a   Code   RO         4472    .text               c_w.l(defsig_exit.o)
    0x08001604   0x08001604   0x0000000e   Code   RO         4478    .text               c_w.l(defsig_rtred_outer.o)
    0x08001612   0x08001612   0x00000002   PAD
    0x08001614   0x08001614   0x00000050   Code   RO         4482    .text               c_w.l(defsig_rtmem_inner.o)
    0x08001664   0x08001664   0x00000080   Code   RO         4484    .text               c_w.l(strcmpv7m.o)
    0x080016e4   0x080016e4   0x0000000c   Code   RO         4514    .text               c_w.l(sys_exit.o)
    0x080016f0   0x080016f0   0x000000f8   Code   RO         4524    .text               c_w.l(fseek.o)
    0x080017e8   0x080017e8   0x000000f0   Code   RO         4526    .text               c_w.l(stdio.o)
    0x080018d8   0x080018d8   0x00000032   Code   RO         4534    .text               c_w.l(defsig_general.o)
    0x0800190a   0x0800190a   0x00000002   PAD
    0x0800190c   0x0800190c   0x00000034   Code   RO         4538    .text               c_w.l(defsig_rtred_inner.o)
    0x08001940   0x08001940   0x0000000e   Code   RO         4542    .text               c_w.l(sys_wrch.o)
    0x0800194e   0x0800194e   0x00000042   Code   RO         4555    .text               c_w.l(ftell.o)
    0x08001990   0x08001990   0x0000003e   Code   RO         4387    CL$$btod_d2e        c_w.l(btod.o)
    0x080019ce   0x080019ce   0x00000046   Code   RO         4389    CL$$btod_d2e_denorm_low  c_w.l(btod.o)
    0x08001a14   0x08001a14   0x00000060   Code   RO         4388    CL$$btod_d2e_norm_op1  c_w.l(btod.o)
    0x08001a74   0x08001a74   0x00000338   Code   RO         4397    CL$$btod_div_common  c_w.l(btod.o)
    0x08001dac   0x08001dac   0x000000dc   Code   RO         4394    CL$$btod_e2e        c_w.l(btod.o)
    0x08001e88   0x08001e88   0x0000002a   Code   RO         4391    CL$$btod_ediv       c_w.l(btod.o)
    0x08001eb2   0x08001eb2   0x0000002a   Code   RO         4390    CL$$btod_emul       c_w.l(btod.o)
    0x08001edc   0x08001edc   0x00000244   Code   RO         4396    CL$$btod_mult_common  c_w.l(btod.o)
    0x08002120   0x08002120   0x00000002   Code   RO         3394    i.BusFault_Handler  stm32l4xx_it.o
    0x08002122   0x08002122   0x00000002   PAD
    0x08002124   0x08002124   0x0000000c   Code   RO         3395    i.DMA1_Channel7_IRQHandler  stm32l4xx_it.o
    0x08002130   0x08002130   0x0000000c   Code   RO         3396    i.DMA2_Channel6_IRQHandler  stm32l4xx_it.o
    0x0800213c   0x0800213c   0x0000002a   Code   RO           13    i.DMA_SetConfig     stm32l4xx_hal_dma.o
    0x08002166   0x08002166   0x00000002   Code   RO         3397    i.DebugMon_Handler  stm32l4xx_it.o
    0x08002168   0x08002168   0x00000006   Code   RO         3398    i.EXTI0_IRQHandler  stm32l4xx_it.o
    0x0800216e   0x0800216e   0x00000006   Code   RO         3399    i.EXTI1_IRQHandler  stm32l4xx_it.o
    0x08002174   0x08002174   0x0000054c   Code   RO         3849    i.Filter_and_Select  rho_utility.o
    0x080026c0   0x080026c0   0x00000022   Code   RO         3850    i.Filter_and_Select_Pairs  rho_utility.o
    0x080026e2   0x080026e2   0x00000032   Code   RO         3851    i.Generate_Background  rho_utility.o
    0x08002714   0x08002714   0x000000d4   Code   RO         3852    i.Generate_Packet   rho_utility.o
    0x080027e8   0x080027e8   0x0000004a   Code   RO           15    i.HAL_DMA_Abort_IT  stm32l4xx_hal_dma.o
    0x08002832   0x08002832   0x000000a8   Code   RO           19    i.HAL_DMA_IRQHandler  stm32l4xx_hal_dma.o
    0x080028da   0x080028da   0x00000002   PAD
    0x080028dc   0x080028dc   0x000000c0   Code   RO           20    i.HAL_DMA_Init      stm32l4xx_hal_dma.o
    0x0800299c   0x0800299c   0x00000070   Code   RO           24    i.HAL_DMA_Start_IT  stm32l4xx_hal_dma.o
    0x08002a0c   0x08002a0c   0x0000001c   Code   RO         2039    i.HAL_Delay         stm32l4xx_hal.o
    0x08002a28   0x08002a28   0x00000030   Code   RO         3680    i.HAL_GPIO_EXTI_Callback  master.o
    0x08002a58   0x08002a58   0x00000018   Code   RO          213    i.HAL_GPIO_EXTI_IRQHandler  stm32l4xx_hal_gpio.o
    0x08002a70   0x08002a70   0x00000192   Code   RO          214    i.HAL_GPIO_Init     stm32l4xx_hal_gpio.o
    0x08002c02   0x08002c02   0x00000008   Code   RO          217    i.HAL_GPIO_TogglePin  stm32l4xx_hal_gpio.o
    0x08002c0a   0x08002c0a   0x0000000a   Code   RO          218    i.HAL_GPIO_WritePin  stm32l4xx_hal_gpio.o
    0x08002c14   0x08002c14   0x0000000c   Code   RO         2043    i.HAL_GetTick       stm32l4xx_hal.o
    0x08002c20   0x08002c20   0x00000056   Code   RO         1139    i.HAL_I2CEx_ConfigAnalogFilter  stm32l4xx_hal_i2c_ex.o
    0x08002c76   0x08002c76   0x00000052   Code   RO         1140    i.HAL_I2CEx_ConfigDigitalFilter  stm32l4xx_hal_i2c_ex.o
    0x08002cc8   0x08002cc8   0x00000028   Code   RO         1143    i.HAL_I2CEx_EnableFastModePlus  stm32l4xx_hal_i2c_ex.o
    0x08002cf0   0x08002cf0   0x000000b8   Code   RO          441    i.HAL_I2C_Init      stm32l4xx_hal_i2c.o
    0x08002da8   0x08002da8   0x00000132   Code   RO          452    i.HAL_I2C_Master_Transmit  stm32l4xx_hal_i2c.o
    0x08002eda   0x08002eda   0x00000002   PAD
    0x08002edc   0x08002edc   0x0000004c   Code   RO         3334    i.HAL_I2C_MspInit   stm32l4xx_hal_msp.o
    0x08002f28   0x08002f28   0x00000010   Code   RO         2047    i.HAL_IncTick       stm32l4xx_hal.o
    0x08002f38   0x08002f38   0x00000016   Code   RO         2048    i.HAL_Init          stm32l4xx_hal.o
    0x08002f4e   0x08002f4e   0x00000002   PAD
    0x08002f50   0x08002f50   0x00000028   Code   RO         2049    i.HAL_InitTick      stm32l4xx_hal.o
    0x08002f78   0x08002f78   0x00000080   Code   RO         3335    i.HAL_MspInit       stm32l4xx_hal_msp.o
    0x08002ff8   0x08002ff8   0x00000016   Code   RO          282    i.HAL_NVIC_EnableIRQ  stm32l4xx_hal_cortex.o
    0x0800300e   0x0800300e   0x00000002   PAD
    0x08003010   0x08003010   0x00000040   Code   RO          288    i.HAL_NVIC_SetPriority  stm32l4xx_hal_cortex.o
    0x08003050   0x08003050   0x00000024   Code   RO          289    i.HAL_NVIC_SetPriorityGrouping  stm32l4xx_hal_cortex.o
    0x08003074   0x08003074   0x00000064   Code   RO         1194    i.HAL_PWREx_ControlVoltageScaling  stm32l4xx_hal_pwr_ex.o
    0x080030d8   0x080030d8   0x00000010   Code   RO         1219    i.HAL_PWREx_GetVoltageRange  stm32l4xx_hal_pwr_ex.o
    0x080030e8   0x080030e8   0x0000028a   Code   RO          988    i.HAL_RCCEx_PeriphCLKConfig  stm32l4xx_hal_rcc_ex.o
    0x08003372   0x08003372   0x00000002   PAD
    0x08003374   0x08003374   0x00000178   Code   RO         2581    i.HAL_RCC_ClockConfig  stm32l4xx_hal_rcc.o
    0x080034ec   0x080034ec   0x0000000c   Code   RO         2585    i.HAL_RCC_GetHCLKFreq  stm32l4xx_hal_rcc.o
    0x080034f8   0x080034f8   0x00000020   Code   RO         2587    i.HAL_RCC_GetPCLK1Freq  stm32l4xx_hal_rcc.o
    0x08003518   0x08003518   0x00000020   Code   RO         2588    i.HAL_RCC_GetPCLK2Freq  stm32l4xx_hal_rcc.o
    0x08003538   0x08003538   0x000000c4   Code   RO         2589    i.HAL_RCC_GetSysClockFreq  stm32l4xx_hal_rcc.o
    0x080035fc   0x080035fc   0x00000048   Code   RO         2590    i.HAL_RCC_MCOConfig  stm32l4xx_hal_rcc.o
    0x08003644   0x08003644   0x000004b0   Code   RO         2592    i.HAL_RCC_OscConfig  stm32l4xx_hal_rcc.o
    0x08003af4   0x08003af4   0x00000018   Code   RO          291    i.HAL_SYSTICK_CLKSourceConfig  stm32l4xx_hal_cortex.o
    0x08003b0c   0x08003b0c   0x00000002   Code   RO          292    i.HAL_SYSTICK_Callback  stm32l4xx_hal_cortex.o
    0x08003b0e   0x08003b0e   0x00000028   Code   RO          293    i.HAL_SYSTICK_Config  stm32l4xx_hal_cortex.o
    0x08003b36   0x08003b36   0x00000008   Code   RO          294    i.HAL_SYSTICK_IRQHandler  stm32l4xx_hal_cortex.o
    0x08003b3e   0x08003b3e   0x00000002   PAD
    0x08003b40   0x08003b40   0x0000004c   Code   RO         2234    i.HAL_TIMEx_MasterConfigSynchronization  stm32l4xx_hal_tim_ex.o
    0x08003b8c   0x08003b8c   0x00000036   Code   RO         1393    i.HAL_TIM_Base_Init  stm32l4xx_hal_tim.o
    0x08003bc2   0x08003bc2   0x00000002   PAD
    0x08003bc4   0x08003bc4   0x000000a4   Code   RO         3337    i.HAL_TIM_Base_MspInit  stm32l4xx_hal_msp.o
    0x08003c68   0x08003c68   0x0000011e   Code   RO         1423    i.HAL_TIM_IC_ConfigChannel  stm32l4xx_hal_tim.o
    0x08003d86   0x08003d86   0x00000036   Code   RO         1426    i.HAL_TIM_IC_Init   stm32l4xx_hal_tim.o
    0x08003dbc   0x08003dbc   0x00000002   Code   RO         1428    i.HAL_TIM_IC_MspInit  stm32l4xx_hal_tim.o
    0x08003dbe   0x08003dbe   0x00000042   Code   RO         1474    i.HAL_TIM_SlaveConfigSynchronization  stm32l4xx_hal_tim.o
    0x08003e00   0x08003e00   0x00000002   Code   RO         2787    i.HAL_UARTEx_WakeupCallback  stm32l4xx_hal_uart_ex.o
    0x08003e02   0x08003e02   0x00000002   Code   RO         2858    i.HAL_UART_ErrorCallback  stm32l4xx_hal_uart.o
    0x08003e04   0x08003e04   0x0000014c   Code   RO         2861    i.HAL_UART_IRQHandler  stm32l4xx_hal_uart.o
    0x08003f50   0x08003f50   0x0000006a   Code   RO         2862    i.HAL_UART_Init     stm32l4xx_hal_uart.o
    0x08003fba   0x08003fba   0x00000002   PAD
    0x08003fbc   0x08003fbc   0x000000bc   Code   RO         3339    i.HAL_UART_MspInit  stm32l4xx_hal_msp.o
    0x08004078   0x08004078   0x000000b0   Code   RO         2870    i.HAL_UART_Transmit  stm32l4xx_hal_uart.o
    0x08004128   0x08004128   0x00000088   Code   RO         2871    i.HAL_UART_Transmit_DMA  stm32l4xx_hal_uart.o
    0x080041b0   0x080041b0   0x0000000c   Code   RO         3497    i.HAL_UART_TxCpltCallback  master.o
    0x080041bc   0x080041bc   0x00000002   Code   RO         2874    i.HAL_UART_TxHalfCpltCallback  stm32l4xx_hal_uart.o
    0x080041be   0x080041be   0x00000002   Code   RO         3400    i.HardFault_Handler  stm32l4xx_it.o
    0x080041c0   0x080041c0   0x00000022   Code   RO          483    i.I2C_Flush_TXDR    stm32l4xx_hal_i2c.o
    0x080041e2   0x080041e2   0x00000002   PAD
    0x080041e4   0x080041e4   0x0000007c   Code   RO          491    i.I2C_IsAcknowledgeFailed  stm32l4xx_hal_i2c.o
    0x08004260   0x08004260   0x0000002c   Code   RO          498    i.I2C_TransferConfig  stm32l4xx_hal_i2c.o
    0x0800428c   0x0800428c   0x00000052   Code   RO          499    i.I2C_WaitOnFlagUntilTimeout  stm32l4xx_hal_i2c.o
    0x080042de   0x080042de   0x0000004e   Code   RO          501    i.I2C_WaitOnSTOPFlagUntilTimeout  stm32l4xx_hal_i2c.o
    0x0800432c   0x0800432c   0x00000052   Code   RO          502    i.I2C_WaitOnTXISFlagUntilTimeout  stm32l4xx_hal_i2c.o
    0x0800437e   0x0800437e   0x00000002   PAD
    0x08004380   0x08004380   0x000002ac   Code   RO         3853    i.Init              rho_utility.o
    0x0800462c   0x0800462c   0x000000c8   Code   RO         3230    i.MX_GPIO_Init      main.o
    0x080046f4   0x080046f4   0x00000050   Code   RO         3231    i.MX_I2C1_Init      main.o
    0x08004744   0x08004744   0x0000007c   Code   RO         3232    i.MX_TIM2_Init      main.o
    0x080047c0   0x080047c0   0x00000038   Code   RO         3233    i.MX_USART1_UART_Init  main.o
    0x080047f8   0x080047f8   0x00000002   Code   RO         3401    i.MemManage_Handler  stm32l4xx_it.o
    0x080047fa   0x080047fa   0x00000002   Code   RO         3402    i.NMI_Handler       stm32l4xx_it.o
    0x080047fc   0x080047fc   0x00000020   Code   RO          295    i.NVIC_SetPriority  stm32l4xx_hal_cortex.o
    0x0800481c   0x0800481c   0x00000002   Code   RO         3403    i.PendSV_Handler    stm32l4xx_it.o
    0x0800481e   0x0800481e   0x00000028   Code   RO         3854    i.Perform           rho_utility.o
    0x08004846   0x08004846   0x00000002   PAD
    0x08004848   0x08004848   0x0000012c   Code   RO          991    i.RCCEx_PLLSAI1_Config  stm32l4xx_hal_rcc_ex.o
    0x08004974   0x08004974   0x0000007c   Code   RO         2593    i.RCC_SetFlashLatencyFromMSIRange  stm32l4xx_hal_rcc.o
    0x080049f0   0x080049f0   0x00000252   Code   RO         3855    i.Redistribute_Densities  rho_utility.o
    0x08004c42   0x08004c42   0x00000002   Code   RO         3404    i.SVC_Handler       stm32l4xx_it.o
    0x08004c44   0x08004c44   0x0000000e   Code   RO         3405    i.SysTick_Handler   stm32l4xx_it.o
    0x08004c52   0x08004c52   0x00000098   Code   RO         3234    i.SystemClock_Config  main.o
    0x08004cea   0x08004cea   0x00000002   PAD
    0x08004cec   0x08004cec   0x00000044   Code   RO         3193    i.SystemInit        system_stm32l4xx.o
    0x08004d30   0x08004d30   0x0000006c   Code   RO         1477    i.TIM_Base_SetConfig  stm32l4xx_hal_tim.o
    0x08004d9c   0x08004d9c   0x00000016   Code   RO         1478    i.TIM_CCxChannelCmd  stm32l4xx_hal_tim.o
    0x08004db2   0x08004db2   0x00000014   Code   RO         1484    i.TIM_ETR_SetConfig  stm32l4xx_hal_tim.o
    0x08004dc6   0x08004dc6   0x00000002   PAD
    0x08004dc8   0x08004dc8   0x00000080   Code   RO         1492    i.TIM_SlaveTimer_SetConfig  stm32l4xx_hal_tim.o
    0x08004e48   0x08004e48   0x00000022   Code   RO         1493    i.TIM_TI1_ConfigInputStage  stm32l4xx_hal_tim.o
    0x08004e6a   0x08004e6a   0x00000002   PAD
    0x08004e6c   0x08004e6c   0x00000050   Code   RO         1494    i.TIM_TI1_SetConfig  stm32l4xx_hal_tim.o
    0x08004ebc   0x08004ebc   0x00000024   Code   RO         1495    i.TIM_TI2_ConfigInputStage  stm32l4xx_hal_tim.o
    0x08004ee0   0x08004ee0   0x00000036   Code   RO         1496    i.TIM_TI2_SetConfig  stm32l4xx_hal_tim.o
    0x08004f16   0x08004f16   0x000000c8   Code   RO         2875    i.UART_AdvFeatureConfig  stm32l4xx_hal_uart.o
    0x08004fde   0x08004fde   0x0000005c   Code   RO         2876    i.UART_CheckIdleState  stm32l4xx_hal_uart.o
    0x0800503a   0x0800503a   0x00000002   PAD
    0x0800503c   0x0800503c   0x0000001c   Code   RO         3498    i.UART_Clear        master.o
    0x08005058   0x08005058   0x00000014   Code   RO         2877    i.UART_DMAAbortOnError  stm32l4xx_hal_uart.o
    0x0800506c   0x0800506c   0x0000004a   Code   RO         2878    i.UART_DMAError     stm32l4xx_hal_uart.o
    0x080050b6   0x080050b6   0x00000030   Code   RO         2883    i.UART_DMATransmitCplt  stm32l4xx_hal_uart.o
    0x080050e6   0x080050e6   0x0000000a   Code   RO         2885    i.UART_DMATxHalfCplt  stm32l4xx_hal_uart.o
    0x080050f0   0x080050f0   0x00000020   Code   RO         2887    i.UART_EndRxTransfer  stm32l4xx_hal_uart.o
    0x08005110   0x08005110   0x00000012   Code   RO         2888    i.UART_EndTxTransfer  stm32l4xx_hal_uart.o
    0x08005122   0x08005122   0x00000002   PAD
    0x08005124   0x08005124   0x00000234   Code   RO         2891    i.UART_SetConfig    stm32l4xx_hal_uart.o
    0x08005358   0x08005358   0x00000064   Code   RO         2894    i.UART_WaitOnFlagUntilTimeout  stm32l4xx_hal_uart.o
    0x080053bc   0x080053bc   0x0000000c   Code   RO         3406    i.USART1_IRQHandler  stm32l4xx_it.o
    0x080053c8   0x080053c8   0x00000390   Code   RO         3856    i.Update_Prediction  rho_utility.o
    0x08005758   0x08005758   0x0000007c   Code   RO         3857    i.Update_Threshold  rho_utility.o
    0x080057d4   0x080057d4   0x00000002   Code   RO         3407    i.UsageFault_Handler  stm32l4xx_it.o
    0x080057d6   0x080057d6   0x00000002   Code   RO         3235    i._Error_Handler    main.o
    0x080057d8   0x080057d8   0x00000030   Code   RO         4441    i.__ARM_fpclassify  m_wm.l(fpclassify.o)
    0x08005808   0x08005808   0x0000007a   Code   RO         4207    i.__hardfp_sqrt     m_wm.l(sqrt.o)
    0x08005882   0x08005882   0x0000000e   Code   RO         4147    i._is_digit         c_w.l(__printf_wp.o)
    0x08005890   0x08005890   0x000000b0   Code   RO         3858    i.calculateCentroid  rho_utility.o
    0x08005940   0x08005940   0x0000003c   Code   RO         3859    i.cma_M0_M1         rho_utility.o
    0x0800597c   0x0800597c   0x0000000e   Code   RO         3755    i.disable           ov9712.o
    0x0800598a   0x0800598a   0x00000002   PAD
    0x0800598c   0x0800598c   0x0000002c   Code   RO         3499    i.dprint            master.o
    0x080059b8   0x080059b8   0x00000028   Code   RO         3500    i.dprintBuffers     master.o
    0x080059e0   0x080059e0   0x0000000c   Code   RO         3756    i.enable            ov9712.o
    0x080059ec   0x080059ec   0x0000001a   Code   RO         4412    i.fputc             c_w.l(fputc.o)
    0x08005a06   0x08005a06   0x00000002   PAD
    0x08005a08   0x08005a08   0x000000e8   Code   RO         3503    i.frameProcessor    master.o
    0x08005af0   0x08005af0   0x00000040   Code   RO         3757    i.init              ov9712.o
    0x08005b30   0x08005b30   0x0000004c   Code   RO         3805    i.init              rho_kalman.o
    0x08005b7c   0x08005b7c   0x0000002c   Code   RO         3966    i.init              state_machine_utility.o
    0x08005ba8   0x08005ba8   0x00000094   Code   RO         3967    i.initMap           state_machine_utility.o
    0x08005c3c   0x08005c3c   0x0000005c   Code   RO         3505    i.initTimerDMA      master.o
    0x08005c98   0x08005c98   0x00000188   Code   RO         3506    i.init_memory       master.o
    0x08005e20   0x08005e20   0x0000002e   Code   RO         3806    i.isExpired         rho_kalman.o
    0x08005e4e   0x08005e4e   0x0000000a   Code   RO         3860    i.iswap             rho_utility.o
    0x08005e58   0x08005e58   0x00000098   Code   RO         3236    i.main              main.o
    0x08005ef0   0x08005ef0   0x00000084   Code   RO         3507    i.master_init       master.o
    0x08005f74   0x08005f74   0x00000030   Code   RO         3968    i.normalizeMap      state_machine_utility.o
    0x08005fa4   0x08005fa4   0x000000b0   Code   RO         3969    i.normalizeState    state_machine_utility.o
    0x08006054   0x08006054   0x00000014   Code   RO         3686    i.pauseDMA          master.o
    0x08006068   0x08006068   0x0000002c   Code   RO         3509    i.performBackgroundEvent  master.o
    0x08006094   0x08006094   0x00000020   Code   RO         3510    i.print             master.o
    0x080060b4   0x080060b4   0x000000cc   Code   RO         3970    i.print             state_machine_utility.o
    0x08006180   0x08006180   0x00000028   Code   RO         3511    i.printAddress      master.o
    0x080061a8   0x080061a8   0x00000134   Code   RO         3512    i.printAddresses    master.o
    0x080062dc   0x080062dc   0x00000014   Code   RO         3698    i.resetDMA          master.o
    0x080062f0   0x080062f0   0x00000068   Code   RO         3971    i.resetState        state_machine_utility.o
    0x08006358   0x08006358   0x0000001c   Code   RO         3972    i.reset_loop_variables  state_machine_utility.o
    0x08006374   0x08006374   0x00000014   Code   RO         3692    i.resumeDMA         master.o
    0x08006388   0x08006388   0x00000024   Code   RO         3807    i.timestamp         rho_kalman.o
    0x080063ac   0x080063ac   0x0000000c   Code   RO         3521    i.tog               master.o
    0x080063b8   0x080063b8   0x00000240   Code   RO         3808    i.update            rho_kalman.o
    0x080065f8   0x080065f8   0x000001a0   Code   RO         3973    i.update            state_machine_utility.o
    0x08006798   0x08006798   0x00000074   Code   RO         3974    i.updateProbabilities  state_machine_utility.o
    0x0800680c   0x0800680c   0x0000001e   Code   RO         3975    i.updateState       state_machine_utility.o
    0x0800682a   0x0800682a   0x00000002   PAD
    0x0800682c   0x0800682c   0x00000024   Code   RO         3758    i.write             ov9712.o
    0x08006850   0x08006850   0x00000020   Code   RO         3522    i.zero_memory       master.o
    0x08006870   0x08006870   0x0000002c   Code   RO         4424    locale$$code        c_w.l(lc_numeric_c.o)
    0x0800689c   0x0800689c   0x000001ba   Code   RO         3798  * rho                 rho.o
    0x08006a56   0x08006a56   0x00000002   PAD
    0x08006a58   0x08006a58   0x00000062   Code   RO         4173    x$fpl$d2f           fz_wm.l(d2f.o)
    0x08006aba   0x08006aba   0x00000002   PAD
    0x08006abc   0x08006abc   0x00000150   Code   RO         4175    x$fpl$dadd          fz_wm.l(daddsub_clz.o)
    0x08006c0c   0x08006c0c   0x00000018   Code   RO         4435    x$fpl$dcmpinf       fz_wm.l(dcmpi.o)
    0x08006c24   0x08006c24   0x000002b0   Code   RO         4182    x$fpl$ddiv          fz_wm.l(ddiv.o)
    0x08006ed4   0x08006ed4   0x0000005a   Code   RO         4189    x$fpl$dfixu         fz_wm.l(dfixu.o)
    0x08006f2e   0x08006f2e   0x00000026   Code   RO         4193    x$fpl$dfltu         fz_wm.l(dflt_clz.o)
    0x08006f54   0x08006f54   0x00000078   Code   RO         4325    x$fpl$dleqf         fz_wm.l(dleqf.o)
    0x08006fcc   0x08006fcc   0x00000154   Code   RO         4199    x$fpl$dmul          fz_wm.l(dmul.o)
    0x08007120   0x08007120   0x0000009c   Code   RO         4327    x$fpl$dnaninf       fz_wm.l(dnaninf.o)
    0x080071bc   0x080071bc   0x0000000c   Code   RO         4329    x$fpl$dretinf       fz_wm.l(dretinf.o)
    0x080071c8   0x080071c8   0x0000006c   Code   RO         4201    x$fpl$drleqf        fz_wm.l(drleqf.o)
    0x08007234   0x08007234   0x00000016   Code   RO         4176    x$fpl$drsb          fz_wm.l(daddsub_clz.o)
    0x0800724a   0x0800724a   0x00000002   PAD
    0x0800724c   0x0800724c   0x00000198   Code   RO         4331    x$fpl$dsqrt         fz_wm.l(dsqrt_umaal.o)
    0x080073e4   0x080073e4   0x000001d4   Code   RO         4177    x$fpl$dsub          fz_wm.l(daddsub_clz.o)
    0x080075b8   0x080075b8   0x00000056   Code   RO         4203    x$fpl$f2d           fz_wm.l(f2d.o)
    0x0800760e   0x0800760e   0x0000008c   Code   RO         4333    x$fpl$fnaninf       fz_wm.l(fnaninf.o)
    0x0800769a   0x0800769a   0x0000000a   Code   RO         4437    x$fpl$fpinit        fz_wm.l(fpinit.o)
    0x080076a4   0x080076a4   0x0000000a   Code   RO         4335    x$fpl$fretinf       fz_wm.l(fretinf.o)
    0x080076ae   0x080076ae   0x00000004   Code   RO         4205    x$fpl$printf1       fz_wm.l(printf1.o)
    0x080076b2   0x080076b2   0x00000000   Code   RO         4337    x$fpl$usenofp       fz_wm.l(usenofp.o)
    0x080076b2   0x080076b2   0x00000002   PAD
    0x080076b4   0x080076b4   0x00000040   Data   RO         3194    .constdata          system_stm32l4xx.o
    0x080076f4   0x080076f4   0x00000008   Data   RO         3195    .constdata          system_stm32l4xx.o
    0x080076fc   0x080076fc   0x00000024   Data   RO         3524    .constdata          master.o
    0x08007720   0x08007720   0x0000000c   Data   RO         3809    .constdata          rho_kalman.o
    0x0800772c   0x0800772c   0x00000148   Data   RO         3862    .constdata          rho_utility.o
    0x08007874   0x08007874   0x00000024   Data   RO         3863    .constdata          rho_utility.o
    0x08007898   0x08007898   0x00000024   Data   RO         3977    .constdata          state_machine_utility.o
    0x080078bc   0x080078bc   0x00000028   Data   RO         4120    .constdata          c_w.l(_printf_hex_int.o)
    0x080078e4   0x080078e4   0x00000094   Data   RO         4385    .constdata          c_w.l(bigflt0.o)
    0x08007978   0x08007978   0x00000004   Data   RO         4444    .constdata          c_w.l(sys_io.o)
    0x0800797c   0x0800797c   0x00000004   Data   RO         4445    .constdata          c_w.l(sys_io.o)
    0x08007980   0x08007980   0x00000004   Data   RO         4446    .constdata          c_w.l(sys_io.o)
    0x08007984   0x08007984   0x00000023   Data   RO         3978    .conststring        state_machine_utility.o
    0x080079a7   0x080079a7   0x00000001   PAD
    0x080079a8   0x080079a8   0x00000020   Data   RO         4580    Region$$Table       anon$$obj.o
    0x080079c8   0x080079c8   0x0000001c   Data   RO         4423    locale$$data        c_w.l(lc_numeric_c.o)


    Execution Region RW_IRAM1 (Exec base: 0x20000000, Load base: 0x080079e4, Size: 0x000010c8, Max: 0x00010000, ABSOLUTE, COMPRESSED[0x000000b4])

    Exec Addr    Load Addr    Size         Type   Attr      Idx    E Section Name        Object

    0x20000000   COMPRESSED   0x00000004   Data   RW         2059    .data               stm32l4xx_hal.o
    0x20000004   COMPRESSED   0x00000004   Data   RW         3196    .data               system_stm32l4xx.o
    0x20000008   COMPRESSED   0x00000708   Data   RW         3529    .data               master.o
    0x20000710   COMPRESSED   0x00000004   Data   RW         3530    .data               master.o
    0x20000714   COMPRESSED   0x00000004   Data   RW         3531    .data               master.o
    0x20000718   COMPRESSED   0x00000004   Data   RW         3532    .data               master.o
    0x2000071c   COMPRESSED   0x00000004   Data   RW         3533    .data               master.o
    0x20000720   COMPRESSED   0x00000004   Data   RW         3534    .data               master.o
    0x20000724   COMPRESSED   0x00000004   Data   RW         3535    .data               master.o
    0x20000728   COMPRESSED   0x00000004   Data   RW         3536    .data               master.o
    0x2000072c   COMPRESSED   0x00000004   Data   RW         3537    .data               master.o
    0x20000730   COMPRESSED   0x00000004   Data   RW         3538    .data               master.o
    0x20000734   COMPRESSED   0x00000004   Data   RW         3539    .data               master.o
    0x20000738   COMPRESSED   0x00000004   Data   RW         3540    .data               master.o
    0x2000073c   COMPRESSED   0x00000004   Data   RW         3541    .data               master.o
    0x20000740   COMPRESSED   0x00000004   Data   RW         3542    .data               master.o
    0x20000744   COMPRESSED   0x00000012   Data   RW         3759    .data               ov9712.o
    0x20000756   COMPRESSED   0x00000002   PAD
    0x20000758   COMPRESSED   0x00000010   Data   RW         3760    .data               ov9712.o
    0x20000768   COMPRESSED   0x00000004   Data   RW         3864    .data               rho_utility.o
    0x2000076c   COMPRESSED   0x0000001c   Data   RW         3865    .data               rho_utility.o
    0x20000788   COMPRESSED   0x00000024   Data   RW         3979    .data               state_machine_utility.o
    0x200007ac   COMPRESSED   0x00000004   Data   RW         4275    .data               c_w.l(stdio_streams.o)
    0x200007b0   COMPRESSED   0x00000004   Data   RW         4276    .data               c_w.l(stdio_streams.o)
    0x200007b4   COMPRESSED   0x00000004   Data   RW         4277    .data               c_w.l(stdio_streams.o)
    0x200007b8        -       0x00000104   Zero   RW         3237    .bss                main.o
    0x200008bc        -       0x00000048   Zero   RW         3238    .bss                main.o
    0x20000904        -       0x00000048   Zero   RW         3239    .bss                main.o
    0x2000094c        -       0x00000014   Zero   RW         3523    .bss                master.o
    0x20000960        -       0x0000000c   Zero   RW         3976    .bss                state_machine_utility.o
    0x2000096c        -       0x00000054   Zero   RW         4272    .bss                c_w.l(stdio_streams.o)
    0x200009c0        -       0x00000054   Zero   RW         4273    .bss                c_w.l(stdio_streams.o)
    0x20000a14        -       0x00000054   Zero   RW         4274    .bss                c_w.l(stdio_streams.o)
    0x20000a68        -       0x00000060   Zero   RW         4341    .bss                c_w.l(libspace.o)
    0x20000ac8        -       0x00000200   Zero   RW            2    HEAP                startup_stm32l432xx.o
    0x20000cc8        -       0x00000400   Zero   RW            1    STACK               startup_stm32l432xx.o

