stm32_interface.c:20:13:HAL_GPIO_EXTI_Callback	8	static
stm32_interface.c:57:6:STM_InterruptEnable	8	static
stm32_interface.c:63:6:STM_InterruptDisable	8	static
stm32_interface.c:73:13:STM_PauseDMA	8	static
stm32_interface.c:78:13:STM_ResumeDMA	8	static
stm32_interface.c:83:13:STM_ResetDMA	0	static
stm32_interface.c:88:6:STM_InitDMA	0	static
stm32_interface.c:98:10:STM_GetDMAFillAddress	0	static
stm32_interface.c:106:16:STM_UartTxDMA	0	static
stm32_interface.c:111:17:STM_UartRxDMA	0	static
stm32_interface.c:127:13:STM_I2CMasterTx	16	static
stm32_interface.c:135:13:STM_SetPortMode	32	static
stm32_interface.c:142:16:STM_ReadPort	0	static
stm32_interface.c:146:13:STM_WritePin	8	static
stm32_interface.c:154:17:STM_Timestamp	8	static
stm32_interface.c:158:13:STM_Wait	8	static
stm32_interface.c:162:17:STM_SysClockFreq	8	static
stm32_interface.c:170:6:STM_Reset	0	static,ignoring_inline_asm
