<html>
<body>
<pre>
<h1>µVision Build Log</h1>
<h2>Tool Versions:</h2>
IDE-Version: µVision V5.24.2.0
Copyright (C) 2017 ARM Ltd and ARM Germany GmbH. All rights reserved.
License Information: Matthew Fonken, Marbl Limited, LIC=----
 
Tool Versions:
Toolchain:       MDK-Lite  Version: 5.24.1
Toolchain Path:  C:\Keil_v5\ARM\ARMCC\Bin
C Compiler:      Armcc.exe V5.06 update 5 (build 528)
Assembler:       Armasm.exe V5.06 update 5 (build 528)
Linker/Locator:  ArmLink.exe V5.06 update 5 (build 528)
Library Manager: ArmAr.exe V5.06 update 5 (build 528)
Hex Converter:   FromElf.exe V5.06 update 5 (build 528)
CPU DLL:         SARMCM3.DLL V5.24.1
Dialog DLL:      DCM.DLL V1.16.0.0
Target DLL:      STLink\ST-LINKIII-KEIL_SWO.dll V3.0.1.0
Dialog DLL:      TCM.DLL V1.32.0.0
 
<h2>Project:</h2>
C:\Users\Matthew Fonken\Desktop\marbl\Techincal\combine\general\rho_mod\rho_mod_v2\MDK-ARM\rho_mod_v1.uvprojx
Project File Date:  05/10/2018

<h2>Output:</h2>
*** Using Compiler 'V5.06 update 5 (build 528)', folder: 'C:\Keil_v5\ARM\ARMCC\Bin'
Build target 'rho_mod_v1'
compiling rho_utility.c...
..\Src\rho\rho_utility.c(197): warning:  #1035-D: single-precision operand implicitly converted to double-precision
  	FLOAT v_ = 
DIV(1.0,v);
..\Src\rho\rho_utility.c: 2 warnings, 0 errors
#1035-D: single-precision operand implicitly converted to double-precision
  	FLOAT comp = 1 - utility->FT/
ILTERED_CONVERAGE_TARGET;
compiling main.c...
compiling master.c...
..\Src\master.c(113): warning:  #177-D: variable "p"  was declared but never referenced
  	for( uint32_t y = 1, p = 0; y < CAPTURE_HEIGHT; y++ )
..\Src\master.c(283): warning:  #128-D: loop is not reachable
  	while(1);
..\Src\master.c(75): warning:  #177-D: function "set"  was declared but never referenced
  static void set( GPIO_PinState s ) { HAL_GPIO_WritePin( CAM__CS_GPIO_Port, CAM__CS_Pin, s ); }
..\Src\master.c(182): warning:  #177-D: function "RowFinished"  was declared but never referenced
  static void RowFinished( void )
..\Src\master.c: 4 warnings, 0 errors
linking...
rho_mod_v1\rho_mod_v1.axf: Warning: L6305W: Image does not have an entry point. (Not specified or not set due to multiple choices.)
Program Size: Code=16684 RO-data=552 RW-data=164 ZI-data=63948  
Finished: 0 information, 1 warning and 0 error messages.
"rho_mod_v1\rho_mod_v1.axf" - 0 Error(s), 6 Warning(s).

<h2>Software Packages used:</h2>

Package Vendor: ARM
                http://www.keil.com/pack/ARM.CMSIS.5.3.0.pack
                ARM.CMSIS.5.3.0
                CMSIS (Cortex Microcontroller Software Interface Standard)
   * Component: CORE Version: 5.1.1

Package Vendor: Keil
                http://www.keil.com/pack/Keil.STM32L4xx_DFP.2.0.0.pack
                Keil.STM32L4xx_DFP.2.0.0
                STMicroelectronics STM32L4 Series Device Support, Drivers and Examples

<h2>Collection of Component include folders:</h2>
  .\RTE\_rho_mod_v1
  C:\Keil_v5\ARM\PACK\ARM\CMSIS\5.3.0\CMSIS\Include
  C:\Keil_v5\ARM\PACK\Keil\STM32L4xx_DFP\2.0.0\Drivers\CMSIS\Device\ST\STM32L4xx\Include

<h2>Collection of Component Files used:</h2>

   * Component: ARM::CMSIS:CORE:5.1.1
Build Time Elapsed:  00:00:03
</pre>
</body>
</html>
