control_types.h:354:23:WeightedAverage	32	static
fsm.c:17:6:FiniteStateMachine_ResetState	8	static
fsm.c:11:6:FiniteStateMachine_InitializeMap	16	static
fsm.c:30:9:FiniteStateMachine_NormalizeState	56	static
fsm.c:24:6:FiniteStateMachine_NormalizeMap	16	static
fsm.c:58:6:FiniteStateMachine_InitializeSystem	88	static
fsm.c:74:6:FiniteStateMachine_DecayInactiveSystem	40	static
fsm.c:103:6:FiniteStateMachine_UpdateProbabilities	56	static
fsm.c:122:6:FiniteStateMachine_UpdateState	8	static
fsm.c:89:6:FiniteStateMachine_UpdateSystem	8	static
fsm.c:145:6:FiniteStateMachine_PrintSystem	0	static
